npx : [33mThe CJS build of Vite's Node API is deprecated. See 
https://vite.dev/guide/troubleshooting.html#vite-cjs-node-api-deprecated for more details.[39m
At line:1 char:1
+ npx vitest run > test-results.txt 2>&1
+ ~~~~~~~~~~~~~~~~~~~~~~~~~~~~~~~~~~~~~~
    + CategoryInfo          : NotSpecified: ([33mThe CJS bu...e details.[39m:String) [], RemoteException
    + FullyQualifiedErrorId : NativeCommandError
 
[1m[43m DEPRECATED [49m[22m [33mThe workspace file is deprecated and will be removed in the next major. Please, 
use the `test.projects` field in C:/Users/hp/OneDrive/Desktop/seahawk-full_stack/backend/vitest.config.js instead.[39m

[1m[46m RUN [49m[22m [36mv3.2.4 [39m[90mC:/Users/hp/OneDrive/Desktop/seahawk-full_stack/backend[39m

≡ƒÜÇ Setting up Integration Test Database...
≡ƒöÆ Using isolated test schema: test_suite_1777794469181_50020
≡ƒôª Pushing Prisma schema to test database...
Environment variables loaded from .env
Prisma schema loaded from prisma\schema.prisma
Datasource "db": PostgreSQL database "seahawk_test", schema "test_suite_1777794469181_50020" at "localhost:5432"

Your database is now in sync with your Prisma schema. Done in 783ms

Γ£à Test database ready.

[90mstdout[2m | src/tests/unit/pickupService.test.js[2m > [22m[2mpickup.service[2m > [22m[2mcreate[2m > [22m[2mcreates a pickup request with unique refNo
[22m[39m13:17:57 [[31merror[39m]: [31mPrisma error: [39m
[31mInvalid `prisma.pickupRequest.findUnique()` invocation in[39m
[31mC:\Users\hp\OneDrive\Desktop\seahawk-full_stack\backend\src\services\pickup.service.js:13:37[39m

[31m  10 async function create(data) {[39m
[31m  11   let refNo = genRef();[39m
[31m  12   // Ensure uniqueness[39m
[31mΓåÆ 13   while (await prisma.pickupRequest.findUnique({[39m
[31m         where: {[39m
[31m           refNo: "SHK-2026-5725",[39m
[31m           ~~~~~[39m
[31m       ?   id?: Int,[39m
[31m       ?   requestNo?: String,[39m
[31m       ?   AND?: PickupRequestWhereInput | PickupRequestWhereInput[],[39m
[31m       ?   OR?: PickupRequestWhereInput[],[39m
[31m       ?   NOT?: PickupRequestWhereInput | PickupRequestWhereInput[],[39m
[31m       ?   clientCode?: StringNullableFilter | String | Null,[39m
[31m       ?   contactName?: StringFilter | String,[39m
[31m       ?   contactPhone?: StringFilter | String,[39m
[31m       ?   contactEmail?: StringNullableFilter | String | Null,[39m
[31m       ?   pickupAddress?: StringFilter | String,[39m
[31m       ?   pickupCity?: StringFilter | String,[39m
[31m       ?   pickupPin?: StringFilter | String,[39m
[31m       ?   deliveryAddress?: StringNullableFilter | String | Null,[39m
[31m       ?   deliveryCity?: StringNullableFilter | String | Null,[39m
[31m       ?   deliveryState?: StringNullableFilter | String | Null,[39m
[31m       ?   deliveryCountry?: StringFilter | String,[39m
[31m       ?   packageType?: StringFilter | String,[39m
[31m       ?   weightGrams?: DecimalFilter | Decimal,[39m
[31m       ?   pieces?: IntFilter | Int,[39m
[31m       ?   service?: StringFilter | String,[39m
[31m       ?   declaredValue?: DecimalNullableFilter | Decimal | Null,[39m
[31m       ?   notes?: StringNullableFilter | String | Null,[39m
[31m       ?   source?: StringFilter | String,[39m
[31m       ?   preferredCarrier?: StringNullableFilter | String | Null,[39m
[31m       ?   scheduledDate?: StringFilter | String,[39m
[31m       ?   timeSlot?: StringFilter | String,[39m
[31m       ?   assignedAgentId?: IntNullableFilter | Int | Null,[39m
[31m       ?   assignedAt?: DateTimeNullableFilter | DateTime | Null,[39m
[31m       ?   completedAt?: DateTimeNullableFilter | DateTime | Null,[39m
[31m       ?   status?: StringFilter | String,[39m
[31m       ?   createdAt?: DateTimeFilter | DateTime,[39m
[31m       ?   updatedAt?: DateTimeFilter | DateTime,[39m
[31m       ?   client?: ClientNullableRelationFilter | ClientWhereInput | Null,[39m
[31m       ?   assignedAgent?: UserNullableRelationFilter | UserWhereInput | Null[39m
[31m         }[39m
[31m       })[39m

[31mUnknown argument `refNo`. Available options are marked with ?.[39m
  {
  "target": "pickupRequest.findUnique"
}

[90mstdout[2m | src/tests/unit/pickupService.test.js[2m > [22m[2mpickup.service[2m > [22m[2mcreate[2m > [22m[2mretries on refNo collision
[22m[39m13:17:57 [[31merror[39m]: [31mPrisma error: [39m
[31mInvalid `prisma.pickupRequest.findUnique()` invocation in[39m
[31mC:\Users\hp\OneDrive\Desktop\seahawk-full_stack\backend\src\services\pickup.service.js:13:37[39m

[31m  10 async function create(data) {[39m
[31m  11   let refNo = genRef();[39m
[31m  12   // Ensure uniqueness[39m
[31mΓåÆ 13   while (await prisma.pickupRequest.findUnique({[39m
[31m         where: {[39m
[31m           refNo: "SHK-2026-2653",[39m
[31m           ~~~~~[39m
[31m       ?   id?: Int,[39m
[31m       ?   requestNo?: String,[39m
[31m       ?   AND?: PickupRequestWhereInput | PickupRequestWhereInput[],[39m
[31m       ?   OR?: PickupRequestWhereInput[],[39m
[31m       ?   NOT?: PickupRequestWhereInput | PickupRequestWhereInput[],[39m
[31m       ?   clientCode?: StringNullableFilter | String | Null,[39m
[31m       ?   contactName?: StringFilter | String,[39m
[31m       ?   contactPhone?: StringFilter | String,[39m
[31m       ?   contactEmail?: StringNullableFilter | String | Null,[39m
[31m       ?   pickupAddress?: StringFilter | String,[39m
[31m       ?   pickupCity?: StringFilter | String,[39m
[31m       ?   pickupPin?: StringFilter | String,[39m
[31m       ?   deliveryAddress?: StringNullableFilter | String | Null,[39m
[31m       ?   deliveryCity?: StringNullableFilter | String | Null,[39m
[31m       ?   deliveryState?: StringNullableFilter | String | Null,[39m
[31m       ?   deliveryCountry?: StringFilter | String,[39m
[31m       ?   packageType?: StringFilter | String,[39m
[31m       ?   weightGrams?: DecimalFilter | Decimal,[39m
[31m       ?   pieces?: IntFilter | Int,[39m
[31m       ?   service?: StringFilter | String,[39m
[31m       ?   declaredValue?: DecimalNullableFilter | Decimal | Null,[39m
[31m       ?   notes?: StringNullableFilter | String | Null,[39m
[31m       ?   source?: StringFilter | String,[39m
[31m       ?   preferredCarrier?: StringNullableFilter | String | Null,[39m
[31m       ?   scheduledDate?: StringFilter | String,[39m
[31m       ?   timeSlot?: StringFilter | String,[39m
[31m       ?   assignedAgentId?: IntNullableFilter | Int | Null,[39m
[31m       ?   assignedAt?: DateTimeNullableFilter | DateTime | Null,[39m
[31m       ?   completedAt?: DateTimeNullableFilter | DateTime | Null,[39m
[31m       ?   status?: StringFilter | String,[39m
[31m       ?   createdAt?: DateTimeFilter | DateTime,[39m
[31m       ?   updatedAt?: DateTimeFilter | DateTime,[39m
[31m       ?   client?: ClientNullableRelationFilter | ClientWhereInput | Null,[39m
[31m       ?   assignedAgent?: UserNullableRelationFilter | UserWhereInput | Null[39m
[31m         }[39m
[31m       })[39m

[31mUnknown argument `refNo`. Available options are marked with ?.[39m
  {
  "target": "pickupRequest.findUnique"
}

[90mstdout[2m | src/tests/unit/rateCompareService.test.js[2m > [22m[2mrateCompare.service[2m > [22m[2mcompareRates[2m > [22m[2mreturns sorted domestic rates for standard zone
[22m[39m13:17:57 [[31merror[39m]: [31mPrisma error: [39m
[31mInvalid `prisma.rateVersion.findMany()` invocation in[39m
[31mC:\Users\hp\OneDrive\Desktop\seahawk-full_stack\backend\src\services\rateCompare.service.js:105:51[39m

[31m  102 if (!zone) throw new Error('Zone is required');[39m
[31m  103 [39m
[31m  104 // Fetch dynamic rates from database[39m
[31mΓåÆ 105 const activeVersions = await prisma.rateVersion.findMany({[39m
[31m        where: {[39m
[31m          active: true,[39m
[31m          ~~~~~~[39m
[31m      ?   AND?: RateVersionWhereInput | RateVersionWhereInput[],[39m
[31m      ?   OR?: RateVersionWhereInput[],[39m
[31m      ?   NOT?: RateVersionWhereInput | RateVersionWhereInput[],[39m
[31m      ?   id?: IntFilter | Int,[39m
[31m      ?   courier?: StringFilter | String,[39m
[31m      ?   effectiveDate?: StringFilter | String,[39m
[31m      ?   uploadedById?: IntNullableFilter | Int | Null,[39m
[31m      ?   notes?: StringNullableFilter | String | Null,[39m
[31m      ?   dataJson?: JsonFilter,[39m
[31m      ?   createdAt?: DateTimeFilter | DateTime,[39m
[31m      ?   uploadedBy?: UserNullableRelationFilter | UserWhereInput | Null[39m
[31m        }[39m
[31m      })[39m

[31mUnknown argument `active`. Available options are marked with ?.[39m
  {
  "target": "rateVersion.findMany"
}

[90mstdout[2m | src/tests/unit/rateCompareService.test.js[2m > [22m[2mrateCompare.service[2m > [22m[2mcompareRates[2m > [22m[2mreturns multiple modes per carrier
[22m[39m13:17:57 [[31merror[39m]: [31mPrisma error: [39m
[31mInvalid `prisma.rateVersion.findMany()` invocation in[39m
[31mC:\Users\hp\OneDrive\Desktop\seahawk-full_stack\backend\src\services\rateCompare.service.js:105:51[39m

[31m  102 if (!zone) throw new Error('Zone is required');[39m
[31m  103 [39m
[31m  104 // Fetch dynamic rates from database[39m
[31mΓåÆ 105 const activeVersions = await prisma.rateVersion.findMany({[39m
[31m        where: {[39m
[31m          active: true,[39m
[31m          ~~~~~~[39m
[31m      ?   AND?: RateVersionWhereInput | RateVersionWhereInput[],[39m
[31m      ?   OR?: RateVersionWhereInput[],[39m
[31m      ?   NOT?: RateVersionWhereInput | RateVersionWhereInput[],[39m
[31m      ?   id?: IntFilter | Int,[39m
[31m      ?   courier?: StringFilter | String,[39m
[31m      ?   effectiveDate?: StringFilter | String,[39m
[31m      ?   uploadedById?: IntNullableFilter | Int | Null,[39m
[31m      ?   notes?: StringNullableFilter | String | Null,[39m
[31m      ?   dataJson?: JsonFilter,[39m
[31m      ?   createdAt?: DateTimeFilter | DateTime,[39m
[31m      ?   uploadedBy?: UserNullableRelationFilter | UserWhereInput | Null[39m
[31m        }[39m
[31m      })[39m

[31mUnknown argument `active`. Available options are marked with ?.[39m
  {
  "target": "rateVersion.findMany"
}

[90mstdout[2m | src/tests/unit/wallet.test.js[2m > [22m[2mwallet.service[2m > [22m[2mcredit[2m > [22m[2mincrements balance and creates transaction
[22m[39m13:17:57 [[31merror[39m]: [31mPrisma error: [39m
[31mInvalid `tx.client.update()` invocation in[39m
[31mC:\Users\hp\OneDrive\Desktop\seahawk-full_stack\backend\src\services\wallet.service.js:52:37[39m

[31m  49 async function credit({ clientCode, amount, description, reference, paymentMode, paymentId }) {[39m
[31m  50   const safeAmount = parseAmount(amount);[39m
[31m  51   return prisma.$transaction(async (tx) => {[39m
[31mΓåÆ 52     const updated = await tx.client.update([39m
[31mAn operation failed because it depends on one or more records that were required but not found. Record to update not found.[39m
  {
  "target": "client.update"
}

[90mstdout[2m | src/tests/unit/rateCompareService.test.js[2m > [22m[2mrateCompare.service[2m > [22m[2mcompareRates[2m > [22m[2mflags cheapest, fastest, and bestValue
[22m[39m13:17:57 [[31merror[39m]: [31mPrisma error: [39m
[31mInvalid `prisma.rateVersion.findMany()` invocation in[39m
[31mC:\Users\hp\OneDrive\Desktop\seahawk-full_stack\backend\src\services\rateCompare.service.js:105:51[39m

[31m  102 if (!zone) throw new Error('Zone is required');[39m
[31m  103 [39m
[31m  104 // Fetch dynamic rates from database[39m
[31mΓåÆ 105 const activeVersions = await prisma.rateVersion.findMany({[39m
[31m        where: {[39m
[31m          active: true,[39m
[31m          ~~~~~~[39m
[31m      ?   AND?: RateVersionWhereInput | RateVersionWhereInput[],[39m
[31m      ?   OR?: RateVersionWhereInput[],[39m
[31m      ?   NOT?: RateVersionWhereInput | RateVersionWhereInput[],[39m
[31m      ?   id?: IntFilter | Int,[39m
[31m      ?   courier?: StringFilter | String,[39m
[31m      ?   effectiveDate?: StringFilter | String,[39m
[31m      ?   uploadedById?: IntNullableFilter | Int | Null,[39m
[31m      ?   notes?: StringNullableFilter | String | Null,[39m
[31m      ?   dataJson?: JsonFilter,[39m
[31m      ?   createdAt?: DateTimeFilter | DateTime,[39m
[31m      ?   uploadedBy?: UserNullableRelationFilter | UserWhereInput | Null[39m
[31m        }[39m
[31m      })[39m

[31mUnknown argument `active`. Available options are marked with ?.[39m
  {
  "target": "rateVersion.findMany"
}

[90mstdout[2m | src/tests/unit/rateCompareService.test.js[2m > [22m[2mrateCompare.service[2m > [22m[2mcompareRates[2m > [22m[2mreturns international carriers only for international shipments
[22m[39m13:17:57 [[31merror[39m]: [31mPrisma error: [39m
[31mInvalid `prisma.rateVersion.findMany()` invocation in[39m
[31mC:\Users\hp\OneDrive\Desktop\seahawk-full_stack\backend\src\services\rateCompare.service.js:105:51[39m

[31m  102 if (!zone) throw new Error('Zone is required');[39m
[31m  103 [39m
[31m  104 // Fetch dynamic rates from database[39m
[31mΓåÆ 105 const activeVersions = await prisma.rateVersion.findMany({[39m
[31m        where: {[39m
[31m          active: true,[39m
[31m          ~~~~~~[39m
[31m      ?   AND?: RateVersionWhereInput | RateVersionWhereInput[],[39m
[31m      ?   OR?: RateVersionWhereInput[],[39m
[31m      ?   NOT?: RateVersionWhereInput | RateVersionWhereInput[],[39m
[31m      ?   id?: IntFilter | Int,[39m
[31m      ?   courier?: StringFilter | String,[39m
[31m      ?   effectiveDate?: StringFilter | String,[39m
[31m      ?   uploadedById?: IntNullableFilter | Int | Null,[39m
[31m      ?   notes?: StringNullableFilter | String | Null,[39m
[31m      ?   dataJson?: JsonFilter,[39m
[31m      ?   createdAt?: DateTimeFilter | DateTime,[39m
[31m      ?   uploadedBy?: UserNullableRelationFilter | UserWhereInput | Null[39m
[31m        }[39m
[31m      })[39m

[31mUnknown argument `active`. Available options are marked with ?.[39m
  {
  "target": "rateVersion.findMany"
}

[90mstdout[2m | src/tests/unit/authMiddleware.test.js[2m > [22m[2mauth.middleware[2m > [22m[2mprotect[2m > [22m[2mauthenticates with valid Bearer token
[22m[39m13:17:57 [[31merror[39m]: [31mPrisma error: [39m
[31mInvalid `prisma.user.findUnique()` invocation in[39m
[31mC:\Users\hp\OneDrive\Desktop\seahawk-full_stack\backend\src\middleware\auth.middleware.js:48:32[39m

[31m  45 const cached = lruGet(cacheKey);[39m
[31m  46 let user = cached && cached.expiresAt > Date.now() ? cached.user : null;[39m
[31m  47 if (!user) {[39m
[31mΓåÆ 48   user = await prisma.user.findUnique([39m
[31mAuthentication failed against database server at `localhost`, the provided database credentials for `mock` are not valid.[39m

[31mPlease make sure to provide valid database credentials for the database server at `localhost`.[39m
  {
  "target": "user.findUnique"
}

[90mstdout[2m | src/tests/unit/rateCompareService.test.js[2m > [22m[2mrateCompare.service[2m > [22m[2mcompareRates[2m > [22m[2mexcludes international carriers for domestic shipments
[22m[39m13:17:57 [[31merror[39m]: [31mPrisma error: [39m
[31mInvalid `prisma.rateVersion.findMany()` invocation in[39m
[31mC:\Users\hp\OneDrive\Desktop\seahawk-full_stack\backend\src\services\rateCompare.service.js:105:51[39m

[31m  102 if (!zone) throw new Error('Zone is required');[39m
[31m  103 [39m
[31m  104 // Fetch dynamic rates from database[39m
[31mΓåÆ 105 const activeVersions = await prisma.rateVersion.findMany({[39m
[31m        where: {[39m
[31m          active: true,[39m
[31m          ~~~~~~[39m
[31m      ?   AND?: RateVersionWhereInput | RateVersionWhereInput[],[39m
[31m      ?   OR?: RateVersionWhereInput[],[39m
[31m      ?   NOT?: RateVersionWhereInput | RateVersionWhereInput[],[39m
[31m      ?   id?: IntFilter | Int,[39m
[31m      ?   courier?: StringFilter | String,[39m
[31m      ?   effectiveDate?: StringFilter | String,[39m
[31m      ?   uploadedById?: IntNullableFilter | Int | Null,[39m
[31m      ?   notes?: StringNullableFilter | String | Null,[39m
[31m      ?   dataJson?: JsonFilter,[39m
[31m      ?   createdAt?: DateTimeFilter | DateTime,[39m
[31m      ?   uploadedBy?: UserNullableRelationFilter | UserWhereInput | Null[39m
[31m        }[39m
[31m      })[39m

[31mUnknown argument `active`. Available options are marked with ?.[39m
  {
  "target": "rateVersion.findMany"
}

[90mstdout[2m | src/tests/unit/rateCompareService.test.js[2m > [22m[2mrateCompare.service[2m > [22m[2mcompareRates[2m > [22m[2mapplies zone multipliers correctly
[22m[39m13:17:58 [[31merror[39m]: [31mPrisma error: [39m
[31mInvalid `prisma.rateVersion.findMany()` invocation in[39m
[31mC:\Users\hp\OneDrive\Desktop\seahawk-full_stack\backend\src\services\rateCompare.service.js:105:51[39m

[31m  102 if (!zone) throw new Error('Zone is required');[39m
[31m  103 [39m
[31m  104 // Fetch dynamic rates from database[39m
[31mΓåÆ 105 const activeVersions = await prisma.rateVersion.findMany({[39m
[31m        where: {[39m
[31m          active: true,[39m
[31m          ~~~~~~[39m
[31m      ?   AND?: RateVersionWhereInput | RateVersionWhereInput[],[39m
[31m      ?   OR?: RateVersionWhereInput[],[39m
[31m      ?   NOT?: RateVersionWhereInput | RateVersionWhereInput[],[39m
[31m      ?   id?: IntFilter | Int,[39m
[31m      ?   courier?: StringFilter | String,[39m
[31m      ?   effectiveDate?: StringFilter | String,[39m
[31m      ?   uploadedById?: IntNullableFilter | Int | Null,[39m
[31m      ?   notes?: StringNullableFilter | String | Null,[39m
[31m      ?   dataJson?: JsonFilter,[39m
[31m      ?   createdAt?: DateTimeFilter | DateTime,[39m
[31m      ?   uploadedBy?: UserNullableRelationFilter | UserWhereInput | Null[39m
[31m        }[39m
[31m      })[39m

[31mUnknown argument `active`. Available options are marked with ?.[39m
  {
  "target": "rateVersion.findMany"
}

[90mstdout[2m | src/tests/unit/rateCompareService.test.js[2m > [22m[2mrateCompare.service[2m > [22m[2mcompareRates[2m > [22m[2mrespects minimum weight
[22m[39m13:17:58 [[31merror[39m]: [31mPrisma error: [39m
[31mInvalid `prisma.rateVersion.findMany()` invocation in[39m
[31mC:\Users\hp\OneDrive\Desktop\seahawk-full_stack\backend\src\services\rateCompare.service.js:105:51[39m

[31m  102 if (!zone) throw new Error('Zone is required');[39m
[31m  103 [39m
[31m  104 // Fetch dynamic rates from database[39m
[31mΓåÆ 105 const activeVersions = await prisma.rateVersion.findMany({[39m
[31m        where: {[39m
[31m          active: true,[39m
[31m          ~~~~~~[39m
[31m      ?   AND?: RateVersionWhereInput | RateVersionWhereInput[],[39m
[31m      ?   OR?: RateVersionWhereInput[],[39m
[31m      ?   NOT?: RateVersionWhereInput | RateVersionWhereInput[],[39m
[31m      ?   id?: IntFilter | Int,[39m
[31m      ?   courier?: StringFilter | String,[39m
[31m      ?   effectiveDate?: StringFilter | String,[39m
[31m      ?   uploadedById?: IntNullableFilter | Int | Null,[39m
[31m      ?   notes?: StringNullableFilter | String | Null,[39m
[31m      ?   dataJson?: JsonFilter,[39m
[31m      ?   createdAt?: DateTimeFilter | DateTime,[39m
[31m      ?   uploadedBy?: UserNullableRelationFilter | UserWhereInput | Null[39m
[31m        }[39m
[31m      })[39m

[31mUnknown argument `active`. Available options are marked with ?.[39m
  {
  "target": "rateVersion.findMany"
}

[90mstdout[2m | src/tests/unit/wallet.test.js[2m > [22m[2mwallet.service[2m > [22m[2madjust[2m > [22m[2mhandles positive adjustment (credit)
[22m[39m13:17:58 [[31merror[39m]: [31mPrisma error: [39m
[31mInvalid `tx.client.update()` invocation in[39m
[31mC:\Users\hp\OneDrive\Desktop\seahawk-full_stack\backend\src\services\wallet.service.js:168:37[39m

[31m  165   throw new AppError('Adjustment amount must be non-zero.', 400);[39m
[31m  166 }[39m
[31m  167 return prisma.$transaction(async (tx) => {[39m
[31mΓåÆ 168   const updated = await tx.client.update([39m
[31mAn operation failed because it depends on one or more records that were required but not found. Record to update not found.[39m
  {
  "target": "client.update"
}

[90mstdout[2m | src/tests/unit/rateCompareService.test.js[2m > [22m[2mrateCompare.service[2m > [22m[2mgetSingleRate[2m > [22m[2mreturns specific carrier+mode rate
[22m[39m13:17:58 [[31merror[39m]: [31mPrisma error: [39m
[31mInvalid `prisma.rateVersion.findMany()` invocation in[39m
[31mC:\Users\hp\OneDrive\Desktop\seahawk-full_stack\backend\src\services\rateCompare.service.js:105:51[39m

[31m  102 if (!zone) throw new Error('Zone is required');[39m
[31m  103 [39m
[31m  104 // Fetch dynamic rates from database[39m
[31mΓåÆ 105 const activeVersions = await prisma.rateVersion.findMany({[39m
[31m        where: {[39m
[31m          active: true,[39m
[31m          ~~~~~~[39m
[31m      ?   AND?: RateVersionWhereInput | RateVersionWhereInput[],[39m
[31m      ?   OR?: RateVersionWhereInput[],[39m
[31m      ?   NOT?: RateVersionWhereInput | RateVersionWhereInput[],[39m
[31m      ?   id?: IntFilter | Int,[39m
[31m      ?   courier?: StringFilter | String,[39m
[31m      ?   effectiveDate?: StringFilter | String,[39m
[31m      ?   uploadedById?: IntNullableFilter | Int | Null,[39m
[31m      ?   notes?: StringNullableFilter | String | Null,[39m
[31m      ?   dataJson?: JsonFilter,[39m
[31m      ?   createdAt?: DateTimeFilter | DateTime,[39m
[31m      ?   uploadedBy?: UserNullableRelationFilter | UserWhereInput | Null[39m
[31m        }[39m
[31m      })[39m

[31mUnknown argument `active`. Available options are marked with ?.[39m
  {
  "target": "rateVersion.findMany"
}

[90mstdout[2m | src/tests/unit/wallet.test.js[2m > [22m[2mwallet.service[2m > [22m[2madjust[2m > [22m[2mhandles negative adjustment (debit)
[22m[39m13:17:58 [[31merror[39m]: [31mPrisma error: [39m
[31mInvalid `tx.client.update()` invocation in[39m
[31mC:\Users\hp\OneDrive\Desktop\seahawk-full_stack\backend\src\services\wallet.service.js:168:37[39m

[31m  165   throw new AppError('Adjustment amount must be non-zero.', 400);[39m
[31m  166 }[39m
[31m  167 return prisma.$transaction(async (tx) => {[39m
[31mΓåÆ 168   const updated = await tx.client.update([39m
[31mAn operation failed because it depends on one or more records that were required but not found. Record to update not found.[39m
  {
  "target": "client.update"
}

[90mstdout[2m | src/tests/unit/pickupService.test.js[2m > [22m[2mpickup.service[2m > [22m[2mgetAll[2m > [22m[2mfilters by date
[22m[39m13:17:58 [[31merror[39m]: [31mPrisma error: [39m
[31mInvalid `prisma.pickupRequest.findMany()` invocation in[39m
[31mC:\Users\hp\OneDrive\Desktop\seahawk-full_stack\backend\src\services\pickup.service.js:24:26[39m

[31m  21 if (status) where.status = status;[39m
[31m  22 if (date)   where.pickupDate = date;[39m
[31m  23 const [items, total] = await Promise.all([[39m
[31mΓåÆ 24   prisma.pickupRequest.findMany({[39m
[31m         where: {[39m
[31m           pickupDate: "2026-04-05",[39m
[31m           ~~~~~~~~~~[39m
[31m       ?   AND?: PickupRequestWhereInput | PickupRequestWhereInput[],[39m
[31m       ?   OR?: PickupRequestWhereInput[],[39m
[31m       ?   NOT?: PickupRequestWhereInput | PickupRequestWhereInput[],[39m
[31m       ?   id?: IntFilter | Int,[39m
[31m       ?   requestNo?: StringFilter | String,[39m
[31m       ?   clientCode?: StringNullableFilter | String | Null,[39m
[31m       ?   contactName?: StringFilter | String,[39m
[31m       ?   contactPhone?: StringFilter | String,[39m
[31m       ?   contactEmail?: StringNullableFilter | String | Null,[39m
[31m       ?   pickupAddress?: StringFilter | String,[39m
[31m       ?   pickupCity?: StringFilter | String,[39m
[31m       ?   pickupPin?: StringFilter | String,[39m
[31m       ?   deliveryAddress?: StringNullableFilter | String | Null,[39m
[31m       ?   deliveryCity?: StringNullableFilter | String | Null,[39m
[31m       ?   deliveryState?: StringNullableFilter | String | Null,[39m
[31m       ?   deliveryCountry?: StringFilter | String,[39m
[31m       ?   packageType?: StringFilter | String,[39m
[31m       ?   weightGrams?: DecimalFilter | Decimal,[39m
[31m       ?   pieces?: IntFilter | Int,[39m
[31m       ?   service?: StringFilter | String,[39m
[31m       ?   declaredValue?: DecimalNullableFilter | Decimal | Null,[39m
[31m       ?   notes?: StringNullableFilter | String | Null,[39m
[31m       ?   source?: StringFilter | String,[39m
[31m       ?   preferredCarrier?: StringNullableFilter | String | Null,[39m
[31m       ?   scheduledDate?: StringFilter | String,[39m
[31m       ?   timeSlot?: StringFilter | String,[39m
[31m       ?   assignedAgentId?: IntNullableFilter | Int | Null,[39m
[31m       ?   assignedAt?: DateTimeNullableFilter | DateTime | Null,[39m
[31m       ?   completedAt?: DateTimeNullableFilter | DateTime | Null,[39m
[31m       ?   status?: StringFilter | String,[39m
[31m       ?   createdAt?: DateTimeFilter | DateTime,[39m
[31m       ?   updatedAt?: DateTimeFilter | DateTime,[39m
[31m       ?   client?: ClientNullableRelationFilter | ClientWhereInput | Null,[39m
[31m       ?   assignedAgent?: UserNullableRelationFilter | UserWhereInput | Null[39m
[31m         },[39m
[31m         orderBy: {[39m
[31m           createdAt: "desc"[39m
[31m         },[39m
[31m         skip: 0,[39m
[31m         take: 50[39m
[31m       })[39m

[31mUnknown argument `pickupDate`. Did you mean `pickupCity`? Available options are marked with ?.[39m
  {
  "target": "pickupRequest.findMany"
}

 [31mΓ¥»[39m [30m[42m unit [49m[39m src/tests/unit/wallet.test.js [2m([22m[2m13 tests[22m[2m | [22m[31m8 failed[39m[2m)[22m[33m 1399[2mms[22m[39m
[31m   [31m├ù[31m wallet.service[2m > [22mgetWallet[2m > [22mreturns client wallet info[39m[33m 378[2mms[22m[39m
[31m     ΓåÆ Client not found: TEST[39m
   [32mΓ£ô[39m wallet.service[2m > [22mgetWallet[2m > [22mthrows when client not found[32m 39[2mms[22m[39m
[31m   [31m├ù[31m wallet.service[2m > [22mgetBalance[2m > [22mreturns numeric balance[39m[32m 28[2mms[22m[39m
[31m     ΓåÆ Client not found: T[39m
[31m   [31m├ù[31m wallet.service[2m > [22mgetTransactions[2m > [22mreturns paginated transactions[39m[32m 74[2mms[22m[39m
[31m     ΓåÆ Client not found: T[39m
[31m   [31m├ù[31m wallet.service[2m > [22mcredit[2m > [22mincrements balance and creates transaction[39m[33m 305[2mms[22m[39m
[31m     ΓåÆ 
Invalid `tx.client.update()` invocation in
C:\Users\hp\OneDrive\Desktop\seahawk-full_stack\backend\src\services\wallet.service.js:52:37

  49 async function credit({ clientCode, amount, description, reference, paymentMode, paymentId }) {
  50   const safeAmount = parseAmount(amount);
  51   return prisma.$transaction(async (tx) => {
ΓåÆ 52     const updated = await tx.client.update(
An operation failed because it depends on one or more records that were required but not found. Record to update not found.[39m
   [32mΓ£ô[39m wallet.service[2m > [22mcredit[2m > [22mthrows on invalid amount[32m 4[2mms[22m[39m
   [32mΓ£ô[39m wallet.service[2m > [22mcredit[2m > [22mthrows on zero amount[32m 3[2mms[22m[39m
[31m   [31m├ù[31m wallet.service[2m > [22mdebit[2m > [22mdecrements balance and creates transaction[39m[32m 104[2mms[22m[39m
[31m     ΓåÆ Client not found: T[39m
[31m   [31m├ù[31m wallet.service[2m > [22mdebit[2m > [22mthrows on insufficient balance[39m[32m 170[2mms[22m[39m
[31m     ΓåÆ expected [Function] to throw error including 'Insufficient wallet balance' but got 'Client not found: T'[39m
   [32mΓ£ô[39m wallet.service[2m > [22mdebit[2m > [22mthrows when client not found during debit[32m 31[2mms[22m[39m
[31m   [31m├ù[31m wallet.service[2m > [22madjust[2m > [22mhandles positive adjustment (credit)[39m[32m 125[2mms[22m[39m
[31m     ΓåÆ 
Invalid `tx.client.update()` invocation in
C:\Users\hp\OneDrive\Desktop\seahawk-full_stack\backend\src\services\wallet.service.js:168:37

  165   throw new AppError('Adjustment amount must be non-zero.', 400);
  166 }
  167 return prisma.$transaction(async (tx) => {
ΓåÆ 168   const updated = await tx.client.update(
An operation failed because it depends on one or more records that were required but not found. Record to update not found.[39m
[31m   [31m├ù[31m wallet.service[2m > [22madjust[2m > [22mhandles negative adjustment (debit)[39m[32m 97[2mms[22m[39m
[31m     ΓåÆ 
Invalid `tx.client.update()` invocation in
C:\Users\hp\OneDrive\Desktop\seahawk-full_stack\backend\src\services\wallet.service.js:168:37

  165   throw new AppError('Adjustment amount must be non-zero.', 400);
  166 }
  167 return prisma.$transaction(async (tx) => {
ΓåÆ 168   const updated = await tx.client.update(
An operation failed because it depends on one or more records that were required but not found. Record to update not found.[39m
   [32mΓ£ô[39m wallet.service[2m > [22madjust[2m > [22mthrows on zero adjustment[32m 2[2mms[22m[39m
[90mstdout[2m | src/tests/unit/rateCompareService.test.js[2m > [22m[2mrateCompare.service[2m > [22m[2mgetSingleRate[2m > [22m[2mreturns null for unknown carrier+mode
[22m[39m13:17:58 [[31merror[39m]: [31mPrisma error: [39m
[31mInvalid `prisma.rateVersion.findMany()` invocation in[39m
[31mC:\Users\hp\OneDrive\Desktop\seahawk-full_stack\backend\src\services\rateCompare.service.js:105:51[39m

[31m  102 if (!zone) throw new Error('Zone is required');[39m
[31m  103 [39m
[31m  104 // Fetch dynamic rates from database[39m
[31mΓåÆ 105 const activeVersions = await prisma.rateVersion.findMany({[39m
[31m        where: {[39m
[31m          active: true,[39m
[31m          ~~~~~~[39m
[31m      ?   AND?: RateVersionWhereInput | RateVersionWhereInput[],[39m
[31m      ?   OR?: RateVersionWhereInput[],[39m
[31m      ?   NOT?: RateVersionWhereInput | RateVersionWhereInput[],[39m
[31m      ?   id?: IntFilter | Int,[39m
[31m      ?   courier?: StringFilter | String,[39m
[31m      ?   effectiveDate?: StringFilter | String,[39m
[31m      ?   uploadedById?: IntNullableFilter | Int | Null,[39m
[31m      ?   notes?: StringNullableFilter | String | Null,[39m
[31m      ?   dataJson?: JsonFilter,[39m
[31m      ?   createdAt?: DateTimeFilter | DateTime,[39m
[31m      ?   uploadedBy?: UserNullableRelationFilter | UserWhereInput | Null[39m
[31m        }[39m
[31m      })[39m

[31mUnknown argument `active`. Available options are marked with ?.[39m
  {
  "target": "rateVersion.findMany"
}

[90mstdout[2m | src/tests/unit/integrationIngest.service.test.js[2m > [22m[2mintegration-ingest.service[2m > [22m[2mcreates a draft on live ingest and writes idempotency/audit artifacts
[22m[39m13:17:58 [[31merror[39m]: [31mPrisma error: [39m
[31mInvalid `prisma.clientApiKey.update()` invocation in[39m
[31mC:\Users\hp\OneDrive\Desktop\seahawk-full_stack\backend\src\services\integration-ingest.service.js:178:29[39m

[31m  175 [39m
[31m  176 await cache.set(idemKey, { seenAt: new Date().toISOString(), draftId: draft.id }, config.webhooks.idempotencyTtlSeconds);[39m
[31m  177 [39m
[31mΓåÆ 178 await prisma.clientApiKey.update([39m
[31mAn operation failed because it depends on one or more records that were required but not found. Record to update not found.[39m
  {
  "target": "clientApiKey.update"
}

[90mstdout[2m | src/tests/unit/pickupService.test.js[2m > [22m[2mpickup.service[2m > [22m[2mgetOne[2m > [22m[2mreturns a single pickup request
[22m[39m13:17:58 [[31merror[39m]: [31mPrisma error: [39m
[31mInvalid `prisma.pickupRequest.count()` invocation in[39m
[31mC:\Users\hp\OneDrive\Desktop\seahawk-full_stack\backend\src\services\pickup.service.js:28:26[39m

[31m  25   where, orderBy: { createdAt: 'desc' },[39m
[31m  26   skip: (page - 1) * limit, take: limit,[39m
[31m  27 }),[39m
[31mΓåÆ 28 prisma.pickupRequest.count({[39m
[31m       select: {[39m
[31m         _count: {[39m
[31m           select: {[39m
[31m             _all: true[39m
[31m           }[39m
[31m         }[39m
[31m       },[39m
[31m       where: {[39m
[31m         pickupDate: "2026-04-05",[39m
[31m         ~~~~~~~~~~[39m
[31m     ?   AND?: PickupRequestWhereInput | PickupRequestWhereInput[],[39m
[31m     ?   OR?: PickupRequestWhereInput[],[39m
[31m     ?   NOT?: PickupRequestWhereInput | PickupRequestWhereInput[],[39m
[31m     ?   id?: IntFilter | Int,[39m
[31m     ?   requestNo?: StringFilter | String,[39m
[31m     ?   clientCode?: StringNullableFilter | String | Null,[39m
[31m     ?   contactName?: StringFilter | String,[39m
[31m     ?   contactPhone?: StringFilter | String,[39m
[31m     ?   contactEmail?: StringNullableFilter | String | Null,[39m
[31m     ?   pickupAddress?: StringFilter | String,[39m
[31m     ?   pickupCity?: StringFilter | String,[39m
[31m     ?   pickupPin?: StringFilter | String,[39m
[31m     ?   deliveryAddress?: StringNullableFilter | String | Null,[39m
[31m     ?   deliveryCity?: StringNullableFilter | String | Null,[39m
[31m     ?   deliveryState?: StringNullableFilter | String | Null,[39m
[31m     ?   deliveryCountry?: StringFilter | String,[39m
[31m     ?   packageType?: StringFilter | String,[39m
[31m     ?   weightGrams?: DecimalFilter | Decimal,[39m
[31m     ?   pieces?: IntFilter | Int,[39m
[31m     ?   service?: StringFilter | String,[39m
[31m     ?   declaredValue?: DecimalNullableFilter | Decimal | Null,[39m
[31m     ?   notes?: StringNullableFilter | String | Null,[39m
[31m     ?   source?: StringFilter | String,[39m
[31m     ?   preferredCarrier?: StringNullableFilter | String | Null,[39m
[31m     ?   scheduledDate?: StringFilter | String,[39m
[31m     ?   timeSlot?: StringFilter | String,[39m
[31m     ?   assignedAgentId?: IntNullableFilter | Int | Null,[39m
[31m     ?   assignedAt?: DateTimeNullableFilter | DateTime | Null,[39m
[31m     ?   completedAt?: DateTimeNullableFilter | DateTime | Null,[39m
[31m     ?   status?: StringFilter | String,[39m
[31m     ?   createdAt?: DateTimeFilter | DateTime,[39m
[31m     ?   updatedAt?: DateTimeFilter | DateTime,[39m
[31m     ?   client?: ClientNullableRelationFilter | ClientWhereInput | Null,[39m
[31m     ?   assignedAgent?: UserNullableRelationFilter | UserWhereInput | Null[39m
[31m       }[39m
[31m     })[39m

[31mUnknown argument `pickupDate`. Did you mean `pickupCity`? Available options are marked with ?.[39m
  {
  "target": "pickupRequest.count"
}

 [31mΓ¥»[39m [30m[42m unit [49m[39m src/tests/unit/rateCompareService.test.js [2m([22m[2m11 tests[22m[2m | [22m[31m9 failed[39m[2m)[22m[33m 2919[2mms[22m[39m
[31m   [31m├ù[31m rateCompare.service[2m > [22mcompareRates[2m > [22mreturns sorted domestic rates for standard zone[39m[33m 2089[2mms[22m[39m
[31m     ΓåÆ 
Invalid `prisma.rateVersion.findMany()` invocation in
C:\Users\hp\OneDrive\Desktop\seahawk-full_stack\backend\src\services\rateCompare.service.js:105:51

  102 if (!zone) throw new Error('Zone is required');
  103 
  104 // Fetch dynamic rates from database
ΓåÆ 105 const activeVersions = await prisma.rateVersion.findMany({
        where: {
          active: true,
          ~~~~~~
      ?   AND?: RateVersionWhereInput | RateVersionWhereInput[],
      ?   OR?: RateVersionWhereInput[],
      ?   NOT?: RateVersionWhereInput | RateVersionWhereInput[],
      ?   id?: IntFilter | Int,
      ?   courier?: StringFilter | String,
      ?   effectiveDate?: StringFilter | String,
      ?   uploadedById?: IntNullableFilter | Int | Null,
      ?   notes?: StringNullableFilter | String | Null,
      ?   dataJson?: JsonFilter,
      ?   createdAt?: DateTimeFilter | DateTime,
      ?   uploadedBy?: UserNullableRelationFilter | UserWhereInput | Null
        }
      })

Unknown argument `active`. Available options are marked with ?.[39m
[31m   [31m├ù[31m rateCompare.service[2m > [22mcompareRates[2m > [22mreturns multiple modes per carrier[39m[32m 141[2mms[22m[39m
[31m     ΓåÆ 
Invalid `prisma.rateVersion.findMany()` invocation in
C:\Users\hp\OneDrive\Desktop\seahawk-full_stack\backend\src\services\rateCompare.service.js:105:51

  102 if (!zone) throw new Error('Zone is required');
  103 
  104 // Fetch dynamic rates from database
ΓåÆ 105 const activeVersions = await prisma.rateVersion.findMany({
        where: {
          active: true,
          ~~~~~~
      ?   AND?: RateVersionWhereInput | RateVersionWhereInput[],
      ?   OR?: RateVersionWhereInput[],
      ?   NOT?: RateVersionWhereInput | RateVersionWhereInput[],
      ?   id?: IntFilter | Int,
      ?   courier?: StringFilter | String,
      ?   effectiveDate?: StringFilter | String,
      ?   uploadedById?: IntNullableFilter | Int | Null,
      ?   notes?: StringNullableFilter | String | Null,
      ?   dataJson?: JsonFilter,
      ?   createdAt?: DateTimeFilter | DateTime,
      ?   uploadedBy?: UserNullableRelationFilter | UserWhereInput | Null
        }
      })

Unknown argument `active`. Available options are marked with ?.[39m
[31m   [31m├ù[31m rateCompare.service[2m > [22mcompareRates[2m > [22mflags cheapest, fastest, and bestValue[39m[32m 146[2mms[22m[39m
[31m     ΓåÆ 
Invalid `prisma.rateVersion.findMany()` invocation in
C:\Users\hp\OneDrive\Desktop\seahawk-full_stack\backend\src\services\rateCompare.service.js:105:51

  102 if (!zone) throw new Error('Zone is required');
  103 
  104 // Fetch dynamic rates from database
ΓåÆ 105 const activeVersions = await prisma.rateVersion.findMany({
        where: {
          active: true,
          ~~~~~~
      ?   AND?: RateVersionWhereInput | RateVersionWhereInput[],
      ?   OR?: RateVersionWhereInput[],
      ?   NOT?: RateVersionWhereInput | RateVersionWhereInput[],
      ?   id?: IntFilter | Int,
      ?   courier?: StringFilter | String,
      ?   effectiveDate?: StringFilter | String,
      ?   uploadedById?: IntNullableFilter | Int | Null,
      ?   notes?: StringNullableFilter | String | Null,
      ?   dataJson?: JsonFilter,
      ?   createdAt?: DateTimeFilter | DateTime,
      ?   uploadedBy?: UserNullableRelationFilter | UserWhereInput | Null
        }
      })

Unknown argument `active`. Available options are marked with ?.[39m
[31m   [31m├ù[31m rateCompare.service[2m > [22mcompareRates[2m > [22mreturns international carriers only for international shipments[39m[32m 41[2mms[22m[39m
[31m     ΓåÆ 
Invalid `prisma.rateVersion.findMany()` invocation in
C:\Users\hp\OneDrive\Desktop\seahawk-full_stack\backend\src\services\rateCompare.service.js:105:51

  102 if (!zone) throw new Error('Zone is required');
  103 
  104 // Fetch dynamic rates from database
ΓåÆ 105 const activeVersions = await prisma.rateVersion.findMany({
        where: {
          active: true,
          ~~~~~~
      ?   AND?: RateVersionWhereInput | RateVersionWhereInput[],
      ?   OR?: RateVersionWhereInput[],
      ?   NOT?: RateVersionWhereInput | RateVersionWhereInput[],
      ?   id?: IntFilter | Int,
      ?   courier?: StringFilter | String,
      ?   effectiveDate?: StringFilter | String,
      ?   uploadedById?: IntNullableFilter | Int | Null,
      ?   notes?: StringNullableFilter | String | Null,
      ?   dataJson?: JsonFilter,
      ?   createdAt?: DateTimeFilter | DateTime,
      ?   uploadedBy?: UserNullableRelationFilter | UserWhereInput | Null
        }
      })

Unknown argument `active`. Available options are marked with ?.[39m
[31m   [31m├ù[31m rateCompare.service[2m > [22mcompareRates[2m > [22mexcludes international carriers for domestic shipments[39m[32m 92[2mms[22m[39m
[31m     ΓåÆ 
Invalid `prisma.rateVersion.findMany()` invocation in
C:\Users\hp\OneDrive\Desktop\seahawk-full_stack\backend\src\services\rateCompare.service.js:105:51

  102 if (!zone) throw new Error('Zone is required');
  103 
  104 // Fetch dynamic rates from database
ΓåÆ 105 const activeVersions = await prisma.rateVersion.findMany({
        where: {
          active: true,
          ~~~~~~
      ?   AND?: RateVersionWhereInput | RateVersionWhereInput[],
      ?   OR?: RateVersionWhereInput[],
      ?   NOT?: RateVersionWhereInput | RateVersionWhereInput[],
      ?   id?: IntFilter | Int,
      ?   courier?: StringFilter | String,
      ?   effectiveDate?: StringFilter | String,
      ?   uploadedById?: IntNullableFilter | Int | Null,
      ?   notes?: StringNullableFilter | String | Null,
      ?   dataJson?: JsonFilter,
      ?   createdAt?: DateTimeFilter | DateTime,
      ?   uploadedBy?: UserNullableRelationFilter | UserWhereInput | Null
        }
      })

Unknown argument `active`. Available options are marked with ?.[39m
   [32mΓ£ô[39m rateCompare.service[2m > [22mcompareRates[2m > [22mthrows on invalid weight[32m 9[2mms[22m[39m
   [32mΓ£ô[39m rateCompare.service[2m > [22mcompareRates[2m > [22mthrows on missing zone[32m 3[2mms[22m[39m
[31m   [31m├ù[31m rateCompare.service[2m > [22mcompareRates[2m > [22mapplies zone multipliers correctly[39m[32m 222[2mms[22m[39m
[31m     ΓåÆ 
Invalid `prisma.rateVersion.findMany()` invocation in
C:\Users\hp\OneDrive\Desktop\seahawk-full_stack\backend\src\services\rateCompare.service.js:105:51

  102 if (!zone) throw new Error('Zone is required');
  103 
  104 // Fetch dynamic rates from database
ΓåÆ 105 const activeVersions = await prisma.rateVersion.findMany({
        where: {
          active: true,
          ~~~~~~
      ?   AND?: RateVersionWhereInput | RateVersionWhereInput[],
      ?   OR?: RateVersionWhereInput[],
      ?   NOT?: RateVersionWhereInput | RateVersionWhereInput[],
      ?   id?: IntFilter | Int,
      ?   courier?: StringFilter | String,
      ?   effectiveDate?: StringFilter | String,
      ?   uploadedById?: IntNullableFilter | Int | Null,
      ?   notes?: StringNullableFilter | String | Null,
      ?   dataJson?: JsonFilter,
      ?   createdAt?: DateTimeFilter | DateTime,
      ?   uploadedBy?: UserNullableRelationFilter | UserWhereInput | Null
        }
      })

Unknown argument `active`. Available options are marked with ?.[39m
[31m   [31m├ù[31m rateCompare.service[2m > [22mcompareRates[2m > [22mrespects minimum weight[39m[32m 20[2mms[22m[39m
[31m     ΓåÆ 
Invalid `prisma.rateVersion.findMany()` invocation in
C:\Users\hp\OneDrive\Desktop\seahawk-full_stack\backend\src\services\rateCompare.service.js:105:51

  102 if (!zone) throw new Error('Zone is required');
  103 
  104 // Fetch dynamic rates from database
ΓåÆ 105 const activeVersions = await prisma.rateVersion.findMany({
        where: {
          active: true,
          ~~~~~~
      ?   AND?: RateVersionWhereInput | RateVersionWhereInput[],
      ?   OR?: RateVersionWhereInput[],
      ?   NOT?: RateVersionWhereInput | RateVersionWhereInput[],
      ?   id?: IntFilter | Int,
      ?   courier?: StringFilter | String,
      ?   effectiveDate?: StringFilter | String,
      ?   uploadedById?: IntNullableFilter | Int | Null,
      ?   notes?: StringNullableFilter | String | Null,
      ?   dataJson?: JsonFilter,
      ?   createdAt?: DateTimeFilter | DateTime,
      ?   uploadedBy?: UserNullableRelationFilter | UserWhereInput | Null
        }
      })

Unknown argument `active`. Available options are marked with ?.[39m
[31m   [31m├ù[31m rateCompare.service[2m > [22mgetSingleRate[2m > [22mreturns specific carrier+mode rate[39m[32m 60[2mms[22m[39m
[31m     ΓåÆ 
Invalid `prisma.rateVersion.findMany()` invocation in
C:\Users\hp\OneDrive\Desktop\seahawk-full_stack\backend\src\services\rateCompare.service.js:105:51

  102 if (!zone) throw new Error('Zone is required');
  103 
  104 // Fetch dynamic rates from database
ΓåÆ 105 const activeVersions = await prisma.rateVersion.findMany({
        where: {
          active: true,
          ~~~~~~
      ?   AND?: RateVersionWhereInput | RateVersionWhereInput[],
      ?   OR?: RateVersionWhereInput[],
      ?   NOT?: RateVersionWhereInput | RateVersionWhereInput[],
      ?   id?: IntFilter | Int,
      ?   courier?: StringFilter | String,
      ?   effectiveDate?: StringFilter | String,
      ?   uploadedById?: IntNullableFilter | Int | Null,
      ?   notes?: StringNullableFilter | String | Null,
      ?   dataJson?: JsonFilter,
      ?   createdAt?: DateTimeFilter | DateTime,
      ?   uploadedBy?: UserNullableRelationFilter | UserWhereInput | Null
        }
      })

Unknown argument `active`. Available options are marked with ?.[39m
[31m   [31m├ù[31m rateCompare.service[2m > [22mgetSingleRate[2m > [22mreturns null for unknown carrier+mode[39m[32m 89[2mms[22m[39m
[31m     ΓåÆ 
Invalid `prisma.rateVersion.findMany()` invocation in
C:\Users\hp\OneDrive\Desktop\seahawk-full_stack\backend\src\services\rateCompare.service.js:105:51

  102 if (!zone) throw new Error('Zone is required');
  103 
  104 // Fetch dynamic rates from database
ΓåÆ 105 const activeVersions = await prisma.rateVersion.findMany({
        where: {
          active: true,
          ~~~~~~
      ?   AND?: RateVersionWhereInput | RateVersionWhereInput[],
      ?   OR?: RateVersionWhereInput[],
      ?   NOT?: RateVersionWhereInput | RateVersionWhereInput[],
      ?   id?: IntFilter | Int,
      ?   courier?: StringFilter | String,
      ?   effectiveDate?: StringFilter | String,
      ?   uploadedById?: IntNullableFilter | Int | Null,
      ?   notes?: StringNullableFilter | String | Null,
      ?   dataJson?: JsonFilter,
      ?   createdAt?: DateTimeFilter | DateTime,
      ?   uploadedBy?: UserNullableRelationFilter | UserWhereInput | Null
        }
      })

Unknown argument `active`. Available options are marked with ?.[39m
[90mstdout[2m | src/tests/unit/ndrService.test.js[2m > [22m[2mndr.service[2m > [22m[2mgetAll[2m > [22m[2mfilters by PENDING status (adminAction is null)
[22m[39m13:17:58 [[31merror[39m]: [31mPrisma error: [39m
[31mInvalid `prisma.nDREvent.findMany()` invocation in[39m
[31mC:\Users\hp\OneDrive\Desktop\seahawk-full_stack\backend\src\services\ndr.service.js:8:21[39m

[31m  5 const where = {};[39m
[31m  6 if (status) where.adminAction = status === 'PENDING' ? null : status;[39m
[31m  7 const [items, total] = await Promise.all([[39m
[31mΓåÆ 8   prisma.nDREvent.findMany({[39m
[31m        where: {[39m
[31m          adminAction: null,[39m
[31m          ~~~~~~~~~~~[39m
[31m      ?   AND?: NDREventWhereInput | NDREventWhereInput[],[39m
[31m      ?   OR?: NDREventWhereInput[],[39m
[31m      ?   NOT?: NDREventWhereInput | NDREventWhereInput[],[39m
[31m      ?   id?: IntFilter | Int,[39m
[31m      ?   shipmentId?: IntFilter | Int,[39m
[31m      ?   awb?: StringFilter | String,[39m
[31m      ?   reason?: StringFilter | String,[39m
[31m      ?   description?: StringNullableFilter | String | Null,[39m
[31m      ?   attemptNo?: IntFilter | Int,[39m
[31m      ?   action?: StringFilter | String,[39m
[31m      ?   newAddress?: StringNullableFilter | String | Null,[39m
[31m      ?   resolvedAt?: DateTimeNullableFilter | DateTime | Null,[39m
[31m      ?   createdAt?: DateTimeFilter | DateTime,[39m
[31m      ?   updatedAt?: DateTimeFilter | DateTime,[39m
[31m      ?   shipment?: ShipmentRelationFilter | ShipmentWhereInput[39m
[31m        },[39m
[31m        orderBy: {[39m
[31m          createdAt: "desc"[39m
[31m        },[39m
[31m        skip: 0,[39m
[31m        take: 50[39m
[31m      })[39m

[31mUnknown argument `adminAction`. Available options are marked with ?.[39m
  {
  "target": "nDREvent.findMany"
}

[90mstdout[2m | src/tests/unit/ndrService.test.js[2m > [22m[2mndr.service[2m > [22m[2mgetAll[2m > [22m[2mfilters by resolved status
[22m[39m13:17:58 [[31merror[39m]: [31mPrisma error: [39m
[31mInvalid `prisma.nDREvent.count()` invocation in[39m
[31mC:\Users\hp\OneDrive\Desktop\seahawk-full_stack\backend\src\services\ndr.service.js:14:21[39m

[31m  11   skip: (page - 1) * limit,[39m
[31m  12   take: limit,[39m
[31m  13 }),[39m
[31mΓåÆ 14 prisma.nDREvent.count({[39m
[31m       select: {[39m
[31m         _count: {[39m
[31m           select: {[39m
[31m             _all: true[39m
[31m           }[39m
[31m         }[39m
[31m       },[39m
[31m       where: {[39m
[31m         adminAction: null,[39m
[31m         ~~~~~~~~~~~[39m
[31m     ?   AND?: NDREventWhereInput | NDREventWhereInput[],[39m
[31m     ?   OR?: NDREventWhereInput[],[39m
[31m     ?   NOT?: NDREventWhereInput | NDREventWhereInput[],[39m
[31m     ?   id?: IntFilter | Int,[39m
[31m     ?   shipmentId?: IntFilter | Int,[39m
[31m     ?   awb?: StringFilter | String,[39m
[31m     ?   reason?: StringFilter | String,[39m
[31m     ?   description?: StringNullableFilter | String | Null,[39m
[31m     ?   attemptNo?: IntFilter | Int,[39m
[31m     ?   action?: StringFilter | String,[39m
[31m     ?   newAddress?: StringNullableFilter | String | Null,[39m
[31m     ?   resolvedAt?: DateTimeNullableFilter | DateTime | Null,[39m
[31m     ?   createdAt?: DateTimeFilter | DateTime,[39m
[31m     ?   updatedAt?: DateTimeFilter | DateTime,[39m
[31m     ?   shipment?: ShipmentRelationFilter | ShipmentWhereInput[39m
[31m       }[39m
[31m     })[39m

[31mUnknown argument `adminAction`. Available options are marked with ?.[39m
  {
  "target": "nDREvent.count"
}

[90mstdout[2m | src/tests/unit/pickupService.test.js[2m > [22m[2mpickup.service[2m > [22m[2massign[2m > [22m[2massigns agent and marks as ASSIGNED
[22m[39m13:17:58 [[31merror[39m]: [31mPrisma error: [39m
[31mInvalid `prisma.pickupRequest.update()` invocation in[39m
[31mC:\Users\hp\OneDrive\Desktop\seahawk-full_stack\backend\src\services\pickup.service.js:38:31[39m

[31m  35 }[39m
[31m  36 [39m
[31m  37 async function assign(id, agentId) {[39m
[31mΓåÆ 38   return prisma.pickupRequest.update([39m
[31mAn operation failed because it depends on one or more records that were required but not found. Record to update not found.[39m
  {
  "target": "pickupRequest.update"
}

[90mstdout[2m | src/tests/unit/pickupService.test.js[2m > [22m[2mpickup.service[2m > [22m[2mupdateStatus[2m > [22m[2mupdates status to COMPLETED
[22m[39m13:17:58 [[31merror[39m]: [31mPrisma error: [39m
[31mInvalid `prisma.pickupRequest.update()` invocation in[39m
[31mC:\Users\hp\OneDrive\Desktop\seahawk-full_stack\backend\src\services\pickup.service.js:47:31[39m

[31m  44 async function updateStatus(id, status) {[39m
[31m  45   const data = { status };[39m
[31m  46   if (status === 'COMPLETED') data.completedAt = new Date();[39m
[31mΓåÆ 47   return prisma.pickupRequest.update([39m
[31mAn operation failed because it depends on one or more records that were required but not found. Record to update not found.[39m
  {
  "target": "pickupRequest.update"
}

[90mstdout[2m | src/tests/unit/pickupService.test.js[2m > [22m[2mpickup.service[2m > [22m[2mupdateStatus[2m > [22m[2mupdates status to IN_PROGRESS without completedAt
[22m[39m13:17:58 [[31merror[39m]: [31mPrisma error: [39m
[31mInvalid `prisma.pickupRequest.update()` invocation in[39m
[31mC:\Users\hp\OneDrive\Desktop\seahawk-full_stack\backend\src\services\pickup.service.js:47:31[39m

[31m  44 async function updateStatus(id, status) {[39m
[31m  45   const data = { status };[39m
[31m  46   if (status === 'COMPLETED') data.completedAt = new Date();[39m
[31mΓåÆ 47   return prisma.pickupRequest.update([39m
[31mAn operation failed because it depends on one or more records that were required but not found. Record to update not found.[39m
  {
  "target": "pickupRequest.update"
}

[90mstdout[2m | src/tests/unit/ndrService.test.js[2m > [22m[2mndr.service[2m > [22m[2mgetAll[2m > [22m[2mfilters by resolved status
[22m[39m13:17:58 [[31merror[39m]: [31mPrisma error: [39m
[31mInvalid `prisma.nDREvent.count()` invocation in[39m
[31mC:\Users\hp\OneDrive\Desktop\seahawk-full_stack\backend\src\services\ndr.service.js:14:21[39m

[31m  11   skip: (page - 1) * limit,[39m
[31m  12   take: limit,[39m
[31m  13 }),[39m
[31mΓåÆ 14 prisma.nDREvent.count({[39m
[31m       select: {[39m
[31m         _count: {[39m
[31m           select: {[39m
[31m             _all: true[39m
[31m           }[39m
[31m         }[39m
[31m       },[39m
[31m       where: {[39m
[31m         adminAction: "REATTEMPT",[39m
[31m         ~~~~~~~~~~~[39m
[31m     ?   AND?: NDREventWhereInput | NDREventWhereInput[],[39m
[31m     ?   OR?: NDREventWhereInput[],[39m
[31m     ?   NOT?: NDREventWhereInput | NDREventWhereInput[],[39m
[31m     ?   id?: IntFilter | Int,[39m
[31m     ?   shipmentId?: IntFilter | Int,[39m
[31m     ?   awb?: StringFilter | String,[39m
[31m     ?   reason?: StringFilter | String,[39m
[31m     ?   description?: StringNullableFilter | String | Null,[39m
[31m     ?   attemptNo?: IntFilter | Int,[39m
[31m     ?   action?: StringFilter | String,[39m
[31m     ?   newAddress?: StringNullableFilter | String | Null,[39m
[31m     ?   resolvedAt?: DateTimeNullableFilter | DateTime | Null,[39m
[31m     ?   createdAt?: DateTimeFilter | DateTime,[39m
[31m     ?   updatedAt?: DateTimeFilter | DateTime,[39m
[31m     ?   shipment?: ShipmentRelationFilter | ShipmentWhereInput[39m
[31m       }[39m
[31m     })[39m

[31mUnknown argument `adminAction`. Available options are marked with ?.[39m
  {
  "target": "nDREvent.count"
}

[90mstdout[2m | src/tests/unit/ndrService.test.js[2m > [22m[2mndr.service[2m > [22m[2mcreate[2m > [22m[2mcreates an NDR event
[22m[39m13:17:58 [[31merror[39m]: [31mPrisma error: [39m
[31mInvalid `prisma.nDREvent.findMany()` invocation in[39m
[31mC:\Users\hp\OneDrive\Desktop\seahawk-full_stack\backend\src\services\ndr.service.js:8:21[39m

[31m  5 const where = {};[39m
[31m  6 if (status) where.adminAction = status === 'PENDING' ? null : status;[39m
[31m  7 const [items, total] = await Promise.all([[39m
[31mΓåÆ 8   prisma.nDREvent.findMany({[39m
[31m        where: {[39m
[31m          adminAction: "REATTEMPT",[39m
[31m          ~~~~~~~~~~~[39m
[31m      ?   AND?: NDREventWhereInput | NDREventWhereInput[],[39m
[31m      ?   OR?: NDREventWhereInput[],[39m
[31m      ?   NOT?: NDREventWhereInput | NDREventWhereInput[],[39m
[31m      ?   id?: IntFilter | Int,[39m
[31m      ?   shipmentId?: IntFilter | Int,[39m
[31m      ?   awb?: StringFilter | String,[39m
[31m      ?   reason?: StringFilter | String,[39m
[31m      ?   description?: StringNullableFilter | String | Null,[39m
[31m      ?   attemptNo?: IntFilter | Int,[39m
[31m      ?   action?: StringFilter | String,[39m
[31m      ?   newAddress?: StringNullableFilter | String | Null,[39m
[31m      ?   resolvedAt?: DateTimeNullableFilter | DateTime | Null,[39m
[31m      ?   createdAt?: DateTimeFilter | DateTime,[39m
[31m      ?   updatedAt?: DateTimeFilter | DateTime,[39m
[31m      ?   shipment?: ShipmentRelationFilter | ShipmentWhereInput[39m
[31m        },[39m
[31m        orderBy: {[39m
[31m          createdAt: "desc"[39m
[31m        },[39m
[31m        skip: 0,[39m
[31m        take: 50[39m
[31m      })[39m

[31mUnknown argument `adminAction`. Available options are marked with ?.[39m
  {
  "target": "nDREvent.findMany"
}

[90mstdout[2m | src/tests/unit/ndrService.test.js[2m > [22m[2mndr.service[2m > [22m[2mcreate[2m > [22m[2mcreates an NDR event
[22m[39m13:17:58 [[31merror[39m]: [31mPrisma error: [39m
[31mInvalid `prisma.nDREvent.create()` invocation in[39m
[31mC:\Users\hp\OneDrive\Desktop\seahawk-full_stack\backend\src\services\ndr.service.js:20:26[39m

[31m  17 }[39m
[31m  18 [39m
[31m  19 async function create({ shipmentId, awb, reason, notes, createdById }) {[39m
[31mΓåÆ 20   return prisma.nDREvent.create([39m
[31mForeign key constraint violated: `ndr_events_shipment_id_fkey (index)`[39m
  {
  "target": "nDREvent.create"
}

[90mstdout[2m | src/tests/unit/ndrService.test.js[2m > [22m[2mndr.service[2m > [22m[2mresolve[2m > [22m[2mresolves with REATTEMPT and sets resolvedAt
[22m[39m13:17:58 [[31merror[39m]: [31mPrisma error: [39m
[31mInvalid `prisma.nDREvent.update()` invocation in[39m
[31mC:\Users\hp\OneDrive\Desktop\seahawk-full_stack\backend\src\services\ndr.service.js:26:26[39m

[31m  23 }[39m
[31m  24 [39m
[31m  25 async function resolve(id, { adminAction, newAddress, notes }) {[39m
[31mΓåÆ 26   return prisma.nDREvent.update({[39m
[31m         where: {[39m
[31m           id: 1[39m
[31m         },[39m
[31m         data: {[39m
[31m           adminAction: "REATTEMPT",[39m
[31m           ~~~~~~~~~~~[39m
[31m           newAddress: null,[39m
[31m           notes: "Try again",[39m
[31m           resolvedAt: new Date("2026-05-03T07:47:58.674Z"),[39m
[31m       ?   awb?: String | StringFieldUpdateOperationsInput,[39m
[31m       ?   reason?: String | StringFieldUpdateOperationsInput,[39m
[31m       ?   description?: String | NullableStringFieldUpdateOperationsInput | Null,[39m
[31m       ?   attemptNo?: Int | IntFieldUpdateOperationsInput,[39m
[31m       ?   action?: String | StringFieldUpdateOperationsInput,[39m
[31m       ?   createdAt?: DateTime | DateTimeFieldUpdateOperationsInput,[39m
[31m       ?   updatedAt?: DateTime | DateTimeFieldUpdateOperationsInput,[39m
[31m       ?   shipment?: ShipmentUpdateOneRequiredWithoutNdrEventsNestedInput[39m
[31m         }[39m
[31m       })[39m

[31mUnknown argument `adminAction`. Available options are marked with ?.[39m
  {
  "target": "nDREvent.update"
}

[90mstdout[2m | src/tests/unit/ndrService.test.js[2m > [22m[2mndr.service[2m > [22m[2mresolve[2m > [22m[2mresolves with RTO and sets resolvedAt
[22m[39m13:17:58 [[31merror[39m]: [31mPrisma error: [39m
[31mInvalid `prisma.nDREvent.update()` invocation in[39m
[31mC:\Users\hp\OneDrive\Desktop\seahawk-full_stack\backend\src\services\ndr.service.js:26:26[39m

[31m  23 }[39m
[31m  24 [39m
[31m  25 async function resolve(id, { adminAction, newAddress, notes }) {[39m
[31mΓåÆ 26   return prisma.nDREvent.update({[39m
[31m         where: {[39m
[31m           id: 1[39m
[31m         },[39m
[31m         data: {[39m
[31m           adminAction: "RTO",[39m
[31m           ~~~~~~~~~~~[39m
[31m           newAddress: undefined,[39m
[31m           notes: undefined,[39m
[31m           resolvedAt: new Date("2026-05-03T07:47:58.724Z"),[39m
[31m       ?   awb?: String | StringFieldUpdateOperationsInput,[39m
[31m       ?   reason?: String | StringFieldUpdateOperationsInput,[39m
[31m       ?   description?: String | NullableStringFieldUpdateOperationsInput | Null,[39m
[31m       ?   attemptNo?: Int | IntFieldUpdateOperationsInput,[39m
[31m       ?   action?: String | StringFieldUpdateOperationsInput,[39m
[31m       ?   createdAt?: DateTime | DateTimeFieldUpdateOperationsInput,[39m
[31m       ?   updatedAt?: DateTime | DateTimeFieldUpdateOperationsInput,[39m
[31m       ?   shipment?: ShipmentUpdateOneRequiredWithoutNdrEventsNestedInput[39m
[31m         }[39m
[31m       })[39m

[31mUnknown argument `adminAction`. Available options are marked with ?.[39m
  {
  "target": "nDREvent.update"
}

[90mstdout[2m | src/tests/unit/pickupService.test.js[2m > [22m[2mpickup.service[2m > [22m[2mlinkShipment[2m > [22m[2mlinks shipment and marks as COMPLETED
[22m[39m13:17:58 [[31merror[39m]: [31mPrisma error: [39m
[31mInvalid `prisma.pickupRequest.update()` invocation in[39m
[31mC:\Users\hp\OneDrive\Desktop\seahawk-full_stack\backend\src\services\pickup.service.js:51:31[39m

[31m  48 }[39m
[31m  49 [39m
[31m  50 async function linkShipment(id, shipmentId) {[39m
[31mΓåÆ 51   return prisma.pickupRequest.update({[39m
[31m         where: {[39m
[31m           id: 1[39m
[31m         },[39m
[31m         data: {[39m
[31m           shipmentId: 100,[39m
[31m           ~~~~~~~~~~[39m
[31m           status: "COMPLETED",[39m
[31m       ?   requestNo?: String | StringFieldUpdateOperationsInput,[39m
[31m       ?   contactName?: String | StringFieldUpdateOperationsInput,[39m
[31m       ?   contactPhone?: String | StringFieldUpdateOperationsInput,[39m
[31m       ?   contactEmail?: String | NullableStringFieldUpdateOperationsInput | Null,[39m
[31m       ?   pickupAddress?: String | StringFieldUpdateOperationsInput,[39m
[31m       ?   pickupCity?: String | StringFieldUpdateOperationsInput,[39m
[31m       ?   pickupPin?: String | StringFieldUpdateOperationsInput,[39m
[31m       ?   deliveryAddress?: String | NullableStringFieldUpdateOperationsInput | Null,[39m
[31m       ?   deliveryCity?: String | NullableStringFieldUpdateOperationsInput | Null,[39m
[31m       ?   deliveryState?: String | NullableStringFieldUpdateOperationsInput | Null,[39m
[31m       ?   deliveryCountry?: String | StringFieldUpdateOperationsInput,[39m
[31m       ?   packageType?: String | StringFieldUpdateOperationsInput,[39m
[31m       ?   weightGrams?: Decimal | DecimalFieldUpdateOperationsInput,[39m
[31m       ?   pieces?: Int | IntFieldUpdateOperationsInput,[39m
[31m       ?   service?: String | StringFieldUpdateOperationsInput,[39m
[31m       ?   declaredValue?: Decimal | NullableDecimalFieldUpdateOperationsInput | Null,[39m
[31m       ?   notes?: String | NullableStringFieldUpdateOperationsInput | Null,[39m
[31m       ?   source?: String | StringFieldUpdateOperationsInput,[39m
[31m       ?   preferredCarrier?: String | NullableStringFieldUpdateOperationsInput | Null,[39m
[31m       ?   scheduledDate?: String | StringFieldUpdateOperationsInput,[39m
[31m       ?   timeSlot?: String | StringFieldUpdateOperationsInput,[39m
[31m       ?   assignedAt?: DateTime | NullableDateTimeFieldUpdateOperationsInput | Null,[39m
[31m       ?   completedAt?: DateTime | NullableDateTimeFieldUpdateOperationsInput | Null,[39m
[31m       ?   createdAt?: DateTime | DateTimeFieldUpdateOperationsInput,[39m
[31m       ?   updatedAt?: DateTime | DateTimeFieldUpdateOperationsInput,[39m
[31m       ?   client?: ClientUpdateOneWithoutPickupsNestedInput,[39m
[31m       ?   assignedAgent?: UserUpdateOneWithoutPickupAssignmentsNestedInput[39m
[31m         }[39m
[31m       })[39m

[31mUnknown argument `shipmentId`. Available options are marked with ?.[39m
  {
  "target": "pickupRequest.update"
}

[90mstdout[2m | src/tests/unit/pickupService.test.js[2m > [22m[2mpickup.service[2m > [22m[2mgetTodayCount[2m > [22m[2mreturns count of today pickups
[22m[39m13:17:58 [[31merror[39m]: [31mPrisma error: [39m
[31mInvalid `prisma.pickupRequest.count()` invocation in[39m
[31mC:\Users\hp\OneDrive\Desktop\seahawk-full_stack\backend\src\services\pickup.service.js:56:31[39m

[31m  53 [39m
[31m  54 async function getTodayCount() {[39m
[31m  55   const today = new Date().toISOString().split('T')[0];[39m
[31mΓåÆ 56   return prisma.pickupRequest.count({[39m
[31m         select: {[39m
[31m           _count: {[39m
[31m             select: {[39m
[31m               _all: true[39m
[31m             }[39m
[31m           }[39m
[31m         },[39m
[31m         where: {[39m
[31m           pickupDate: "2026-05-03",[39m
[31m           ~~~~~~~~~~[39m
[31m       ?   AND?: PickupRequestWhereInput | PickupRequestWhereInput[],[39m
[31m       ?   OR?: PickupRequestWhereInput[],[39m
[31m       ?   NOT?: PickupRequestWhereInput | PickupRequestWhereInput[],[39m
[31m       ?   id?: IntFilter | Int,[39m
[31m       ?   requestNo?: StringFilter | String,[39m
[31m       ?   clientCode?: StringNullableFilter | String | Null,[39m
[31m       ?   contactName?: StringFilter | String,[39m
[31m       ?   contactPhone?: StringFilter | String,[39m
[31m       ?   contactEmail?: StringNullableFilter | String | Null,[39m
[31m       ?   pickupAddress?: StringFilter | String,[39m
[31m       ?   pickupCity?: StringFilter | String,[39m
[31m       ?   pickupPin?: StringFilter | String,[39m
[31m       ?   deliveryAddress?: StringNullableFilter | String | Null,[39m
[31m       ?   deliveryCity?: StringNullableFilter | String | Null,[39m
[31m       ?   deliveryState?: StringNullableFilter | String | Null,[39m
[31m       ?   deliveryCountry?: StringFilter | String,[39m
[31m       ?   packageType?: StringFilter | String,[39m
[31m       ?   weightGrams?: DecimalFilter | Decimal,[39m
[31m       ?   pieces?: IntFilter | Int,[39m
[31m       ?   service?: StringFilter | String,[39m
[31m       ?   declaredValue?: DecimalNullableFilter | Decimal | Null,[39m
[31m       ?   notes?: StringNullableFilter | String | Null,[39m
[31m       ?   source?: StringFilter | String,[39m
[31m       ?   preferredCarrier?: StringNullableFilter | String | Null,[39m
[31m       ?   scheduledDate?: StringFilter | String,[39m
[31m       ?   timeSlot?: StringFilter | String,[39m
[31m       ?   assignedAgentId?: IntNullableFilter | Int | Null,[39m
[31m       ?   assignedAt?: DateTimeNullableFilter | DateTime | Null,[39m
[31m       ?   completedAt?: DateTimeNullableFilter | DateTime | Null,[39m
[31m       ?   status?: StringFilter | String,[39m
[31m       ?   createdAt?: DateTimeFilter | DateTime,[39m
[31m       ?   updatedAt?: DateTimeFilter | DateTime,[39m
[31m       ?   client?: ClientNullableRelationFilter | ClientWhereInput | Null,[39m
[31m       ?   assignedAgent?: UserNullableRelationFilter | UserWhereInput | Null[39m
[31m         }[39m
[31m       })[39m

[31mUnknown argument `pickupDate`. Did you mean `pickupCity`? Available options are marked with ?.[39m
  {
  "target": "pickupRequest.count"
}

 [31mΓ¥»[39m [30m[42m unit [49m[39m src/tests/unit/pickupService.test.js [2m([22m[2m11 tests[22m[2m | [22m[31m11 failed[39m[2m)[22m[33m 1581[2mms[22m[39m
[31m   [31m├ù[31m pickup.service[2m > [22mcreate[2m > [22mcreates a pickup request with unique refNo[39m[33m 378[2mms[22m[39m
[31m     ΓåÆ 
Invalid `prisma.pickupRequest.findUnique()` invocation in
C:\Users\hp\OneDrive\Desktop\seahawk-full_stack\backend\src\services\pickup.service.js:13:37

  10 async function create(data) {
  11   let refNo = genRef();
  12   // Ensure uniqueness
ΓåÆ 13   while (await prisma.pickupRequest.findUnique({
         where: {
           refNo: "SHK-2026-5725",
           ~~~~~
       ?   id?: Int,
       ?   requestNo?: String,
       ?   AND?: PickupRequestWhereInput | PickupRequestWhereInput[],
       ?   OR?: PickupRequestWhereInput[],
       ?   NOT?: PickupRequestWhereInput | PickupRequestWhereInput[],
       ?   clientCode?: StringNullableFilter | String | Null,
       ?   contactName?: StringFilter | String,
       ?   contactPhone?: StringFilter | String,
       ?   contactEmail?: StringNullableFilter | String | Null,
       ?   pickupAddress?: StringFilter | String,
       ?   pickupCity?: StringFilter | String,
       ?   pickupPin?: StringFilter | String,
       ?   deliveryAddress?: StringNullableFilter | String | Null,
       ?   deliveryCity?: StringNullableFilter | String | Null,
       ?   deliveryState?: StringNullableFilter | String | Null,
       ?   deliveryCountry?: StringFilter | String,
       ?   packageType?: StringFilter | String,
       ?   weightGrams?: DecimalFilter | Decimal,
       ?   pieces?: IntFilter | Int,
       ?   service?: StringFilter | String,
       ?   declaredValue?: DecimalNullableFilter | Decimal | Null,
       ?   notes?: StringNullableFilter | String | Null,
       ?   source?: StringFilter | String,
       ?   preferredCarrier?: StringNullableFilter | String | Null,
       ?   scheduledDate?: StringFilter | String,
       ?   timeSlot?: StringFilter | String,
       ?   assignedAgentId?: IntNullableFilter | Int | Null,
       ?   assignedAt?: DateTimeNullableFilter | DateTime | Null,
       ?   completedAt?: DateTimeNullableFilter | DateTime | Null,
       ?   status?: StringFilter | String,
       ?   createdAt?: DateTimeFilter | DateTime,
       ?   updatedAt?: DateTimeFilter | DateTime,
       ?   client?: ClientNullableRelationFilter | ClientWhereInput | Null,
       ?   assignedAgent?: UserNullableRelationFilter | UserWhereInput | Null
         }
       })

Unknown argument `refNo`. Available options are marked with ?.[39m
[31m   [31m├ù[31m pickup.service[2m > [22mcreate[2m > [22mretries on refNo collision[39m[32m 80[2mms[22m[39m
[31m     ΓåÆ 
Invalid `prisma.pickupRequest.findUnique()` invocation in
C:\Users\hp\OneDrive\Desktop\seahawk-full_stack\backend\src\services\pickup.service.js:13:37

  10 async function create(data) {
  11   let refNo = genRef();
  12   // Ensure uniqueness
ΓåÆ 13   while (await prisma.pickupRequest.findUnique({
         where: {
           refNo: "SHK-2026-2653",
           ~~~~~
       ?   id?: Int,
       ?   requestNo?: String,
       ?   AND?: PickupRequestWhereInput | PickupRequestWhereInput[],
       ?   OR?: PickupRequestWhereInput[],
       ?   NOT?: PickupRequestWhereInput | PickupRequestWhereInput[],
       ?   clientCode?: StringNullableFilter | String | Null,
       ?   contactName?: StringFilter | String,
       ?   contactPhone?: StringFilter | String,
       ?   contactEmail?: StringNullableFilter | String | Null,
       ?   pickupAddress?: StringFilter | String,
       ?   pickupCity?: StringFilter | String,
       ?   pickupPin?: StringFilter | String,
       ?   deliveryAddress?: StringNullableFilter | String | Null,
       ?   deliveryCity?: StringNullableFilter | String | Null,
       ?   deliveryState?: StringNullableFilter | String | Null,
       ?   deliveryCountry?: StringFilter | String,
       ?   packageType?: StringFilter | String,
       ?   weightGrams?: DecimalFilter | Decimal,
       ?   pieces?: IntFilter | Int,
       ?   service?: StringFilter | String,
       ?   declaredValue?: DecimalNullableFilter | Decimal | Null,
       ?   notes?: StringNullableFilter | String | Null,
       ?   source?: StringFilter | String,
       ?   preferredCarrier?: StringNullableFilter | String | Null,
       ?   scheduledDate?: StringFilter | String,
       ?   timeSlot?: StringFilter | String,
       ?   assignedAgentId?: IntNullableFilter | Int | Null,
       ?   assignedAt?: DateTimeNullableFilter | DateTime | Null,
       ?   completedAt?: DateTimeNullableFilter | DateTime | Null,
       ?   status?: StringFilter | String,
       ?   createdAt?: DateTimeFilter | DateTime,
       ?   updatedAt?: DateTimeFilter | DateTime,
       ?   client?: ClientNullableRelationFilter | ClientWhereInput | Null,
       ?   assignedAgent?: UserNullableRelationFilter | UserWhereInput | Null
         }
       })

Unknown argument `refNo`. Available options are marked with ?.[39m
[31m   [31m├ù[31m pickup.service[2m > [22mgetAll[2m > [22mreturns paginated results[39m[33m 616[2mms[22m[39m
[31m     ΓåÆ expected [] to have a length of 1 but got +0[39m
[31m   [31m├ù[31m pickup.service[2m > [22mgetAll[2m > [22mfilters by status[39m[32m 127[2mms[22m[39m
[31m     ΓåÆ expected "spy" to be called with arguments: [ ObjectContaining{ΓÇª} ][90m

Number of calls: [1m0[22m
[31m[39m
[31m   [31m├ù[31m pickup.service[2m > [22mgetAll[2m > [22mfilters by date[39m[32m 194[2mms[22m[39m
[31m     ΓåÆ 
Invalid `prisma.pickupRequest.findMany()` invocation in
C:\Users\hp\OneDrive\Desktop\seahawk-full_stack\backend\src\services\pickup.service.js:24:26

  21 if (status) where.status = status;
  22 if (date)   where.pickupDate = date;
  23 const [items, total] = await Promise.all([
ΓåÆ 24   prisma.pickupRequest.findMany({
         where: {
           pickupDate: "2026-04-05",
           ~~~~~~~~~~
       ?   AND?: PickupRequestWhereInput | PickupRequestWhereInput[],
       ?   OR?: PickupRequestWhereInput[],
       ?   NOT?: PickupRequestWhereInput | PickupRequestWhereInput[],
       ?   id?: IntFilter | Int,
       ?   requestNo?: StringFilter | String,
       ?   clientCode?: StringNullableFilter | String | Null,
       ?   contactName?: StringFilter | String,
       ?   contactPhone?: StringFilter | String,
       ?   contactEmail?: StringNullableFilter | String | Null,
       ?   pickupAddress?: StringFilter | String,
       ?   pickupCity?: StringFilter | String,
       ?   pickupPin?: StringFilter | String,
       ?   deliveryAddress?: StringNullableFilter | String | Null,
       ?   deliveryCity?: StringNullableFilter | String | Null,
       ?   deliveryState?: StringNullableFilter | String | Null,
       ?   deliveryCountry?: StringFilter | String,
       ?   packageType?: StringFilter | String,
       ?   weightGrams?: DecimalFilter | Decimal,
       ?   pieces?: IntFilter | Int,
       ?   service?: StringFilter | String,
       ?   declaredValue?: DecimalNullableFilter | Decimal | Null,
       ?   notes?: StringNullableFilter | String | Null,
       ?   source?: StringFilter | String,
       ?   preferredCarrier?: StringNullableFilter | String | Null,
       ?   scheduledDate?: StringFilter | String,
       ?   timeSlot?: StringFilter | String,
       ?   assignedAgentId?: IntNullableFilter | Int | Null,
       ?   assignedAt?: DateTimeNullableFilter | DateTime | Null,
       ?   completedAt?: DateTimeNullableFilter | DateTime | Null,
       ?   status?: StringFilter | String,
       ?   createdAt?: DateTimeFilter | DateTime,
       ?   updatedAt?: DateTimeFilter | DateTime,
       ?   client?: ClientNullableRelationFilter | ClientWhereInput | Null,
       ?   assignedAgent?: UserNullableRelationFilter | UserWhereInput | Null
         },
         orderBy: {
           createdAt: "desc"
         },
         skip: 0,
         take: 50
       })

Unknown argument `pickupDate`. Did you mean `pickupCity`? Available options are marked with ?.[39m
[31m   [31m├ù[31m pickup.service[2m > [22mgetOne[2m > [22mreturns a single pickup request[39m[32m 32[2mms[22m[39m
[31m     ΓåÆ Cannot read properties of null (reading 'refNo')[39m
[31m   [31m├ù[31m pickup.service[2m > [22massign[2m > [22massigns agent and marks as ASSIGNED[39m[32m 45[2mms[22m[39m
[31m     ΓåÆ 
Invalid `prisma.pickupRequest.update()` invocation in
C:\Users\hp\OneDrive\Desktop\seahawk-full_stack\backend\src\services\pickup.service.js:38:31

  35 }
  36 
  37 async function assign(id, agentId) {
ΓåÆ 38   return prisma.pickupRequest.update(
An operation failed because it depends on one or more records that were required but not found. Record to update not found.[39m
[31m   [31m├ù[31m pickup.service[2m > [22mupdateStatus[2m > [22mupdates status to COMPLETED[39m[32m 43[2mms[22m[39m
[31m     ΓåÆ 
Invalid `prisma.pickupRequest.update()` invocation in
C:\Users\hp\OneDrive\Desktop\seahawk-full_stack\backend\src\services\pickup.service.js:47:31

  44 async function updateStatus(id, status) {
  45   const data = { status };
  46   if (status === 'COMPLETED') data.completedAt = new Date();
ΓåÆ 47   return prisma.pickupRequest.update(
An operation failed because it depends on one or more records that were required but not found. Record to update not found.[39m
[31m   [31m├ù[31m pickup.service[2m > [22mupdateStatus[2m > [22mupdates status to IN_PROGRESS without completedAt[39m[32m 16[2mms[22m[39m
[31m     ΓåÆ 
Invalid `prisma.pickupRequest.update()` invocation in
C:\Users\hp\OneDrive\Desktop\seahawk-full_stack\backend\src\services\pickup.service.js:47:31

  44 async function updateStatus(id, status) {
  45   const data = { status };
  46   if (status === 'COMPLETED') data.completedAt = new Date();
ΓåÆ 47   return prisma.pickupRequest.update(
An operation failed because it depends on one or more records that were required but not found. Record to update not found.[39m
[31m   [31m├ù[31m pickup.service[2m > [22mlinkShipment[2m > [22mlinks shipment and marks as COMPLETED[39m[32m 17[2mms[22m[39m
[31m     ΓåÆ 
Invalid `prisma.pickupRequest.update()` invocation in
C:\Users\hp\OneDrive\Desktop\seahawk-full_stack\backend\src\services\pickup.service.js:51:31

  48 }
  49 
  50 async function linkShipment(id, shipmentId) {
ΓåÆ 51   return prisma.pickupRequest.update({
         where: {
           id: 1
         },
         data: {
           shipmentId: 100,
           ~~~~~~~~~~
           status: "COMPLETED",
       ?   requestNo?: String | StringFieldUpdateOperationsInput,
       ?   contactName?: String | StringFieldUpdateOperationsInput,
       ?   contactPhone?: String | StringFieldUpdateOperationsInput,
       ?   contactEmail?: String | NullableStringFieldUpdateOperationsInput | Null,
       ?   pickupAddress?: String | StringFieldUpdateOperationsInput,
       ?   pickupCity?: String | StringFieldUpdateOperationsInput,
       ?   pickupPin?: String | StringFieldUpdateOperationsInput,
       ?   deliveryAddress?: String | NullableStringFieldUpdateOperationsInput | Null,
       ?   deliveryCity?: String | NullableStringFieldUpdateOperationsInput | Null,
       ?   deliveryState?: String | NullableStringFieldUpdateOperationsInput | Null,
       ?   deliveryCountry?: String | StringFieldUpdateOperationsInput,
       ?   packageType?: String | StringFieldUpdateOperationsInput,
       ?   weightGrams?: Decimal | DecimalFieldUpdateOperationsInput,
       ?   pieces?: Int | IntFieldUpdateOperationsInput,
       ?   service?: String | StringFieldUpdateOperationsInput,
       ?   declaredValue?: Decimal | NullableDecimalFieldUpdateOperationsInput | Null,
       ?   notes?: String | NullableStringFieldUpdateOperationsInput | Null,
       ?   source?: String | StringFieldUpdateOperationsInput,
       ?   preferredCarrier?: String | NullableStringFieldUpdateOperationsInput | Null,
       ?   scheduledDate?: String | StringFieldUpdateOperationsInput,
       ?   timeSlot?: String | StringFieldUpdateOperationsInput,
       ?   assignedAt?: DateTime | NullableDateTimeFieldUpdateOperationsInput | Null,
       ?   completedAt?: DateTime | NullableDateTimeFieldUpdateOperationsInput | Null,
       ?   createdAt?: DateTime | DateTimeFieldUpdateOperationsInput,
       ?   updatedAt?: DateTime | DateTimeFieldUpdateOperationsInput,
       ?   client?: ClientUpdateOneWithoutPickupsNestedInput,
       ?   assignedAgent?: UserUpdateOneWithoutPickupAssignmentsNestedInput
         }
       })

Unknown argument `shipmentId`. Available options are marked with ?.[39m
[31m   [31m├ù[31m pickup.service[2m > [22mgetTodayCount[2m > [22mreturns count of today pickups[39m[32m 25[2mms[22m[39m
[31m     ΓåÆ 
Invalid `prisma.pickupRequest.count()` invocation in
C:\Users\hp\OneDrive\Desktop\seahawk-full_stack\backend\src\services\pickup.service.js:56:31

  53 
  54 async function getTodayCount() {
  55   const today = new Date().toISOString().split('T')[0];
ΓåÆ 56   return prisma.pickupRequest.count({
         select: {
           _count: {
             select: {
               _all: true
             }
           }
         },
         where: {
           pickupDate: "2026-05-03",
           ~~~~~~~~~~
       ?   AND?: PickupRequestWhereInput | PickupRequestWhereInput[],
       ?   OR?: PickupRequestWhereInput[],
       ?   NOT?: PickupRequestWhereInput | PickupRequestWhereInput[],
       ?   id?: IntFilter | Int,
       ?   requestNo?: StringFilter | String,
       ?   clientCode?: StringNullableFilter | String | Null,
       ?   contactName?: StringFilter | String,
       ?   contactPhone?: StringFilter | String,
       ?   contactEmail?: StringNullableFilter | String | Null,
       ?   pickupAddress?: StringFilter | String,
       ?   pickupCity?: StringFilter | String,
       ?   pickupPin?: StringFilter | String,
       ?   deliveryAddress?: StringNullableFilter | String | Null,
       ?   deliveryCity?: StringNullableFilter | String | Null,
       ?   deliveryState?: StringNullableFilter | String | Null,
       ?   deliveryCountry?: StringFilter | String,
       ?   packageType?: StringFilter | String,
       ?   weightGrams?: DecimalFilter | Decimal,
       ?   pieces?: IntFilter | Int,
       ?   service?: StringFilter | String,
       ?   declaredValue?: DecimalNullableFilter | Decimal | Null,
       ?   notes?: StringNullableFilter | String | Null,
       ?   source?: StringFilter | String,
       ?   preferredCarrier?: StringNullableFilter | String | Null,
       ?   scheduledDate?: StringFilter | String,
       ?   timeSlot?: StringFilter | String,
       ?   assignedAgentId?: IntNullableFilter | Int | Null,
       ?   assignedAt?: DateTimeNullableFilter | DateTime | Null,
       ?   completedAt?: DateTimeNullableFilter | DateTime | Null,
       ?   status?: StringFilter | String,
       ?   createdAt?: DateTimeFilter | DateTime,
       ?   updatedAt?: DateTimeFilter | DateTime,
       ?   client?: ClientNullableRelationFilter | ClientWhereInput | Null,
       ?   assignedAgent?: UserNullableRelationFilter | UserWhereInput | Null
         }
       })

Unknown argument `pickupDate`. Did you mean `pickupCity`? Available options are marked with ?.[39m
[90mstdout[2m | src/tests/unit/integrationIngest.service.test.js[2m > [22m[2mintegration-ingest.service[2m > [22m[2mreturns duplicate when existing draft exists and logs duplicate audit
[22m[39m13:17:58 [[31merror[39m]: [31mPrisma error: [39m
[31mInvalid `prisma.clientApiKey.update()` invocation in[39m
[31mC:\Users\hp\OneDrive\Desktop\seahawk-full_stack\backend\src\services\integration-ingest.service.js:178:29[39m

[31m  175 [39m
[31m  176 await cache.set(idemKey, { seenAt: new Date().toISOString(), draftId: draft.id }, config.webhooks.idempotencyTtlSeconds);[39m
[31m  177 [39m
[31mΓåÆ 178 await prisma.clientApiKey.update([39m
[31mAn operation failed because it depends on one or more records that were required but not found. Record to update not found.[39m
  {
  "target": "clientApiKey.update"
}

[90mstdout[2m | src/tests/unit/integrationIngest.service.test.js[2m > [22m[2mintegration-ingest.service[2m > [22m[2mpulls connector orders and ingests each order
[22m[39m13:17:58 [[31merror[39m]: [31mPrisma error: [39m
[31mInvalid `prisma.clientApiKey.update()` invocation in[39m
[31mC:\Users\hp\OneDrive\Desktop\seahawk-full_stack\backend\src\services\integration-ingest.service.js:178:29[39m

[31m  175 [39m
[31m  176 await cache.set(idemKey, { seenAt: new Date().toISOString(), draftId: draft.id }, config.webhooks.idempotencyTtlSeconds);[39m
[31m  177 [39m
[31mΓåÆ 178 await prisma.clientApiKey.update([39m
[31mAn operation failed because it depends on one or more records that were required but not found. Record to update not found.[39m
  {
  "target": "clientApiKey.update"
}

[90mstdout[2m | src/tests/unit/integrationIngest.service.test.js[2m > [22m[2mintegration-ingest.service[2m > [22m[2mpulls connector orders and ingests each order
[22m[39m13:17:59 [[31merror[39m]: [31mPrisma error: [39m
[31mInvalid `prisma.clientApiKey.update()` invocation in[39m
[31mC:\Users\hp\OneDrive\Desktop\seahawk-full_stack\backend\src\services\integration-ingest.service.js:178:29[39m

[31m  175 [39m
[31m  176 await cache.set(idemKey, { seenAt: new Date().toISOString(), draftId: draft.id }, config.webhooks.idempotencyTtlSeconds);[39m
[31m  177 [39m
[31mΓåÆ 178 await prisma.clientApiKey.update([39m
[31mAn operation failed because it depends on one or more records that were required but not found. Record to update not found.[39m
  {
  "target": "clientApiKey.update"
}

[90mstdout[2m | src/tests/unit/ndrService.test.js[2m > [22m[2mndr.service[2m > [22m[2mincrementAttempts[2m > [22m[2mincrements attempt count
[22m[39m13:17:58 [[31merror[39m]: [31mPrisma error: [39m
[31mInvalid `prisma.nDREvent.update()` invocation in[39m
[31mC:\Users\hp\OneDrive\Desktop\seahawk-full_stack\backend\src\services\ndr.service.js:38:26[39m

[31m  35 }[39m
[31m  36 [39m
[31m  37 async function incrementAttempts(id) {[39m
[31mΓåÆ 38   return prisma.nDREvent.update({[39m
[31m         where: {[39m
[31m           id: 1[39m
[31m         },[39m
[31m         data: {[39m
[31m           attempts: {[39m
[31m           ~~~~~~~~[39m
[31m             increment: 1[39m
[31m           },[39m
[31m       ?   awb?: String | StringFieldUpdateOperationsInput,[39m
[31m       ?   reason?: String | StringFieldUpdateOperationsInput,[39m
[31m       ?   description?: String | NullableStringFieldUpdateOperationsInput | Null,[39m
[31m       ?   attemptNo?: Int | IntFieldUpdateOperationsInput,[39m
[31m       ?   action?: String | StringFieldUpdateOperationsInput,[39m
[31m       ?   newAddress?: String | NullableStringFieldUpdateOperationsInput | Null,[39m
[31m       ?   resolvedAt?: DateTime | NullableDateTimeFieldUpdateOperationsInput | Null,[39m
[31m       ?   createdAt?: DateTime | DateTimeFieldUpdateOperationsInput,[39m
[31m       ?   updatedAt?: DateTime | DateTimeFieldUpdateOperationsInput,[39m
[31m       ?   shipment?: ShipmentUpdateOneRequiredWithoutNdrEventsNestedInput[39m
[31m         }[39m
[31m       })[39m

[31mUnknown argument `attempts`. Did you mean `attemptNo`? Available options are marked with ?.[39m
  {
  "target": "nDREvent.update"
}

 [31mΓ¥»[39m [30m[42m unit [49m[39m src/tests/unit/ndrService.test.js [2m([22m[2m7 tests[22m[2m | [22m[31m7 failed[39m[2m)[22m[33m 1886[2mms[22m[39m
[31m   [31m├ù[31m ndr.service[2m > [22mgetAll[2m > [22mreturns paginated NDR events[39m[33m 1297[2mms[22m[39m
[31m     ΓåÆ expected [] to have a length of 1 but got +0[39m
[31m   [31m├ù[31m ndr.service[2m > [22mgetAll[2m > [22mfilters by PENDING status (adminAction is null)[39m[32m 128[2mms[22m[39m
[31m     ΓåÆ 
Invalid `prisma.nDREvent.findMany()` invocation in
C:\Users\hp\OneDrive\Desktop\seahawk-full_stack\backend\src\services\ndr.service.js:8:21

  5 const where = {};
  6 if (status) where.adminAction = status === 'PENDING' ? null : status;
  7 const [items, total] = await Promise.all([
ΓåÆ 8   prisma.nDREvent.findMany({
        where: {
          adminAction: null,
          ~~~~~~~~~~~
      ?   AND?: NDREventWhereInput | NDREventWhereInput[],
      ?   OR?: NDREventWhereInput[],
      ?   NOT?: NDREventWhereInput | NDREventWhereInput[],
      ?   id?: IntFilter | Int,
      ?   shipmentId?: IntFilter | Int,
      ?   awb?: StringFilter | String,
      ?   reason?: StringFilter | String,
      ?   description?: StringNullableFilter | String | Null,
      ?   attemptNo?: IntFilter | Int,
      ?   action?: StringFilter | String,
      ?   newAddress?: StringNullableFilter | String | Null,
      ?   resolvedAt?: DateTimeNullableFilter | DateTime | Null,
      ?   createdAt?: DateTimeFilter | DateTime,
      ?   updatedAt?: DateTimeFilter | DateTime,
      ?   shipment?: ShipmentRelationFilter | ShipmentWhereInput
        },
        orderBy: {
          createdAt: "desc"
        },
        skip: 0,
        take: 50
      })

Unknown argument `adminAction`. Available options are marked with ?.[39m
[31m   [31m├ù[31m ndr.service[2m > [22mgetAll[2m > [22mfilters by resolved status[39m[32m 112[2mms[22m[39m
[31m     ΓåÆ 
Invalid `prisma.nDREvent.count()` invocation in
C:\Users\hp\OneDrive\Desktop\seahawk-full_stack\backend\src\services\ndr.service.js:14:21

  11   skip: (page - 1) * limit,
  12   take: limit,
  13 }),
ΓåÆ 14 prisma.nDREvent.count({
       select: {
         _count: {
           select: {
             _all: true
           }
         }
       },
       where: {
         adminAction: "REATTEMPT",
         ~~~~~~~~~~~
     ?   AND?: NDREventWhereInput | NDREventWhereInput[],
     ?   OR?: NDREventWhereInput[],
     ?   NOT?: NDREventWhereInput | NDREventWhereInput[],
     ?   id?: IntFilter | Int,
     ?   shipmentId?: IntFilter | Int,
     ?   awb?: StringFilter | String,
     ?   reason?: StringFilter | String,
     ?   description?: StringNullableFilter | String | Null,
     ?   attemptNo?: IntFilter | Int,
     ?   action?: StringFilter | String,
     ?   newAddress?: StringNullableFilter | String | Null,
     ?   resolvedAt?: DateTimeNullableFilter | DateTime | Null,
     ?   createdAt?: DateTimeFilter | DateTime,
     ?   updatedAt?: DateTimeFilter | DateTime,
     ?   shipment?: ShipmentRelationFilter | ShipmentWhereInput
       }
     })

Unknown argument `adminAction`. Available options are marked with ?.[39m
[31m   [31m├ù[31m ndr.service[2m > [22mcreate[2m > [22mcreates an NDR event[39m[32m 171[2mms[22m[39m
[31m     ΓåÆ 
Invalid `prisma.nDREvent.create()` invocation in
C:\Users\hp\OneDrive\Desktop\seahawk-full_stack\backend\src\services\ndr.service.js:20:26

  17 }
  18 
  19 async function create({ shipmentId, awb, reason, notes, createdById }) {
ΓåÆ 20   return prisma.nDREvent.create(
Foreign key constraint violated: `ndr_events_shipment_id_fkey (index)`[39m
[31m   [31m├ù[31m ndr.service[2m > [22mresolve[2m > [22mresolves with REATTEMPT and sets resolvedAt[39m[32m 49[2mms[22m[39m
[31m     ΓåÆ 
Invalid `prisma.nDREvent.update()` invocation in
C:\Users\hp\OneDrive\Desktop\seahawk-full_stack\backend\src\services\ndr.service.js:26:26

  23 }
  24 
  25 async function resolve(id, { adminAction, newAddress, notes }) {
ΓåÆ 26   return prisma.nDREvent.update({
         where: {
           id: 1
         },
         data: {
           adminAction: "REATTEMPT",
           ~~~~~~~~~~~
           newAddress: null,
           notes: "Try again",
           resolvedAt: new Date("2026-05-03T07:47:58.674Z"),
       ?   awb?: String | StringFieldUpdateOperationsInput,
       ?   reason?: String | StringFieldUpdateOperationsInput,
       ?   description?: String | NullableStringFieldUpdateOperationsInput | Null,
       ?   attemptNo?: Int | IntFieldUpdateOperationsInput,
       ?   action?: String | StringFieldUpdateOperationsInput,
       ?   createdAt?: DateTime | DateTimeFieldUpdateOperationsInput,
       ?   updatedAt?: DateTime | DateTimeFieldUpdateOperationsInput,
       ?   shipment?: ShipmentUpdateOneRequiredWithoutNdrEventsNestedInput
         }
       })

Unknown argument `adminAction`. Available options are marked with ?.[39m
[31m   [31m├ù[31m ndr.service[2m > [22mresolve[2m > [22mresolves with RTO and sets resolvedAt[39m[32m 20[2mms[22m[39m
[31m     ΓåÆ 
Invalid `prisma.nDREvent.update()` invocation in
C:\Users\hp\OneDrive\Desktop\seahawk-full_stack\backend\src\services\ndr.service.js:26:26

  23 }
  24 
  25 async function resolve(id, { adminAction, newAddress, notes }) {
ΓåÆ 26   return prisma.nDREvent.update({
         where: {
           id: 1
         },
         data: {
           adminAction: "RTO",
           ~~~~~~~~~~~
           newAddress: undefined,
           notes: undefined,
           resolvedAt: new Date("2026-05-03T07:47:58.724Z"),
       ?   awb?: String | StringFieldUpdateOperationsInput,
       ?   reason?: String | StringFieldUpdateOperationsInput,
       ?   description?: String | NullableStringFieldUpdateOperationsInput | Null,
       ?   attemptNo?: Int | IntFieldUpdateOperationsInput,
       ?   action?: String | StringFieldUpdateOperationsInput,
       ?   createdAt?: DateTime | DateTimeFieldUpdateOperationsInput,
       ?   updatedAt?: DateTime | DateTimeFieldUpdateOperationsInput,
       ?   shipment?: ShipmentUpdateOneRequiredWithoutNdrEventsNestedInput
         }
       })

Unknown argument `adminAction`. Available options are marked with ?.[39m
[31m   [31m├ù[31m ndr.service[2m > [22mincrementAttempts[2m > [22mincrements attempt count[39m[32m 99[2mms[22m[39m
[31m     ΓåÆ 
Invalid `prisma.nDREvent.update()` invocation in
C:\Users\hp\OneDrive\Desktop\seahawk-full_stack\backend\src\services\ndr.service.js:38:26

  35 }
  36 
  37 async function incrementAttempts(id) {
ΓåÆ 38   return prisma.nDREvent.update({
         where: {
           id: 1
         },
         data: {
           attempts: {
           ~~~~~~~~
             increment: 1
           },
       ?   awb?: String | StringFieldUpdateOperationsInput,
       ?   reason?: String | StringFieldUpdateOperationsInput,
       ?   description?: String | NullableStringFieldUpdateOperationsInput | Null,
       ?   attemptNo?: Int | IntFieldUpdateOperationsInput,
       ?   action?: String | StringFieldUpdateOperationsInput,
       ?   newAddress?: String | NullableStringFieldUpdateOperationsInput | Null,
       ?   resolvedAt?: DateTime | NullableDateTimeFieldUpdateOperationsInput | Null,
       ?   createdAt?: DateTime | DateTimeFieldUpdateOperationsInput,
       ?   updatedAt?: DateTime | DateTimeFieldUpdateOperationsInput,
       ?   shipment?: ShipmentUpdateOneRequiredWithoutNdrEventsNestedInput
         }
       })

Unknown argument `attempts`. Did you mean `attemptNo`? Available options are marked with ?.[39m
 [31mΓ¥»[39m [30m[42m unit [49m[39m src/tests/unit/returnService.test.js [2m([22m[2m7 tests[22m[2m | [22m[31m7 failed[39m[2m)[22m[33m 1591[2mms[22m[39m
[31m   [31m├ù[31m return.service[2m > [22mbooks reverse pickup using fallback carrier when primary fails[39m[33m 376[2mms[22m[39m
[31m     ΓåÆ Return request not found[39m
[31m   [31m├ù[31m return.service[2m > [22msyncs reverse tracking and moves status to IN_TRANSIT[39m[32m 53[2mms[22m[39m
[31m     ΓåÆ Return request not found[39m
[31m   [31m├ù[31m return.service[2m > [22mcreates self-ship return requests with returnMethod[39m[32m 86[2mms[22m[39m
[31m     ΓåÆ Shipment not found or does not belong to your account[39m
[31m   [31m├ù[31m return.service[2m > [22mgenerates prepaid label for SELF_SHIP returns[39m[32m 36[2mms[22m[39m
[31m     ΓåÆ Return request not found[39m
[31m   [31m├ù[31m return.service[2m > [22mkeeps eligible-shipment filter aligned with active return statuses[39m[33m 881[2mms[22m[39m
[31m     ΓåÆ expected "spy" to be called with arguments: [ ObjectContaining{ΓÇª} ][90m

Number of calls: [1m0[22m
[31m[39m
[31m   [31m├ù[31m return.service[2m > [22mblocks invalid manual status transition without force[39m[32m 127[2mms[22m[39m
[31m     ΓåÆ expected [Function] to throw error including 'Invalid status transition: PENDING ->ΓÇª' but got 'Return request not found'[39m
[31m   [31m├ù[31m return.service[2m > [22mreturns return timeline entries from audit logs[39m[32m 23[2mms[22m[39m
[31m     ΓåÆ Return request not found[39m
[90mstdout[2m | src/tests/unit/authMiddleware.test.js[2m > [22m[2mauth.middleware[2m > [22m[2mprotect[2m > [22m[2mrejects deactivated user
[22m[39m13:17:59 [[31merror[39m]: [31mPrisma error: [39m
[31mInvalid `prisma.user.findUnique()` invocation in[39m
[31mC:\Users\hp\OneDrive\Desktop\seahawk-full_stack\backend\src\middleware\auth.middleware.js:48:32[39m

[31m  45 const cached = lruGet(cacheKey);[39m
[31m  46 let user = cached && cached.expiresAt > Date.now() ? cached.user : null;[39m
[31m  47 if (!user) {[39m
[31mΓåÆ 48   user = await prisma.user.findUnique([39m
[31mAuthentication failed against database server at `localhost`, the provided database credentials for `mock` are not valid.[39m

[31mPlease make sure to provide valid database credentials for the database server at `localhost`.[39m
  {
  "target": "user.findUnique"
}

 [31mΓ¥»[39m [30m[42m unit [49m[39m src/tests/unit/integrationIngest.service.test.js [2m([22m[2m7 tests[22m[2m | [22m[31m3 failed[39m[2m)[22m[33m 1529[2mms[22m[39m
   [32mΓ£ô[39m integration-ingest.service[2m > [22mnormalizes scopes and supports wildcard checks[32m 16[2mms[22m[39m
[31m   [31m├ù[31m integration-ingest.service[2m > [22mcreates a draft on live ingest and writes idempotency/audit artifacts[39m[33m 871[2mms[22m[39m
[31m     ΓåÆ expected "spy" to be called with arguments: [ ObjectContaining{ΓÇª} ][90m

Number of calls: [1m0[22m
[31m[39m
   [32mΓ£ô[39m integration-ingest.service[2m > [22mreturns idempotency replay without creating a draft when cache already has key[32m 6[2mms[22m[39m
[31m   [31m├ù[31m integration-ingest.service[2m > [22mreturns duplicate when existing draft exists and logs duplicate audit[39m[32m 292[2mms[22m[39m
[31m     ΓåÆ expected { duplicate: false, ΓÇª(4) } to deeply equal ObjectContaining{ΓÇª}[39m
   [32mΓ£ô[39m integration-ingest.service[2m > [22mthrows provider-disabled error when provider integration is not enabled[32m 9[2mms[22m[39m
[31m   [31m├ù[31m integration-ingest.service[2m > [22mqueues dead-letter jobs with failed status metadata[39m[32m 119[2mms[22m[39m
[31m     ΓåÆ expected { id: 1, ΓÇª(10) } to deeply equal { id: 9 }[39m
   [32mΓ£ô[39m integration-ingest.service[2m > [22mpulls connector orders and ingests each order[32m 203[2mms[22m[39m
[90mstdout[2m | src/tests/unit/authMiddleware.test.js[2m > [22m[2mauth.middleware[2m > [22m[2mprotect[2m > [22m[2mrejects deleted user
[22m[39m13:18:00 [[31merror[39m]: [31mPrisma error: [39m
[31mInvalid `prisma.user.findUnique()` invocation in[39m
[31mC:\Users\hp\OneDrive\Desktop\seahawk-full_stack\backend\src\middleware\auth.middleware.js:48:32[39m

[31m  45 const cached = lruGet(cacheKey);[39m
[31m  46 let user = cached && cached.expiresAt > Date.now() ? cached.user : null;[39m
[31m  47 if (!user) {[39m
[31mΓåÆ 48   user = await prisma.user.findUnique([39m
[31mAuthentication failed against database server at `localhost`, the provided database credentials for `mock` are not valid.[39m

[31mPlease make sure to provide valid database credentials for the database server at `localhost`.[39m
  {
  "target": "user.findUnique"
}

[90mstdout[2m | src/tests/unit/auth.test.js[2m > [22m[2mauth.service[2m > [22m[2mrevokeRefreshToken[2m > [22m[2mmarks token as revoked
[22m[39m13:18:01 [[31merror[39m]: [31mPrisma error: [39m
[31mInvalid `prisma.refreshToken.update()` invocation in[39m
[31mC:\Users\hp\OneDrive\Desktop\seahawk-full_stack\backend\src\services\auth.service.js:209:31[39m

[31m  206 async function revokeRefreshToken(token) {[39m
[31m  207   if (!token) return;[39m
[31m  208   try {[39m
[31mΓåÆ 209     await prisma.refreshToken.update([39m
[31mAn operation failed because it depends on one or more records that were required but not found. Record to update not found.[39m
  {
  "target": "refreshToken.update"
}

[90mstdout[2m | src/tests/unit/auth.test.js[2m > [22m[2mauth.service[2m > [22m[2mcleanupExpiredTokens[2m > [22m[2mdeletes expired and revoked tokens
[22m[39m13:18:01 [[32minfo[39m]: [32mCleaned up 0 expired/revoked refresh tokens[39m

[90mstdout[2m | src/tests/unit/dataConsistency.test.js
[22m[39m13:17:57 [[32minfo[39m]: [32mRedis not configured; skipping Redis client initialization[39m
13:18:01 [[32minfo[39m]: [32mRedis not configured; BullMQ disabled and in-memory queue will be used[39m

[90mstdout[2m | src/tests/unit/tenantScoping.test.js
[22m[39m13:17:57 [[32minfo[39m]: [32mRedis not configured; skipping Redis client initialization[39m
13:18:01 [[32minfo[39m]: [32mRedis not configured; BullMQ disabled and in-memory queue will be used[39m

[90mstdout[2m | src/tests/unit/shipmentService.test.js
[22m[39m13:17:57 [[32minfo[39m]: [32mRedis not configured; skipping Redis client initialization[39m
13:18:01 [[32minfo[39m]: [32mRedis not configured; BullMQ disabled and in-memory queue will be used[39m

[90mstdout[2m | src/tests/unit/authMiddleware.test.js[2m > [22m[2mauth.middleware[2m > [22m[2mprotect[2m > [22m[2mattaches client details for CLIENT users
[22m[39m13:18:02 [[31merror[39m]: [31mPrisma error: [39m
[31mInvalid `prisma.user.findUnique()` invocation in[39m
[31mC:\Users\hp\OneDrive\Desktop\seahawk-full_stack\backend\src\middleware\auth.middleware.js:48:32[39m

[31m  45 const cached = lruGet(cacheKey);[39m
[31m  46 let user = cached && cached.expiresAt > Date.now() ? cached.user : null;[39m
[31m  47 if (!user) {[39m
[31mΓåÆ 48   user = await prisma.user.findUnique([39m
[31mAuthentication failed against database server at `localhost`, the provided database credentials for `mock` are not valid.[39m

[31mPlease make sure to provide valid database credentials for the database server at `localhost`.[39m
  {
  "target": "user.findUnique"
}

 [31mΓ¥»[39m [30m[42m unit [49m[39m src/tests/unit/authMiddleware.test.js [2m([22m[2m20 tests[22m[2m | [22m[31m4 failed[39m[2m)[22m[33m 5212[2mms[22m[39m
   [32mΓ£ô[39m auth.middleware[2m > [22mprotect[2m > [22mcalls unauthorized when no token provided[32m 14[2mms[22m[39m
[31m   [31m├ù[31m auth.middleware[2m > [22mprotect[2m > [22mauthenticates with valid Bearer token[39m[33m 809[2mms[22m[39m
[31m     ΓåÆ expected "spy" to be called with arguments: [][90m

Received: 

[1m  1st spy call:

[22m[32m- [][90m
[31m+ [[90m
[31m+   PrismaClientInitializationError {[90m
[31m+     "message": "[90m
[31m+ Invalid `prisma.user.findUnique()` invocation in[90m
[31m+ C:\\Users\\hp\\OneDrive\\Desktop\\seahawk-full_stack\\backend\\src\\middleware\\auth.middleware.js:48:32[90m
[31m+[90m
[31m+   45 const cached = lruGet(cacheKey);[90m
[31m+   46 let user = cached && cached.expiresAt > Date.now() ? cached.user : null;[90m
[31m+   47 if (!user) {[90m
[31m+ ΓåÆ 48   user = await prisma.user.findUnique([90m
[31m+ Authentication failed against database server at `localhost`, the provided database credentials for `mock` are not valid.[90m
[31m+[90m
[31m+ Please make sure to provide valid database credentials for the database server at `localhost`.",[90m
[31m+     "name": "PrismaClientInitializationError",[90m
[31m+     "clientVersion": "5.22.0",[90m
[31m+     "errorCode": undefined,[90m
[31m+   },[90m
[31m+ ][90m
[31m[90m

Number of calls: [1m1[22m
[31m[39m
[31m   [31m├ù[31m auth.middleware[2m > [22mprotect[2m > [22mrejects deactivated user[39m[33m 1102[2mms[22m[39m
[31m     ΓåÆ expected "unauthorized" to be called with arguments: [ ΓÇª(2) ][90m

Number of calls: [1m0[22m
[31m[39m
[31m   [31m├ù[31m auth.middleware[2m > [22mprotect[2m > [22mrejects deleted user[39m[33m 1111[2mms[22m[39m
[31m     ΓåÆ expected "unauthorized" to be called with arguments: [ ΓÇª(2) ][90m

Number of calls: [1m0[22m
[31m[39m
[31m   [31m├ù[31m auth.middleware[2m > [22mprotect[2m > [22mattaches client details for CLIENT users[39m[33m 1950[2mms[22m[39m
[31m     ΓåÆ Cannot read properties of undefined (reading 'clientCode')[39m
   [32mΓ£ô[39m auth.middleware[2m > [22mrequireRole[2m > [22mallows matching role[32m 14[2mms[22m[39m
   [32mΓ£ô[39m auth.middleware[2m > [22mrequireRole[2m > [22mrejects non-matching role[32m 6[2mms[22m[39m
   [32mΓ£ô[39m auth.middleware[2m > [22mownerOnly[2m > [22mallows user with isOwner=true (email-based)[32m 13[2mms[22m[39m
   [32mΓ£ô[39m auth.middleware[2m > [22mownerOnly[2m > [22mallows user with concrete OWNER role[32m 10[2mms[22m[39m
   [32mΓ£ô[39m auth.middleware[2m > [22mownerOnly[2m > [22mdenies ADMIN role without owner identity[32m 36[2mms[22m[39m
   [32mΓ£ô[39m auth.middleware[2m > [22mownerOnly[2m > [22mdenies STAFF role[32m 15[2mms[22m[39m
   [32mΓ£ô[39m auth.middleware[2m > [22mownerOnly[2m > [22mdenies OPS_MANAGER role[32m 17[2mms[22m[39m
   [32mΓ£ô[39m auth.middleware[2m > [22mownerOnly[2m > [22mdenies CLIENT role[32m 26[2mms[22m[39m
   [32mΓ£ô[39m auth.middleware[2m > [22mownerOnly[2m > [22mdenies missing user[32m 14[2mms[22m[39m
   [32mΓ£ô[39m auth.middleware[2m > [22mrequireClientAccountAccess[2m > [22mallows matching client access[32m 17[2mms[22m[39m
   [32mΓ£ô[39m auth.middleware[2m > [22mrequireClientAccountAccess[2m > [22mdenies mismatched client access[32m 17[2mms[22m[39m
   [32mΓ£ô[39m auth.middleware[2m > [22mrequireClientAccountAccess[2m > [22mallows ADMIN management access[32m 7[2mms[22m[39m
   [32mΓ£ô[39m auth.middleware[2m > [22mrequireClientAccountAccess[2m > [22mallows OWNER management access[32m 7[2mms[22m[39m
   [32mΓ£ô[39m auth.middleware[2m > [22mrequireClientAccountAccess[2m > [22mallows OPS_MANAGER management access[32m 10[2mms[22m[39m
   [32mΓ£ô[39m auth.middleware[2m > [22mrequireClientAccountAccess[2m > [22mdenies CLIENT accessing another client[32m 6[2mms[22m[39m
[90mstdout[2m | src/tests/unit/auth.test.js[2m > [22m[2mauth.service[2m > [22m[2mcreateUser[2m > [22m[2mthrows on duplicate email
[22m[39m13:18:02 [[32minfo[39m]: [32mUser created: [EMAIL] [STAFF][39m

[90mstdout[2m | src/tests/unit/dataConsistency.test.js[2m > [22m[2mData Consistency & Integrity Verification[2m > [22m[2mField normalization ΓÇö consignee & destination[2m > [22m[2muppercases consignee and destination on update()
[22m[39m13:18:03 [[31merror[39m]: [31mPrisma error: [39m
[31mInvalid `prisma.shipment.update()` invocation in[39m
[31mC:\Users\hp\OneDrive\Desktop\seahawk-full_stack\backend\src\services\shipment.service.js:351:41[39m

[31m  348 if (data.awb)          u.awb          = normalizeAwb(data.awb);[39m
[31m  349 if (data.consignee)   u.consignee   = data.consignee.toUpperCase();[39m
[31m  350 if (data.destination) u.destination = data.destination.toUpperCase();[39m
[31mΓåÆ 351 const updated = await prisma.shipment.update([39m
[31mAn operation failed because it depends on one or more records that were required but not found. Record to update not found.[39m
  {
  "target": "shipment.update"
}

[90mstdout[2m | src/tests/unit/dataConsistency.test.js[2m > [22m[2mData Consistency & Integrity Verification[2m > [22m[2mAudit log ΓÇö never crashes, always records[2m > [22m[2mauditLog records userId, action, entity, and entityId
[22m[39m13:18:03 [[31merror[39m]: [31mPrisma error: [39m
[31mInvalid `prisma.auditLog.create()` invocation in[39m
[31mC:\Users\hp\OneDrive\Desktop\seahawk-full_stack\backend\src\utils\audit.js:7:27[39m

[31m  4 [39m
[31m  5 async function auditLog({ userId, userEmail, action, entity, entityId, oldValue, newValue, ip }) {[39m
[31m  6   try {[39m
[31mΓåÆ 7     await prisma.auditLog.create([39m
[31mForeign key constraint violated: `audit_logs_user_id_fkey (index)`[39m
  {
  "target": "auditLog.create"
}

[90mstdout[2m | src/tests/unit/dataConsistency.test.js[2m > [22m[2mData Consistency & Integrity Verification[2m > [22m[2mAudit log ΓÇö never crashes, always records[2m > [22m[2mauditLog records userId, action, entity, and entityId
[22m[39m13:18:03 [[31merror[39m]: [31mAudit log failed:[39m

[90mstdout[2m | src/tests/unit/shipmentService.test.js[2m > [22m[2mshipment.service[2m > [22m[2mbulkImport[2m > [22m[2mauto-detects courier and queues tracking sync for imported active shipments
[22m[39m13:18:04 [[31merror[39m]: [31mPrisma error: [39m
[31mInvalid `prisma.shipment.createMany()` invocation in[39m
[31mC:\Users\hp\OneDrive\Desktop\seahawk-full_stack\backend\src\services\shipment.service.js:566:27[39m

[31m  563 [39m
[31m  564 // Insert new shipments in one transaction batch[39m
[31m  565 if (newShipmentsData.length > 0) {[39m
[31mΓåÆ 566   await prisma.shipment.createMany([39m
[31mForeign key constraint violated: `shipments_created_by_id_fkey (index)`[39m
  {
  "target": "shipment.createMany"
}

[90mstdout[2m | src/tests/unit/shipmentService.test.js[2m > [22m[2mshipment.service[2m > [22m[2mscanAwbAndUpdate[2m > [22m[2mcreates a placeholder capture when live tracking is unavailable in capture mode
[22m[39m13:18:04 [[31merror[39m]: [31mPrisma error: [39m
[31mInvalid `prisma.shipment.create()` invocation in[39m
[31mC:\Users\hp\OneDrive\Desktop\seahawk-full_stack\backend\src\services\shipment.service.js:908:49[39m

[31m  905   };[39m
[31m  906 }[39m
[31m  907 [39m
[31mΓåÆ 908 const createdShipment = await prisma.shipment.create([39m
[31mForeign key constraint violated: `shipments_client_code_fkey (index)`[39m
  {
  "target": "shipment.create"
}

[90mstdout[2m | src/tests/unit/shipmentService.test.js[2m > [22m[2mshipment.service[2m > [22m[2mscanAwbAndUpdate[2m > [22m[2mreuses an existing shipment in capture mode when tracking is unavailable
[22m[39m13:18:04 [[31merror[39m]: [31mPrisma error: [39m
[31mInvalid `prisma.shipment.create()` invocation in[39m
[31mC:\Users\hp\OneDrive\Desktop\seahawk-full_stack\backend\src\services\shipment.service.js:908:49[39m

[31m  905   };[39m
[31m  906 }[39m
[31m  907 [39m
[31mΓåÆ 908 const createdShipment = await prisma.shipment.create([39m
[31mForeign key constraint violated: `shipments_client_code_fkey (index)`[39m
  {
  "target": "shipment.create"
}

[90mstdout[2m | src/tests/unit/shipmentService.test.js[2m > [22m[2mshipment.service[2m > [22m[2mscanAwbAndUpdate[2m > [22m[2mkeeps the original date when reusing an existing shipment in capture mode
[22m[39m13:18:04 [[31merror[39m]: [31mPrisma error: [39m
[31mInvalid `prisma.shipment.create()` invocation in[39m
[31mC:\Users\hp\OneDrive\Desktop\seahawk-full_stack\backend\src\services\shipment.service.js:908:49[39m

[31m  905   };[39m
[31m  906 }[39m
[31m  907 [39m
[31mΓåÆ 908 const createdShipment = await prisma.shipment.create([39m
[31mForeign key constraint violated: `shipments_client_code_fkey (index)`[39m
  {
  "target": "shipment.create"
}

[90mstdout[2m | src/tests/unit/shipmentService.test.js[2m > [22m[2mshipment.service[2m > [22m[2mscanAwbAndUpdate[2m > [22m[2mfills placeholder fields without overwriting meaningful existing data in capture mode
[22m[39m13:18:04 [[31merror[39m]: [31mPrisma error: [39m
[31mInvalid `prisma.shipment.create()` invocation in[39m
[31mC:\Users\hp\OneDrive\Desktop\seahawk-full_stack\backend\src\services\shipment.service.js:908:49[39m

[31m  905   };[39m
[31m  906 }[39m
[31m  907 [39m
[31mΓåÆ 908 const createdShipment = await prisma.shipment.create([39m
[31mForeign key constraint violated: `shipments_client_code_fkey (index)`[39m
  {
  "target": "shipment.create"
}

[90mstdout[2m | src/tests/unit/shipmentService.test.js[2m > [22m[2mshipment.service[2m > [22m[2mscanAwbAndUpdate[2m > [22m[2mnormalizes whitespace inside scanned AWBs before matching existing shipments
[22m[39m13:18:04 [[31merror[39m]: [31mPrisma error: [39m
[31mInvalid `prisma.shipment.create()` invocation in[39m
[31mC:\Users\hp\OneDrive\Desktop\seahawk-full_stack\backend\src\services\shipment.service.js:908:49[39m

[31m  905   };[39m
[31m  906 }[39m
[31m  907 [39m
[31mΓåÆ 908 const createdShipment = await prisma.shipment.create([39m
[31mForeign key constraint violated: `shipments_client_code_fkey (index)`[39m
  {
  "target": "shipment.create"
}

 [31mΓ¥»[39m [30m[42m unit [49m[39m src/tests/unit/shipmentService.test.js [2m([22m[2m13 tests[22m[2m | [22m[31m9 failed[39m[2m)[22m[33m 3424[2mms[22m[39m
[31m   [31m├ù[31m shipment.service[2m > [22mgetAll[2m > [22mreturns paginated shipments[39m[33m 2162[2mms[22m[39m
[31m     ΓåÆ expected +0 to be 100 // Object.is equality[39m
   [32mΓ£ô[39m shipment.service[2m > [22mgetAll[2m > [22mclamps page and limit to safe values[32m 119[2mms[22m[39m
[31m   [31m├ù[31m shipment.service[2m > [22mgetById[2m > [22mreturns shipment when found[39m[32m 183[2mms[22m[39m
[31m     ΓåÆ expected 'BULKNORM1' to be 'AWB001' // Object.is equality[39m
   [32mΓ£ô[39m shipment.service[2m > [22mgetById[2m > [22mthrows when shipment not found[32m 100[2mms[22m[39m
   [32mΓ£ô[39m shipment.service[2m > [22mupdate[2m > [22muppercases consignee and destination[32m 40[2mms[22m[39m
[31m   [31m├ù[31m shipment.service[2m > [22mupdate[2m > [22mnormalizes AWB casing on update[39m[32m 73[2mms[22m[39m
[31m     ΓåÆ expected "spy" to be called with arguments: [ ObjectContaining{ΓÇª} ][90m

Number of calls: [1m0[22m
[31m[39m
   [32mΓ£ô[39m shipment.service[2m > [22mremove[2m > [22mdeletes shipment by id[32m 89[2mms[22m[39m
[31m   [31m├ù[31m shipment.service[2m > [22mbulkImport[2m > [22mauto-detects courier and queues tracking sync for imported active shipments[39m[32m 194[2mms[22m[39m
[31m     ΓåÆ 
Invalid `prisma.shipment.createMany()` invocation in
C:\Users\hp\OneDrive\Desktop\seahawk-full_stack\backend\src\services\shipment.service.js:566:27

  563 
  564 // Insert new shipments in one transaction batch
  565 if (newShipmentsData.length > 0) {
ΓåÆ 566   await prisma.shipment.createMany(
Foreign key constraint violated: `shipments_created_by_id_fkey (index)`[39m
[31m   [31m├ù[31m shipment.service[2m > [22mscanAwbAndUpdate[2m > [22mcreates a placeholder capture when live tracking is unavailable in capture mode[39m[32m 106[2mms[22m[39m
[31m     ΓåÆ 
Invalid `prisma.shipment.create()` invocation in
C:\Users\hp\OneDrive\Desktop\seahawk-full_stack\backend\src\services\shipment.service.js:908:49

  905   };
  906 }
  907 
ΓåÆ 908 const createdShipment = await prisma.shipment.create(
Foreign key constraint violated: `shipments_client_code_fkey (index)`[39m
[31m   [31m├ù[31m shipment.service[2m > [22mscanAwbAndUpdate[2m > [22mreuses an existing shipment in capture mode when tracking is unavailable[39m[32m 54[2mms[22m[39m
[31m     ΓåÆ 
Invalid `prisma.shipment.create()` invocation in
C:\Users\hp\OneDrive\Desktop\seahawk-full_stack\backend\src\services\shipment.service.js:908:49

  905   };
  906 }
  907 
ΓåÆ 908 const createdShipment = await prisma.shipment.create(
Foreign key constraint violated: `shipments_client_code_fkey (index)`[39m
[31m   [31m├ù[31m shipment.service[2m > [22mscanAwbAndUpdate[2m > [22mkeeps the original date when reusing an existing shipment in capture mode[39m[32m 61[2mms[22m[39m
[31m     ΓåÆ 
Invalid `prisma.shipment.create()` invocation in
C:\Users\hp\OneDrive\Desktop\seahawk-full_stack\backend\src\services\shipment.service.js:908:49

  905   };
  906 }
  907 
ΓåÆ 908 const createdShipment = await prisma.shipment.create(
Foreign key constraint violated: `shipments_client_code_fkey (index)`[39m
[31m   [31m├ù[31m shipment.service[2m > [22mscanAwbAndUpdate[2m > [22mfills placeholder fields without overwriting meaningful existing data in capture mode[39m[32m 135[2mms[22m[39m
[31m     ΓåÆ 
Invalid `prisma.shipment.create()` invocation in
C:\Users\hp\OneDrive\Desktop\seahawk-full_stack\backend\src\services\shipment.service.js:908:49

  905   };
  906 }
  907 
ΓåÆ 908 const createdShipment = await prisma.shipment.create(
Foreign key constraint violated: `shipments_client_code_fkey (index)`[39m
[31m   [31m├ù[31m shipment.service[2m > [22mscanAwbAndUpdate[2m > [22mnormalizes whitespace inside scanned AWBs before matching existing shipments[39m[32m 83[2mms[22m[39m
[31m     ΓåÆ 
Invalid `prisma.shipment.create()` invocation in
C:\Users\hp\OneDrive\Desktop\seahawk-full_stack\backend\src\services\shipment.service.js:908:49

  905   };
  906 }
  907 
ΓåÆ 908 const createdShipment = await prisma.shipment.create(
Foreign key constraint violated: `shipments_client_code_fkey (index)`[39m
[90mstdout[2m | src/tests/unit/auth.test.js[2m > [22m[2mauth.service[2m > [22m[2mcreateUser[2m > [22m[2mcreates a user with hashed password
[22m[39m13:18:04 [[32minfo[39m]: [32mUser created: [EMAIL] [STAFF][39m

 [31mΓ¥»[39m [30m[42m unit [49m[39m src/tests/unit/tenantScoping.test.js [2m([22m[2m14 tests[22m[2m | [22m[31m13 failed[39m[2m)[22m[33m 3633[2mms[22m[39m
[31m   [31m├ù[31m Tenant Scoping & Cross-Client Isolation[2m > [22mgetAll() ΓÇö client filter enforcement[2m > [22mreturns ONLY Client A shipments when filtered by client=ALPHA[39m[33m 2386[2mms[22m[39m
[31m     ΓåÆ expected [] to have a length of 2 but got +0[39m
[31m   [31m├ù[31m Tenant Scoping & Cross-Client Isolation[2m > [22mgetAll() ΓÇö client filter enforcement[2m > [22mreturns ONLY Client B shipments when filtered by client=BETA[39m[32m 119[2mms[22m[39m
[31m     ΓåÆ expected [] to have a length of 2 but got +0[39m
[31m   [31m├ù[31m Tenant Scoping & Cross-Client Isolation[2m > [22mgetAll() ΓÇö client filter enforcement[2m > [22mreturns ALL shipments when no client filter is provided (admin view)[39m[32m 126[2mms[22m[39m
[31m     ΓåÆ expected [ Array(1) ] to have a length of 4 but got 1[39m
[31m   [31m├ù[31m Tenant Scoping & Cross-Client Isolation[2m > [22mgetMyShipments() ΓÇö client portal isolation[2m > [22mClient A portal sees only its own shipments[39m[32m 66[2mms[22m[39m
[31m     ΓåÆ expected [] to have a length of 2 but got +0[39m
[31m   [31m├ù[31m Tenant Scoping & Cross-Client Isolation[2m > [22mgetMyShipments() ΓÇö client portal isolation[2m > [22mClient B portal cannot see Client A shipments by searching for ALPHA AWBs[39m[32m 47[2mms[22m[39m
[31m     ΓåÆ Cannot read properties of undefined (reading '0')[39m
[31m   [31m├ù[31m Tenant Scoping & Cross-Client Isolation[2m > [22mgetMyShipments() ΓÇö client portal isolation[2m > [22mpagination stays within tenant boundary[39m[32m 29[2mms[22m[39m
[31m     ΓåÆ Cannot read properties of undefined (reading '0')[39m
[31m   [31m├ù[31m Tenant Scoping & Cross-Client Isolation[2m > [22mgetMyShipments() ΓÇö client portal isolation[2m > [22mstatus filter combines with client scoping (not replaces)[39m[32m 16[2mms[22m[39m
[31m     ΓåÆ Cannot read properties of undefined (reading '0')[39m
[31m   [31m├ù[31m Tenant Scoping & Cross-Client Isolation[2m > [22mgetById() ΓÇö admin access scope[2m > [22mreturns a shipment regardless of client (admin function)[39m[32m 66[2mms[22m[39m
[31m     ΓåÆ expected 'TESTCL' to be 'BETA' // Object.is equality[39m
   [32mΓ£ô[39m Tenant Scoping & Cross-Client Isolation[2m > [22mgetById() ΓÇö admin access scope[2m > [22mthrows 404 for non-existent shipment[32m 40[2mms[22m[39m
[31m   [31m├ù[31m Tenant Scoping & Cross-Client Isolation[2m > [22mcreate() ΓÇö wallet isolation between tenants[2m > [22mdebits Client A wallet for Client A shipment, not Client B[39m[32m 100[2mms[22m[39m
[31m     ΓåÆ Client not found: ALPHA[39m
[31m   [31m├ù[31m Tenant Scoping & Cross-Client Isolation[2m > [22mcreate() ΓÇö wallet isolation between tenants[2m > [22mcreating a Client B shipment does not touch Client A wallet[39m[32m 50[2mms[22m[39m
[31m     ΓåÆ Client not found: BETA[39m
[31m   [31m├ù[31m Tenant Scoping & Cross-Client Isolation[2m > [22mbulkImport() ΓÇö multi-tenant batch isolation[2m > [22mimports mixed-client batch without cross-contamination[39m[33m 355[2mms[22m[39m
[31m     ΓåÆ Cannot read properties of undefined (reading '0')[39m
[31m   [31m├ù[31m Tenant Scoping & Cross-Client Isolation[2m > [22mbulkImport() ΓÇö multi-tenant batch isolation[2m > [22mduplicate in Client A does not affect Client B import[39m[32m 167[2mms[22m[39m
[31m     ΓåÆ expected +0 to be 1 // Object.is equality[39m
[31m   [31m├ù[31m Tenant Scoping & Cross-Client Isolation[2m > [22mgetAll() ΓÇö search respects client scope[2m > [22msearching with client filter cannot return other tenant data[39m[32m 44[2mms[22m[39m
[31m     ΓåÆ Cannot read properties of undefined (reading '0')[39m
 [31mΓ¥»[39m [30m[42m unit [49m[39m src/tests/unit/dataConsistency.test.js [2m([22m[2m17 tests[22m[2m | [22m[31m15 failed[39m[2m)[22m[33m 3734[2mms[22m[39m
[31m   [31m├ù[31m Data Consistency & Integrity Verification[2m > [22mAWB normalization ΓÇö Unicode, whitespace, casing[2m > [22mstrips zero-width characters and normalizes to uppercase[39m[33m 1545[2mms[22m[39m
[31m     ΓåÆ Client not found: TESTCL[39m
[31m   [31m├ù[31m Data Consistency & Integrity Verification[2m > [22mAWB normalization ΓÇö Unicode, whitespace, casing[2m > [22mstrips leading/trailing whitespace from AWB[39m[32m 95[2mms[22m[39m
[31m     ΓåÆ Client not found: TESTCL[39m
[31m   [31m├ù[31m Data Consistency & Integrity Verification[2m > [22mAWB normalization ΓÇö Unicode, whitespace, casing[2m > [22mnormalizes full-width characters (NFKC)[39m[32m 70[2mms[22m[39m
[31m     ΓåÆ Client not found: TESTCL[39m
[31m   [31m├ù[31m Data Consistency & Integrity Verification[2m > [22mField normalization ΓÇö consignee & destination[2m > [22muppercases consignee and destination on create()[39m[32m 65[2mms[22m[39m
[31m     ΓåÆ Client not found: TESTCL[39m
[31m   [31m├ù[31m Data Consistency & Integrity Verification[2m > [22mField normalization ΓÇö consignee & destination[2m > [22muppercases consignee and destination on update()[39m[32m 109[2mms[22m[39m
[31m     ΓåÆ 
Invalid `prisma.shipment.update()` invocation in
C:\Users\hp\OneDrive\Desktop\seahawk-full_stack\backend\src\services\shipment.service.js:351:41

  348 if (data.awb)          u.awb          = normalizeAwb(data.awb);
  349 if (data.consignee)   u.consignee   = data.consignee.toUpperCase();
  350 if (data.destination) u.destination = data.destination.toUpperCase();
ΓåÆ 351 const updated = await prisma.shipment.update(
An operation failed because it depends on one or more records that were required but not found. Record to update not found.[39m
[31m   [31m├ù[31m Data Consistency & Integrity Verification[2m > [22mField normalization ΓÇö consignee & destination[2m > [22muppercases in bulkImport() as well[39m[32m 253[2mms[22m[39m
[31m     ΓåÆ Cannot read properties of undefined (reading '0')[39m
[31m   [31m├ù[31m Data Consistency & Integrity Verification[2m > [22mAudit log ΓÇö never crashes, always records[2m > [22mauditLog records userId, action, entity, and entityId[39m[32m 228[2mms[22m[39m
[31m     ΓåÆ expected "spy" to be called with arguments: [ { data: ObjectContaining{ΓÇª} } ][90m

Number of calls: [1m0[22m
[31m[39m
   [32mΓ£ô[39m Data Consistency & Integrity Verification[2m > [22mAudit log ΓÇö never crashes, always records[2m > [22mauditLog swallows DB errors without throwing[32m 139[2mms[22m[39m
[31m   [31m├ù[31m Data Consistency & Integrity Verification[2m > [22mAudit log ΓÇö never crashes, always records[2m > [22mauditLog handles null userId and missing fields gracefully[39m[32m 39[2mms[22m[39m
[31m     ΓåÆ expected "spy" to be called with arguments: [ { data: ObjectContaining{ΓÇª} } ][90m

Number of calls: [1m0[22m
[31m[39m
[31m   [31m├ù[31m Data Consistency & Integrity Verification[2m > [22mImport ledger ΓÇö records every row from bulkImport[2m > [22mcalls insertRowsBulk for all imported shipments[39m[32m 155[2mms[22m[39m
[31m     ΓåÆ expected undefined to be defined[39m
[31m   [31m├ù[31m Data Consistency & Integrity Verification[2m > [22mImport ledger ΓÇö records every row from bulkImport[2m > [22mrecords batchKey consistently across all rows in a batch[39m[32m 117[2mms[22m[39m
[31m     ΓåÆ expected undefined to be defined[39m
[31m   [31m├ù[31m Data Consistency & Integrity Verification[2m > [22mImport ledger ΓÇö records every row from bulkImport[2m > [22mrecords auto-priced flag when contract pricing applies[39m[33m 578[2mms[22m[39m
[31m     ΓåÆ expected undefined to be defined[39m
[31m   [31m├ù[31m Data Consistency & Integrity Verification[2m > [22mStatus transition ΓÇö tracking event creation[2m > [22mcreates a trackingEvent when status is updated[39m[32m 72[2mms[22m[39m
[31m     ΓåÆ Shipment not found.[39m
[31m   [31m├ù[31m Data Consistency & Integrity Verification[2m > [22mStatus transition ΓÇö tracking event creation[2m > [22mtracking event failure does not crash the status update[39m[32m 75[2mms[22m[39m
[31m     ΓåÆ Invalid status transition: "Booked" ΓåÆ "Out for Delivery". Allowed: Picked Up, Cancelled[39m
[31m   [31m├ù[31m Data Consistency & Integrity Verification[2m > [22mWallet transactions ΓÇö balance reference accuracy[2m > [22mwallet transaction stores the POST-debit balance, not pre-debit[39m[32m 40[2mms[22m[39m
[31m     ΓåÆ Insufficient wallet balance (available: Γé╣0.00, required: Γé╣300.00)[39m
[31m   [31m├ù[31m Data Consistency & Integrity Verification[2m > [22mRisk analysis ΓÇö score persists to shipment record[2m > [22mstores riskScore and riskFactors from analyzeShipment()[39m[32m 31[2mms[22m[39m
[31m     ΓåÆ Insufficient wallet balance (available: Γé╣0.00, required: Γé╣5000.00)[39m
   [32mΓ£ô[39m Data Consistency & Integrity Verification[2m > [22mBulk import ΓÇö invalid data rejection[2m > [22mskips rows with empty AWBs and records them as errors[32m 104[2mms[22m[39m
[90mstdout[2m | src/tests/unit/trackingService.test.js[2m > [22m[2mtracking.service[2m > [22m[2mgetTimeline[2m > [22m[2mreturns events and shipment for an AWB
[22m[39m13:18:05 [[31merror[39m]: [31mPrisma error: [39m
[31mInvalid `prisma.trackingEvent.findMany()` invocation in[39m
[31mC:\Users\hp\OneDrive\Desktop\seahawk-full_stack\backend\src\services\tracking.service.js:7:45[39m

[31m  4 const STATUSES = ['Booked','Picked Up','In Transit','Reached Hub','Out for Delivery','Delivered','Failed Delivery','RTO Initiated','RTO Delivered'];[39m
[31m  5 [39m
[31m  6 async function getTimeline(awb) {[39m
[31mΓåÆ 7   const events = await prisma.trackingEvent.findMany({[39m
[31m        where: {[39m
[31m          awb: {[39m
[31m            equals: "AWB1",[39m
[31m            mode: "insensitive"[39m
[31m          }[39m
[31m        },[39m
[31m        orderBy: {[39m
[31m          createdAt: "desc",[39m
[31m          ~~~~~~~~~[39m
[31m      ?   id?: SortOrder,[39m
[31m      ?   shipmentId?: SortOrder,[39m
[31m      ?   awb?: SortOrder,[39m
[31m      ?   status?: SortOrder,[39m
[31m      ?   location?: SortOrder | SortOrderInput,[39m
[31m      ?   description?: SortOrder | SortOrderInput,[39m
[31m      ?   timestamp?: SortOrder,[39m
[31m      ?   source?: SortOrder,[39m
[31m      ?   rawData?: SortOrder | SortOrderInput,[39m
[31m      ?   shipment?: ShipmentOrderByWithRelationInput[39m
[31m        }[39m
[31m      })[39m

[31mUnknown argument `createdAt`. Available options are marked with ?.[39m
  {
  "target": "trackingEvent.findMany"
}

[90mstdout[2m | src/tests/unit/trackingService.test.js[2m > [22m[2mtracking.service[2m > [22m[2maddEvent[2m > [22m[2mcreates event and updates shipment status
[22m[39m13:18:05 [[31merror[39m]: [31mPrisma error: [39m
[31mInvalid `prisma.trackingEvent.create()` invocation in[39m
[31mC:\Users\hp\OneDrive\Desktop\seahawk-full_stack\backend\src\services\tracking.service.js:20:44[39m

[31m  17 [39m
[31m  18 async function addEvent({ shipmentId, awb, status, location, description, courier, source = 'MANUAL', rawData }) {[39m
[31m  19   // Create event[39m
[31mΓåÆ 20   const event = await prisma.trackingEvent.create([39m
[31mForeign key constraint violated: `tracking_events_shipment_id_fkey (index)`[39m
  {
  "target": "trackingEvent.create"
}

[90mstdout[2m | src/tests/unit/trackingService.test.js[2m > [22m[2mtracking.service[2m > [22m[2maddEvent[2m > [22m[2mdoes not update shipment for unknown status
[22m[39m13:18:05 [[31merror[39m]: [31mPrisma error: [39m
[31mInvalid `prisma.trackingEvent.create()` invocation in[39m
[31mC:\Users\hp\OneDrive\Desktop\seahawk-full_stack\backend\src\services\tracking.service.js:20:44[39m

[31m  17 [39m
[31m  18 async function addEvent({ shipmentId, awb, status, location, description, courier, source = 'MANUAL', rawData }) {[39m
[31m  19   // Create event[39m
[31mΓåÆ 20   const event = await prisma.trackingEvent.create([39m
[31mForeign key constraint violated: `tracking_events_shipment_id_fkey (index)`[39m
  {
  "target": "trackingEvent.create"
}

[90mstdout[2m | src/tests/unit/trackingService.test.js[2m > [22m[2mtracking.service[2m > [22m[2mbulkAddEvents[2m > [22m[2mcreates multiple events
[22m[39m13:18:05 [[31merror[39m]: [31mPrisma error: [39m
[31mInvalid `prisma.trackingEvent.createMany()` invocation in[39m
[31mC:\Users\hp\OneDrive\Desktop\seahawk-full_stack\backend\src\services\tracking.service.js:36:31[39m

[31m  33 }[39m
[31m  34 [39m
[31m  35 async function bulkAddEvents(events) {[39m
[31mΓåÆ 36   return prisma.trackingEvent.createMany([39m
[31mForeign key constraint violated: `tracking_events_shipment_id_fkey (index)`[39m
  {
  "target": "trackingEvent.createMany"
}

[90mstdout[2m | src/tests/unit/trackingService.test.js[2m > [22m[2mtracking.service[2m > [22m[2mgetRecentEvents[2m > [22m[2mreturns recent events with default limit
[22m[39m13:18:05 [[31merror[39m]: [31mPrisma error: [39m
[31mInvalid `prisma.trackingEvent.findMany()` invocation in[39m
[31mC:\Users\hp\OneDrive\Desktop\seahawk-full_stack\backend\src\services\tracking.service.js:55:31[39m

[31m  52 }[39m
[31m  53 [39m
[31m  54 async function getRecentEvents(limit = 50) {[39m
[31mΓåÆ 55   return prisma.trackingEvent.findMany({[39m
[31m         orderBy: {[39m
[31m           createdAt: "desc",[39m
[31m           ~~~~~~~~~[39m
[31m       ?   id?: SortOrder,[39m
[31m       ?   shipmentId?: SortOrder,[39m
[31m       ?   awb?: SortOrder,[39m
[31m       ?   status?: SortOrder,[39m
[31m       ?   location?: SortOrder | SortOrderInput,[39m
[31m       ?   description?: SortOrder | SortOrderInput,[39m
[31m       ?   timestamp?: SortOrder,[39m
[31m       ?   source?: SortOrder,[39m
[31m       ?   rawData?: SortOrder | SortOrderInput,[39m
[31m       ?   shipment?: ShipmentOrderByWithRelationInput[39m
[31m         },[39m
[31m         take: 50[39m
[31m       })[39m

[31mUnknown argument `createdAt`. Available options are marked with ?.[39m
  {
  "target": "trackingEvent.findMany"
}

[90mstdout[2m | src/tests/unit/trackingService.test.js[2m > [22m[2mtracking.service[2m > [22m[2mseedBookedEvent[2m > [22m[2mcreates initial Booked event when none exists
[22m[39m13:18:05 [[31merror[39m]: [31mPrisma error: [39m
[31mInvalid `prisma.trackingEvent.create()` invocation in[39m
[31mC:\Users\hp\OneDrive\Desktop\seahawk-full_stack\backend\src\services\tracking.service.js:65:31[39m

[31m  62 async function seedBookedEvent(shipment) {[39m
[31m  63   const existing = await prisma.trackingEvent.count({ where: { shipmentId: shipment.id } });[39m
[31m  64   if (existing > 0) return;[39m
[31mΓåÆ 65   return prisma.trackingEvent.create({[39m
[31m         data: {[39m
[31m           shipmentId: 1,[39m
[31m           awb: "AWB1",[39m
[31m           status: "Booked",[39m
[31m           location: "Delhi NCR ΓÇö Sea Hawk Origin Hub",[39m
[31m           description: "Shipment booked and accepted by Sea Hawk Courier",[39m
[31m           courier: "Delhivery",[39m
[31m           ~~~~~~~[39m
[31m           source: "MANUAL",[39m
[31m       ?   id?: Int,[39m
[31m       ?   timestamp?: DateTime,[39m
[31m       ?   rawData?: NullableJsonNullValueInput | Json[39m
[31m         }[39m
[31m       })[39m

[31mUnknown argument `courier`. Did you mean `source`? Available options are marked with ?.[39m
  {
  "target": "trackingEvent.create"
}

[90mstdout[2m | src/tests/unit/trackingService.test.js[2m > [22m[2mtracking.service[2m > [22m[2mseedBookedEvent[2m > [22m[2mskips when events already exist
[22m[39m13:18:05 [[31merror[39m]: [31mPrisma error: [39m
[31mInvalid `prisma.trackingEvent.create()` invocation in[39m
[31mC:\Users\hp\OneDrive\Desktop\seahawk-full_stack\backend\src\services\tracking.service.js:65:31[39m

[31m  62 async function seedBookedEvent(shipment) {[39m
[31m  63   const existing = await prisma.trackingEvent.count({ where: { shipmentId: shipment.id } });[39m
[31m  64   if (existing > 0) return;[39m
[31mΓåÆ 65   return prisma.trackingEvent.create({[39m
[31m         data: {[39m
[31m           shipmentId: 1,[39m
[31m           awb: "AWB1",[39m
[31m           status: "Booked",[39m
[31m           location: "Delhi NCR ΓÇö Sea Hawk Origin Hub",[39m
[31m           description: "Shipment booked and accepted by Sea Hawk Courier",[39m
[31m           courier: "Delhivery",[39m
[31m           ~~~~~~~[39m
[31m           source: "MANUAL",[39m
[31m       ?   id?: Int,[39m
[31m       ?   timestamp?: DateTime,[39m
[31m       ?   rawData?: NullableJsonNullValueInput | Json[39m
[31m         }[39m
[31m       })[39m

[31mUnknown argument `courier`. Did you mean `source`? Available options are marked with ?.[39m
  {
  "target": "trackingEvent.create"
}

 [31mΓ¥»[39m [30m[42m unit [49m[39m src/tests/unit/trackingService.test.js [2m([22m[2m8 tests[22m[2m | [22m[31m7 failed[39m[2m)[22m[33m 1203[2mms[22m[39m
   [32mΓ£ô[39m tracking.service[2m > [22mSTATUSES[2m > [22mexports a predefined list of statuses[32m 38[2mms[22m[39m
[31m   [31m├ù[31m tracking.service[2m > [22mgetTimeline[2m > [22mreturns events and shipment for an AWB[39m[33m 823[2mms[22m[39m
[31m     ΓåÆ 
Invalid `prisma.trackingEvent.findMany()` invocation in
C:\Users\hp\OneDrive\Desktop\seahawk-full_stack\backend\src\services\tracking.service.js:7:45

  4 const STATUSES = ['Booked','Picked Up','In Transit','Reached Hub','Out for Delivery','Delivered','Failed Delivery','RTO Initiated','RTO Delivered'];
  5 
  6 async function getTimeline(awb) {
ΓåÆ 7   const events = await prisma.trackingEvent.findMany({
        where: {
          awb: {
            equals: "AWB1",
            mode: "insensitive"
          }
        },
        orderBy: {
          createdAt: "desc",
          ~~~~~~~~~
      ?   id?: SortOrder,
      ?   shipmentId?: SortOrder,
      ?   awb?: SortOrder,
      ?   status?: SortOrder,
      ?   location?: SortOrder | SortOrderInput,
      ?   description?: SortOrder | SortOrderInput,
      ?   timestamp?: SortOrder,
      ?   source?: SortOrder,
      ?   rawData?: SortOrder | SortOrderInput,
      ?   shipment?: ShipmentOrderByWithRelationInput
        }
      })

Unknown argument `createdAt`. Available options are marked with ?.[39m
[31m   [31m├ù[31m tracking.service[2m > [22maddEvent[2m > [22mcreates event and updates shipment status[39m[32m 105[2mms[22m[39m
[31m     ΓåÆ 
Invalid `prisma.trackingEvent.create()` invocation in
C:\Users\hp\OneDrive\Desktop\seahawk-full_stack\backend\src\services\tracking.service.js:20:44

  17 
  18 async function addEvent({ shipmentId, awb, status, location, description, courier, source = 'MANUAL', rawData }) {
  19   // Create event
ΓåÆ 20   const event = await prisma.trackingEvent.create(
Foreign key constraint violated: `tracking_events_shipment_id_fkey (index)`[39m
[31m   [31m├ù[31m tracking.service[2m > [22maddEvent[2m > [22mdoes not update shipment for unknown status[39m[32m 38[2mms[22m[39m
[31m     ΓåÆ 
Invalid `prisma.trackingEvent.create()` invocation in
C:\Users\hp\OneDrive\Desktop\seahawk-full_stack\backend\src\services\tracking.service.js:20:44

  17 
  18 async function addEvent({ shipmentId, awb, status, location, description, courier, source = 'MANUAL', rawData }) {
  19   // Create event
ΓåÆ 20   const event = await prisma.trackingEvent.create(
Foreign key constraint violated: `tracking_events_shipment_id_fkey (index)`[39m
[31m   [31m├ù[31m tracking.service[2m > [22mbulkAddEvents[2m > [22mcreates multiple events[39m[32m 27[2mms[22m[39m
[31m     ΓåÆ 
Invalid `prisma.trackingEvent.createMany()` invocation in
C:\Users\hp\OneDrive\Desktop\seahawk-full_stack\backend\src\services\tracking.service.js:36:31

  33 }
  34 
  35 async function bulkAddEvents(events) {
ΓåÆ 36   return prisma.trackingEvent.createMany(
Foreign key constraint violated: `tracking_events_shipment_id_fkey (index)`[39m
[31m   [31m├ù[31m tracking.service[2m > [22mgetRecentEvents[2m > [22mreturns recent events with default limit[39m[32m 22[2mms[22m[39m
[31m     ΓåÆ 
Invalid `prisma.trackingEvent.findMany()` invocation in
C:\Users\hp\OneDrive\Desktop\seahawk-full_stack\backend\src\services\tracking.service.js:55:31

  52 }
  53 
  54 async function getRecentEvents(limit = 50) {
ΓåÆ 55   return prisma.trackingEvent.findMany({
         orderBy: {
           createdAt: "desc",
           ~~~~~~~~~
       ?   id?: SortOrder,
       ?   shipmentId?: SortOrder,
       ?   awb?: SortOrder,
       ?   status?: SortOrder,
       ?   location?: SortOrder | SortOrderInput,
       ?   description?: SortOrder | SortOrderInput,
       ?   timestamp?: SortOrder,
       ?   source?: SortOrder,
       ?   rawData?: SortOrder | SortOrderInput,
       ?   shipment?: ShipmentOrderByWithRelationInput
         },
         take: 50
       })

Unknown argument `createdAt`. Available options are marked with ?.[39m
[31m   [31m├ù[31m tracking.service[2m > [22mseedBookedEvent[2m > [22mcreates initial Booked event when none exists[39m[32m 48[2mms[22m[39m
[31m     ΓåÆ 
Invalid `prisma.trackingEvent.create()` invocation in
C:\Users\hp\OneDrive\Desktop\seahawk-full_stack\backend\src\services\tracking.service.js:65:31

  62 async function seedBookedEvent(shipment) {
  63   const existing = await prisma.trackingEvent.count({ where: { shipmentId: shipment.id } });
  64   if (existing > 0) return;
ΓåÆ 65   return prisma.trackingEvent.create({
         data: {
           shipmentId: 1,
           awb: "AWB1",
           status: "Booked",
           location: "Delhi NCR ΓÇö Sea Hawk Origin Hub",
           description: "Shipment booked and accepted by Sea Hawk Courier",
           courier: "Delhivery",
           ~~~~~~~
           source: "MANUAL",
       ?   id?: Int,
       ?   timestamp?: DateTime,
       ?   rawData?: NullableJsonNullValueInput | Json
         }
       })

Unknown argument `courier`. Did you mean `source`? Available options are marked with ?.[39m
[31m   [31m├ù[31m tracking.service[2m > [22mseedBookedEvent[2m > [22mskips when events already exist[39m[32m 38[2mms[22m[39m
[31m     ΓåÆ 
Invalid `prisma.trackingEvent.create()` invocation in
C:\Users\hp\OneDrive\Desktop\seahawk-full_stack\backend\src\services\tracking.service.js:65:31

  62 async function seedBookedEvent(shipment) {
  63   const existing = await prisma.trackingEvent.count({ where: { shipmentId: shipment.id } });
  64   if (existing > 0) return;
ΓåÆ 65   return prisma.trackingEvent.create({
         data: {
           shipmentId: 1,
           awb: "AWB1",
           status: "Booked",
           location: "Delhi NCR ΓÇö Sea Hawk Origin Hub",
           description: "Shipment booked and accepted by Sea Hawk Courier",
           courier: "Delhivery",
           ~~~~~~~
           source: "MANUAL",
       ?   id?: Int,
       ?   timestamp?: DateTime,
       ?   rawData?: NullableJsonNullValueInput | Json
         }
       })

Unknown argument `courier`. Did you mean `source`? Available options are marked with ?.[39m
[90mstdout[2m | src/tests/unit/carrierService.test.js[2m > [22m[2mcarrier.service[2m > [22m[2mcreateShipment[2m > [22m[2mcreates a shipment via Delhivery
[22m[39m13:18:07 [[32minfo[39m]: [32mCreating shipment via Delhivery API[39m
  {
  "requestedCarrier": "Delhivery",
  "consignee": "John Doe",
  "pin": "122015"
}

[90mstdout[2m | src/tests/unit/carrierService.test.js[2m > [22m[2mcarrier.service[2m > [22m[2mcreateShipment[2m > [22m[2mcreates a shipment via DTDC
[22m[39m13:18:07 [[32minfo[39m]: [32mCreating shipment via DTDC API[39m
  {
  "requestedCarrier": "DTDC",
  "consignee": "John Doe",
  "pin": "122015"
}

[90mstdout[2m | src/tests/unit/carrierService.test.js[2m > [22m[2mcarrier.service[2m > [22m[2mcreateShipment[2m > [22m[2mcreates a shipment via BlueDart
[22m[39m13:18:07 [[32minfo[39m]: [32mCreating shipment via BlueDart API[39m
  {
  "requestedCarrier": "BlueDart",
  "consignee": "John Doe",
  "pin": "122015"
}

[90mstdout[2m | src/tests/unit/carrierService.test.js[2m > [22m[2mcarrier.service[2m > [22m[2mcreateShipment[2m > [22m[2mcreates a shipment via Trackon
[22m[39m13:18:07 [[32minfo[39m]: [32mCreating shipment via Trackon API[39m
  {
  "requestedCarrier": "Trackon",
  "consignee": "John Doe",
  "pin": "122015"
}

[90mstdout[2m | src/tests/unit/carrierService.test.js[2m > [22m[2mcarrier.service[2m > [22m[2mcreateShipment[2m > [22m[2mnormalizes Trackon service-tier aliases before booking
[22m[39m13:18:07 [[32minfo[39m]: [32mCreating shipment via Trackon API[39m
  {
  "requestedCarrier": "PRIMETRACK",
  "consignee": "John Doe",
  "pin": "122015"
}

[90mstdout[2m | src/tests/unit/clientService.test.js[2m > [22m[2mclient.service[2m > [22m[2mremove[2m > [22m[2mdeletes client with no shipments
[22m[39m13:18:07 [[31merror[39m]: [31mPrisma error: [39m
[31mInvalid `prisma.client.delete()` invocation in[39m
[31mC:\Users\hp\OneDrive\Desktop\seahawk-full_stack\backend\src\services\client.service.js:66:30[39m

[31m  63 const shipmentCount = await prisma.shipment.count({ where: { clientCode: code } });[39m
[31m  64 if (shipmentCount > 0)[39m
[31m  65   throw new AppError(`Cannot delete: client has ${shipmentCount} shipments. Deactivate instead.`, 400);[39m
[31mΓåÆ 66 return prisma.client.delete([39m
[31mAn operation failed because it depends on one or more records that were required but not found. Record to delete does not exist.[39m
  {
  "target": "client.delete"
}

[90mstdout[2m | src/tests/unit/clientService.test.js[2m > [22m[2mclient.service[2m > [22m[2mremove[2m > [22m[2mthrows when client has shipments
[22m[39m13:18:07 [[31merror[39m]: [31mPrisma error: [39m
[31mInvalid `prisma.client.delete()` invocation in[39m
[31mC:\Users\hp\OneDrive\Desktop\seahawk-full_stack\backend\src\services\client.service.js:66:30[39m

[31m  63 const shipmentCount = await prisma.shipment.count({ where: { clientCode: code } });[39m
[31m  64 if (shipmentCount > 0)[39m
[31m  65   throw new AppError(`Cannot delete: client has ${shipmentCount} shipments. Deactivate instead.`, 400);[39m
[31mΓåÆ 66 return prisma.client.delete([39m
[31mAn operation failed because it depends on one or more records that were required but not found. Record to delete does not exist.[39m
  {
  "target": "client.delete"
}

 [31mΓ¥»[39m [30m[42m unit [49m[39m src/tests/unit/clientService.test.js [2m([22m[2m8 tests[22m[2m | [22m[31m4 failed[39m[2m)[22m[33m 783[2mms[22m[39m
[31m   [31m├ù[31m client.service[2m > [22mgetAll[2m > [22mreturns all clients ordered by code[39m[33m 507[2mms[22m[39m
[31m     ΓåÆ expected [ ΓÇª(4) ] to have a length of 2 but got 4[39m
[31m   [31m├ù[31m client.service[2m > [22mgetByCode[2m > [22mreturns client when found[39m[32m 22[2mms[22m[39m
[31m     ΓåÆ Client not found.[39m
   [32mΓ£ô[39m client.service[2m > [22mgetByCode[2m > [22mthrows when not found[32m 16[2mms[22m[39m
   [32mΓ£ô[39m client.service[2m > [22mupsert[2m > [22mupserts with uppercased code[32m 29[2mms[22m[39m
[31m   [31m├ù[31m client.service[2m > [22mremove[2m > [22mdeletes client with no shipments[39m[32m 112[2mms[22m[39m
[31m     ΓåÆ 
Invalid `prisma.client.delete()` invocation in
C:\Users\hp\OneDrive\Desktop\seahawk-full_stack\backend\src\services\client.service.js:66:30

  63 const shipmentCount = await prisma.shipment.count({ where: { clientCode: code } });
  64 if (shipmentCount > 0)
  65   throw new AppError(`Cannot delete: client has ${shipmentCount} shipments. Deactivate instead.`, 400);
ΓåÆ 66 return prisma.client.delete(
An operation failed because it depends on one or more records that were required but not found. Record to delete does not exist.[39m
   [32mΓ£ô[39m client.service[2m > [22mremove[2m > [22mthrows when client has shipments[32m 20[2mms[22m[39m
[31m   [31m├ù[31m client.service[2m > [22mgetClientStats[2m > [22mreturns stats with totals aggregated[39m[32m 27[2mms[22m[39m
[31m     ΓåÆ expected +0 to be 13 // Object.is equality[39m
   [32mΓ£ô[39m client.service[2m > [22mgetClientStats[2m > [22mthrows when client not found[32m 12[2mms[22m[39m
[90mstdout[2m | src/tests/unit/invoice.service.test.js[2m > [22m[2minvoice.service[2m > [22m[2mupdateStatus[2m > [22m[2mupdates and returns invoice
[22m[39m13:18:08 [[31merror[39m]: [31mPrisma error: [39m
[31mInvalid `db.invoice.update()` invocation in[39m
[31mC:\Users\hp\OneDrive\Desktop\seahawk-full_stack\backend\src\services\invoice.service.js:123:21[39m

[31m  120 [39m
[31m  121 // Update status[39m
[31m  122 async function updateStatus(id, status, db = prisma) {[39m
[31mΓåÆ 123   return db.invoice.update([39m
[31mAn operation failed because it depends on one or more records that were required but not found. Record to update not found.[39m
  {
  "target": "invoice.update"
}

[90mstdout[2m | src/tests/unit/invoice.service.test.js[2m > [22m[2minvoice.service[2m > [22m[2mremove[2m > [22m[2mdeletes invoice
[22m[39m13:18:08 [[31merror[39m]: [31mPrisma error: [39m
[31mInvalid `db.invoice.delete()` invocation in[39m
[31mC:\Users\hp\OneDrive\Desktop\seahawk-full_stack\backend\src\services\invoice.service.js:128:27[39m

[31m  125 [39m
[31m  126 // Delete invoice (restores shipments to unbilled)[39m
[31m  127 async function remove(id, db = prisma) {[39m
[31mΓåÆ 128   return db.invoice.delete([39m
[31mAn operation failed because it depends on one or more records that were required but not found. Record to delete does not exist.[39m
  {
  "target": "invoice.delete"
}

 [31mΓ¥»[39m [30m[42m unit [49m[39m src/tests/unit/invoice.service.test.js [2m([22m[2m9 tests[22m[2m | [22m[31m7 failed[39m[2m)[22m[33m 1055[2mms[22m[39m
   [33m[2mΓ£ô[22m[39m invoice.service[2m > [22mcreate[2m > [22mthrows AppError if client not found [33m 743[2mms[22m[39m
[31m   [31m├ù[31m invoice.service[2m > [22mcreate[2m > [22mthrows AppError if no unbilled shipments found[39m[32m 82[2mms[22m[39m
[31m     ΓåÆ expected [Function] to throw error including 'No unbilled shipments found' but got 'Client not found'[39m
[31m   [31m├ù[31m invoice.service[2m > [22mcreate[2m > [22mgenerates invoice successfully with intra-state GST (Haryana)[39m[32m 23[2mms[22m[39m
[31m     ΓåÆ Client not found[39m
[31m   [31m├ù[31m invoice.service[2m > [22mcreate[2m > [22mgenerates invoice successfully with inter-state GST[39m[32m 25[2mms[22m[39m
[31m     ΓåÆ Client not found[39m
[31m   [31m├ù[31m invoice.service[2m > [22mgetAll[2m > [22mreturns invoices with items count[39m[32m 47[2mms[22m[39m
[31m     ΓåÆ expected "spy" to be called with arguments: [ ObjectContaining{ΓÇª} ][90m

Number of calls: [1m0[22m
[31m[39m
[31m   [31m├ù[31m invoice.service[2m > [22mgetById[2m > [22mreturns invoice if found[39m[32m 14[2mms[22m[39m
[31m     ΓåÆ Invoice not found[39m
   [32mΓ£ô[39m invoice.service[2m > [22mgetById[2m > [22mthrows AppError if not found[32m 9[2mms[22m[39m
[31m   [31m├ù[31m invoice.service[2m > [22mupdateStatus[2m > [22mupdates and returns invoice[39m[32m 62[2mms[22m[39m
[31m     ΓåÆ 
Invalid `db.invoice.update()` invocation in
C:\Users\hp\OneDrive\Desktop\seahawk-full_stack\backend\src\services\invoice.service.js:123:21

  120 
  121 // Update status
  122 async function updateStatus(id, status, db = prisma) {
ΓåÆ 123   return db.invoice.update(
An operation failed because it depends on one or more records that were required but not found. Record to update not found.[39m
[31m   [31m├ù[31m invoice.service[2m > [22mremove[2m > [22mdeletes invoice[39m[32m 22[2mms[22m[39m
[31m     ΓåÆ 
Invalid `db.invoice.delete()` invocation in
C:\Users\hp\OneDrive\Desktop\seahawk-full_stack\backend\src\services\invoice.service.js:128:27

  125 
  126 // Delete invoice (restores shipments to unbilled)
  127 async function remove(id, db = prisma) {
ΓåÆ 128   return db.invoice.delete(
An operation failed because it depends on one or more records that were required but not found. Record to delete does not exist.[39m
[90mstdout[2m | src/tests/unit/otpService.test.js[2m > [22m[2motp.service[2m > [22m[2msendLoginOTP[2m > [22m[2mfalls back to console in non-production environments
[22m[39m13:18:08 [[31merror[39m]: [31mPrisma error: [39m
[31mInvalid `prisma.$executeRaw()` invocation:[39m


[31mRaw query failed. Code: `42P01`. Message: `relation "login_otps" does not exist`[39m
  {
  "target": "$executeRaw"
}

[90mstdout[2m | src/tests/unit/otpService.test.js[2m > [22m[2motp.service[2m > [22m[2msendLoginOTP[2m > [22m[2minvalidates existing OTPs and creates a new one via SMTP
[22m[39m13:18:08 [[31merror[39m]: [31mPrisma error: [39m
[31mInvalid `prisma.$executeRaw()` invocation:[39m


[31mRaw query failed. Code: `42P01`. Message: `relation "login_otps" does not exist`[39m
  {
  "target": "$executeRaw"
}

[90mstdout[2m | src/tests/unit/otpService.test.js[2m > [22m[2motp.service[2m > [22m[2mverifyOTP[2m > [22m[2mverifies correctly and marks as used
[22m[39m13:18:08 [[31merror[39m]: [31mPrisma error: [39m
[31mInvalid `prisma.$queryRaw()` invocation:[39m


[31mRaw query failed. Code: `42P01`. Message: `relation "login_otps" does not exist`[39m
  {
  "target": "$queryRaw"
}

[90mstdout[2m | src/tests/unit/otpService.test.js[2m > [22m[2motp.service[2m > [22m[2mverifyOTP[2m > [22m[2mrejects incorrect OTP
[22m[39m13:18:08 [[31merror[39m]: [31mPrisma error: [39m
[31mInvalid `prisma.$queryRaw()` invocation:[39m


[31mRaw query failed. Code: `42P01`. Message: `relation "login_otps" does not exist`[39m
  {
  "target": "$queryRaw"
}

[90mstdout[2m | src/tests/unit/otpService.test.js[2m > [22m[2motp.service[2m > [22m[2mverifyOTP[2m > [22m[2mrejects expired or missing OTP
[22m[39m13:18:08 [[31merror[39m]: [31mPrisma error: [39m
[31mInvalid `prisma.$queryRaw()` invocation:[39m


[31mRaw query failed. Code: `42P01`. Message: `relation "login_otps" does not exist`[39m
  {
  "target": "$queryRaw"
}

 [31mΓ¥»[39m [30m[42m unit [49m[39m src/tests/unit/otpService.test.js [2m([22m[2m5 tests[22m[2m | [22m[31m5 failed[39m[2m)[22m[33m 1318[2mms[22m[39m
[31m   [31m├ù[31m otp.service[2m > [22msendLoginOTP[2m > [22mfalls back to console in non-production environments[39m[33m 1165[2mms[22m[39m
[31m     ΓåÆ 
Invalid `prisma.$executeRaw()` invocation:


Raw query failed. Code: `42P01`. Message: `relation "login_otps" does not exist`[39m
[31m   [31m├ù[31m otp.service[2m > [22msendLoginOTP[2m > [22minvalidates existing OTPs and creates a new one via SMTP[39m[32m 22[2mms[22m[39m
[31m     ΓåÆ 
Invalid `prisma.$executeRaw()` invocation:


Raw query failed. Code: `42P01`. Message: `relation "login_otps" does not exist`[39m
[31m   [31m├ù[31m otp.service[2m > [22mverifyOTP[2m > [22mverifies correctly and marks as used[39m[32m 20[2mms[22m[39m
[31m     ΓåÆ 
Invalid `prisma.$queryRaw()` invocation:


Raw query failed. Code: `42P01`. Message: `relation "login_otps" does not exist`[39m
[31m   [31m├ù[31m otp.service[2m > [22mverifyOTP[2m > [22mrejects incorrect OTP[39m[32m 69[2mms[22m[39m
[31m     ΓåÆ expected [Function] to throw error including 'Incorrect OTP' but got '\nInvalid `prisma.$queryRaw()` invocaΓÇª'[39m
[31m   [31m├ù[31m otp.service[2m > [22mverifyOTP[2m > [22mrejects expired or missing OTP[39m[32m 31[2mms[22m[39m
[31m     ΓåÆ expected [Function] to throw error including 'OTP expired or not found' but got '\nInvalid `prisma.$queryRaw()` invocaΓÇª'[39m
 [31mΓ¥»[39m [30m[42m unit [49m[39m src/tests/unit/audit.test.js [2m([22m[2m5 tests[22m[2m | [22m[31m4 failed[39m[2m)[22m[33m 1179[2mms[22m[39m
[31m   [31m├ù[31m audit utility[2m > [22mauditLog[2m > [22mcreates an audit log entry[39m[33m 1100[2mms[22m[39m
[31m     ΓåÆ expected "spy" to be called with arguments: [ { data: ObjectContaining{ΓÇª} } ][90m

Number of calls: [1m0[22m
[31m[39m
   [32mΓ£ô[39m audit utility[2m > [22mauditLog[2m > [22mdoes not throw on failure (audit failures are non-critical)[32m 19[2mms[22m[39m
[31m   [31m├ù[31m audit utility[2m > [22mauditLog[2m > [22mhandles null values gracefully[39m[32m 13[2mms[22m[39m
[31m     ΓåÆ expected "spy" to be called with arguments: [ { data: ObjectContaining{ΓÇª} } ][90m

Number of calls: [1m0[22m
[31m[39m
[31m   [31m├ù[31m audit utility[2m > [22mlogAudit[2m > [22mextracts user info from request[39m[32m 11[2mms[22m[39m
[31m     ΓåÆ expected "spy" to be called with arguments: [ { data: ObjectContaining{ΓÇª} } ][90m

Number of calls: [1m0[22m
[31m[39m
[31m   [31m├ù[31m audit utility[2m > [22mlogAudit[2m > [22mhandles missing request object[39m[32m 8[2mms[22m[39m
[31m     ΓåÆ expected "spy" to be called at least once[39m
[90mstdout[2m | src/tests/unit/carrierService.test.js[2m > [22m[2mcarrier.service[2m > [22m[2msyncTrackingEvents[2m > [22m[2mintegrates tracking events and updates shipment status
[22m[39m13:18:08 [[31merror[39m]: [31mPrisma error: [39m
[31mInvalid `prisma.trackingEvent.createMany()` invocation in[39m
[31mC:\Users\hp\OneDrive\Desktop\seahawk-full_stack\backend\src\services\carrier.service.js:842:30[39m

[31m  839   return 0;[39m
[31m  840 }[39m
[31m  841 [39m
[31mΓåÆ 842 await prisma.trackingEvent.createMany([39m
[31mForeign key constraint violated: `tracking_events_shipment_id_fkey (index)`[39m
  {
  "target": "trackingEvent.createMany"
}

[90mstdout[2m | src/tests/unit/carrierService.test.js[2m > [22m[2mcarrier.service[2m > [22m[2msyncTrackingEvents[2m > [22m[2mcreates an NDR event even when the failed scan already exists
[22m[39m13:18:08 [[31merror[39m]: [31mPrisma error: [39m
[31mInvalid `prisma.trackingEvent.createMany()` invocation in[39m
[31mC:\Users\hp\OneDrive\Desktop\seahawk-full_stack\backend\src\services\carrier.service.js:842:30[39m

[31m  839   return 0;[39m
[31m  840 }[39m
[31m  841 [39m
[31mΓåÆ 842 await prisma.trackingEvent.createMany([39m
[31mForeign key constraint violated: `tracking_events_shipment_id_fkey (index)`[39m
  {
  "target": "trackingEvent.createMany"
}

 [31mΓ¥»[39m [30m[42m unit [49m[39m src/tests/unit/carrierService.test.js [2m([22m[2m11 tests[22m[2m | [22m[31m2 failed[39m[2m)[22m[33m 1338[2mms[22m[39m
   [32mΓ£ô[39m carrier.service[2m > [22mcreateShipment[2m > [22mcreates a shipment via Delhivery[32m 67[2mms[22m[39m
   [32mΓ£ô[39m carrier.service[2m > [22mcreateShipment[2m > [22mcreates a shipment via DTDC[32m 9[2mms[22m[39m
   [32mΓ£ô[39m carrier.service[2m > [22mcreateShipment[2m > [22mcreates a shipment via BlueDart[32m 9[2mms[22m[39m
   [32mΓ£ô[39m carrier.service[2m > [22mcreateShipment[2m > [22mcreates a shipment via Trackon[32m 12[2mms[22m[39m
   [32mΓ£ô[39m carrier.service[2m > [22mcreateShipment[2m > [22mnormalizes Trackon service-tier aliases before booking[32m 18[2mms[22m[39m
   [32mΓ£ô[39m carrier.service[2m > [22mfetchTracking[2m > [22mfetches tracking info and returns mapped status[32m 6[2mms[22m[39m
   [32mΓ£ô[39m carrier.service[2m > [22mfetchTracking[2m > [22mfetches tracking info for Trackon and maps status[32m 11[2mms[22m[39m
   [32mΓ£ô[39m carrier.service[2m > [22mfetchTracking[2m > [22mfetches tracking info for DTDC and maps status from the v4 API shape[32m 8[2mms[22m[39m
[31m   [31m├ù[31m carrier.service[2m > [22msyncTrackingEvents[2m > [22mintegrates tracking events and updates shipment status[39m[33m 1141[2mms[22m[39m
[31m     ΓåÆ 
Invalid `prisma.trackingEvent.createMany()` invocation in
C:\Users\hp\OneDrive\Desktop\seahawk-full_stack\backend\src\services\carrier.service.js:842:30

  839   return 0;
  840 }
  841 
ΓåÆ 842 await prisma.trackingEvent.createMany(
Foreign key constraint violated: `tracking_events_shipment_id_fkey (index)`[39m
[31m   [31m├ù[31m carrier.service[2m > [22msyncTrackingEvents[2m > [22mcreates an NDR event even when the failed scan already exists[39m[32m 39[2mms[22m[39m
[31m     ΓåÆ 
Invalid `prisma.trackingEvent.createMany()` invocation in
C:\Users\hp\OneDrive\Desktop\seahawk-full_stack\backend\src\services\carrier.service.js:842:30

  839   return 0;
  840 }
  841 
ΓåÆ 842 await prisma.trackingEvent.createMany(
Foreign key constraint violated: `tracking_events_shipment_id_fkey (index)`[39m
   [32mΓ£ô[39m carrier.service[2m > [22mcancelShipment[2m > [22msends cancellation to Delhivery[32m 6[2mms[22m[39m
[90mstdout[2m | src/tests/unit/dataIntegrity.test.js
[22m[39m13:18:06 [[32minfo[39m]: [32mRedis not configured; skipping Redis client initialization[39m
13:18:09 [[32minfo[39m]: [32mRedis not configured; BullMQ disabled and in-memory queue will be used[39m

[90mstdout[2m | src/tests/unit/dataIntegrity.test.js[2m > [22m[2mData Integrity & Business Logic (Client-Grade)[2m > [22m[2mcreate() - The Money Function[2m > [22m[2muses contract pricing when amount is 0
[22m[39m13:18:10 [[31merror[39m]: [31mPrisma error: [39m
[31mInvalid `tx.shipment.create()` invocation in[39m
[31mC:\Users\hp\OneDrive\Desktop\seahawk-full_stack\backend\src\services\shipment.service.js:331:40[39m

[31m  328   });[39m
[31m  329 }[39m
[31m  330 [39m
[31mΓåÆ 331 const shipment = await tx.shipment.create([39m
[31mForeign key constraint violated: `shipments_created_by_id_fkey (index)`[39m
  {
  "target": "shipment.create"
}

[90mstdout[2m | src/tests/unit/dataIntegrity.test.js[2m > [22m[2mData Integrity & Business Logic (Client-Grade)[2m > [22m[2mbulkImport()[2m > [22m[2mgracefully skips duplicate AWBs and returns correct success/fail counts
[22m[39m13:18:10 [[31merror[39m]: [31mPrisma error: [39m
[31mInvalid `prisma.shipment.createMany()` invocation in[39m
[31mC:\Users\hp\OneDrive\Desktop\seahawk-full_stack\backend\src\services\shipment.service.js:566:27[39m

[31m  563 [39m
[31m  564 // Insert new shipments in one transaction batch[39m
[31m  565 if (newShipmentsData.length > 0) {[39m
[31mΓåÆ 566   await prisma.shipment.createMany([39m
[31mForeign key constraint violated: `shipments_created_by_id_fkey (index)`[39m
  {
  "target": "shipment.createMany"
}

[90mstdout[2m | src/tests/unit/delhiveryService.test.js[2m > [22m[2mdelhivery.service[2m > [22m[2mgetTracking[2m > [22m[2mreturns null when not configured
[22m[39m13:18:10 [[33mwarn[39m]: [33m[Delhivery] API key not set[39m

 [31mΓ¥»[39m [30m[42m unit [49m[39m src/tests/unit/dataIntegrity.test.js [2m([22m[2m9 tests[22m[2m | [22m[31m7 failed[39m[2m)[22m[33m 1093[2mms[22m[39m
[31m   [31m├ù[31m Data Integrity & Business Logic (Client-Grade)[2m > [22mcreate() - The Money Function[2m > [22msuccessfully creates a shipment and debits wallet atomically[39m[33m 680[2mms[22m[39m
[31m     ΓåÆ Insufficient wallet balance (available: Γé╣0.00, required: Γé╣500.00)[39m
[31m   [31m├ù[31m Data Integrity & Business Logic (Client-Grade)[2m > [22mcreate() - The Money Function[2m > [22mrejects duplicate AWB (P2002 Prisma error)[39m[32m 61[2mms[22m[39m
[31m     ΓåÆ expected [Function] to throw error matching /Unique constraint failed/ but got 'Insufficient wallet balance (availablΓÇª'[39m
   [32mΓ£ô[39m Data Integrity & Business Logic (Client-Grade)[2m > [22mcreate() - The Money Function[2m > [22mfails transaction entirely on insufficient wallet balance[32m 29[2mms[22m[39m
[31m   [31m├ù[31m Data Integrity & Business Logic (Client-Grade)[2m > [22mcreate() - The Money Function[2m > [22muses contract pricing when amount is 0[39m[32m 91[2mms[22m[39m
[31m     ΓåÆ 
Invalid `tx.shipment.create()` invocation in
C:\Users\hp\OneDrive\Desktop\seahawk-full_stack\backend\src\services\shipment.service.js:331:40

  328   });
  329 }
  330 
ΓåÆ 331 const shipment = await tx.shipment.create(
Foreign key constraint violated: `shipments_created_by_id_fkey (index)`[39m
[31m   [31m├ù[31m Data Integrity & Business Logic (Client-Grade)[2m > [22mcreate() - The Money Function[2m > [22mpreserves risk analysis score and AI pricing separation[39m[32m 25[2mms[22m[39m
[31m     ΓåÆ Insufficient wallet balance (available: Γé╣0.00, required: Γé╣200.00)[39m
[31m   [31m├ù[31m Data Integrity & Business Logic (Client-Grade)[2m > [22mbulkImport()[2m > [22mgracefully skips duplicate AWBs and returns correct success/fail counts[39m[32m 122[2mms[22m[39m
[31m     ΓåÆ 
Invalid `prisma.shipment.createMany()` invocation in
C:\Users\hp\OneDrive\Desktop\seahawk-full_stack\backend\src\services\shipment.service.js:566:27

  563 
  564 // Insert new shipments in one transaction batch
  565 if (newShipmentsData.length > 0) {
ΓåÆ 566   await prisma.shipment.createMany(
Foreign key constraint violated: `shipments_created_by_id_fkey (index)`[39m
   [32mΓ£ô[39m Data Integrity & Business Logic (Client-Grade)[2m > [22mbulkImport()[2m > [22mrejects empty or invalid AWBs entirely[32m 34[2mms[22m[39m
[31m   [31m├ù[31m Data Integrity & Business Logic (Client-Grade)[2m > [22mupdateStatus()[2m > [22menforces state machine transitions via API[39m[32m 29[2mms[22m[39m
[31m     ΓåÆ expected [Function] to throw error matching /transition/ but got 'Shipment not found.'[39m
[31m   [31m├ù[31m Data Integrity & Business Logic (Client-Grade)[2m > [22mupdateStatus()[2m > [22mcreates tracking event when status is updated[39m[32m 13[2mms[22m[39m
[31m     ΓåÆ Shipment not found.[39m
[90mstdout[2m | src/tests/unit/delhiveryService.test.js[2m > [22m[2mdelhivery.service[2m > [22m[2mgetTracking[2m > [22m[2mreturns null on API error
[22m[39m13:18:10 [[31merror[39m]: [31m[Delhivery] getTracking: timeout[39m

 [32mΓ£ô[39m [30m[42m unit [49m[39m src/tests/unit/contract.service.test.js [2m([22m[2m5 tests[22m[2m)[22m[33m 1287[2mms[22m[39m
   [33m[2mΓ£ô[22m[39m contract.service[2m > [22mselectBestContract prefers exact courier and service match [33m 1140[2mms[22m[39m
[90mstdout[2m | src/tests/unit/configModules.test.js[2m > [22m[2mconfig helper modules[2m > [22m[2mloads redis config safely when REDIS_URL is not set
[22m[39m13:18:10 [[32minfo[39m]: [32mRedis not configured; skipping Redis client initialization[39m

 [32mΓ£ô[39m [30m[42m unit [49m[39m src/tests/unit/quote.service.test.js [2m([22m[2m3 tests[22m[2m)[22m[33m 1166[2mms[22m[39m
   [33m[2mΓ£ô[22m[39m quote.service[2m > [22mcreateQuote generates the next quote number and valid-until date [33m 1056[2mms[22m[39m
 [32mΓ£ô[39m [30m[42m unit [49m[39m src/tests/unit/delhiveryService.test.js [2m([22m[2m12 tests[22m[2m)[22m[33m 1903[2mms[22m[39m
   [33m[2mΓ£ô[22m[39m delhivery.service[2m > [22mmapStatus[2m > [22mmaps Delhivery statuses to internal statuses [33m 834[2mms[22m[39m
   [33m[2mΓ£ô[22m[39m delhivery.service[2m > [22mcheckServiceability[2m > [22mreturns serviceable when API key not set [33m 827[2mms[22m[39m
 [31mΓ¥»[39m [30m[42m unit [49m[39m src/tests/unit/auth.test.js [2m([22m[2m29 tests[22m[2m | [22m[31m17 failed[39m[2m)[22m[33m 15644[2mms[22m[39m
   [32mΓ£ô[39m auth.service[2m > [22msanitise[2m > [22mstrips HTML tags[32m 12[2mms[22m[39m
   [32mΓ£ô[39m auth.service[2m > [22msanitise[2m > [22mstrips javascript: URIs[32m 3[2mms[22m[39m
   [32mΓ£ô[39m auth.service[2m > [22msanitise[2m > [22mreturns non-string values unchanged[32m 2[2mms[22m[39m
   [32mΓ£ô[39m auth.service[2m > [22msanitise[2m > [22mtrims whitespace[32m 2[2mms[22m[39m
   [33m[2mΓ£ô[22m[39m auth.service[2m > [22mlogin[2m > [22mthrows on invalid credentials [33m 445[2mms[22m[39m
   [33m[2mΓ£ô[22m[39m auth.service[2m > [22mlogin[2m > [22mthrows on inactive user [33m 1433[2mms[22m[39m
[31m   [31m├ù[31m auth.service[2m > [22mlogin[2m > [22mreturns tokens and user on success[39m[33m 1768[2mms[22m[39m
[31m     ΓåÆ Invalid email or password.[39m
[31m   [31m├ù[31m auth.service[2m > [22mrefreshAccessToken[2m > [22mreturns new access and rotated refresh token from DB-stored refresh token[39m[32m 46[2mms[22m[39m
[31m     ΓåÆ Invalid or expired refresh token.[39m
[31m   [31m├ù[31m auth.service[2m > [22mrefreshAccessToken[2m > [22mthrows for revoked token and revokes active token family[39m[32m 56[2mms[22m[39m
[31m     ΓåÆ expected "spy" to be called with arguments: [ ObjectContaining{ΓÇª} ][90m

Number of calls: [1m0[22m
[31m[39m
   [32mΓ£ô[39m auth.service[2m > [22mrefreshAccessToken[2m > [22mthrows for expired DB token[32m 17[2mms[22m[39m
[31m   [31m├ù[31m auth.service[2m > [22mrefreshAccessToken[2m > [22mupgrades legacy JWT refresh to rotated DB token[39m[32m 24[2mms[22m[39m
[31m     ΓåÆ Invalid or expired refresh token.[39m
   [32mΓ£ô[39m auth.service[2m > [22mrevokeRefreshToken[2m > [22mno-ops on empty token[32m 3[2mms[22m[39m
[31m   [31m├ù[31m auth.service[2m > [22mrevokeRefreshToken[2m > [22mmarks token as revoked[39m[32m 66[2mms[22m[39m
[31m     ΓåÆ expected "spy" to be called with arguments: [ ObjectContaining{ΓÇª} ][90m

Number of calls: [1m0[22m
[31m[39m
[31m   [31m├ù[31m auth.service[2m > [22mrevokeAllUserTokens[2m > [22mrevokes all tokens for a user[39m[32m 16[2mms[22m[39m
[31m     ΓåÆ expected "spy" to be called with arguments: [ ObjectContaining{ΓÇª} ][90m

Number of calls: [1m0[22m
[31m[39m
[31m   [31m├ù[31m auth.service[2m > [22mcleanupExpiredTokens[2m > [22mdeletes expired and revoked tokens[39m[32m 23[2mms[22m[39m
[31m     ΓåÆ expected "spy" to be called at least once[39m
[31m   [31m├ù[31m auth.service[2m > [22mcreateUser[2m > [22mthrows on duplicate email[39m[33m 1321[2mms[22m[39m
[31m     ΓåÆ promise resolved "{ id: 1, name: 'Test', ΓÇª(7) }" instead of rejecting[39m
   [32mΓ£ô[39m auth.service[2m > [22mcreateUser[2m > [22mthrows on invalid role[32m 13[2mms[22m[39m
   [32mΓ£ô[39m auth.service[2m > [22mcreateUser[2m > [22mthrows when CLIENT role missing clientCode[32m 7[2mms[22m[39m
[31m   [31m├ù[31m auth.service[2m > [22mcreateUser[2m > [22mcreates a user with hashed password[39m[33m 2489[2mms[22m[39m
[31m     ΓåÆ expected "spy" to be called at least once[39m
[31m   [31m├ù[31m auth.service[2m > [22mcreateUser[2m > [22mcreates CLIENT user with clientUser link[39m[32m 47[2mms[22m[39m
[31m     ΓåÆ Client with code "TEST" not found.[39m
[31m   [31m├ù[31m auth.service[2m > [22mupdateUser[2m > [22mhashes password if provided[39m[33m 1831[2mms[22m[39m
[31m     ΓåÆ Cannot read properties of undefined (reading '0')[39m
[31m   [31m├ù[31m auth.service[2m > [22mupdateUser[2m > [22mlowercases email[39m[32m 36[2mms[22m[39m
[31m     ΓåÆ Cannot read properties of undefined (reading '0')[39m
[31m   [31m├ù[31m auth.service[2m > [22mupdateUser[2m > [22mrevokes tokens when deactivating[39m[32m 37[2mms[22m[39m
[31m     ΓåÆ expected "spy" to be called at least once[39m
[31m   [31m├ù[31m auth.service[2m > [22mupdateUser[2m > [22mupserts client link when updating CLIENT user[39m[32m 12[2mms[22m[39m
[31m     ΓåÆ Client with code "NEW" not found.[39m
[31m   [31m├ù[31m auth.service[2m > [22mdeleteUser[2m > [22mdeletes a user account[39m[32m 9[2mms[22m[39m
[31m     ΓåÆ User not found.[39m
   [32mΓ£ô[39m auth.service[2m > [22mdeleteUser[2m > [22mblocks self-delete[32m 3[2mms[22m[39m
   [33m[2mΓ£ô[22m[39m auth.service[2m > [22mchangePassword[2m > [22mthrows on wrong current password [33m 2916[2mms[22m[39m
[31m   [31m├ù[31m auth.service[2m > [22mchangePassword[2m > [22mupdates password and revokes tokens[39m[33m 2954[2mms[22m[39m
[31m     ΓåÆ Current password is incorrect.[39m
[31m   [31m├ù[31m auth.service[2m > [22mgetAllUsers[2m > [22mreturns users with flattened clientCode[39m[32m 26[2mms[22m[39m
[31m     ΓåÆ expected null to be 'XYZ' // Object.is equality[39m
[90mstdout[2m | src/tests/unit/configModules.test.js[2m > [22m[2mconfig helper modules[2m > [22m[2mkeeps bull queue disabled when redis is unavailable
[22m[39m13:18:12 [[32minfo[39m]: [32mRedis not configured; skipping Redis client initialization[39m
13:18:12 [[32minfo[39m]: [32m[BullMQ] Redis disabled; bulk-scan queue not initialized[39m

[90mstdout[2m | src/tests/unit/dtdcService.test.js[2m > [22m[2mdtdc.service[2m > [22m[2mgetTracking[2m > [22m[2mthrows when not configured
[22m[39m13:18:12 [[33mwarn[39m]: [33m[DTDC] tracking credentials not set[39m

[90mstdout[2m | src/tests/unit/dtdcService.test.js[2m > [22m[2mdtdc.service[2m > [22m[2mgetTracking[2m > [22m[2mreturns null on API error
[22m[39m13:18:13 [[31merror[39m]: [31m[DTDC] getTracking: timeout[39m

 [32mΓ£ô[39m [30m[42m unit [49m[39m src/tests/unit/dtdcService.test.js [2m([22m[2m6 tests[22m[2m)[22m[33m 1112[2mms[22m[39m
   [33m[2mΓ£ô[22m[39m dtdc.service[2m > [22misConfigured[2m > [22mreturns false when keys not set [33m 927[2mms[22m[39m
 [32mΓ£ô[39m [30m[42m unit [49m[39m src/tests/unit/configModules.test.js [2m([22m[2m6 tests[22m[2m)[22m[33m 3470[2mms[22m[39m
   [33m[2mΓ£ô[22m[39m config helper modules[2m > [22mloads redis config safely when REDIS_URL is not set [33m 1313[2mms[22m[39m
   [33m[2mΓ£ô[22m[39m config helper modules[2m > [22mkeeps bull queue disabled when redis is unavailable [33m 2024[2mms[22m[39m
[90mstdout[2m | src/tests/unit/emailService.test.js[2m > [22m[2memail.service[2m > [22m[2msendInvoice[2m > [22m[2mskips when not configured
[22m[39m13:18:13 [[33mwarn[39m]: [33m[Email] EMAIL_USER/EMAIL_PASS not set ΓÇö skipping email[39m

 [32mΓ£ô[39m [30m[42m unit [49m[39m src/tests/unit/emailService.test.js [2m([22m[2m3 tests[22m[2m)[22m[33m 1193[2mms[22m[39m
   [33m[2mΓ£ô[22m[39m email.service[2m > [22misConfigured[2m > [22mreturns false when EMAIL_USER/EMAIL_PASS not set [33m 929[2mms[22m[39m
[90mstdout[2m | src/tests/unit/trackonService.test.js[2m > [22m[2mtrackon.service[2m > [22m[2mgetTracking[2m > [22m[2mthrows when not configured
[22m[39m13:18:13 [[33mwarn[39m]: [33m[Trackon] credentials not set[39m

 [32mΓ£ô[39m [30m[42m unit [49m[39m src/tests/unit/courierFactory.test.js [2m([22m[2m5 tests[22m[2m)[22m[33m 957[2mms[22m[39m
   [33m[2mΓ£ô[22m[39m CourierFactory[2m > [22mreturns empty configured list when no API keys set [33m 901[2mms[22m[39m
[90mstdout[2m | src/tests/unit/trackonService.test.js[2m > [22m[2mtrackon.service[2m > [22m[2mgetTracking[2m > [22m[2mreturns null on API error
[22m[39m13:18:13 [[31merror[39m]: [31m[Trackon] getTracking: timeout[39m

 [32mΓ£ô[39m [30m[42m unit [49m[39m src/tests/unit/pdfService.test.js [2m([22m[2m5 tests[22m[2m)[22m[33m 511[2mms[22m[39m
   [33m[2mΓ£ô[22m[39m pdf.service[2m > [22mgenerates a shipping label with correct AWB [33m 382[2mms[22m[39m
 [32mΓ£ô[39m [30m[42m unit [49m[39m src/tests/unit/trackonService.test.js [2m([22m[2m6 tests[22m[2m)[22m[33m 1322[2mms[22m[39m
   [33m[2mΓ£ô[22m[39m trackon.service[2m > [22misConfigured[2m > [22mreturns false when key not set [33m 1000[2mms[22m[39m
[90mstderr[2m | src/tests/unit/configIndex.test.js[2m > [22m[2mconfig/index[2m > [22m[2mbuilds validated 
config with defaults and parsed values
[22m[39m[WARN] REDIS_URL is not set. Rate limiting, caching, and job queues will use in-memory fallbacks ΓÇö not 
safe for multi-pod deployments.

 [32mΓ£ô[39m [30m[42m unit [49m[39m src/tests/unit/configIndex.test.js [2m([22m[2m3 tests[22m[2m)[22m[32m 289[2mms[22m[39m
 [32mΓ£ô[39m [30m[42m unit [49m[39m src/tests/unit/ownerUtils.test.js [2m([22m[2m12 tests[22m[2m)[22m[32m 168[2mms[22m[39m
[90mstdout[2m | src/tests/unit/rateEngine.test.js[2m > [22m[2mrateEngine ΓÇö stateToZones()[2m > [22m[2mreturns fallback for unknown states
[22m[39m13:18:16 [[33mwarn[39m]: [33m[RateEngine] Zone fallback triggered[39m
  {
  "state": "Atlantis",
  "district": "",
  "city": "",
  "fallback": "south_west / Rest of India",
  "note": "Check if state name is spelled correctly"
}

 [32mΓ£ô[39m [30m[42m unit [49m[39m src/tests/unit/rateEngine.test.js [2m([22m[2m105 tests[22m[2m)[22m[33m 306[2mms[22m[39m
 [32mΓ£ô[39m [30m[42m unit [49m[39m src/tests/unit/pincodeService.test.js [2m([22m[2m5 tests[22m[2m)[22m[33m 352[2mms[22m[39m
[90mstdout[2m | src/tests/unit/agentSession.test.js[2m > [22m[2magentSession[2m > [22m[2mstartSession[2m > [22m[2mcreates a new session with correct initial state
[22m[39m13:18:17 [[32minfo[39m]: [32m[HawkAI Session] Started flow CREATE_CLIENT for session sess-1[39m

[90mstdout[2m | src/tests/unit/courierPrefill.service.test.js[2m > [22m[2mcourierPrefill.service[2m > [22m[2mprefers structured shipment details over tracking fallback
[22m[39m13:18:17 [[32minfo[39m]: [32m[Prefill] Delhivery AWB 1234567890123: mode=shipment_details dest=MYSORE consignee=Dipesh pin=571302 wt=1.25[39m

[90mstdout[2m | src/tests/unit/agentSession.test.js[2m > [22m[2magentSession[2m > [22m[2mstartSession[2m > [22m[2moverwrites existing session for same sessionId
[22m[39m13:18:17 [[32minfo[39m]: [32m[HawkAI Session] Started flow CREATE_CLIENT for session sess-1[39m
13:18:17 [[32minfo[39m]: [32m[HawkAI Session] Started flow WALLET_CREDIT for session sess-1[39m

[90mstdout[2m | src/tests/unit/agentSession.test.js[2m > [22m[2magentSession[2m > [22m[2mgetSession[2m > [22m[2mreturns active session
[22m[39m13:18:17 [[32minfo[39m]: [32m[HawkAI Session] Started flow TRACK_SHIPMENT for session sess-2[39m

[90mstdout[2m | src/tests/unit/agentSession.test.js[2m > [22m[2magentSession[2m > [22m[2mgetSession[2m > [22m[2mreturns null and cleans up an expired session
[22m[39m13:18:17 [[32minfo[39m]: [32m[HawkAI Session] Started flow GENERATE_INVOICE for session sess-timeout[39m
13:18:17 [[32minfo[39m]: [32m[HawkAI Session] Expired session sess-timeout[39m

[90mstdout[2m | src/tests/unit/agentSession.test.js[2m > [22m[2magentSession[2m > [22m[2mupdateSession[2m > [22m[2mmerges new data into existing session
[22m[39m13:18:17 [[32minfo[39m]: [32m[HawkAI Session] Started flow CREATE_CLIENT for session sess-1[39m

[90mstdout[2m | src/tests/unit/agentSession.test.js[2m > [22m[2magentSession[2m > [22m[2mupdateSession[2m > [22m[2mupdates lastActivity timestamp
[22m[39m13:18:17 [[32minfo[39m]: [32m[HawkAI Session] Started flow CREATE_CLIENT for session sess-1[39m

[90mstdout[2m | src/tests/unit/courierPrefill.service.test.js[2m > [22m[2mcourierPrefill.service[2m > [22m[2mfalls back to tracking data when shipment details are unavailable
[22m[39m13:18:17 [[32minfo[39m]: [32m[Prefill] Trackon AWB 500602752638: mode=tracking dest=LUDHIANA consignee=NA pin=NA wt=NA[39m

[90mstdout[2m | src/tests/unit/courierPrefill.service.test.js[2m > [22m[2mcourierPrefill.service[2m > [22m[2mtreats Primetrack hints as Trackon API lookups
[22m[39m13:18:17 [[32minfo[39m]: [32m[Prefill] Trackon AWB 200042724212: mode=tracking dest=CHANDIGARH consignee=NA pin=NA wt=NA[39m

[90mstdout[2m | src/tests/unit/agentSession.test.js[2m > [22m[2magentSession[2m > [22m[2mclearSession[2m > [22m[2mremoves session so getSession returns null
[22m[39m13:18:17 [[32minfo[39m]: [32m[HawkAI Session] Started flow WALLET_CREDIT for session sess-1[39m

[90mstdout[2m | src/tests/unit/agentSession.test.js[2m > [22m[2magentSession[2m > [22m[2mgetActiveCount[2m > [22m[2mreturns correct count of active sessions
[22m[39m13:18:17 [[32minfo[39m]: [32m[HawkAI Session] Started flow SYSTEM_OVERVIEW for session sess-1[39m
13:18:17 [[32minfo[39m]: [32m[HawkAI Session] Started flow LIST_CLIENTS for session sess-2[39m

 [32mΓ£ô[39m [30m[42m unit [49m[39m src/tests/unit/agentSession.test.js [2m([22m[2m11 tests[22m[2m)[22m[32m 194[2mms[22m[39m
 [32mΓ£ô[39m [30m[42m unit [49m[39m src/tests/unit/courierPrefill.service.test.js [2m([22m[2m5 tests[22m[2m)[22m[32m 192[2mms[22m[39m
 [32mΓ£ô[39m [30m[42m unit [49m[39m src/tests/unit/validators.test.js [2m([22m[2m7 tests[22m[2m)[22m[32m 176[2mms[22m[39m
 [32mΓ£ô[39m [30m[42m unit [49m[39m src/tests/unit/cache.test.js [2m([22m[2m4 tests[22m[2m)[22m[32m 86[2mms[22m[39m
 [32mΓ£ô[39m [30m[42m unit [49m[39m src/tests/unit/scannerFlow.service.test.js [2m([22m[2m7 tests[22m[2m)[22m[32m 83[2mms[22m[39m
 [32mΓ£ô[39m [30m[42m unit [49m[39m src/tests/unit/ssrf.test.js [2m([22m[2m6 tests[22m[2m)[22m[32m 110[2mms[22m[39m
[90mstdout[2m | src/tests/unit/clientPortalBooking.test.js
[22m[39m13:18:15 [[32minfo[39m]: [32mRedis not configured; skipping Redis client initialization[39m
13:18:19 [[32minfo[39m]: [32mRedis not configured; BullMQ disabled and in-memory queue will be used[39m

[90mstdout[2m | src/tests/unit/middleware.test.js[2m > [22m[2mmiddleware[2m > [22m[2mvalidateCsrf skips safe and bearer-token requests and rejects mismatches
[22m[39m13:18:19 [[33mwarn[39m]: [33mCSRF validation failed[39m
  {
  "ip": "[REDACTED]",
  "path": "/ops",
  "method": "POST"
}

[90mstdout[2m | src/tests/unit/middleware.test.js[2m > [22m[2mmiddleware[2m > [22m[2mglobalErrorHandler formats operational, prisma, jwt, zod, and unknown errors
[22m[39m13:18:19 [[31merror[39m]: [31mRequest error dup[39m
  {
  "method": "POST",
  "path": "/ops",
  "status": 500,
  "userId": 1,
  "ip": "[REDACTED]"
}
13:18:19 [[31merror[39m]: [31mRequest error Nope[39m
Error: Nope
    at C:\Users\hp\OneDrive\Desktop\seahawk-full_stack\backend\src\tests\unit\middleware.test.js:162:24
    at file:///C:/Users/hp/OneDrive/Desktop/seahawk-full_stack/backend/node_modules/@vitest/runner/dist/chunk-hooks.js:155:11
    at file:///C:/Users/hp/OneDrive/Desktop/seahawk-full_stack/backend/node_modules/@vitest/runner/dist/chunk-hooks.js:752:26
    at file:///C:/Users/hp/OneDrive/Desktop/seahawk-full_stack/backend/node_modules/@vitest/runner/dist/chunk-hooks.js:1897:20
    at new Promise (<anonymous>)
    at runWithTimeout (file:///C:/Users/hp/OneDrive/Desktop/seahawk-full_stack/backend/node_modules/@vitest/runner/dist/chunk-hooks.js:1863:10)
    at runTest (file:///C:/Users/hp/OneDrive/Desktop/seahawk-full_stack/backend/node_modules/@vitest/runner/dist/chunk-hooks.js:1574:12)
    at processTicksAndRejections (node:internal/process/task_queues:95:5)
    at runSuite (file:///C:/Users/hp/OneDrive/Desktop/seahawk-full_stack/backend/node_modules/@vitest/runner/dist/chunk-hooks.js:1729:8)
    at runSuite (file:///C:/Users/hp/OneDrive/Desktop/seahawk-full_stack/backend/node_modules/@vitest/runner/dist/chunk-hooks.js:1729:8)
  {
  "method": "POST",
  "path": "/ops",
  "status": 422,
  "userId": 1,
  "ip": "[REDACTED]"
}
13:18:19 [[31merror[39m]: [31mRequest error bad token[39m
  {
  "method": "POST",
  "path": "/ops",
  "status": 500,
  "userId": 1,
  "ip": "[REDACTED]"
}
13:18:19 [[31merror[39m]: [31mRequest error [[39m
[31m  {[39m
[31m    "code": "custom",[39m
[31m    "path": [[39m
[31m      "email"[39m
[31m    ],[39m
[31m    "message": "bad",[39m
[31m    "fatal": false[39m
[31m  }[39m
[31m][39m
ZodError: [
  {
    "code": "custom",
    "path": [
      "email"
    ],
    "message": "bad",
    "fatal": false
  }
]
    at C:\Users\hp\OneDrive\Desktop\seahawk-full_stack\backend\src\tests\unit\middleware.test.js:170:22
    at file:///C:/Users/hp/OneDrive/Desktop/seahawk-full_stack/backend/node_modules/@vitest/runner/dist/chunk-hooks.js:155:11
    at file:///C:/Users/hp/OneDrive/Desktop/seahawk-full_stack/backend/node_modules/@vitest/runner/dist/chunk-hooks.js:752:26
    at file:///C:/Users/hp/OneDrive/Desktop/seahawk-full_stack/backend/node_modules/@vitest/runner/dist/chunk-hooks.js:1897:20
    at new Promise (<anonymous>)
    at runWithTimeout (file:///C:/Users/hp/OneDrive/Desktop/seahawk-full_stack/backend/node_modules/@vitest/runner/dist/chunk-hooks.js:1863:10)
    at runTest (file:///C:/Users/hp/OneDrive/Desktop/seahawk-full_stack/backend/node_modules/@vitest/runner/dist/chunk-hooks.js:1574:12)
    at processTicksAndRejections (node:internal/process/task_queues:95:5)
    at runSuite (file:///C:/Users/hp/OneDrive/Desktop/seahawk-full_stack/backend/node_modules/@vitest/runner/dist/chunk-hooks.js:1729:8)
    at runSuite (file:///C:/Users/hp/OneDrive/Desktop/seahawk-full_stack/backend/node_modules/@vitest/runner/dist/chunk-hooks.js:1729:8)
  {
  "method": "POST",
  "path": "/ops",
  "status": 500,
  "userId": 1,
  "ip": "[REDACTED]"
}
13:18:19 [[31merror[39m]: [31mRequest error explode[39m
Error: explode
    at C:\Users\hp\OneDrive\Desktop\seahawk-full_stack\backend\src\tests\unit\middleware.test.js:175:24
    at file:///C:/Users/hp/OneDrive/Desktop/seahawk-full_stack/backend/node_modules/@vitest/runner/dist/chunk-hooks.js:155:11
    at file:///C:/Users/hp/OneDrive/Desktop/seahawk-full_stack/backend/node_modules/@vitest/runner/dist/chunk-hooks.js:752:26
    at file:///C:/Users/hp/OneDrive/Desktop/seahawk-full_stack/backend/node_modules/@vitest/runner/dist/chunk-hooks.js:1897:20
    at new Promise (<anonymous>)
    at runWithTimeout (file:///C:/Users/hp/OneDrive/Desktop/seahawk-full_stack/backend/node_modules/@vitest/runner/dist/chunk-hooks.js:1863:10)
    at runTest (file:///C:/Users/hp/OneDrive/Desktop/seahawk-full_stack/backend/node_modules/@vitest/runner/dist/chunk-hooks.js:1574:12)
    at processTicksAndRejections (node:internal/process/task_queues:95:5)
    at runSuite (file:///C:/Users/hp/OneDrive/Desktop/seahawk-full_stack/backend/node_modules/@vitest/runner/dist/chunk-hooks.js:1729:8)
    at runSuite (file:///C:/Users/hp/OneDrive/Desktop/seahawk-full_stack/backend/node_modules/@vitest/runner/dist/chunk-hooks.js:1729:8)
  {
  "method": "POST",
  "path": "/ops",
  "status": 500,
  "userId": 1,
  "ip": "[REDACTED]"
}

 [32mΓ£ô[39m [30m[42m unit [49m[39m src/tests/unit/middleware.test.js [2m([22m[2m8 tests[22m[2m)[22m[32m 187[2mms[22m[39m
 [32mΓ£ô[39m [30m[42m unit [49m[39m src/tests/unit/clientPortalBooking.test.js [2m([22m[2m1 test[22m[2m)[22m[33m 369[2mms[22m[39m
   [33m[2mΓ£ô[22m[39m client portal booking controller[2m > [22mreturns a clear 503 when the client explicitly selects an inactive courier [33m 360[2mms[22m[39m
 [32mΓ£ô[39m [30m[42m unit [49m[39m src/tests/unit/httpRetry.test.js [2m([22m[2m4 tests[22m[2m)[22m[32m 70[2mms[22m[39m
 [32mΓ£ô[39m [30m[42m unit [49m[39m src/tests/unit/metricsMiddleware.test.js [2m([22m[2m3 tests[22m[2m)[22m[32m 30[2mms[22m[39m
 [32mΓ£ô[39m [30m[42m unit [49m[39m src/tests/unit/stateMachine.test.js [2m([22m[2m14 tests[22m[2m)[22m[32m 64[2mms[22m[39m
 [32mΓ£ô[39m [30m[42m unit [49m[39m src/tests/unit/scannerQuality.service.test.js [2m([22m[2m2 tests[22m[2m)[22m[32m 59[2mms[22m[39m
 [32mΓ£ô[39m [30m[42m unit [49m[39m src/tests/unit/response.test.js [2m([22m[2m2 tests[22m[2m)[22m[32m 57[2mms[22m[39m
 [32mΓ£ô[39m [30m[42m unit [49m[39m src/tests/unit/exceptionAutomation.service.test.js [2m([22m[2m2 tests[22m[2m)[22m[32m 35[2mms[22m[39m
 [32mΓ£ô[39m [30m[42m unit [49m[39m src/tests/unit/awbDetect.test.js [2m([22m[2m3 tests[22m[2m)[22m[32m 35[2mms[22m[39m
 [32mΓ£ô[39m [30m[42m unit [49m[39m src/tests/unit/shipment.test.js [2m([22m[2m5 tests[22m[2m)[22m[32m 24[2mms[22m[39m
 [32mΓ£ô[39m [30m[42m unit [49m[39m src/tests/unit/walletRefund.test.js [2m([22m[2m2 tests[22m[2m)[22m[32m 59[2mms[22m[39m
[90mstdout[2m | src/tests/unit/agentFlows.test.js
[22m[39m13:18:21 [[32minfo[39m]: [32mRedis not configured; skipping Redis client initialization[39m
13:18:23 [[32minfo[39m]: [32mRedis not configured; BullMQ disabled and in-memory queue will be used[39m

 [32mΓ£ô[39m [30m[42m unit [49m[39m src/tests/unit/webhookSignature.test.js [2m([22m[2m5 tests[22m[2m)[22m[32m 42[2mms[22m[39m
 [32mΓ£ô[39m [30m[42m unit [49m[39m src/tests/unit/agentFlows.test.js [2m([22m[2m35 tests[22m[2m)[22m[32m 87[2mms[22m[39m
 [32mΓ£ô[39m [30m[42m unit [49m[39m src/tests/unit/reconciliation.intelligence.test.js [2m([22m[2m2 tests[22m[2m)[22m[32m 31[2mms[22m[39m
 [32mΓ£ô[39m [30m[42m unit [49m[39m src/tests/unit/courierDecision.service.test.js [2m([22m[2m4 tests[22m[2m)[22m[32m 20[2mms[22m[39m
 [32mΓ£ô[39m [30m[42m unit [49m[39m src/tests/unit/rateLimiter.test.js [2m([22m[2m4 tests[22m[2m)[22m[32m 30[2mms[22m[39m
 [32mΓ£ô[39m [30m[42m unit [49m[39m src/tests/unit/refreshToken.test.js [2m([22m[2m1 test[22m[2m)[22m[32m 13[2mms[22m[39m
[90mstdout[2m | src/tests/unit/queueService.test.js
[22m[39m13:18:26 [[32minfo[39m]: [32mRedis not configured; BullMQ disabled and in-memory queue will be used[39m

[90mstdout[2m | src/tests/unit/queueService.test.js[2m > [22m[2mqueue.service[2m > [22m[2msetupScheduledJobs[2m > [22m[2mschedules tasks
[22m[39m13:18:26 [[32minfo[39m]: [32mScheduled jobs set up[39m

 [32mΓ£ô[39m [30m[42m unit [49m[39m src/tests/unit/queueService.test.js [2m([22m[2m1 test[22m[2m)[22m[32m 16[2mms[22m[39m
[90mstdout[2m | src/tests/integration/scanner.e2e.test.js
[22m[39m13:18:29 [[32minfo[39m]: [32mRedis not configured; skipping Redis client initialization[39m
13:18:30 [[32minfo[39m]: [32mRedis not configured; BullMQ disabled and in-memory queue will be used[39m
13:18:34 [[32minfo[39m]: [32m[HawkAI NLP] Loaded trained local model from disk.[39m

[90mstderr[2m | src/tests/integration/scanner.e2e.test.js
[22m[39m[Sentry] @sentry/node not installed ΓÇö skipping. Run: npm install @sentry/node

[90mstdout[2m | src/tests/integration/scanner.e2e.test.js[2m > [22m[2mScanner API Integration Tests
[22m[39m13:18:35 [[32minfo[39m]: [32mLogin: [EMAIL] [ADMIN][39m

[90mstdout[2m | src/tests/integration/scanner.e2e.test.js[2m > [22m[2mScanner API Integration Tests
[22m[39m13:18:35 [[32mhttp[39m]: [32m[0mPOST /api/auth/login [32m200[0m 268.199 ms - 631[0m[39m

[90mstdout[2m | src/tests/integration/scanner.e2e.test.js[2m > [22m[2mScanner API Integration Tests
[22m[39m13:18:35 [[32minfo[39m]: [32mLogin: [EMAIL] [CLIENT][39m

[90mstdout[2m | src/tests/integration/scanner.e2e.test.js[2m > [22m[2mScanner API Integration Tests
[22m[39m13:18:35 [[32mhttp[39m]: [32m[0mPOST /api/auth/login [32m200[0m 189.050 ms - 652[0m[39m

[90mstdout[2m | src/tests/integration/scanner.e2e.test.js[2m > [22m[2mScanner API Integration Tests[2m > [22m[2mPOST /api/shipments/scan-mobile[2m > [22m[2mcreates a placeholder shipment if tracking fails or is unavailable
[22m[39m13:18:36 [[32mhttp[39m]: [32m[0mPOST /api/shipments/scan-mobile [32m200[0m 345.813 ms - -[0m[39m

[90mstdout[2m | src/tests/integration/scanner.e2e.test.js[2m > [22m[2mScanner API Integration Tests[2m > [22m[2mPOST /api/shipments/scan-mobile[2m > [22m[2massigns client automatically via fuzzy matching of trained alias
[22m[39m13:18:36 [[32mhttp[39m]: [32m[0mPOST /api/shipments/scan-mobile [32m200[0m 265.696 ms - -[0m[39m

[90mstdout[2m | src/tests/integration/scanner.e2e.test.js[2m > [22m[2mScanner API Integration Tests[2m > [22m[2mPOST /api/shipments/scan-mobile[2m > [22m[2mkeeps Trackon-format AWBs on the Trackon courier path
[22m[39m13:18:36 [[32minfo[39m]: [32m[Prefill] Trackon AWB 500602752638: mode=shipment_details dest=RUDRAPUR consignee=NA pin=263153 wt=NA[39m

[90mstdout[2m | src/tests/integration/scanner.e2e.test.js[2m > [22m[2mScanner API Integration Tests[2m > [22m[2mPOST /api/shipments/scan-mobile[2m > [22m[2mkeeps Trackon-format AWBs on the Trackon courier path
[22m[39m13:18:36 [[32mhttp[39m]: [32m[0mPOST /api/shipments/scan-mobile [32m200[0m 496.716 ms - -[0m[39m

[90mstdout[2m | src/tests/integration/scanner.e2e.test.js[2m > [22m[2mScanner API Integration Tests[2m > [22m[2mPOST /api/shipments/scan-mobile[2m > [22m[2mhandles an empty OCR payload elegantly
[22m[39m13:18:36 [[32mhttp[39m]: [32m[0mPOST /api/shipments/scan-mobile [32m200[0m 46.265 ms - 813[0m[39m

[90mstdout[2m | src/tests/integration/scanner.e2e.test.js[2m > [22m[2mScanner API Integration Tests[2m > [22m[2mPOST /api/shipments/scan-mobile[2m > [22m[2mprefills structured fields from import ledger data when OCR fails
[22m[39m13:18:37 [[32minfo[39m]: [32m[AWB Master] SCAN_TEST_IMPORT_1777794516986: client=IMPORTCL consignee=Ravi Kumar dest=Ludhiana pin=141001 wt=2.4 layers=import_ledger[39m

[90mstdout[2m | src/tests/integration/scanner.e2e.test.js[2m > [22m[2mScanner API Integration Tests[2m > [22m[2mPOST /api/shipments/scan-mobile[2m > [22m[2mprefills structured fields from import ledger data when OCR fails
[22m[39m13:18:37 [[32mhttp[39m]: [32m[0mPOST /api/shipments/scan-mobile [32m200[0m 52.472 ms - -[0m[39m

[90mstdout[2m | src/tests/integration/scanner.e2e.test.js[2m > [22m[2mScanner API Integration Tests[2m > [22m[2mPOST /api/shipments/scan-mobile[2m > [22m[2mskips photo capture when lookup data is already complete
[22m[39m13:18:37 [[32minfo[39m]: [32m[AWB Master] SCAN_TEST_LOOKUP_1777794517066: client=IMPORTCL consignee=Lookup Ready dest=Jaipur pin=302001 wt=1.8 layers=import_ledger[39m

[90mstdout[2m | src/tests/integration/scanner.e2e.test.js[2m > [22m[2mScanner API Integration Tests[2m > [22m[2mPOST /api/shipments/scan-mobile[2m > [22m[2mskips photo capture when lookup data is already complete
[22m[39m13:18:37 [[32mhttp[39m]: [32m[0mPOST /api/shipments/scan-mobile [32m200[0m 54.805 ms - -[0m[39m

[90mstdout[2m | src/tests/integration/scanner.e2e.test.js[2m > [22m[2mScanner API Integration Tests[2m > [22m[2mPOST /api/shipments/scan-mobile[2m > [22m[2mrequests photo capture when lookup data is incomplete
[22m[39m13:18:37 [[32mhttp[39m]: [32m[0mPOST /api/shipments/scan-mobile [32m200[0m 12.552 ms - 299[0m[39m

[90mstdout[2m | src/tests/integration/scanner.e2e.test.js[2m > [22m[2mScanner API Integration Tests[2m > [22m[2mPOST /api/shipments/scan-mobile[2m > [22m[2mupdates an existing imported shipment instead of creating a second shipment
[22m[39m13:18:37 [[32minfo[39m]: [32m[AWB Master] SCAN_TEST_EXISTING_1777794517166: client=IMPORTCL consignee=Merged Receiver dest=Amritsar pin=143001 wt=3.1 layers=shipment+import_ledger[39m

[90mstdout[2m | src/tests/integration/scanner.e2e.test.js[2m > [22m[2mScanner API Integration Tests[2m > [22m[2mPOST /api/shipments/scan-mobile[2m > [22m[2mupdates an existing imported shipment instead of creating a second shipment
[22m[39m13:18:37 [[32mhttp[39m]: [32m[0mPOST /api/shipments/scan-mobile [32m200[0m 46.572 ms - -[0m[39m

[90mstdout[2m | src/tests/integration/scanner.e2e.test.js[2m > [22m[2mScanner API Integration Tests[2m > [22m[2mPOST /api/shipments/scan-mobile[2m > [22m[2mmatches imported AWBs even when the scan comes in lowercase or mixed case
[22m[39m13:18:37 [[32minfo[39m]: [32m[AWB Master] SCAN_TEST_CASE_1777794517277: client=IMPORTCL consignee=Case Match dest=Chandigarh pin=160017 wt=1.4 layers=import_ledger[39m

[90mstdout[2m | src/tests/integration/scanner.e2e.test.js[2m > [22m[2mScanner API Integration Tests[2m > [22m[2mPOST /api/shipments/scan-mobile[2m > [22m[2mmatches imported AWBs even when the scan comes in lowercase or mixed case
[22m[39m13:18:37 [[32mhttp[39m]: [32m[0mPOST /api/shipments/scan-mobile [32m200[0m 43.450 ms - -[0m[39m

[90mstdout[2m | src/tests/integration/scanner.e2e.test.js[2m > [22m[2mScanner API Integration Tests[2m > [22m[2mscanner route access and client-safe shipment detail[2m > [22m[2mblocks client accounts from staff shipment routes
[22m[39m13:18:37 [[32mhttp[39m]: [32m[0mGET /api/shipments/31 [33m403[0m 8.771 ms - 93[0m[39m

[90mstdout[2m | src/tests/integration/scanner.e2e.test.js[2m > [22m[2mScanner API Integration Tests[2m > [22m[2mscanner route access and client-safe shipment detail[2m > [22m[2mblocks client accounts from staff shipment routes
[22m[39m13:18:37 [[32mhttp[39m]: [32m[0mGET /api/portal/shipments/31 [32m200[0m 18.586 ms - 288[0m[39m

 [31mΓ¥»[39m [30m[45m integration [49m[39m src/tests/integration/scanner.e2e.test.js [2m([22m[2m10 tests[22m[2m | [22m[31m1 failed[39m[2m)[22m[33m 2816[2mms[22m[39m
   [33m[2mΓ£ô[22m[39m Scanner API Integration Tests[2m > [22mPOST /api/shipments/scan-mobile[2m > [22mcreates a placeholder shipment if tracking fails or is unavailable [33m 393[2mms[22m[39m
   [32mΓ£ô[39m Scanner API Integration Tests[2m > [22mPOST /api/shipments/scan-mobile[2m > [22massigns client automatically via fuzzy matching of trained alias[32m 300[2mms[22m[39m
   [33m[2mΓ£ô[22m[39m Scanner API Integration Tests[2m > [22mPOST /api/shipments/scan-mobile[2m > [22mkeeps Trackon-format AWBs on the Trackon courier path [33m 518[2mms[22m[39m
   [32mΓ£ô[39m Scanner API Integration Tests[2m > [22mPOST /api/shipments/scan-mobile[2m > [22mhandles an empty OCR payload elegantly[32m 63[2mms[22m[39m
   [32mΓ£ô[39m Scanner API Integration Tests[2m > [22mPOST /api/shipments/scan-mobile[2m > [22mprefills structured fields from import ledger data when OCR fails[32m 79[2mms[22m[39m
   [32mΓ£ô[39m Scanner API Integration Tests[2m > [22mPOST /api/shipments/scan-mobile[2m > [22mskips photo capture when lookup data is already complete[32m 74[2mms[22m[39m
   [32mΓ£ô[39m Scanner API Integration Tests[2m > [22mPOST /api/shipments/scan-mobile[2m > [22mrequests photo capture when lookup data is incomplete[32m 26[2mms[22m[39m
[31m   [31m├ù[31m Scanner API Integration Tests[2m > [22mPOST /api/shipments/scan-mobile[2m > [22mupdates an existing imported shipment instead of creating a second shipment[39m[32m 110[2mms[22m[39m
[31m     ΓåÆ expected [ +0, 245 ] to include 0[39m
   [32mΓ£ô[39m Scanner API Integration Tests[2m > [22mPOST /api/shipments/scan-mobile[2m > [22mmatches imported AWBs even when the scan comes in lowercase or mixed case[32m 68[2mms[22m[39m
   [32mΓ£ô[39m Scanner API Integration Tests[2m > [22mscanner route access and client-safe shipment detail[2m > [22mblocks client accounts from staff shipment routes[32m 59[2mms[22m[39m
[90mstderr[2m | src/tests/integration/portalTenantIsolation.integration.test.js
[22m[39m[Sentry] @sentry/node not installed ΓÇö skipping. Run: npm install @sentry/node

[90mstdout[2m | src/tests/integration/portalTenantIsolation.integration.test.js[2m > [22m[2mPortal Tenant Isolation
[22m[39m13:18:38 [[32minfo[39m]: [32mLogin: [EMAIL] [CLIENT][39m

[90mstdout[2m | src/tests/integration/portalTenantIsolation.integration.test.js[2m > [22m[2mPortal Tenant Isolation
[22m[39m13:18:38 [[32mhttp[39m]: [32m[0mPOST /api/auth/login [32m200[0m 292.960 ms - 600[0m[39m

[90mstdout[2m | src/tests/integration/portalTenantIsolation.integration.test.js[2m > [22m[2mPortal Tenant Isolation
[22m[39m13:18:38 [[32minfo[39m]: [32mLogin: [EMAIL] [CLIENT][39m

[90mstdout[2m | src/tests/integration/portalTenantIsolation.integration.test.js[2m > [22m[2mPortal Tenant Isolation
[22m[39m13:18:38 [[32mhttp[39m]: [32m[0mPOST /api/auth/login [32m200[0m 188.258 ms - 600[0m[39m

[90mstdout[2m | src/tests/integration/portalTenantIsolation.integration.test.js[2m > [22m[2mPortal Tenant Isolation
[22m[39m13:18:38 [[32minfo[39m]: [32mLogin: [EMAIL] [ADMIN][39m

[90mstdout[2m | src/tests/integration/portalTenantIsolation.integration.test.js[2m > [22m[2mPortal Tenant Isolation
[22m[39m13:18:38 [[32mhttp[39m]: [32m[0mPOST /api/auth/login [32m200[0m 186.344 ms - 601[0m[39m

[90mstdout[2m | src/tests/integration/portalTenantIsolation.integration.test.js[2m > [22m[2mPortal Tenant Isolation[2m > [22m[2mClient A sees only their own shipments via portal
[22m[39m13:18:38 [[32mhttp[39m]: [32m[0mGET /api/portal/shipments [32m200[0m 109.670 ms - 588[0m[39m

[90mstdout[2m | src/tests/integration/portalTenantIsolation.integration.test.js[2m > [22m[2mPortal Tenant Isolation[2m > [22m[2mClient B sees only their own shipments via portal
[22m[39m13:18:38 [[32mhttp[39m]: [32m[0mGET /api/portal/shipments [32m200[0m 30.393 ms - 586[0m[39m

[90mstdout[2m | src/tests/integration/portalTenantIsolation.integration.test.js[2m > [22m[2mPortal Tenant Isolation[2m > [22m[2mClient A sees only their own wallet balance
[22m[39m13:18:38 [[32mhttp[39m]: [32m[0mGET /api/portal/wallet [32m200[0m 14.418 ms - 476[0m[39m

[90mstdout[2m | src/tests/integration/portalTenantIsolation.integration.test.js[2m > [22m[2mPortal Tenant Isolation[2m > [22m[2mClient A cannot view Client B shipment detail
[22m[39m13:18:38 [[32mhttp[39m]: [32m[0mGET /api/portal/shipments/34 [33m404[0m 7.612 ms - 59[0m[39m

[90mstdout[2m | src/tests/integration/portalTenantIsolation.integration.test.js[2m > [22m[2mPortal Tenant Isolation[2m > [22m[2mClient A stats reflect only their shipment counts
[22m[39m13:18:39 [[32mhttp[39m]: [32m[0mGET /api/portal/stats [32m200[0m 123.432 ms - 649[0m[39m

[90mstdout[2m | src/tests/integration/portalTenantIsolation.integration.test.js[2m > [22m[2mPortal Tenant Isolation[2m > [22m[2mAdmin can query shipments across clients
[22m[39m13:18:39 [[32mhttp[39m]: [32m[0mGET /api/portal/shipments?clientCode=ISO_A [32m200[0m 16.511 ms - 588[0m[39m

[90mstdout[2m | src/tests/integration/portalTenantIsolation.integration.test.js[2m > [22m[2mPortal Tenant Isolation[2m > [22m[2mAdmin can query shipments across clients
[22m[39m13:18:39 [[32mhttp[39m]: [32m[0mGET /api/portal/shipments?clientCode=ISO_B [32m200[0m 16.749 ms - 586[0m[39m

 [31mΓ¥»[39m [30m[45m integration [49m[39m src/tests/integration/portalTenantIsolation.integration.test.js [2m([22m[2m6 tests[22m[2m | [22m[31m1 failed[39m[2m)[22m[33m 1566[2mms[22m[39m
   [32mΓ£ô[39m Portal Tenant Isolation[2m > [22mClient A sees only their own shipments via portal[32m 124[2mms[22m[39m
   [32mΓ£ô[39m Portal Tenant Isolation[2m > [22mClient B sees only their own shipments via portal[32m 44[2mms[22m[39m
[31m   [31m├ù[31m Portal Tenant Isolation[2m > [22mClient A sees only their own wallet balance[39m[32m 33[2mms[22m[39m
[31m     ΓåÆ expected '1000' to be 1000 // Object.is equality[39m
   [32mΓ£ô[39m Portal Tenant Isolation[2m > [22mClient A cannot view Client B shipment detail[32m 21[2mms[22m[39m
   [32mΓ£ô[39m Portal Tenant Isolation[2m > [22mClient A stats reflect only their shipment counts[32m 136[2mms[22m[39m
   [32mΓ£ô[39m Portal Tenant Isolation[2m > [22mAdmin can query shipments across clients[32m 57[2mms[22m[39m
[90mstdout[2m | src/tests/integration/wallet-chaos.test.js[2m > [22m[2mWallet Chaos & Concurrency Tests[2m > [22m[2m5 concurrent credit adjustments all succeed and balance is correct
[22m[39m13:18:39 [[32mhttp[39m]: [32m[0mGET /api/wallet/CHAOSCL [32m200[0m 20.040 ms - 144[0m[39m

[90mstdout[2m | src/tests/integration/wallet-chaos.test.js[2m > [22m[2mWallet Chaos & Concurrency Tests[2m > [22m[2m5 concurrent credit adjustments all succeed and balance is correct
[22m[39m13:18:39 [[32mhttp[39m]: [32m[0mPOST /api/wallet/adjust [32m200[0m 44.882 ms - 103[0m[39m

[90mstdout[2m | src/tests/integration/wallet-chaos.test.js[2m > [22m[2mWallet Chaos & Concurrency Tests[2m > [22m[2m5 concurrent credit adjustments all succeed and balance is correct
[22m[39m13:18:39 [[32mhttp[39m]: [32m[0mPOST /api/wallet/adjust [32m200[0m 59.085 ms - 103[0m[39m

[90mstdout[2m | src/tests/integration/wallet-chaos.test.js[2m > [22m[2mWallet Chaos & Concurrency Tests[2m > [22m[2m5 concurrent credit adjustments all succeed and balance is correct
[22m[39m13:18:39 [[32mhttp[39m]: [32m[0mPOST /api/wallet/adjust [32m200[0m 57.478 ms - 103[0m[39m

[90mstdout[2m | src/tests/integration/wallet-chaos.test.js[2m > [22m[2mWallet Chaos & Concurrency Tests[2m > [22m[2m5 concurrent credit adjustments all succeed and balance is correct
[22m[39m13:18:39 [[32mhttp[39m]: [32m[0mPOST /api/wallet/adjust [32m200[0m 127.329 ms - 103[0m[39m

[90mstdout[2m | src/tests/integration/wallet-chaos.test.js[2m > [22m[2mWallet Chaos & Concurrency Tests[2m > [22m[2m5 concurrent credit adjustments all succeed and balance is correct
[22m[39m13:18:39 [[32mhttp[39m]: [32m[0mPOST /api/wallet/adjust [32m200[0m 131.644 ms - 103[0m[39m

[90mstdout[2m | src/tests/integration/wallet-chaos.test.js[2m > [22m[2mWallet Chaos & Concurrency Tests[2m > [22m[2m5 concurrent credit adjustments all succeed and balance is correct
[22m[39m13:18:39 [[32mhttp[39m]: [32m[0mGET /api/wallet/CHAOSCL [32m200[0m 13.115 ms - -[0m[39m

[90mstdout[2m | src/tests/integration/wallet-chaos.test.js[2m > [22m[2mWallet Chaos & Concurrency Tests[2m > [22m[2mconcurrent debits cannot create a negative balance
[22m[39m13:18:39 [[32mhttp[39m]: [32m[0mPOST /api/wallet/adjust [32m200[0m 17.505 ms - 104[0m[39m

[90mstdout[2m | src/tests/integration/wallet-chaos.test.js[2m > [22m[2mWallet Chaos & Concurrency Tests[2m > [22m[2mconcurrent debits cannot create a negative balance
[22m[39m13:18:39 [[32mhttp[39m]: [32m[0mGET /api/wallet/CHAOSCL [32m200[0m 10.862 ms - -[0m[39m

[90mstdout[2m | src/tests/integration/wallet-chaos.test.js[2m > [22m[2mWallet Chaos & Concurrency Tests[2m > [22m[2mconcurrent debits cannot create a negative balance
[22m[39m13:18:39 [[32mhttp[39m]: [32m[0mPOST /api/wallet/debit [32m200[0m 33.198 ms - 102[0m[39m

[90mstdout[2m | src/tests/integration/wallet-chaos.test.js[2m > [22m[2mWallet Chaos & Concurrency Tests[2m > [22m[2mconcurrent debits cannot create a negative balance
[22m[39m13:18:39 [[31merror[39m]: [31mRequest error Insufficient wallet balance (available: Γé╣0.00, required: Γé╣100.00)[39m
Error: Insufficient wallet balance (available: Γé╣0.00, required: Γé╣100.00)
    at C:\Users\hp\OneDrive\Desktop\seahawk-full_stack\backend\src\services\wallet.service.js:137:13
    at Proxy._transactionWithCallback (C:\Users\hp\OneDrive\Desktop\seahawk-full_stack\backend\node_modules\@prisma\client\runtime\library.js:130:8000)
    at C:\Users\hp\OneDrive\Desktop\seahawk-full_stack\backend\src\controllers\wallet.controller.js:283:22
  {
  "requestId": "e71046a4-2da5-4d66-a729-24fb12edd879",
  "method": "POST",
  "path": "/api/wallet/debit",
  "status": 500,
  "userId": 8,
  "ip": "[REDACTED]"
}

[90mstdout[2m | src/tests/integration/wallet-chaos.test.js[2m > [22m[2mWallet Chaos & Concurrency Tests[2m > [22m[2mconcurrent debits cannot create a negative balance
[22m[39m13:18:39 [[32mhttp[39m]: [32m[0mPOST /api/wallet/debit [31m500[0m 48.412 ms - 630[0m[39m

[90mstdout[2m | src/tests/integration/wallet-chaos.test.js[2m > [22m[2mWallet Chaos & Concurrency Tests[2m > [22m[2mconcurrent debits cannot create a negative balance
[22m[39m13:18:39 [[31merror[39m]: [31mRequest error Insufficient wallet balance (available: Γé╣0.00, required: Γé╣100.00)[39m
Error: Insufficient wallet balance (available: Γé╣0.00, required: Γé╣100.00)
    at C:\Users\hp\OneDrive\Desktop\seahawk-full_stack\backend\src\services\wallet.service.js:137:13
    at Proxy._transactionWithCallback (C:\Users\hp\OneDrive\Desktop\seahawk-full_stack\backend\node_modules\@prisma\client\runtime\library.js:130:8000)
    at C:\Users\hp\OneDrive\Desktop\seahawk-full_stack\backend\src\controllers\wallet.controller.js:283:22
  {
  "requestId": "4ed8eda4-fae5-4140-9501-cdc990ef5bbf",
  "method": "POST",
  "path": "/api/wallet/debit",
  "status": 500,
  "userId": 8,
  "ip": "[REDACTED]"
}

[90mstdout[2m | src/tests/integration/wallet-chaos.test.js[2m > [22m[2mWallet Chaos & Concurrency Tests[2m > [22m[2mconcurrent debits cannot create a negative balance
[22m[39m13:18:39 [[32mhttp[39m]: [32m[0mPOST /api/wallet/debit [31m500[0m 52.439 ms - 630[0m[39m

[90mstdout[2m | src/tests/integration/wallet-chaos.test.js[2m > [22m[2mWallet Chaos & Concurrency Tests[2m > [22m[2mconcurrent debits cannot create a negative balance
[22m[39m13:18:39 [[32mhttp[39m]: [32m[0mGET /api/wallet/CHAOSCL [32m200[0m 14.591 ms - -[0m[39m

[90mstdout[2m | src/tests/integration/wallet-chaos.test.js[2m > [22m[2mWallet Chaos & Concurrency Tests[2m > [22m[2mrapid interleaved credit/debit operations maintain consistency
[22m[39m13:18:39 [[32mhttp[39m]: [32m[0mGET /api/wallet/CHAOSCL [32m200[0m 7.057 ms - -[0m[39m

[90mstdout[2m | src/tests/integration/wallet-chaos.test.js[2m > [22m[2mWallet Chaos & Concurrency Tests[2m > [22m[2mrapid interleaved credit/debit operations maintain consistency
[22m[39m13:18:39 [[32mhttp[39m]: [32m[0mPOST /api/wallet/adjust [32m200[0m 16.927 ms - 105[0m[39m

[90mstdout[2m | src/tests/integration/wallet-chaos.test.js[2m > [22m[2mWallet Chaos & Concurrency Tests[2m > [22m[2mrapid interleaved credit/debit operations maintain consistency
[22m[39m13:18:39 [[32mhttp[39m]: [32m[0mPOST /api/wallet/debit [32m200[0m 16.789 ms - 102[0m[39m

[90mstdout[2m | src/tests/integration/wallet-chaos.test.js[2m > [22m[2mWallet Chaos & Concurrency Tests[2m > [22m[2mrapid interleaved credit/debit operations maintain consistency
[22m[39m13:18:39 [[32mhttp[39m]: [32m[0mPOST /api/wallet/adjust [32m200[0m 15.301 ms - 105[0m[39m

[90mstdout[2m | src/tests/integration/wallet-chaos.test.js[2m > [22m[2mWallet Chaos & Concurrency Tests[2m > [22m[2mrapid interleaved credit/debit operations maintain consistency
[22m[39m13:18:39 [[32mhttp[39m]: [32m[0mPOST /api/wallet/debit [32m200[0m 13.220 ms - 104[0m[39m

[90mstdout[2m | src/tests/integration/wallet-chaos.test.js[2m > [22m[2mWallet Chaos & Concurrency Tests[2m > [22m[2mrapid interleaved credit/debit operations maintain consistency
[22m[39m13:18:39 [[32mhttp[39m]: [32m[0mPOST /api/wallet/adjust [32m200[0m 15.556 ms - 104[0m[39m

[90mstdout[2m | src/tests/integration/wallet-chaos.test.js[2m > [22m[2mWallet Chaos & Concurrency Tests[2m > [22m[2mrapid interleaved credit/debit operations maintain consistency
[22m[39m13:18:39 [[32mhttp[39m]: [32m[0mGET /api/wallet/CHAOSCL [32m200[0m 9.584 ms - -[0m[39m

 [31mΓ¥»[39m [30m[45m integration [49m[39m src/tests/integration/wallet-chaos.test.js [2m([22m[2m3 tests[22m[2m | [22m[31m3 failed[39m[2m)[22m[33m 756[2mms[22m[39m
[31m   [31m├ù[31m Wallet Chaos & Concurrency Tests[2m > [22m5 concurrent credit adjustments all succeed and balance is correct[39m[32m 242[2mms[22m[39m
[31m     ΓåÆ expected '50' to be '050' // Object.is equality[39m
[31m   [31m├ù[31m Wallet Chaos & Concurrency Tests[2m > [22mconcurrent debits cannot create a negative balance[39m[32m 160[2mms[22m[39m
[31m     ΓåÆ actual value must be number or bigint, received "string"[39m
[31m   [31m├ù[31m Wallet Chaos & Concurrency Tests[2m > [22mrapid interleaved credit/debit operations maintain consistency[39m[32m 171[2mms[22m[39m
[31m     ΓåÆ expected '200' to be '0200' // Object.is equality[39m
[90mstderr[2m | src/tests/integration/shipmentLifecycle.integration.test.js
[22m[39m[Sentry] @sentry/node not installed ΓÇö skipping. Run: npm install @sentry/node

[90mstdout[2m | src/tests/integration/shipmentLifecycle.integration.test.js[2m > [22m[2mShipment Lifecycle Integration
[22m[39m13:18:40 [[32minfo[39m]: [32mLogin: [EMAIL] [ADMIN][39m

[90mstdout[2m | src/tests/integration/shipmentLifecycle.integration.test.js[2m > [22m[2mShipment Lifecycle Integration
[22m[39m13:18:40 [[32mhttp[39m]: [32m[0mPOST /api/auth/login [32m200[0m 208.420 ms - 609[0m[39m

[90mstdout[2m | src/tests/integration/shipmentLifecycle.integration.test.js[2m > [22m[2mShipment Lifecycle Integration[2m > [22m[2mFull Shipment Lifecycle (Booked -> InTransit -> Delivered -> Terminal Lock)
[22m[39m13:18:40 [[32mhttp[39m]: [32m[0mPOST /api/shipments [32m201[0m 43.467 ms - 751[0m[39m

 [31mΓ¥»[39m [30m[45m integration [49m[39m src/tests/integration/shipmentLifecycle.integration.test.js [2m([22m[2m1 test[22m[2m | [22m[31m1 failed[39m[2m)[22m[33m 638[2mms[22m[39m
[31m   [31m├ù[31m Shipment Lifecycle Integration[2m > [22mFull Shipment Lifecycle (Booked -> InTransit -> Delivered -> Terminal Lock)[39m[32m 87[2mms[22m[39m
[31m     ΓåÆ expected 150 to be 150 // Object.is equality[39m
[90mstderr[2m | src/tests/integration/trackingPipeline.integration.test.js
[22m[39m[Sentry] @sentry/node not installed ΓÇö skipping. Run: npm install @sentry/node

[90mstdout[2m | src/tests/integration/trackingPipeline.integration.test.js[2m > [22m[2mTracking Pipeline Integration
[22m[39m13:18:41 [[32minfo[39m]: [32mLogin: [EMAIL] [ADMIN][39m

[90mstdout[2m | src/tests/integration/trackingPipeline.integration.test.js[2m > [22m[2mTracking Pipeline Integration
[22m[39m13:18:41 [[32mhttp[39m]: [32m[0mPOST /api/auth/login [32m200[0m 201.866 ms - 608[0m[39m

[90mstdout[2m | src/tests/integration/trackingPipeline.integration.test.js[2m > [22m[2mTracking Pipeline Integration[2m > [22m[2mScan (captureOnly) creates a new placeholder shipment
[22m[39m13:18:41 [[32mhttp[39m]: [32m[0mPOST /api/shipments/scan [32m200[0m 470.473 ms - -[0m[39m

[90mstdout[2m | src/tests/integration/trackingPipeline.integration.test.js[2m > [22m[2mTracking Pipeline Integration[2m > [22m[2mRe-scanning an existing AWB updates instead of creating a duplicate
[22m[39m13:18:42 [[32mhttp[39m]: [32m[0mPOST /api/shipments/scan [32m200[0m 218.733 ms - -[0m[39m

[90mstdout[2m | src/tests/integration/trackingPipeline.integration.test.js[2m > [22m[2mTracking Pipeline Integration[2m > [22m[2mRe-scanning an existing AWB updates instead of creating a duplicate
[22m[39m13:18:42 [[32minfo[39m]: [32m[AWB Master] PIPE_DUPE_001: client=NA consignee=NA dest=NA pin=NA wt=0.5 layers=shipment[39m

[90mstdout[2m | src/tests/integration/trackingPipeline.integration.test.js[2m > [22m[2mTracking Pipeline Integration[2m > [22m[2mRe-scanning an existing AWB updates instead of creating a duplicate
[22m[39m13:18:42 [[32mhttp[39m]: [32m[0mPOST /api/shipments/scan [32m200[0m 183.472 ms - -[0m[39m

[90mstdout[2m | src/tests/integration/trackingPipeline.integration.test.js[2m > [22m[2mTracking Pipeline Integration[2m > [22m[2mAuto-detects courier when set to AUTO
[22m[39m13:18:42 [[32mhttp[39m]: [32m[0mPOST /api/shipments/scan [32m200[0m 33.944 ms - -[0m[39m

[90mstdout[2m | src/tests/integration/trackingPipeline.integration.test.js[2m > [22m[2mTracking Pipeline Integration[2m > [22m[2mScanned shipment can transition through the lifecycle
[22m[39m13:18:42 [[32mhttp[39m]: [32m[0mPOST /api/shipments/scan [32m200[0m 174.487 ms - -[0m[39m

[90mstdout[2m | src/tests/integration/trackingPipeline.integration.test.js[2m > [22m[2mTracking Pipeline Integration[2m > [22m[2mScanned shipment can transition through the lifecycle
[22m[39m13:18:42 [[32mhttp[39m]: [32m[0mPATCH /api/shipments/40/status [32m200[0m 63.219 ms - 753[0m[39m

[90mstdout[2m | src/tests/integration/trackingPipeline.integration.test.js[2m > [22m[2mTracking Pipeline Integration[2m > [22m[2mScanned shipment can transition through the lifecycle
[22m[39m13:18:42 [[32mhttp[39m]: [32m[0mPATCH /api/shipments/40/status [32m200[0m 42.277 ms - 754[0m[39m

[90mstdout[2m | src/tests/integration/trackingPipeline.integration.test.js[2m > [22m[2mTracking Pipeline Integration[2m > [22m[2mScanned shipment can transition through the lifecycle
[22m[39m13:18:42 [[32mhttp[39m]: [32m[0mPATCH /api/shipments/40/status [32m200[0m 45.556 ms - 759[0m[39m

[90mstdout[2m | src/tests/integration/trackingPipeline.integration.test.js[2m > [22m[2mTracking Pipeline Integration[2m > [22m[2mScanned shipment can transition through the lifecycle
[22m[39m13:18:42 [[32mhttp[39m]: [32m[0mPATCH /api/shipments/40/status [32m200[0m 43.908 ms - 754[0m[39m

[90mstdout[2m | src/tests/integration/trackingPipeline.integration.test.js[2m > [22m[2mTracking Pipeline Integration[2m > [22m[2mPre-existing shipment is enriched when re-scanned with new data
[22m[39m13:18:42 [[32minfo[39m]: [32m[AWB Master] PIPE_ENRICH_001: client=NA consignee=NA dest=NA pin=NA wt=NA layers=shipment[39m

[90mstdout[2m | src/tests/integration/trackingPipeline.integration.test.js[2m > [22m[2mTracking Pipeline Integration[2m > [22m[2mPre-existing shipment is enriched when re-scanned with new data
[22m[39m13:18:43 [[32mhttp[39m]: [32m[0mPOST /api/shipments/scan [32m200[0m 240.399 ms - -[0m[39m

 [32mΓ£ô[39m [30m[45m integration [49m[39m src/tests/integration/trackingPipeline.integration.test.js [2m([22m[2m5 tests[22m[2m)[22m[33m 2346[2mms[22m[39m
   [33m[2mΓ£ô[22m[39m Tracking Pipeline Integration[2m > [22mScan (captureOnly) creates a new placeholder shipment [33m 487[2mms[22m[39m
   [33m[2mΓ£ô[22m[39m Tracking Pipeline Integration[2m > [22mRe-scanning an existing AWB updates instead of creating a duplicate [33m 430[2mms[22m[39m
   [33m[2mΓ£ô[22m[39m Tracking Pipeline Integration[2m > [22mScanned shipment can transition through the lifecycle [33m 426[2mms[22m[39m
[90mstdout[2m | src/tests/integration/agent.e2e.test.js[2m > [22m[2mHawkAI Agent E2E Tests ΓÇö /api/ops/agent/*[2m > [22m[2mPOST /api/ops/agent/chat[2m > [22m[2mOWNER token ΓåÆ 200 with reply
[22m[39m13:18:44 [[32mhttp[39m]: [32m[0mPOST /api/ops/agent/chat [32m200[0m 1455.295 ms - 418[0m[39m

[90mstdout[2m | src/tests/integration/agent.e2e.test.js[2m > [22m[2mHawkAI Agent E2E Tests ΓÇö /api/ops/agent/*[2m > [22m[2mPOST /api/ops/agent/chat[2m > [22m[2mADMIN token ΓåÆ 403 Forbidden
[22m[39m13:18:44 [[32mhttp[39m]: [32m[0mPOST /api/ops/agent/chat [33m403[0m 16.835 ms - 52[0m[39m

[90mstdout[2m | src/tests/integration/agent.e2e.test.js[2m > [22m[2mHawkAI Agent E2E Tests ΓÇö /api/ops/agent/*[2m > [22m[2mPOST /api/ops/agent/chat[2m > [22m[2mSTAFF token ΓåÆ 403 Forbidden
[22m[39m13:18:44 [[32mhttp[39m]: [32m[0mPOST /api/ops/agent/chat [33m403[0m 7.728 ms - 52[0m[39m

[90mstdout[2m | src/tests/integration/agent.e2e.test.js[2m > [22m[2mHawkAI Agent E2E Tests ΓÇö /api/ops/agent/*[2m > [22m[2mPOST /api/ops/agent/chat[2m > [22m[2mCLIENT token ΓåÆ 403 Forbidden
[22m[39m13:18:44 [[32mhttp[39m]: [32m[0mPOST /api/ops/agent/chat [33m403[0m 7.387 ms - 52[0m[39m

[90mstdout[2m | src/tests/integration/agent.e2e.test.js[2m > [22m[2mHawkAI Agent E2E Tests ΓÇö /api/ops/agent/*[2m > [22m[2mPOST /api/ops/agent/chat[2m > [22m[2mNo auth ΓåÆ 401 Unauthorized
[22m[39m13:18:44 [[32mhttp[39m]: [32m[0mPOST /api/ops/agent/chat [33m401[0m 1.868 ms - 54[0m[39m

[90mstdout[2m | src/tests/integration/agent.e2e.test.js[2m > [22m[2mHawkAI Agent E2E Tests ΓÇö /api/ops/agent/*[2m > [22m[2mPOST /api/ops/agent/chat[2m > [22m[2mEmpty message ΓåÆ 400 Bad Request
[22m[39m13:18:44 [[32mhttp[39m]: [32m[0mPOST /api/ops/agent/chat [33m400[0m 3.669 ms - 49[0m[39m

[90mstdout[2m | src/tests/integration/agent.e2e.test.js[2m > [22m[2mHawkAI Agent E2E Tests ΓÇö /api/ops/agent/*[2m > [22m[2mPOST /api/ops/agent/chat[2m > [22m[2mMissing message field ΓåÆ 400 Bad Request
[22m[39m13:18:44 [[32mhttp[39m]: [32m[0mPOST /api/ops/agent/chat [33m400[0m 4.490 ms - 49[0m[39m

[90mstdout[2m | src/tests/integration/agent.e2e.test.js[2m > [22m[2mHawkAI Agent E2E Tests ΓÇö /api/ops/agent/*[2m > [22m[2mPOST /api/ops/agent/chat[2m > [22m[2mMessage exceeding 2000 chars ΓåÆ 400 Bad Request
[22m[39m13:18:44 [[32mhttp[39m]: [32m[0mPOST /api/ops/agent/chat [33m400[0m 3.372 ms - 46[0m[39m

[90mstdout[2m | src/tests/integration/agent.e2e.test.js[2m > [22m[2mHawkAI Agent E2E Tests ΓÇö /api/ops/agent/*[2m > [22m[2mPOST /api/ops/agent/chat[2m > [22m[2mreply includes suggestions array
[22m[39m13:18:45 [[32mhttp[39m]: [32m[0mPOST /api/ops/agent/chat [32m200[0m 38.275 ms - 418[0m[39m

[90mstdout[2m | src/tests/integration/agent.e2e.test.js[2m > [22m[2mHawkAI Agent E2E Tests ΓÇö /api/ops/agent/*[2m > [22m[2mPOST /api/ops/agent/chat[2m > [22m[2mmulti-turn: second message in same session continues flow
[22m[39m13:18:45 [[32mhttp[39m]: [32m[0mPOST /api/ops/agent/chat [32m200[0m 48.054 ms - 857[0m[39m

[90mstdout[2m | src/tests/integration/agent.e2e.test.js[2m > [22m[2mHawkAI Agent E2E Tests ΓÇö /api/ops/agent/*[2m > [22m[2mGET /api/ops/agent/memory[2m > [22m[2mOWNER ΓåÆ 200
[22m[39m13:18:45 [[32mhttp[39m]: [32m[0mGET /api/ops/agent/memory [32m200[0m 28.150 ms - 103[0m[39m

[90mstdout[2m | src/tests/integration/agent.e2e.test.js[2m > [22m[2mHawkAI Agent E2E Tests ΓÇö /api/ops/agent/*[2m > [22m[2mGET /api/ops/agent/memory[2m > [22m[2mADMIN ΓåÆ 403
[22m[39m13:18:45 [[32mhttp[39m]: [32m[0mGET /api/ops/agent/memory [33m403[0m 3.305 ms - 52[0m[39m

[90mstdout[2m | src/tests/integration/agent.e2e.test.js[2m > [22m[2mHawkAI Agent E2E Tests ΓÇö /api/ops/agent/*[2m > [22m[2mGET /api/ops/agent/memory[2m > [22m[2mSTAFF ΓåÆ 403
[22m[39m13:18:45 [[32mhttp[39m]: [32m[0mGET /api/ops/agent/memory [33m403[0m 3.346 ms - 52[0m[39m

[90mstdout[2m | src/tests/integration/agent.e2e.test.js[2m > [22m[2mHawkAI Agent E2E Tests ΓÇö /api/ops/agent/*[2m > [22m[2mGET /api/ops/agent/memory[2m > [22m[2mNo auth ΓåÆ 401
[22m[39m13:18:45 [[32mhttp[39m]: [32m[0mGET /api/ops/agent/memory [33m401[0m 1.081 ms - 54[0m[39m

[90mstdout[2m | src/tests/integration/agent.e2e.test.js[2m > [22m[2mHawkAI Agent E2E Tests ΓÇö /api/ops/agent/*[2m > [22m[2mGET /api/ops/agent/history[2m > [22m[2mOWNER ΓåÆ 200 with array data
[22m[39m13:18:45 [[32mhttp[39m]: [32m[0mGET /api/ops/agent/history [32m200[0m 33.073 ms - 46[0m[39m

[90mstdout[2m | src/tests/integration/agent.e2e.test.js[2m > [22m[2mHawkAI Agent E2E Tests ΓÇö /api/ops/agent/*[2m > [22m[2mGET /api/ops/agent/history[2m > [22m[2mSTAFF ΓåÆ 403
[22m[39m13:18:45 [[32mhttp[39m]: [32m[0mGET /api/ops/agent/history [33m403[0m 3.267 ms - 52[0m[39m

[90mstdout[2m | src/tests/integration/agent.e2e.test.js[2m > [22m[2mHawkAI Agent E2E Tests ΓÇö /api/ops/agent/*[2m > [22m[2mPOST /api/ops/agent/teach[2m > [22m[2mOWNER ΓåÆ 200
[22m[39m13:18:45 [[32mhttp[39m]: [32m[0mPOST /api/ops/agent/teach [32m200[0m 11.236 ms - 111[0m[39m

[90mstdout[2m | src/tests/integration/agent.e2e.test.js[2m > [22m[2mHawkAI Agent E2E Tests ΓÇö /api/ops/agent/*[2m > [22m[2mPOST /api/ops/agent/teach[2m > [22m[2mMissing required fields ΓåÆ 400
[22m[39m13:18:45 [[32mhttp[39m]: [32m[0mPOST /api/ops/agent/teach [33m400[0m 3.702 ms - 77[0m[39m

[90mstdout[2m | src/tests/integration/agent.e2e.test.js[2m > [22m[2mHawkAI Agent E2E Tests ΓÇö /api/ops/agent/*[2m > [22m[2mPOST /api/ops/agent/teach[2m > [22m[2mSTAFF ΓåÆ 403
[22m[39m13:18:45 [[32mhttp[39m]: [32m[0mPOST /api/ops/agent/teach [33m403[0m 3.871 ms - 52[0m[39m

 [32mΓ£ô[39m [30m[45m integration [49m[39m src/tests/integration/agent.e2e.test.js [2m([22m[2m19 tests[22m[2m)[22m[33m 2131[2mms[22m[39m
   [33m[2mΓ£ô[22m[39m HawkAI Agent E2E Tests ΓÇö /api/ops/agent/*[2m > [22mPOST /api/ops/agent/chat[2m > [22mOWNER token ΓåÆ 200 with reply [33m 1463[2mms[22m[39m
[90mstdout[2m | src/tests/integration/shipment.e2e.test.js[2m > [22m[2mShipment End-to-End Integration Tests
[22m[39m13:18:45 [[32minfo[39m]: [32mLogin: [EMAIL] [ADMIN][39m

[90mstdout[2m | src/tests/integration/shipment.e2e.test.js[2m > [22m[2mShipment End-to-End Integration Tests
[22m[39m13:18:45 [[32mhttp[39m]: [32m[0mPOST /api/auth/login [32m200[0m 200.193 ms - 620[0m[39m

[90mstdout[2m | src/tests/integration/shipment.e2e.test.js[2m > [22m[2mShipment End-to-End Integration Tests[2m > [22m[2mGET /api/shipments -> returns paginated shipment list
[22m[39m13:18:46 [[32mhttp[39m]: [32m[0mGET /api/shipments?page=1&limit=10 [32m200[0m 167.382 ms - -[0m[39m

[90mstdout[2m | src/tests/integration/shipment.e2e.test.js[2m > [22m[2mShipment End-to-End Integration Tests[2m > [22m[2mPOST /api/shipments -> creates a new shipment
[22m[39m13:18:46 [[32mhttp[39m]: [32m[0mPOST /api/shipments [32m201[0m 42.703 ms - 755[0m[39m

[90mstdout[2m | src/tests/integration/shipment.e2e.test.js[2m > [22m[2mShipment End-to-End Integration Tests[2m > [22m[2mPOST /api/shipments?dryRun=1 -> simulates without writing to DB
[22m[39m13:18:46 [[32mhttp[39m]: [32m[0mPOST /api/shipments?dryRun=1 [32m200[0m 16.819 ms - 476[0m[39m

[90mstdout[2m | src/tests/integration/shipment.e2e.test.js[2m > [22m[2mShipment End-to-End Integration Tests[2m > [22m[2mGET /api/shipments/:id -> fetches a single shipment by ID
[22m[39m13:18:46 [[32mhttp[39m]: [32m[0mGET /api/shipments/43 [32m200[0m 16.898 ms - -[0m[39m

[90mstdout[2m | src/tests/integration/shipment.e2e.test.js[2m > [22m[2mShipment End-to-End Integration Tests[2m > [22m[2mPUT /api/shipments/:id -> updates shipment details
[22m[39m13:18:46 [[32mhttp[39m]: [32m[0mPUT /api/shipments/44 [32m200[0m 33.440 ms - 708[0m[39m

[90mstdout[2m | src/tests/integration/shipment.e2e.test.js[2m > [22m[2mShipment End-to-End Integration Tests[2m > [22m[2mPATCH /api/shipments/:id/manual-status -> force updates status and writes tracking event
[22m[39m13:18:46 [[32mhttp[39m]: [32m[0mPATCH /api/shipments/45/manual-status [32m200[0m 37.700 ms - 776[0m[39m

[90mstdout[2m | src/tests/integration/shipment.e2e.test.js[2m > [22m[2mShipment End-to-End Integration Tests[2m > [22m[2mPATCH /api/shipments/:id/status -> invalid transition returns 400, not 500
[22m[39m13:18:46 [[31merror[39m]: [31mRequest error Invalid status transition: "Booked" ΓåÆ "In Transit". Allowed: Picked Up, Cancelled[39m
Error: Invalid status transition: "Booked" ΓåÆ "In Transit". Allowed: Picked Up, Cancelled
    at Object.updateStatus (C:\Users\hp\OneDrive\Desktop\seahawk-full_stack\backend\src\services\shipment.service.js:364:13)
    at C:\Users\hp\OneDrive\Desktop\seahawk-full_stack\backend\src\controllers\shipment.controller.js:75:15
  {
  "requestId": "43878c01-466b-4250-a876-98e244c6a1ae",
  "method": "PATCH",
  "path": "/api/shipments/46/status",
  "status": 400,
  "userId": 15,
  "ip": "[REDACTED]"
}

[90mstdout[2m | src/tests/integration/shipment.e2e.test.js[2m > [22m[2mShipment End-to-End Integration Tests[2m > [22m[2mPATCH /api/shipments/:id/status -> invalid transition returns 400, not 500
[22m[39m13:18:46 [[32mhttp[39m]: [32m[0mPATCH /api/shipments/46/status [33m400[0m 22.108 ms - 169[0m[39m

[90mstdout[2m | src/tests/integration/shipment.e2e.test.js[2m > [22m[2mShipment End-to-End Integration Tests[2m > [22m[2mPOST /api/ndr -> records NDR atomically even when notification hook is unavailable
[22m[39m13:18:46 [[33mwarn[39m]: [33m[NDR] Notification skipped: notify.ndrAlert is not configured[39m

[90mstdout[2m | src/tests/integration/shipment.e2e.test.js[2m > [22m[2mShipment End-to-End Integration Tests[2m > [22m[2mPOST /api/ndr -> records NDR atomically even when notification hook is unavailable
[22m[39m13:18:46 [[32mhttp[39m]: [32m[0mPOST /api/ndr [32m201[0m 25.229 ms - 305[0m[39m

[90mstdout[2m | src/tests/integration/shipment.e2e.test.js[2m > [22m[2mShipment End-to-End Integration Tests[2m > [22m[2mDELETE /api/shipments/:id -> deletes a shipment (ADMIN only)
[22m[39m13:18:46 [[32mhttp[39m]: [32m[0mDELETE /api/shipments/48 [32m200[0m 51.817 ms - 57[0m[39m

[90mstdout[2m | src/tests/integration/shipment.e2e.test.js[2m > [22m[2mShipment End-to-End Integration Tests[2m > [22m[2mGET /api/shipments/stats/today -> returns today stats
[22m[39m13:18:46 [[32mhttp[39m]: [32m[0mGET /api/shipments/stats/today [32m200[0m 18.814 ms - -[0m[39m

[90mstdout[2m | src/tests/integration/shipment.e2e.test.js[2m > [22m[2mShipment End-to-End Integration Tests[2m > [22m[2mGET /api/shipments/stats/monthly -> returns monthly stats
[22m[39m13:18:46 [[32mhttp[39m]: [32m[0mGET /api/shipments/stats/monthly [32m200[0m 9.611 ms - 732[0m[39m

[90mstdout[2m | src/tests/integration/shipment.e2e.test.js[2m > [22m[2mShipment End-to-End Integration Tests[2m > [22m[2mPOST /api/shipments -> rejects unauthenticated requests
[22m[39m13:18:46 [[32mhttp[39m]: [32m[0mPOST /api/shipments [33m401[0m 1.342 ms - 54[0m[39m

 [32mΓ£ô[39m [30m[45m integration [49m[39m src/tests/integration/shipment.e2e.test.js [2m([22m[2m12 tests[22m[2m)[22m[33m 1236[2mms[22m[39m
[90mstderr[2m | src/tests/integration/dataConsistency.integration.test.js
[22m[39m[Sentry] @sentry/node not installed ΓÇö skipping. Run: npm install @sentry/node

[90mstdout[2m | src/tests/integration/dataConsistency.integration.test.js[2m > [22m[2mData Consistency & Integrity Integration
[22m[39m13:18:47 [[32minfo[39m]: [32mLogin: [EMAIL] [ADMIN][39m

[90mstdout[2m | src/tests/integration/dataConsistency.integration.test.js[2m > [22m[2mData Consistency & Integrity Integration
[22m[39m13:18:47 [[32mhttp[39m]: [32m[0mPOST /api/auth/login [32m200[0m 201.808 ms - 611[0m[39m

[90mstdout[2m | src/tests/integration/dataConsistency.integration.test.js[2m > [22m[2mData Consistency & Integrity Integration[2m > [22m[2mCreating a shipment generates a CREATE audit log
[22m[39m13:18:47 [[32mhttp[39m]: [32m[0mPOST /api/shipments [32m201[0m 58.763 ms - 738[0m[39m

[90mstdout[2m | src/tests/integration/dataConsistency.integration.test.js[2m > [22m[2mData Consistency & Integrity Integration[2m > [22m[2mCreating a shipment generates a CREATE audit log
[22m[39m13:18:47 [[32mhttp[39m]: [32m[0mGET /api/audit [32m200[0m 20.795 ms - -[0m[39m

[90mstdout[2m | src/tests/integration/dataConsistency.integration.test.js[2m > [22m[2mData Consistency & Integrity Integration[2m > [22m[2mUpdating a shipment generates an UPDATE audit log
[22m[39m13:18:47 [[32mhttp[39m]: [32m[0mPOST /api/shipments [32m201[0m 34.249 ms - 740[0m[39m

[90mstdout[2m | src/tests/integration/dataConsistency.integration.test.js[2m > [22m[2mData Consistency & Integrity Integration[2m > [22m[2mUpdating a shipment generates an UPDATE audit log
[22m[39m13:18:47 [[32mhttp[39m]: [32m[0mPUT /api/shipments/50 [32m200[0m 33.648 ms - 725[0m[39m

[90mstdout[2m | src/tests/integration/dataConsistency.integration.test.js[2m > [22m[2mData Consistency & Integrity Integration[2m > [22m[2mUpdating a shipment generates an UPDATE audit log
[22m[39m13:18:47 [[32mhttp[39m]: [32m[0mGET /api/audit [32m200[0m 28.210 ms - -[0m[39m

[90mstdout[2m | src/tests/integration/dataConsistency.integration.test.js[2m > [22m[2mData Consistency & Integrity Integration[2m > [22m[2mBulk import records correctly to the import ledger (via bulk endpoint)
[22m[39m13:18:47 [[32mhttp[39m]: [32m[0mPOST /api/shipments/import [32m200[0m 95.069 ms - 181[0m[39m

[90mstdout[2m | src/tests/integration/dataConsistency.integration.test.js[2m > [22m[2mData Consistency & Integrity Integration[2m > [22m[2mAPI normalizes AWB and text fields correctly
[22m[39m13:18:47 [[32mhttp[39m]: [32m[0mPOST /api/shipments [32m201[0m 47.926 ms - 756[0m[39m

[90mstdout[2m | src/tests/integration/dataConsistency.integration.test.js[2m > [22m[2mData Consistency & Integrity Integration
[22m[39m13:18:47 [[31merror[39m]: [31mPrisma error: [39m
[31mInvalid `prisma.$executeRawUnsafe()` invocation:[39m


[31mRaw query failed. Code: `42P01`. Message: `relation "import_ledger" does not exist`[39m
  {
  "target": "$executeRawUnsafe"
}

[90mstdout[2m | src/tests/integration/dataConsistency.integration.test.js[2m > [22m[2mData Consistency & Integrity Integration
[22m[39m13:18:47 [[31merror[39m]: [31mPrisma error: [39m
[31mInvalid `prisma.client.deleteMany()` invocation in[39m
[31mC:\Users\hp\OneDrive\Desktop\seahawk-full_stack\backend\src\tests\integration\dataConsistency.integration.test.js:63:31[39m

[31m  60 await prisma.shipment.deleteMany({ where: { awb: { startsWith: 'DATA_' } } });[39m
[31m  61 try { await prisma.$executeRawUnsafe(`DELETE FROM "import_ledger" WHERE "client_code" = 'DATA_CLIENT'`); } catch {}[39m
[31m  62 try { await prisma.shipmentImportRow.deleteMany({ where: { clientCode: 'DATA_CLIENT' } }); } catch {}[39m
[31mΓåÆ 63 try { await prisma.client.deleteMany([39m
[31mError occurred during query execution:[39m
[31mConnectorError(ConnectorError { user_facing_error: None, kind: QueryError(PostgresError { code: "23001", message: "update or delete on table \"clients\" violates RESTRICT setting of foreign key constraint \"wallet_transactions_client_code_fkey\" on table \"wallet_transactions\"", severity: "ERROR", detail: Some("Key (code)=(DATA_CLIENT) is referenced from table \"wallet_transactions\"."), column: None, hint: None }), transient: false })[39m
  {
  "target": "client.deleteMany"
}

 [32mΓ£ô[39m [30m[45m integration [49m[39m src/tests/integration/dataConsistency.integration.test.js [2m([22m[2m4 tests[22m[2m)[22m[33m 1170[2mms[22m[39m
[90mstdout[2m | src/tests/integration/developerHub.e2e.test.js[2m > [22m[2mDeveloper Hub End-to-End Integration Tests
[22m[39m13:18:48 [[32minfo[39m]: [32mLogin: [EMAIL] [CLIENT][39m

[90mstdout[2m | src/tests/integration/developerHub.e2e.test.js[2m > [22m[2mDeveloper Hub End-to-End Integration Tests
[22m[39m13:18:48 [[32mhttp[39m]: [32m[0mPOST /api/auth/login [32m200[0m 215.157 ms - 668[0m[39m

[90mstdout[2m | src/tests/integration/developerHub.e2e.test.js[2m > [22m[2mDeveloper Hub End-to-End Integration Tests[2m > [22m[2mconfigures provider mapping and creates a live developer API key
[22m[39m13:18:48 [[32mhttp[39m]: [32m[0mPOST /api/portal/developer/integrations/settings [32m200[0m 28.089 ms - 656[0m[39m

[90mstdout[2m | src/tests/integration/developerHub.e2e.test.js[2m > [22m[2mDeveloper Hub End-to-End Integration Tests[2m > [22m[2mconfigures provider mapping and creates a live developer API key
[22m[39m13:18:48 [[32mhttp[39m]: [32m[0mPOST /api/portal/developer/keys [32m200[0m 31.024 ms - 251[0m[39m

[90mstdout[2m | src/tests/integration/developerHub.e2e.test.js[2m > [22m[2mDeveloper Hub End-to-End Integration Tests[2m > [22m[2mconfigures provider mapping and creates a live developer API key
[22m[39m13:18:48 [[32mhttp[39m]: [32m[0mGET /api/portal/developer/keys [32m200[0m 10.861 ms - 289[0m[39m

[90mstdout[2m | src/tests/integration/developerHub.e2e.test.js[2m > [22m[2mDeveloper Hub End-to-End Integration Tests[2m > [22m[2mingests ecommerce webhook into draft queue and enforces idempotency replay
[22m[39m13:18:48 [[32minfo[39m]: [32m[ENV] production route hit[39m
  {
  "path": "/api/public/integrations/ecommerce/custom/DEV1777794527874",
  "method": "POST",
  "provider": "custom",
  "clientCode": "DEV1777794527874"
}

[90mstdout[2m | src/tests/integration/developerHub.e2e.test.js[2m > [22m[2mDeveloper Hub End-to-End Integration Tests[2m > [22m[2mingests ecommerce webhook into draft queue and enforces idempotency replay
[22m[39m13:18:48 [[32mhttp[39m]: [32m[0mPOST /api/public/integrations/ecommerce/custom/DEV1777794527874 [32m201[0m 49.338 ms - 214[0m[39m

[90mstdout[2m | src/tests/integration/developerHub.e2e.test.js[2m > [22m[2mDeveloper Hub End-to-End Integration Tests[2m > [22m[2mingests ecommerce webhook into draft queue and enforces idempotency replay
[22m[39m13:18:48 [[32minfo[39m]: [32m[ENV] production route hit[39m
  {
  "path": "/api/public/integrations/ecommerce/custom/DEV1777794527874",
  "method": "POST",
  "provider": "custom",
  "clientCode": "DEV1777794527874"
}

[90mstdout[2m | src/tests/integration/developerHub.e2e.test.js[2m > [22m[2mDeveloper Hub End-to-End Integration Tests[2m > [22m[2mingests ecommerce webhook into draft queue and enforces idempotency replay
[22m[39m13:18:48 [[32mhttp[39m]: [32m[0mPOST /api/public/integrations/ecommerce/custom/DEV1777794527874 [32m200[0m 6.891 ms - 164[0m[39m

[90mstdout[2m | src/tests/integration/developerHub.e2e.test.js[2m > [22m[2mDeveloper Hub End-to-End Integration Tests[2m > [22m[2mrejects order ingestion if API key lacks orders:create scope
[22m[39m13:18:48 [[32mhttp[39m]: [32m[0mPOST /api/portal/developer/keys [32m200[0m 30.135 ms - 198[0m[39m

[90mstdout[2m | src/tests/integration/developerHub.e2e.test.js[2m > [22m[2mDeveloper Hub End-to-End Integration Tests[2m > [22m[2mrejects order ingestion if API key lacks orders:create scope
[22m[39m13:18:48 [[32minfo[39m]: [32m[ENV] production route hit[39m
  {
  "path": "/api/public/integrations/ecommerce/custom/DEV1777794527874",
  "method": "POST",
  "provider": "custom",
  "clientCode": "DEV1777794527874"
}

[90mstdout[2m | src/tests/integration/developerHub.e2e.test.js[2m > [22m[2mDeveloper Hub End-to-End Integration Tests[2m > [22m[2mrejects order ingestion if API key lacks orders:create scope
[22m[39m13:18:48 [[32mhttp[39m]: [32m[0mPOST /api/public/integrations/ecommerce/custom/DEV1777794527874 [33m403[0m 6.447 ms - 97[0m[39m

[90mstdout[2m | src/tests/integration/developerHub.e2e.test.js[2m > [22m[2mDeveloper Hub End-to-End Integration Tests[2m > [22m[2mexposes developer hub events/logs with scoped key policy
[22m[39m13:18:48 [[32mhttp[39m]: [32m[0mGET /api/portal/developer/integrations/events?limit=50 [32m200[0m 25.250 ms - 383[0m[39m

[90mstdout[2m | src/tests/integration/developerHub.e2e.test.js[2m > [22m[2mDeveloper Hub End-to-End Integration Tests[2m > [22m[2mexposes developer hub events/logs with scoped key policy
[22m[39m13:18:48 [[32mhttp[39m]: [32m[0mGET /api/portal/developer/integrations/logs?provider=custom&limit=30 [32m200[0m 14.486 ms - 359[0m[39m

[90mstdout[2m | src/tests/integration/developerHub.e2e.test.js[2m > [22m[2mDeveloper Hub End-to-End Integration Tests[2m > [22m[2msupports sandbox mode where webhook is accepted without draft creation
[22m[39m13:18:48 [[32mhttp[39m]: [32m[0mPATCH /api/portal/developer/keys/1/policy [32m200[0m 19.107 ms - 155[0m[39m

[90mstdout[2m | src/tests/integration/developerHub.e2e.test.js[2m > [22m[2mDeveloper Hub End-to-End Integration Tests[2m > [22m[2msupports sandbox mode where webhook is accepted without draft creation
[22m[39m13:18:48 [[32minfo[39m]: [32m[ENV] production route hit[39m
  {
  "path": "/api/public/integrations/ecommerce/custom/DEV1777794527874",
  "method": "POST",
  "provider": "custom",
  "clientCode": "DEV1777794527874"
}

[90mstdout[2m | src/tests/integration/developerHub.e2e.test.js[2m > [22m[2mDeveloper Hub End-to-End Integration Tests[2m > [22m[2msupports sandbox mode where webhook is accepted without draft creation
[22m[39m13:18:48 [[32mhttp[39m]: [32m[0mPOST /api/public/integrations/ecommerce/custom/DEV1777794527874 [32m202[0m 8.754 ms - 229[0m[39m

 [32mΓ£ô[39m [30m[45m integration [49m[39m src/tests/integration/developerHub.e2e.test.js [2m([22m[2m5 tests[22m[2m)[22m[33m 900[2mms[22m[39m
[90mstdout[2m | src/tests/integration/returns.e2e.test.js[2m > [22m[2mReturns End-to-End Integration Tests
[22m[39m13:18:49 [[32minfo[39m]: [32mLogin: [EMAIL] [ADMIN][39m

[90mstdout[2m | src/tests/integration/returns.e2e.test.js[2m > [22m[2mReturns End-to-End Integration Tests
[22m[39m13:18:49 [[32mhttp[39m]: [32m[0mPOST /api/auth/login [32m200[0m 213.323 ms - 643[0m[39m

[90mstdout[2m | src/tests/integration/returns.e2e.test.js[2m > [22m[2mReturns End-to-End Integration Tests
[22m[39m13:18:49 [[32minfo[39m]: [32mLogin: [EMAIL] [CLIENT][39m

[90mstdout[2m | src/tests/integration/returns.e2e.test.js[2m > [22m[2mReturns End-to-End Integration Tests
[22m[39m13:18:49 [[32mhttp[39m]: [32m[0mPOST /api/auth/login [32m200[0m 201.564 ms - 664[0m[39m

[90mstdout[2m | src/tests/integration/returns.e2e.test.js[2m > [22m[2mReturns End-to-End Integration Tests[2m > [22m[2mclient creates SELF_SHIP return and can view portal timeline
[22m[39m13:18:49 [[32minfo[39m]: [32mReturn request created: #1 for AWB RET-AWB-1777794528805[39m
  {
  "clientCode": "RET1777794528805"
}

[90mstdout[2m | src/tests/integration/returns.e2e.test.js[2m > [22m[2mReturns End-to-End Integration Tests[2m > [22m[2mclient creates SELF_SHIP return and can view portal timeline
[22m[39m13:18:49 [[32mhttp[39m]: [32m[0mPOST /api/portal/returns [32m200[0m 52.747 ms - -[0m[39m

[90mstdout[2m | src/tests/integration/returns.e2e.test.js[2m > [22m[2mReturns End-to-End Integration Tests[2m > [22m[2mclient creates SELF_SHIP return and can view portal timeline
[22m[39m13:18:49 [[32mhttp[39m]: [32m[0mGET /api/portal/returns/1/timeline?limit=20 [32m200[0m 26.033 ms - 361[0m[39m

[90mstdout[2m | src/tests/integration/returns.e2e.test.js[2m > [22m[2mReturns End-to-End Integration Tests[2m > [22m[2madmin approval enforces transition rules and captures timeline
[22m[39m13:18:49 [[32minfo[39m]: [32mReturn #1 approved[39m
  {
  "adminNotes": "Approved for processing"
}

[90mstdout[2m | src/tests/integration/returns.e2e.test.js[2m > [22m[2mReturns End-to-End Integration Tests[2m > [22m[2madmin approval enforces transition rules and captures timeline
[22m[39m13:18:49 [[32mhttp[39m]: [32m[0mPOST /api/returns/1/approve [32m200[0m 27.570 ms - -[0m[39m

[90mstdout[2m | src/tests/integration/returns.e2e.test.js[2m > [22m[2mReturns End-to-End Integration Tests[2m > [22m[2madmin approval enforces transition rules and captures timeline
[22m[39m13:18:49 [[31merror[39m]: [31mRequest error Invalid status transition: APPROVED -> IN_TRANSIT[39m
Error: Invalid status transition: APPROVED -> IN_TRANSIT
    at assertTransition (C:\Users\hp\OneDrive\Desktop\seahawk-full_stack\backend\src\services\return.service.js:95:11)
    at Object.updateReturnStatus (C:\Users\hp\OneDrive\Desktop\seahawk-full_stack\backend\src\services\return.service.js:547:3)
    at C:\Users\hp\OneDrive\Desktop\seahawk-full_stack\backend\src\routes\return.routes.js:88:15
  {
  "requestId": "de80db4b-d424-449a-bdba-bf44650a0a21",
  "method": "PATCH",
  "path": "/api/returns/1/status",
  "status": 409,
  "userId": 18,
  "ip": "[REDACTED]"
}
13:18:49 [[32mhttp[39m]: [32m[0mPATCH /api/returns/1/status [33m409[0m 16.115 ms - 131[0m[39m

[90mstdout[2m | src/tests/integration/returns.e2e.test.js[2m > [22m[2mReturns End-to-End Integration Tests[2m > [22m[2madmin approval enforces transition rules and captures timeline
[22m[39m13:18:49 [[32minfo[39m]: [32mReturn #1 status updated to LABEL_READY[39m

[90mstdout[2m | src/tests/integration/returns.e2e.test.js[2m > [22m[2mReturns End-to-End Integration Tests[2m > [22m[2madmin approval enforces transition rules and captures timeline
[22m[39m13:18:49 [[32mhttp[39m]: [32m[0mPATCH /api/returns/1/status [32m200[0m 18.283 ms - -[0m[39m

[90mstdout[2m | src/tests/integration/returns.e2e.test.js[2m > [22m[2mReturns End-to-End Integration Tests[2m > [22m[2madmin approval enforces transition rules and captures timeline
[22m[39m13:18:49 [[32mhttp[39m]: [32m[0mGET /api/returns/1/timeline?limit=30 [32m200[0m 12.120 ms - 951[0m[39m

 [32mΓ£ô[39m [30m[45m integration [49m[39m src/tests/integration/returns.e2e.test.js [2m([22m[2m2 tests[22m[2m)[22m[33m 1244[2mms[22m[39m
[90mstdout[2m | src/tests/integration/reconciliation.e2e.test.js[2m > [22m[2mReconciliation End-to-End Integration Tests
[22m[39m13:18:50 [[32minfo[39m]: [32mLogin: [EMAIL] [OWNER][39m

[90mstdout[2m | src/tests/integration/reconciliation.e2e.test.js[2m > [22m[2mReconciliation End-to-End Integration Tests
[22m[39m13:18:50 [[32mhttp[39m]: [32m[0mPOST /api/auth/login [32m200[0m 207.605 ms - 609[0m[39m

[90mstdout[2m | src/tests/integration/reconciliation.e2e.test.js[2m > [22m[2mReconciliation End-to-End Integration Tests[2m > [22m[2mPOST /api/reconciliation -> uploads invoice and flags discrepancies
[22m[39m13:18:50 [[32mhttp[39m]: [32m[0mPOST /api/reconciliation [32m201[0m 35.486 ms - 805[0m[39m

[90mstdout[2m | src/tests/integration/reconciliation.e2e.test.js[2m > [22m[2mReconciliation End-to-End Integration Tests[2m > [22m[2mGET /api/reconciliation -> lists invoices
[22m[39m13:18:50 [[32mhttp[39m]: [32m[0mGET /api/reconciliation?page=1&limit=10 [32m200[0m 87.665 ms - 447[0m[39m

[90mstdout[2m | src/tests/integration/reconciliation.e2e.test.js[2m > [22m[2mReconciliation End-to-End Integration Tests[2m > [22m[2mGET /api/reconciliation/:id -> returns details with summary
[22m[39m13:18:50 [[32mhttp[39m]: [32m[0mGET /api/reconciliation/1 [32m200[0m 24.688 ms - -[0m[39m

[90mstdout[2m | src/tests/integration/reconciliation.e2e.test.js[2m > [22m[2mReconciliation End-to-End Integration Tests[2m > [22m[2mGET /api/reconciliation/stats -> returns aggregated stats
[22m[39m13:18:50 [[32mhttp[39m]: [32m[0mGET /api/reconciliation/stats [32m200[0m 9.392 ms - 218[0m[39m

[90mstdout[2m | src/tests/integration/reconciliation.e2e.test.js[2m > [22m[2mReconciliation End-to-End Integration Tests[2m > [22m[2mPATCH /api/reconciliation/:id/status -> updates invoice status
[22m[39m13:18:50 [[32mhttp[39m]: [32m[0mPATCH /api/reconciliation/1/status [32m200[0m 15.224 ms - 340[0m[39m

[90mstdout[2m | src/tests/integration/reconciliation.e2e.test.js[2m > [22m[2mReconciliation End-to-End Integration Tests[2m > [22m[2mGET /api/reconciliation -> rejects unauthenticated
[22m[39m13:18:50 [[32mhttp[39m]: [32m[0mGET /api/reconciliation [33m401[0m 1.164 ms - 54[0m[39m

 [32mΓ£ô[39m [30m[45m integration [49m[39m src/tests/integration/reconciliation.e2e.test.js [2m([22m[2m6 tests[22m[2m)[22m[33m 821[2mms[22m[39m
[90mstdout[2m | src/tests/integration/ops.e2e.test.js[2m > [22m[2mOps Routes E2E Tests ΓÇö /api/ops[2m > [22m[2mGET /api/ops/dashboard[2m > [22m[2mADMIN gets full dashboard payload
[22m[39m13:18:51 [[32mhttp[39m]: [32m[0mGET /api/ops/dashboard [32m200[0m 424.271 ms - -[0m[39m

[90mstdout[2m | src/tests/integration/ops.e2e.test.js[2m > [22m[2mOps Routes E2E Tests ΓÇö /api/ops[2m > [22m[2mGET /api/ops/dashboard[2m > [22m[2mCLIENT gets 403
[22m[39m13:18:51 [[32mhttp[39m]: [32m[0mGET /api/ops/dashboard [33m403[0m 20.991 ms - 44[0m[39m

[90mstdout[2m | src/tests/integration/ops.e2e.test.js[2m > [22m[2mOps Routes E2E Tests ΓÇö /api/ops[2m > [22m[2mGET /api/ops/pending-actions[2m > [22m[2mADMIN gets pending actions count
[22m[39m13:18:51 [[32mhttp[39m]: [32m[0mGET /api/ops/pending-actions [32m200[0m 19.941 ms - 144[0m[39m

[90mstdout[2m | src/tests/integration/ops.e2e.test.js[2m > [22m[2mOps Routes E2E Tests ΓÇö /api/ops[2m > [22m[2mPOST /api/ops/bulk-status[2m > [22m[2mADMIN rejects missing fields with 400
[22m[39m13:18:51 [[32mhttp[39m]: [32m[0mPOST /api/ops/bulk-status [33m400[0m 4.854 ms - 96[0m[39m

 [32mΓ£ô[39m [30m[45m integration [49m[39m src/tests/integration/ops.e2e.test.js [2m([22m[2m4 tests[22m[2m)[22m[33m 775[2mms[22m[39m
   [33m[2mΓ£ô[22m[39m Ops Routes E2E Tests ΓÇö /api/ops[2m > [22mGET /api/ops/dashboard[2m > [22mADMIN gets full dashboard payload [33m 435[2mms[22m[39m
[90mstdout[2m | src/tests/integration/auth.e2e.test.js[2m > [22m[2mAuth End-to-End Integration Tests[2m > [22m[2mPOST /api/auth/login -> rejects invalid passwords
[22m[39m13:18:52 [[31merror[39m]: [31mRequest error Invalid email or password.[39m
Error: Invalid email or password.
    at Object.login (C:\Users\hp\OneDrive\Desktop\seahawk-full_stack\backend\src\services\auth.service.js:104:11)
    at C:\Users\hp\OneDrive\Desktop\seahawk-full_stack\backend\src\controllers\auth.controller.js:32:47
  {
  "requestId": "cd1f884a-f9a7-4d2c-b63a-9b154ff04ce2",
  "method": "POST",
  "path": "/api/auth/login",
  "status": 401,
  "ip": "[REDACTED]"
}

[90mstdout[2m | src/tests/integration/auth.e2e.test.js[2m > [22m[2mAuth End-to-End Integration Tests[2m > [22m[2mPOST /api/auth/login -> rejects invalid passwords
[22m[39m13:18:52 [[32mhttp[39m]: [32m[0mPOST /api/auth/login [33m401[0m 201.925 ms - 108[0m[39m

[90mstdout[2m | src/tests/integration/auth.e2e.test.js[2m > [22m[2mAuth End-to-End Integration Tests[2m > [22m[2mPOST /api/auth/login -> accepts valid credentials and returns accessToken
[22m[39m13:18:52 [[32minfo[39m]: [32mLogin: [EMAIL] [CLIENT][39m

[90mstdout[2m | src/tests/integration/auth.e2e.test.js[2m > [22m[2mAuth End-to-End Integration Tests[2m > [22m[2mPOST /api/auth/login -> accepts valid credentials and returns accessToken
[22m[39m13:18:52 [[32mhttp[39m]: [32m[0mPOST /api/auth/login [32m200[0m 215.343 ms - 594[0m[39m

[90mstdout[2m | src/tests/integration/auth.e2e.test.js[2m > [22m[2mAuth End-to-End Integration Tests[2m > [22m[2mGET /api/auth/me -> returns user data with valid Bearer JWT
[22m[39m13:18:52 [[32minfo[39m]: [32mLogin: [EMAIL] [CLIENT][39m

[90mstdout[2m | src/tests/integration/auth.e2e.test.js[2m > [22m[2mAuth End-to-End Integration Tests[2m > [22m[2mGET /api/auth/me -> returns user data with valid Bearer JWT
[22m[39m13:18:52 [[32mhttp[39m]: [32m[0mPOST /api/auth/login [32m200[0m 186.815 ms - 594[0m[39m

[90mstdout[2m | src/tests/integration/auth.e2e.test.js[2m > [22m[2mAuth End-to-End Integration Tests[2m > [22m[2mGET /api/auth/me -> returns user data with valid Bearer JWT
[22m[39m13:18:52 [[32mhttp[39m]: [32m[0mGET /api/auth/me [32m200[0m 8.633 ms - 214[0m[39m

[90mstdout[2m | src/tests/integration/auth.e2e.test.js[2m > [22m[2mAuth End-to-End Integration Tests[2m > [22m[2mGET /api/auth/me -> rejects a fabricated/invalid token
[22m[39m13:18:52 [[31merror[39m]: [31mRequest error invalid token[39m
JsonWebTokenError: invalid token
    at Object.module.exports [as verify] (C:\Users\hp\OneDrive\Desktop\seahawk-full_stack\backend\node_modules\jsonwebtoken\verify.js:82:17)
    at protect (C:\Users\hp\OneDrive\Desktop\seahawk-full_stack\backend\src\middleware\auth.middleware.js:43:25)
    at Layer.handle [as handle_request] (C:\Users\hp\OneDrive\Desktop\seahawk-full_stack\backend\node_modules\express\lib\router\layer.js:95:5)
    at next (C:\Users\hp\OneDrive\Desktop\seahawk-full_stack\backend\node_modules\express\lib\router\route.js:149:13)
    at Route.dispatch (C:\Users\hp\OneDrive\Desktop\seahawk-full_stack\backend\node_modules\express\lib\router\route.js:119:3)
    at Layer.handle [as handle_request] (C:\Users\hp\OneDrive\Desktop\seahawk-full_stack\backend\node_modules\express\lib\router\layer.js:95:5)
    at C:\Users\hp\OneDrive\Desktop\seahawk-full_stack\backend\node_modules\express\lib\router\index.js:284:15
    at Function.process_params (C:\Users\hp\OneDrive\Desktop\seahawk-full_stack\backend\node_modules\express\lib\router\index.js:346:12)
    at next (C:\Users\hp\OneDrive\Desktop\seahawk-full_stack\backend\node_modules\express\lib\router\index.js:280:10)
    at Function.handle (C:\Users\hp\OneDrive\Desktop\seahawk-full_stack\backend\node_modules\express\lib\router\index.js:175:3)
  {
  "requestId": "acf5a682-eba2-4b12-8a62-286864ebfecc",
  "method": "GET",
  "path": "/api/auth/me",
  "status": 500,
  "ip": "[REDACTED]"
}

[90mstdout[2m | src/tests/integration/auth.e2e.test.js[2m > [22m[2mAuth End-to-End Integration Tests[2m > [22m[2mGET /api/auth/me -> rejects a fabricated/invalid token
[22m[39m13:18:52 [[32mhttp[39m]: [32m[0mGET /api/auth/me [33m401[0m 8.019 ms - 140[0m[39m

[90mstdout[2m | src/tests/integration/auth.e2e.test.js[2m > [22m[2mAuth End-to-End Integration Tests[2m > [22m[2mGET /api/auth/me -> rejects requests with no Authorization header
[22m[39m13:18:52 [[32mhttp[39m]: [32m[0mGET /api/auth/me [33m401[0m 1.612 ms - 54[0m[39m

 [32mΓ£ô[39m [30m[45m integration [49m[39m src/tests/integration/auth.e2e.test.js [2m([22m[2m5 tests[22m[2m)[22m[33m 1083[2mms[22m[39m
[90mstdout[2m | src/tests/integration/clientPortal.e2e.test.js[2m > [22m[2mClient Portal E2E Tests ΓÇö /api/portal
[22m[39m13:18:53 [[32minfo[39m]: [32mLogin: [EMAIL] [CLIENT][39m

[90mstdout[2m | src/tests/integration/clientPortal.e2e.test.js[2m > [22m[2mClient Portal E2E Tests ΓÇö /api/portal
[22m[39m13:18:53 [[32mhttp[39m]: [32m[0mPOST /api/auth/login [32m200[0m 221.568 ms - 642[0m[39m

[90mstdout[2m | src/tests/integration/clientPortal.e2e.test.js[2m > [22m[2mClient Portal E2E Tests ΓÇö /api/portal[2m > [22m[2mreturns client-safe tracking detail without weight or amount
[22m[39m13:18:53 [[32mhttp[39m]: [32m[0mGET /api/portal/tracking/PORTAL_AWB_1777794533381 [32m200[0m 29.919 ms - 422[0m[39m

[90mstdout[2m | src/tests/integration/clientPortal.e2e.test.js[2m > [22m[2mClient Portal E2E Tests ΓÇö /api/portal[2m > [22m[2mdoes not let a client read another client shipment through tracking detail
[22m[39m13:18:53 [[32mhttp[39m]: [32m[0mGET /api/portal/tracking/PORTAL_OTHER_AWB_1777794533390 [33m404[0m 6.820 ms - 59[0m[39m

[90mstdout[2m | src/tests/integration/clientPortal.e2e.test.js[2m > [22m[2mClient Portal E2E Tests ΓÇö /api/portal[2m > [22m[2mreturns invoice detail only for the linked client and includes items for preview
[22m[39m13:18:53 [[32mhttp[39m]: [32m[0mGET /api/portal/invoices/1 [32m200[0m 10.476 ms - 628[0m[39m

[90mstdout[2m | src/tests/integration/clientPortal.e2e.test.js[2m > [22m[2mClient Portal E2E Tests ΓÇö /api/portal[2m > [22m[2mblocks invoice detail access for invoices belonging to another client
[22m[39m13:18:53 [[32mhttp[39m]: [32m[0mGET /api/portal/invoices/2 [33m404[0m 8.822 ms - 47[0m[39m

[90mstdout[2m | src/tests/integration/clientPortal.e2e.test.js[2m > [22m[2mClient Portal E2E Tests ΓÇö /api/portal[2m > [22m[2mserves monthly invoice export through the dedicated route
[22m[39m13:18:53 [[32mhttp[39m]: [32m[0mGET /api/portal/invoices/monthly-export?month=2026-04&format=csv [32m200[0m 9.852 ms - 229[0m[39m

[90mstdout[2m | src/tests/integration/clientPortal.e2e.test.js[2m > [22m[2mClient Portal E2E Tests ΓÇö /api/portal[2m > [22m[2mpreserves existing notification-center settings when updating branding
[22m[39m13:18:53 [[32mhttp[39m]: [32m[0mPOST /api/portal/branding [32m200[0m 16.461 ms - 180[0m[39m

[90mstdout[2m | src/tests/integration/clientPortal.e2e.test.js[2m > [22m[2mClient Portal E2E Tests ΓÇö /api/portal[2m > [22m[2mrejects privileged fields when client tries create-and-book shipment
[22m[39m13:18:53 [[32mhttp[39m]: [32m[0mPOST /api/portal/shipments/create-and-book [33m400[0m 5.854 ms - 138[0m[39m

 [32mΓ£ô[39m [30m[45m integration [49m[39m src/tests/integration/clientPortal.e2e.test.js [2m([22m[2m7 tests[22m[2m)[22m[33m 883[2mms[22m[39m
[90mstdout[2m | src/tests/integration/clients.e2e.test.js[2m > [22m[2mClient Management E2E ΓÇö /api/clients/*[2m > [22m[2mGET /api/clients (list)[2m > [22m[2mADMIN ΓåÆ 200 with array
[22m[39m13:18:54 [[32mhttp[39m]: [32m[0mGET /api/clients [32m200[0m 16.708 ms - -[0m[39m

[90mstdout[2m | src/tests/integration/clients.e2e.test.js[2m > [22m[2mClient Management E2E ΓÇö /api/clients/*[2m > [22m[2mGET /api/clients (list)[2m > [22m[2mSTAFF ΓåÆ 200 (read access)
[22m[39m13:18:54 [[32mhttp[39m]: [32m[0mGET /api/clients [32m200[0m 12.147 ms - -[0m[39m

[90mstdout[2m | src/tests/integration/clients.e2e.test.js[2m > [22m[2mClient Management E2E ΓÇö /api/clients/*[2m > [22m[2mGET /api/clients (list)[2m > [22m[2mNo auth ΓåÆ 401
[22m[39m13:18:54 [[32mhttp[39m]: [32m[0mGET /api/clients [33m401[0m 1.232 ms - 54[0m[39m

[90mstdout[2m | src/tests/integration/clients.e2e.test.js[2m > [22m[2mClient Management E2E ΓÇö /api/clients/*[2m > [22m[2mPOST /api/clients (create)[2m > [22m[2mADMIN ΓåÆ 200/201 creates client
[22m[39m13:18:54 [[32mhttp[39m]: [32m[0mPOST /api/clients [32m200[0m 21.044 ms - 422[0m[39m

[90mstdout[2m | src/tests/integration/clients.e2e.test.js[2m > [22m[2mClient Management E2E ΓÇö /api/clients/*[2m > [22m[2mPOST /api/clients (create)[2m > [22m[2mDuplicate code ΓåÆ upserts (200) or rejects (400/409)
[22m[39m13:18:54 [[32mhttp[39m]: [32m[0mPOST /api/clients [32m200[0m 17.598 ms - 396[0m[39m

[90mstdout[2m | src/tests/integration/clients.e2e.test.js[2m > [22m[2mClient Management E2E ΓÇö /api/clients/*[2m > [22m[2mPOST /api/clients (create)[2m > [22m[2mMissing required fields ΓåÆ 400
[22m[39m13:18:54 [[32mhttp[39m]: [32m[0mPOST /api/clients [33m400[0m 4.977 ms - 100[0m[39m

[90mstdout[2m | src/tests/integration/clients.e2e.test.js[2m > [22m[2mClient Management E2E ΓÇö /api/clients/*[2m > [22m[2mPOST /api/clients (create)[2m > [22m[2mCLIENT role ΓåÆ 403
[22m[39m13:18:54 [[32mhttp[39m]: [32m[0mPOST /api/clients [33m403[0m 8.088 ms - 93[0m[39m

[90mstdout[2m | src/tests/integration/clients.e2e.test.js[2m > [22m[2mClient Management E2E ΓÇö /api/clients/*[2m > [22m[2mPOST /api/clients (create)[2m > [22m[2mNo auth ΓåÆ 401
[22m[39m13:18:54 [[32mhttp[39m]: [32m[0mPOST /api/clients [33m401[0m 1.573 ms - 54[0m[39m

[90mstdout[2m | src/tests/integration/clients.e2e.test.js[2m > [22m[2mClient Management E2E ΓÇö /api/clients/*[2m > [22m[2mGET /api/clients/:code (single)[2m > [22m[2mADMIN ΓåÆ 200 with client data
[22m[39m13:18:54 [[32mhttp[39m]: [32m[0mGET /api/clients/T1E2S [32m200[0m 8.410 ms - 391[0m[39m

[90mstdout[2m | src/tests/integration/clients.e2e.test.js[2m > [22m[2mClient Management E2E ΓÇö /api/clients/*[2m > [22m[2mGET /api/clients/:code (single)[2m > [22m[2mNon-existent code ΓåÆ 404
[22m[39m13:18:54 [[31merror[39m]: [31mRequest error Client not found.[39m
Error: Client not found.
    at Object.getByCode (C:\Users\hp\OneDrive\Desktop\seahawk-full_stack\backend\src\services\client.service.js:18:22)
    at C:\Users\hp\OneDrive\Desktop\seahawk-full_stack\backend\src\controllers\client.controller.js:13:18
  {
  "requestId": "a5b17559-4175-413b-b022-d5499e53e4db",
  "method": "GET",
  "path": "/api/clients/ZZZNONE",
  "status": 404,
  "userId": 26,
  "ip": "[REDACTED]"
}

[90mstdout[2m | src/tests/integration/clients.e2e.test.js[2m > [22m[2mClient Management E2E ΓÇö /api/clients/*[2m > [22m[2mGET /api/clients/:code (single)[2m > [22m[2mNon-existent code ΓåÆ 404
[22m[39m13:18:54 [[32mhttp[39m]: [32m[0mGET /api/clients/ZZZNONE [33m404[0m 8.721 ms - 99[0m[39m

[90mstdout[2m | src/tests/integration/clients.e2e.test.js[2m > [22m[2mClient Management E2E ΓÇö /api/clients/*[2m > [22m[2mGET /api/clients/:code (single)[2m > [22m[2mCLIENT token without profile access ΓåÆ 403 or 200 own
[22m[39m13:18:54 [[32mhttp[39m]: [32m[0mGET /api/clients/T1E2S [33m403[0m 2.775 ms - 93[0m[39m

 [32mΓ£ô[39m [30m[45m integration [49m[39m src/tests/integration/clients.e2e.test.js [2m([22m[2m11 tests[22m[2m)[22m[33m 564[2mms[22m[39m
[90mstdout[2m | src/tests/integration/wallet.e2e.test.js[2m > [22m[2mWallet E2E Tests ΓÇö /api/wallet[2m > [22m[2mGET /api/wallet/:code[2m > [22m[2mADMIN can view wallet
[22m[39m13:18:55 [[32mhttp[39m]: [32m[0mGET /api/wallet/WALE2E [32m200[0m 33.778 ms - 143[0m[39m

[90mstdout[2m | src/tests/integration/wallet.e2e.test.js[2m > [22m[2mWallet E2E Tests ΓÇö /api/wallet[2m > [22m[2mGET /api/wallet/:code/transactions[2m > [22m[2mADMIN can view transaction history
[22m[39m13:18:55 [[32mhttp[39m]: [32m[0mGET /api/wallet/WALE2E/transactions [32m200[0m 15.738 ms - 92[0m[39m

[90mstdout[2m | src/tests/integration/wallet.e2e.test.js[2m > [22m[2mWallet E2E Tests ΓÇö /api/wallet[2m > [22m[2mPOST /api/wallet/debit[2m > [22m[2mOWNER can debit wallet
[22m[39m13:18:55 [[32mhttp[39m]: [32m[0mPOST /api/wallet/debit [32m200[0m 35.590 ms - 105[0m[39m

[90mstdout[2m | src/tests/integration/wallet.e2e.test.js[2m > [22m[2mWallet E2E Tests ΓÇö /api/wallet[2m > [22m[2mPOST /api/wallet/debit[2m > [22m[2mOver-debiting triggers insufficient balance 400 or 500
[22m[39m13:18:55 [[31merror[39m]: [31mRequest error Insufficient wallet balance (available: Γé╣4800.00, required: Γé╣999999.00)[39m
Error: Insufficient wallet balance (available: Γé╣4800.00, required: Γé╣999999.00)
    at C:\Users\hp\OneDrive\Desktop\seahawk-full_stack\backend\src\services\wallet.service.js:137:13
    at Proxy._transactionWithCallback (C:\Users\hp\OneDrive\Desktop\seahawk-full_stack\backend\node_modules\@prisma\client\runtime\library.js:130:8000)
    at C:\Users\hp\OneDrive\Desktop\seahawk-full_stack\backend\src\controllers\wallet.controller.js:283:22
  {
  "requestId": "eb70a5ea-53aa-42bc-8b3e-3859b52307d1",
  "method": "POST",
  "path": "/api/wallet/debit",
  "status": 500,
  "userId": 29,
  "ip": "[REDACTED]"
}

[90mstdout[2m | src/tests/integration/wallet.e2e.test.js[2m > [22m[2mWallet E2E Tests ΓÇö /api/wallet[2m > [22m[2mPOST /api/wallet/debit[2m > [22m[2mOver-debiting triggers insufficient balance 400 or 500
[22m[39m13:18:55 [[32mhttp[39m]: [32m[0mPOST /api/wallet/debit [31m500[0m 10.969 ms - 642[0m[39m

[90mstdout[2m | src/tests/integration/wallet.e2e.test.js[2m > [22m[2mWallet E2E Tests ΓÇö /api/wallet[2m > [22m[2mPOST /api/wallet/debit[2m > [22m[2mSTAFF gets 403 trying to debit
[22m[39m13:18:55 [[32mhttp[39m]: [32m[0mPOST /api/wallet/debit [33m403[0m 9.062 ms - 52[0m[39m

[90mstdout[2m | src/tests/integration/wallet.e2e.test.js[2m > [22m[2mWallet E2E Tests ΓÇö /api/wallet[2m > [22m[2mPOST /api/wallet/adjust[2m > [22m[2mOWNER can adjust wallet (CREDIT)
[22m[39m13:18:55 [[32mhttp[39m]: [32m[0mPOST /api/wallet/adjust [32m200[0m 21.051 ms - 105[0m[39m

[90mstdout[2m | src/tests/integration/wallet.e2e.test.js[2m > [22m[2mWallet E2E Tests ΓÇö /api/wallet[2m > [22m[2mPOST /api/wallet/adjust[2m > [22m[2mNegative amount triggers validation error
[22m[39m13:18:55 [[32mhttp[39m]: [32m[0mPOST /api/wallet/adjust [33m400[0m 3.656 ms - 120[0m[39m

 [32mΓ£ô[39m [30m[45m integration [49m[39m src/tests/integration/wallet.e2e.test.js [2m([22m[2m7 tests[22m[2m)[22m[33m 531[2mms[22m[39m
[90mstdout[2m | src/tests/integration/notifications.e2e.test.js[2m > [22m[2mNotifications E2E Tests ΓÇö /api/notifications[2m > [22m[2mGET /api/notifications/history[2m > [22m[2mADMIN gets notification history
[22m[39m13:18:55 [[32mhttp[39m]: [32m[0mGET /api/notifications/history [32m200[0m 25.972 ms - 46[0m[39m

[90mstdout[2m | src/tests/integration/notifications.e2e.test.js[2m > [22m[2mNotifications E2E Tests ΓÇö /api/notifications[2m > [22m[2mGET /api/notifications/stats[2m > [22m[2mADMIN gets delivery stats
[22m[39m13:18:55 [[32mhttp[39m]: [32m[0mGET /api/notifications/stats [32m200[0m 128.750 ms - 118[0m[39m

[90mstdout[2m | src/tests/integration/notifications.e2e.test.js[2m > [22m[2mNotifications E2E Tests ΓÇö /api/notifications[2m > [22m[2mPOST /api/notifications/send-update[2m > [22m[2mRequires awb field (400)
[22m[39m13:18:55 [[32mhttp[39m]: [32m[0mPOST /api/notifications/send-update [33m400[0m 3.723 ms - 45[0m[39m

[90mstdout[2m | src/tests/integration/notifications.e2e.test.js[2m > [22m[2mNotifications E2E Tests ΓÇö /api/notifications[2m > [22m[2mPOST /api/notifications/send-digest[2m > [22m[2mRequires clientCode and date (400)
[22m[39m13:18:56 [[32mhttp[39m]: [32m[0mPOST /api/notifications/send-digest [33m400[0m 3.701 ms - 62[0m[39m

 [32mΓ£ô[39m [30m[45m integration [49m[39m src/tests/integration/notifications.e2e.test.js [2m([22m[2m4 tests[22m[2m)[22m[33m 473[2mms[22m[39m
[90mstdout[2m | src/tests/integration/ndr.e2e.test.js[2m > [22m[2mNDR E2E Tests ΓÇö /api/ndr[2m > [22m[2mGET /api/ndr[2m > [22m[2mADMIN gets list of NDRs
[22m[39m13:18:56 [[32mhttp[39m]: [32m[0mGET /api/ndr [32m200[0m 27.379 ms - 95[0m[39m

[90mstdout[2m | src/tests/integration/ndr.e2e.test.js[2m > [22m[2mNDR E2E Tests ΓÇö /api/ndr[2m > [22m[2mGET /api/ndr/stats[2m > [22m[2mADMIN gets NDR statistics
[22m[39m13:18:56 [[32mhttp[39m]: [32m[0mGET /api/ndr/stats [32m200[0m 132.225 ms - 102[0m[39m

[90mstdout[2m | src/tests/integration/ndr.e2e.test.js[2m > [22m[2mNDR E2E Tests ΓÇö /api/ndr[2m > [22m[2mPATCH /api/ndr/:id[2m > [22m[2mInvalid NDR ID returns 400 or 404
[22m[39m13:18:56 [[31merror[39m]: [31mPrisma error: [39m
[31mInvalid `prisma.nDREvent.update()` invocation in[39m
[31mC:\Users\hp\OneDrive\Desktop\seahawk-full_stack\backend\src\controllers\ndr.controller.js:117:39[39m

[31m  114   return R.error(res, `Invalid action. Must be one of: ${validActions.join(', ')}`, 400);[39m
[31m  115 }[39m
[31m  116 [39m
[31mΓåÆ 117 const ndr = await prisma.nDREvent.update([39m
[31mAn operation failed because it depends on one or more records that were required but not found. Record to update not found.[39m
  {
  "target": "nDREvent.update"
}

[90mstdout[2m | src/tests/integration/ndr.e2e.test.js[2m > [22m[2mNDR E2E Tests ΓÇö /api/ndr[2m > [22m[2mPATCH /api/ndr/:id[2m > [22m[2mInvalid NDR ID returns 400 or 404
[22m[39m13:18:56 [[32mhttp[39m]: [32m[0mPATCH /api/ndr/999999 [33m400[0m 14.016 ms - 479[0m[39m

 [32mΓ£ô[39m [30m[45m integration [49m[39m src/tests/integration/ndr.e2e.test.js [2m([22m[2m3 tests[22m[2m)[22m[33m 479[2mms[22m[39m
[90mstdout[2m | src/tests/integration/invoices.e2e.test.js[2m > [22m[2mInvoices E2E Tests ΓÇö /api/invoices[2m > [22m[2mGET /api/invoices[2m > [22m[2mOWNER gets list of invoices
[22m[39m13:18:57 [[32mhttp[39m]: [32m[0mGET /api/invoices [32m200[0m 28.497 ms - 46[0m[39m

[90mstdout[2m | src/tests/integration/invoices.e2e.test.js[2m > [22m[2mInvoices E2E Tests ΓÇö /api/invoices[2m > [22m[2mGET /api/invoices[2m > [22m[2mADMIN gets 403 for owner-only invoice data
[22m[39m13:18:57 [[32mhttp[39m]: [32m[0mGET /api/invoices [33m403[0m 9.385 ms - 52[0m[39m

[90mstdout[2m | src/tests/integration/invoices.e2e.test.js[2m > [22m[2mInvoices E2E Tests ΓÇö /api/invoices[2m > [22m[2mPOST /api/invoices[2m > [22m[2mRequires validation (400) for missing fields
[22m[39m13:18:57 [[32mhttp[39m]: [32m[0mPOST /api/invoices [33m400[0m 4.851 ms - 185[0m[39m

[90mstdout[2m | src/tests/integration/invoices.e2e.test.js[2m > [22m[2mInvoices E2E Tests ΓÇö /api/invoices[2m > [22m[2mPOST /api/invoices[2m > [22m[2mCLIENT role ΓåÆ 403
[22m[39m13:18:57 [[32mhttp[39m]: [32m[0mPOST /api/invoices [33m403[0m 6.336 ms - 52[0m[39m

 [32mΓ£ô[39m [30m[45m integration [49m[39m src/tests/integration/invoices.e2e.test.js [2m([22m[2m4 tests[22m[2m)[22m[33m 398[2mms[22m[39m
[90mstdout[2m | src/tests/integration/contracts.e2e.test.js[2m > [22m[2mContracts E2E Tests ΓÇö /api/contracts[2m > [22m[2mGET /api/contracts[2m > [22m[2mADMIN gets list of contracts
[22m[39m13:18:57 [[32mhttp[39m]: [32m[0mGET /api/contracts [32m200[0m 24.618 ms - 46[0m[39m

[90mstdout[2m | src/tests/integration/contracts.e2e.test.js[2m > [22m[2mContracts E2E Tests ΓÇö /api/contracts[2m > [22m[2mGET /api/contracts[2m > [22m[2mSTAFF gets list of contracts
[22m[39m13:18:57 [[32mhttp[39m]: [32m[0mGET /api/contracts [32m200[0m 8.384 ms - 46[0m[39m

[90mstdout[2m | src/tests/integration/contracts.e2e.test.js[2m > [22m[2mContracts E2E Tests ΓÇö /api/contracts[2m > [22m[2mPOST /api/contracts[2m > [22m[2mRequires OWNER or Admin
[22m[39m13:18:57 [[32mhttp[39m]: [32m[0mPOST /api/contracts [33m400[0m 7.440 ms - 141[0m[39m

[90mstdout[2m | src/tests/integration/contracts.e2e.test.js[2m > [22m[2mContracts E2E Tests ΓÇö /api/contracts[2m > [22m[2mPOST /api/contracts[2m > [22m[2mSTAFF also gets validation error (no RBAC on POST)
[22m[39m13:18:57 [[32mhttp[39m]: [32m[0mPOST /api/contracts [33m400[0m 3.712 ms - 141[0m[39m

[90mstdout[2m | src/tests/integration/contracts.e2e.test.js[2m > [22m[2mContracts E2E Tests ΓÇö /api/contracts[2m > [22m[2mGET /api/contracts/:id/calculate[2m > [22m[2mRejects calculation for invalid contract id
[22m[39m13:18:57 [[32mhttp[39m]: [32m[0mGET /api/contracts/99999/calculate?weight=1000&zone=A [33m404[0m 3.673 ms - 48[0m[39m

 [32mΓ£ô[39m [30m[45m integration [49m[39m src/tests/integration/contracts.e2e.test.js [2m([22m[2m5 tests[22m[2m)[22m[33m 359[2mms[22m[39m
[90mstdout[2m | src/tests/integration/pickups.e2e.test.js[2m > [22m[2mPickup E2E Tests ΓÇö /api/pickups[2m > [22m[2mGET /api/pickups[2m > [22m[2mADMIN gets list of pickups
[22m[39m13:18:58 [[32mhttp[39m]: [32m[0mGET /api/pickups [32m200[0m 24.175 ms - 87[0m[39m

[90mstdout[2m | src/tests/integration/pickups.e2e.test.js[2m > [22m[2mPickup E2E Tests ΓÇö /api/pickups[2m > [22m[2mPOST /api/pickups[2m > [22m[2mRequires validation (400) for missing fields
[22m[39m13:18:58 [[32mhttp[39m]: [32m[0mPOST /api/pickups [33m403[0m 13.046 ms - 84[0m[39m

 [32mΓ£ô[39m [30m[45m integration [49m[39m src/tests/integration/pickups.e2e.test.js [2m([22m[2m2 tests[22m[2m)[22m[33m 420[2mms[22m[39m
[90mstdout[2m | src/tests/integration/rates.e2e.test.js[2m > [22m[2mRates E2E Tests ΓÇö /api/rates[2m > [22m[2mGET /api/rates/versions[2m > [22m[2mADMIN gets list of rate versions
[22m[39m13:18:58 [[32mhttp[39m]: [32m[0mGET /api/rates/versions [32m200[0m 19.369 ms - 46[0m[39m

[90mstdout[2m | src/tests/integration/rates.e2e.test.js[2m > [22m[2mRates E2E Tests ΓÇö /api/rates[2m > [22m[2mGET /api/rates/health[2m > [22m[2mADMIN gets rate health status
[22m[39m13:18:58 [[32mhttp[39m]: [32m[0mGET /api/rates/health [32m200[0m 4.528 ms - 964[0m[39m

[90mstdout[2m | src/tests/integration/rates.e2e.test.js[2m > [22m[2mRates E2E Tests ΓÇö /api/rates[2m > [22m[2mGET /api/rates/margin-rules[2m > [22m[2mreturns margin rules array
[22m[39m13:18:59 [[32mhttp[39m]: [32m[0mGET /api/rates/margin-rules [32m200[0m 11.426 ms - 46[0m[39m

[90mstdout[2m | src/tests/integration/rates.e2e.test.js[2m > [22m[2mRates E2E Tests ΓÇö /api/rates[2m > [22m[2mPOST /api/rates/calculate[2m > [22m[2mRejects missing state/weight with error
[22m[39m13:18:59 [[32mhttp[39m]: [32m[0mPOST /api/rates/calculate [33m400[0m 3.863 ms - 59[0m[39m

 [32mΓ£ô[39m [30m[45m integration [49m[39m src/tests/integration/rates.e2e.test.js [2m([22m[2m4 tests[22m[2m)[22m[33m 332[2mms[22m[39m
[90mstdout[2m | src/tests/integration/api.test.js[2m > [22m[2mAPI Health & Public Routes E2E[2m > [22m[2mGET /api/non-existent -> returns 404
[22m[39m13:18:59 [[32mhttp[39m]: [32m[0mGET /api/this-does-not-exist-xyz [33m404[0m 1.268 ms - 48[0m[39m

[90mstdout[2m | src/tests/integration/api.test.js[2m > [22m[2mAPI Health & Public Routes E2E[2m > [22m[2mPOST /api/auth/login -> rejects empty body
[22m[39m13:18:59 [[32mhttp[39m]: [32m[0mPOST /api/auth/login [33m400[0m 1.847 ms - 140[0m[39m

[90mstdout[2m | src/tests/integration/api.test.js[2m > [22m[2mAPI Health & Public Routes E2E[2m > [22m[2mPOST /api/auth/login -> rejects non-existent user
[22m[39m13:18:59 [[31merror[39m]: [31mRequest error Invalid email or password.[39m
Error: Invalid email or password.
    at Object.login (C:\Users\hp\OneDrive\Desktop\seahawk-full_stack\backend\src\services\auth.service.js:104:11)
    at C:\Users\hp\OneDrive\Desktop\seahawk-full_stack\backend\src\controllers\auth.controller.js:32:47
  {
  "requestId": "bf9b5311-14b7-4a71-b6ee-e7ecee00570c",
  "method": "POST",
  "path": "/api/auth/login",
  "status": 401,
  "ip": "[REDACTED]"
}

[90mstdout[2m | src/tests/integration/api.test.js[2m > [22m[2mAPI Health & Public Routes E2E[2m > [22m[2mPOST /api/auth/login -> rejects non-existent user
[22m[39m13:18:59 [[32mhttp[39m]: [32m[0mPOST /api/auth/login [33m401[0m 15.788 ms - 108[0m[39m

 [32mΓ£ô[39m [30m[45m integration [49m[39m src/tests/integration/api.test.js [2m([22m[2m4 tests[22m[2m)[22m[32m 150[2mms[22m[39m
[90mstderr[2m | src/tests/integration/load-performance.test.js[2m > [22m[2mLoad & Performance Tests
[22m[39mΓÜá∩╕Å Could not login ΓÇö skipping load tests. Is the backend running?

 [32mΓ£ô[39m [30m[45m integration [49m[39m src/tests/integration/load-performance.test.js [2m([22m[2m5 tests[22m[2m)[22m[32m 15[2mms[22m[39m

[31mΓÄ»ΓÄ»ΓÄ»ΓÄ»ΓÄ»ΓÄ»[39m[1m[41m Failed Tests 145 [49m[22m[31mΓÄ»ΓÄ»ΓÄ»ΓÄ»ΓÄ»ΓÄ»[39m

[41m[1m FAIL [22m[49m [30m[42m unit [49m[39m src/tests/unit/audit.test.js[2m > [22maudit utility[2m > 
[22mauditLog[2m > [22mcreates an audit log entry
[31m[1mAssertionError[22m: expected "spy" to be called with arguments: [ { data: ObjectContaining{ΓÇª} } ][90m

Number of calls: [1m0[22m
[31m[39m
[36m [2mΓ¥»[22m src/tests/unit/audit.test.js:[2m22:42[22m[39m
    [90m 20| [39m        ip[33m:[39m [32m'127.0.0.1'[39m[33m,[39m
    [90m 21| [39m      })[33m;[39m
    [90m 22| [39m      
[34mexpect[39m(mockPrisma[33m.[39mauditLog[33m.[39mcreate)[33m.[39m[34mtoHaveBeenCalledWith[39m({
    [90m   | [39m                                         [31m^[39m
    [90m 23| [39m        data[33m:[39m expect[33m.[39m[34mobjectContaining[39m({
    [90m 24| [39m          userId[33m:[39m [34m1[39m[33m,[39m

[31m[2mΓÄ»ΓÄ»ΓÄ»ΓÄ»ΓÄ»ΓÄ»ΓÄ»ΓÄ»ΓÄ»ΓÄ»ΓÄ»ΓÄ»ΓÄ»ΓÄ»ΓÄ»ΓÄ»ΓÄ»ΓÄ»ΓÄ»ΓÄ»ΓÄ»ΓÄ»[1/145]ΓÄ»[22m[39m

[41m[1m FAIL [22m[49m [30m[42m unit [49m[39m src/tests/unit/audit.test.js[2m > [22maudit utility[2m > 
[22mauditLog[2m > [22mhandles null values gracefully
[31m[1mAssertionError[22m: expected "spy" to be called with arguments: [ { data: ObjectContaining{ΓÇª} } ][90m

Number of calls: [1m0[22m
[31m[39m
[36m [2mΓ¥»[22m src/tests/unit/audit.test.js:[2m39:42[22m[39m
    [90m 37| [39m      mockPrisma[33m.[39mauditLog[33m.[39mcreate[33m.[39m[34mmockResolvedValue[39m({ 
id[33m:[39m [34m2[39m })[33m;[39m
    [90m 38| [39m      [35mawait[39m [34mauditLog[39m({ action[33m:[39m [32m'DELETE'[39m[33m,[39m 
entity[33m:[39m [32m'CLIENT'[39m })[33m;[39m
    [90m 39| [39m      
[34mexpect[39m(mockPrisma[33m.[39mauditLog[33m.[39mcreate)[33m.[39m[34mtoHaveBeenCalledWith[39m({
    [90m   | [39m                                         [31m^[39m
    [90m 40| [39m        data[33m:[39m expect[33m.[39m[34mobjectContaining[39m({
    [90m 41| [39m          userId[33m:[39m [35mnull[39m[33m,[39m

[31m[2mΓÄ»ΓÄ»ΓÄ»ΓÄ»ΓÄ»ΓÄ»ΓÄ»ΓÄ»ΓÄ»ΓÄ»ΓÄ»ΓÄ»ΓÄ»ΓÄ»ΓÄ»ΓÄ»ΓÄ»ΓÄ»ΓÄ»ΓÄ»ΓÄ»ΓÄ»[2/145]ΓÄ»[22m[39m

[41m[1m FAIL [22m[49m [30m[42m unit [49m[39m src/tests/unit/audit.test.js[2m > [22maudit utility[2m > 
[22mlogAudit[2m > [22mextracts user info from request
[31m[1mAssertionError[22m: expected "spy" to be called with arguments: [ { data: ObjectContaining{ΓÇª} } ][90m

Number of calls: [1m0[22m
[31m[39m
[36m [2mΓ¥»[22m src/tests/unit/audit.test.js:[2m55:42[22m[39m
    [90m 53| [39m      const req = { user: { id: 1, email: 'a@a.com' }, ip: '10.0.0.1' ΓÇª
    [90m 54| [39m      await logAudit({ req, action: 'UPDATE', entity: 'USER', entityIdΓÇª
    [90m 55| [39m      
[34mexpect[39m(mockPrisma[33m.[39mauditLog[33m.[39mcreate)[33m.[39m[34mtoHaveBeenCalledWith[39m({
    [90m   | [39m                                         [31m^[39m
    [90m 56| [39m        data[33m:[39m expect[33m.[39m[34mobjectContaining[39m({
    [90m 57| [39m          userId[33m:[39m [34m1[39m[33m,[39m

[31m[2mΓÄ»ΓÄ»ΓÄ»ΓÄ»ΓÄ»ΓÄ»ΓÄ»ΓÄ»ΓÄ»ΓÄ»ΓÄ»ΓÄ»ΓÄ»ΓÄ»ΓÄ»ΓÄ»ΓÄ»ΓÄ»ΓÄ»ΓÄ»ΓÄ»ΓÄ»[3/145]ΓÄ»[22m[39m

[41m[1m FAIL [22m[49m [30m[42m unit [49m[39m src/tests/unit/audit.test.js[2m > [22maudit utility[2m > 
[22mlogAudit[2m > [22mhandles missing request object
[31m[1mAssertionError[22m: expected "spy" to be called at least once[39m
[36m [2mΓ¥»[22m src/tests/unit/audit.test.js:[2m67:42[22m[39m
    [90m 65| [39m      mockPrisma[33m.[39mauditLog[33m.[39mcreate[33m.[39m[34mmockResolvedValue[39m({ 
id[33m:[39m [34m4[39m })[33m;[39m
    [90m 66| [39m      [35mawait[39m [34mlogAudit[39m({ action[33m:[39m [32m'IMPORT'[39m[33m,[39m 
entity[33m:[39m [32m'SHIPMENT'[39m })[33m;[39m
    [90m 67| [39m      
[34mexpect[39m(mockPrisma[33m.[39mauditLog[33m.[39mcreate)[33m.[39m[34mtoHaveBeenCalled[39m()[33m;[39m
    [90m   | [39m                                         [31m^[39m
    [90m 68| [39m    })[33m;[39m
    [90m 69| [39m  })[33m;[39m

[31m[2mΓÄ»ΓÄ»ΓÄ»ΓÄ»ΓÄ»ΓÄ»ΓÄ»ΓÄ»ΓÄ»ΓÄ»ΓÄ»ΓÄ»ΓÄ»ΓÄ»ΓÄ»ΓÄ»ΓÄ»ΓÄ»ΓÄ»ΓÄ»ΓÄ»ΓÄ»[4/145]ΓÄ»[22m[39m

[41m[1m FAIL [22m[49m [30m[42m unit [49m[39m src/tests/unit/auth.test.js[2m > [22mauth.service[2m > 
[22mlogin[2m > [22mreturns tokens and user on success
[31m[1mError[22m: Invalid email or password.[39m
[36m [2mΓ¥»[22m Module.login src/services/auth.service.js:[2m104:11[22m[39m
    [90m102| [39m      })[33m;[39m
    [90m103| [39m    }
    [90m104| [39m    [35mthrow[39m [35mnew[39m [33mAppError[39m([32m'Invalid email or 
password.'[39m[33m,[39m [34m401[39m)[33m;[39m
    [90m   | [39m          [31m^[39m
    [90m105| [39m  }
    [90m106| [39m
[90m [2mΓ¥»[22m src/tests/unit/auth.test.js:[2m80:22[22m[39m

[31m[2mΓÄ»ΓÄ»ΓÄ»ΓÄ»ΓÄ»ΓÄ»ΓÄ»ΓÄ»ΓÄ»ΓÄ»ΓÄ»ΓÄ»ΓÄ»ΓÄ»ΓÄ»ΓÄ»ΓÄ»ΓÄ»ΓÄ»ΓÄ»ΓÄ»ΓÄ»[5/145]ΓÄ»[22m[39m

[41m[1m FAIL [22m[49m [30m[42m unit [49m[39m src/tests/unit/auth.test.js[2m > [22mauth.service[2m > 
[22mrefreshAccessToken[2m > [22mreturns new access and rotated refresh token from DB-stored refresh token
[31m[1mError[22m: Invalid or expired refresh token.[39m
[36m [2mΓ¥»[22m Module.refreshAccessToken src/services/auth.service.js:[2m202:11[22m[39m
    [90m200| [39m    return { accessToken: signAccess(user), refreshToken: nextRefreshTΓÇª
    [90m201| [39m  } [35mcatch[39m {
    [90m202| [39m    [35mthrow[39m [35mnew[39m [33mAppError[39m([32m'Invalid or expired refresh 
token.'[39m[33m,[39m [34m401[39m)[33m;[39m
    [90m   | [39m          [31m^[39m
    [90m203| [39m  }
    [90m204| [39m}
[90m [2mΓ¥»[22m src/tests/unit/auth.test.js:[2m100:22[22m[39m

[31m[2mΓÄ»ΓÄ»ΓÄ»ΓÄ»ΓÄ»ΓÄ»ΓÄ»ΓÄ»ΓÄ»ΓÄ»ΓÄ»ΓÄ»ΓÄ»ΓÄ»ΓÄ»ΓÄ»ΓÄ»ΓÄ»ΓÄ»ΓÄ»ΓÄ»ΓÄ»[6/145]ΓÄ»[22m[39m

[41m[1m FAIL [22m[49m [30m[42m unit [49m[39m src/tests/unit/auth.test.js[2m > [22mauth.service[2m > 
[22mrefreshAccessToken[2m > [22mthrows for revoked token and revokes active token family
[31m[1mAssertionError[22m: expected "spy" to be called with arguments: [ ObjectContaining{ΓÇª} ][90m

Number of calls: [1m0[22m
[31m[39m
[36m [2mΓ¥»[22m src/tests/unit/auth.test.js:[2m115:58[22m[39m
    [90m113| [39m      mockPrisma._mockTx.refreshToken.updateMany.mockResolvedValue({ cΓÇª
    [90m114| [39m      await expect(authService.refreshAccessToken('revokedtoken')).rejΓÇª
    [90m115| [39m      expect(mockPrisma._mockTx.refreshToken.updateMany).toHaveBeenCalΓÇª
    [90m   | [39m                                                         [31m^[39m
    [90m116| [39m        expect.objectContaining({ where: { userId: 1, revokedAt: null ΓÇª
    [90m117| [39m      )[33m;[39m

[31m[2mΓÄ»ΓÄ»ΓÄ»ΓÄ»ΓÄ»ΓÄ»ΓÄ»ΓÄ»ΓÄ»ΓÄ»ΓÄ»ΓÄ»ΓÄ»ΓÄ»ΓÄ»ΓÄ»ΓÄ»ΓÄ»ΓÄ»ΓÄ»ΓÄ»ΓÄ»[7/145]ΓÄ»[22m[39m

[41m[1m FAIL [22m[49m [30m[42m unit [49m[39m src/tests/unit/auth.test.js[2m > [22mauth.service[2m > 
[22mrefreshAccessToken[2m > [22mupgrades legacy JWT refresh to rotated DB token
[31m[1mError[22m: Invalid or expired refresh token.[39m
[36m [2mΓ¥»[22m Module.refreshAccessToken src/services/auth.service.js:[2m202:11[22m[39m
    [90m200| [39m    return { accessToken: signAccess(user), refreshToken: nextRefreshTΓÇª
    [90m201| [39m  } [35mcatch[39m {
    [90m202| [39m    [35mthrow[39m [35mnew[39m [33mAppError[39m([32m'Invalid or expired refresh 
token.'[39m[33m,[39m [34m401[39m)[33m;[39m
    [90m   | [39m          [31m^[39m
    [90m203| [39m  }
    [90m204| [39m}
[90m [2mΓ¥»[22m src/tests/unit/auth.test.js:[2m133:22[22m[39m

[31m[2mΓÄ»ΓÄ»ΓÄ»ΓÄ»ΓÄ»ΓÄ»ΓÄ»ΓÄ»ΓÄ»ΓÄ»ΓÄ»ΓÄ»ΓÄ»ΓÄ»ΓÄ»ΓÄ»ΓÄ»ΓÄ»ΓÄ»ΓÄ»ΓÄ»ΓÄ»[8/145]ΓÄ»[22m[39m

[41m[1m FAIL [22m[49m [30m[42m unit [49m[39m src/tests/unit/auth.test.js[2m > [22mauth.service[2m > 
[22mrevokeRefreshToken[2m > [22mmarks token as revoked
[31m[1mAssertionError[22m: expected "spy" to be called with arguments: [ ObjectContaining{ΓÇª} ][90m

Number of calls: [1m0[22m
[31m[39m
[36m [2mΓ¥»[22m src/tests/unit/auth.test.js:[2m150:46[22m[39m
    [90m148| [39m      
mockPrisma[33m.[39mrefreshToken[33m.[39mupdate[33m.[39m[34mmockResolvedValue[39m({})[33m;[39m
    [90m149| [39m      [35mawait[39m 
authService[33m.[39m[34mrevokeRefreshToken[39m([32m'sometoken'[39m)[33m;[39m
    [90m150| [39m      
[34mexpect[39m(mockPrisma[33m.[39mrefreshToken[33m.[39mupdate)[33m.[39m[34mtoHaveBeenCalledWith[39m(
    [90m   | [39m                                             [31m^[39m
    [90m151| [39m        expect[33m.[39m[34mobjectContaining[39m({ where[33m:[39m { token[33m:[39m 
[32m'sometoken'[39m } })[33m,[39m
    [90m152| [39m      )[33m;[39m

[31m[2mΓÄ»ΓÄ»ΓÄ»ΓÄ»ΓÄ»ΓÄ»ΓÄ»ΓÄ»ΓÄ»ΓÄ»ΓÄ»ΓÄ»ΓÄ»ΓÄ»ΓÄ»ΓÄ»ΓÄ»ΓÄ»ΓÄ»ΓÄ»ΓÄ»ΓÄ»[9/145]ΓÄ»[22m[39m

[41m[1m FAIL [22m[49m [30m[42m unit [49m[39m src/tests/unit/auth.test.js[2m > [22mauth.service[2m > 
[22mrevokeAllUserTokens[2m > [22mrevokes all tokens for a user
[31m[1mAssertionError[22m: expected "spy" to be called with arguments: [ ObjectContaining{ΓÇª} ][90m

Number of calls: [1m0[22m
[31m[39m
[36m [2mΓ¥»[22m src/tests/unit/auth.test.js:[2m161:50[22m[39m
    [90m159| [39m      mockPrisma.refreshToken.updateMany.mockResolvedValue({ count: 3 ΓÇª
    [90m160| [39m      [35mawait[39m authService[33m.[39m[34mrevokeAllUserTokens[39m([34m1[39m)[33m;[39m
    [90m161| [39m      
[34mexpect[39m(mockPrisma[33m.[39mrefreshToken[33m.[39mupdateMany)[33m.[39m[34mtoHaveBeenCalledWith[39m(
    [90m   | [39m                                                 [31m^[39m
    [90m162| [39m        expect.objectContaining({ where: { userId: 1, revokedAt: null ΓÇª
    [90m163| [39m      )[33m;[39m

[31m[2mΓÄ»ΓÄ»ΓÄ»ΓÄ»ΓÄ»ΓÄ»ΓÄ»ΓÄ»ΓÄ»ΓÄ»ΓÄ»ΓÄ»ΓÄ»ΓÄ»ΓÄ»ΓÄ»ΓÄ»ΓÄ»ΓÄ»ΓÄ»ΓÄ»[10/145]ΓÄ»[22m[39m

[41m[1m FAIL [22m[49m [30m[42m unit [49m[39m src/tests/unit/auth.test.js[2m > [22mauth.service[2m > 
[22mcleanupExpiredTokens[2m > [22mdeletes expired and revoked tokens
[31m[1mAssertionError[22m: expected "spy" to be called at least once[39m
[36m [2mΓ¥»[22m src/tests/unit/auth.test.js:[2m172:50[22m[39m
    [90m170| [39m      mockPrisma.refreshToken.deleteMany.mockResolvedValue({ count: 5 ΓÇª
    [90m171| [39m      [35mawait[39m authService[33m.[39m[34mcleanupExpiredTokens[39m()[33m;[39m
    [90m172| [39m      [34mexpect[39m(mockPrisma[33m.[39mrefreshToken[33m.[39mdeleteMany)[33m.[39m[34mtoHave
BeenCalled[39m()[33m;[39m
    [90m   | [39m                                                 [31m^[39m
    [90m173| [39m    })[33m;[39m
    [90m174| [39m  })[33m;[39m

[31m[2mΓÄ»ΓÄ»ΓÄ»ΓÄ»ΓÄ»ΓÄ»ΓÄ»ΓÄ»ΓÄ»ΓÄ»ΓÄ»ΓÄ»ΓÄ»ΓÄ»ΓÄ»ΓÄ»ΓÄ»ΓÄ»ΓÄ»ΓÄ»ΓÄ»[11/145]ΓÄ»[22m[39m

[41m[1m FAIL [22m[49m [30m[42m unit [49m[39m src/tests/unit/auth.test.js[2m > [22mauth.service[2m > 
[22mcreateUser[2m > [22mthrows on duplicate email
[31m[1mAssertionError[22m: promise resolved "{ id: 1, name: 'Test', ΓÇª(7) }" instead of rejecting[39m

[32m- Expected[39m
[31m+ Received[39m

[32m- Error {[39m
[32m-   "message": "rejected promise",[39m
[31m+ {[39m
[31m+   "active": true,[39m
[31m+   "branch": null,[39m
[31m+   "clientCode": null,[39m
[31m+   "createdAt": 2026-05-03T07:48:02.428Z,[39m
[31m+   "email": "dup@x.com",[39m
[31m+   "id": 1,[39m
[31m+   "mustChangePassword": false,[39m
[31m+   "name": "Test",[39m
[31m+   "role": "STAFF",[39m
[2m  }[22m

[36m [2mΓ¥»[22m src/tests/unit/auth.test.js:[2m181:9[22m[39m
    [90m179| [39m      mockPrisma[33m.[39muser[33m.[39mfindUnique[33m.[39m[34mmockResolvedValue[39m({ 
id[33m:[39m [34m1[39m })[33m;[39m
    [90m180| [39m      await expect(authService.createUser({ email: 'dup@x.com', passwoΓÇª
    [90m181| [39m        [33m.[39mrejects[33m.[39m[34mtoThrow[39m([32m'Email already 
registered.'[39m)[33m;[39m
    [90m   | [39m        [31m^[39m
    [90m182| [39m    })[33m;[39m
    [90m183| [39m

[31m[2mΓÄ»ΓÄ»ΓÄ»ΓÄ»ΓÄ»ΓÄ»ΓÄ»ΓÄ»ΓÄ»ΓÄ»ΓÄ»ΓÄ»ΓÄ»ΓÄ»ΓÄ»ΓÄ»ΓÄ»ΓÄ»ΓÄ»ΓÄ»ΓÄ»[12/145]ΓÄ»[22m[39m

[41m[1m FAIL [22m[49m [30m[42m unit [49m[39m src/tests/unit/auth.test.js[2m > [22mauth.service[2m > 
[22mcreateUser[2m > [22mcreates a user with hashed password
[31m[1mAssertionError[22m: expected "spy" to be called at least once[39m
[36m [2mΓ¥»[22m src/tests/unit/auth.test.js:[2m203:38[22m[39m
    [90m201| [39m      const user = await authService.createUser({ email: 'new@x.com', ΓÇª
    [90m202| [39m      
[34mexpect[39m(user[33m.[39memail)[33m.[39m[34mtoBe[39m([32m'new@x.com'[39m)[33m;[39m
    [90m203| [39m      
[34mexpect[39m(mockPrisma[33m.[39muser[33m.[39mcreate)[33m.[39m[34mtoHaveBeenCalled[39m()[33m;[39m
    [90m   | [39m                                     [31m^[39m
    [90m204| [39m    })[33m;[39m
    [90m205| [39m

[31m[2mΓÄ»ΓÄ»ΓÄ»ΓÄ»ΓÄ»ΓÄ»ΓÄ»ΓÄ»ΓÄ»ΓÄ»ΓÄ»ΓÄ»ΓÄ»ΓÄ»ΓÄ»ΓÄ»ΓÄ»ΓÄ»ΓÄ»ΓÄ»ΓÄ»[13/145]ΓÄ»[22m[39m

[41m[1m FAIL [22m[49m [30m[42m unit [49m[39m src/tests/unit/auth.test.js[2m > [22mauth.service[2m > 
[22mcreateUser[2m > [22mcreates CLIENT user with clientUser link
[31m[1mError[22m: Client with code "TEST" not found.[39m
[36m [2mΓ¥»[22m Module.createUser src/services/auth.service.js:[2m263:24[22m[39m
    [90m261| [39m    if (!normalizedClientCode) throw new AppError('clientCode is requiΓÇª
    [90m262| [39m    const client = await prisma.client.findUnique({ where: { code: norΓÇª
    [90m263| [39m    if (!client) throw new AppError(`Client with code "${normalizedCliΓÇª
    [90m   | [39m                       [31m^[39m
    [90m264| [39m  }
    [90m265| [39m
[90m [2mΓ¥»[22m src/tests/unit/auth.test.js:[2m215:20[22m[39m

[31m[2mΓÄ»ΓÄ»ΓÄ»ΓÄ»ΓÄ»ΓÄ»ΓÄ»ΓÄ»ΓÄ»ΓÄ»ΓÄ»ΓÄ»ΓÄ»ΓÄ»ΓÄ»ΓÄ»ΓÄ»ΓÄ»ΓÄ»ΓÄ»ΓÄ»[14/145]ΓÄ»[22m[39m

[41m[1m FAIL [22m[49m [30m[42m unit [49m[39m src/tests/unit/auth.test.js[2m > [22mauth.service[2m > 
[22mupdateUser[2m > [22mhashes password if provided
[31m[1mTypeError[22m: Cannot read properties of undefined (reading '0')[39m
[36m [2mΓ¥»[22m src/tests/unit/auth.test.js:[2m228:64[22m[39m
    [90m226| [39m      mockPrisma._mockTx.clientUser.deleteMany.mockResolvedValue({ couΓÇª
    [90m227| [39m      [35mawait[39m authService[33m.[39m[34mupdateUser[39m([34m1[39m[33m,[39m { 
password[33m:[39m [32m'NewPass123!'[39m })[33m;[39m
    [90m228| [39m      [35mconst[39m call [33m=[39m mockPrisma[33m.[39m_mockTx[33m.[39muser[33m.[39mupdate
[33m.[39mmock[33m.[39mcalls[[34m0[39m][[34m0[39m][33m;[39m
    [90m   | [39m                                                               [31m^[39m
    [90m229| [39m      expect(call.data.password).not.toBe('NewPass123!'); // should beΓÇª
    [90m230| [39m    })[33m;[39m

[31m[2mΓÄ»ΓÄ»ΓÄ»ΓÄ»ΓÄ»ΓÄ»ΓÄ»ΓÄ»ΓÄ»ΓÄ»ΓÄ»ΓÄ»ΓÄ»ΓÄ»ΓÄ»ΓÄ»ΓÄ»ΓÄ»ΓÄ»ΓÄ»ΓÄ»[15/145]ΓÄ»[22m[39m

[41m[1m FAIL [22m[49m [30m[42m unit [49m[39m src/tests/unit/auth.test.js[2m > [22mauth.service[2m > 
[22mupdateUser[2m > [22mlowercases email
[31m[1mTypeError[22m: Cannot read properties of undefined (reading '0')[39m
[36m [2mΓ¥»[22m src/tests/unit/auth.test.js:[2m239:64[22m[39m
    [90m237| [39m      mockPrisma._mockTx.clientUser.deleteMany.mockResolvedValue({ couΓÇª
    [90m238| [39m      [35mawait[39m authService[33m.[39m[34mupdateUser[39m([34m1[39m[33m,[39m { 
email[33m:[39m [32m'User@EXAMPLE.COM'[39m })[33m;[39m
    [90m239| [39m      [35mconst[39m call [33m=[39m mockPrisma[33m.[39m_mockTx[33m.[39muser[33m.[39mupdate
[33m.[39mmock[33m.[39mcalls[[34m0[39m][[34m0[39m][33m;[39m
    [90m   | [39m                                                               [31m^[39m
    [90m240| [39m      
[34mexpect[39m(call[33m.[39mdata[33m.[39memail)[33m.[39m[34mtoBe[39m([32m'user@example.com'[39m)[33m;[39m
    [90m241| [39m    })[33m;[39m

[31m[2mΓÄ»ΓÄ»ΓÄ»ΓÄ»ΓÄ»ΓÄ»ΓÄ»ΓÄ»ΓÄ»ΓÄ»ΓÄ»ΓÄ»ΓÄ»ΓÄ»ΓÄ»ΓÄ»ΓÄ»ΓÄ»ΓÄ»ΓÄ»ΓÄ»[16/145]ΓÄ»[22m[39m

[41m[1m FAIL [22m[49m [30m[42m unit [49m[39m src/tests/unit/auth.test.js[2m > [22mauth.service[2m > 
[22mupdateUser[2m > [22mrevokes tokens when deactivating
[31m[1mAssertionError[22m: expected "spy" to be called at least once[39m
[36m [2mΓ¥»[22m src/tests/unit/auth.test.js:[2m249:50[22m[39m
    [90m247| [39m      mockPrisma._mockTx.clientUser.deleteMany.mockResolvedValue({ couΓÇª
    [90m248| [39m      [35mawait[39m authService[33m.[39m[34mupdateUser[39m([34m1[39m[33m,[39m { 
active[33m:[39m [35mfalse[39m })[33m;[39m
    [90m249| [39m      [34mexpect[39m(mockPrisma[33m.[39mrefreshToken[33m.[39mupdateMany)[33m.[39m[34mtoHave
BeenCalled[39m()[33m;[39m
    [90m   | [39m                                                 [31m^[39m
    [90m250| [39m    })[33m;[39m
    [90m251| [39m

[31m[2mΓÄ»ΓÄ»ΓÄ»ΓÄ»ΓÄ»ΓÄ»ΓÄ»ΓÄ»ΓÄ»ΓÄ»ΓÄ»ΓÄ»ΓÄ»ΓÄ»ΓÄ»ΓÄ»ΓÄ»ΓÄ»ΓÄ»ΓÄ»ΓÄ»[17/145]ΓÄ»[22m[39m

[41m[1m FAIL [22m[49m [30m[42m unit [49m[39m src/tests/unit/auth.test.js[2m > [22mauth.service[2m > 
[22mupdateUser[2m > [22mupserts client link when updating CLIENT user
[31m[1mError[22m: Client with code "NEW" not found.[39m
[36m [2mΓ¥»[22m Module.updateUser src/services/auth.service.js:[2m328:24[22m[39m
    [90m326| [39m    if (!nextClientCode) throw new AppError('clientCode is required foΓÇª
    [90m327| [39m    const client = await prisma.client.findUnique({ where: { code: nexΓÇª
    [90m328| [39m    if (!client) throw new AppError(`Client with code "${nextClientCodΓÇª
    [90m   | [39m                       [31m^[39m
    [90m329| [39m  }
    [90m330| [39m
[90m [2mΓ¥»[22m src/tests/unit/auth.test.js:[2m258:7[22m[39m

[31m[2mΓÄ»ΓÄ»ΓÄ»ΓÄ»ΓÄ»ΓÄ»ΓÄ»ΓÄ»ΓÄ»ΓÄ»ΓÄ»ΓÄ»ΓÄ»ΓÄ»ΓÄ»ΓÄ»ΓÄ»ΓÄ»ΓÄ»ΓÄ»ΓÄ»[18/145]ΓÄ»[22m[39m

[41m[1m FAIL [22m[49m [30m[42m unit [49m[39m src/tests/unit/auth.test.js[2m > [22mauth.service[2m > 
[22mdeleteUser[2m > [22mdeletes a user account
[31m[1mError[22m: User not found.[39m
[36m [2mΓ¥»[22m Module.deleteUser src/services/auth.service.js:[2m367:24[22m[39m
    [90m365| [39m    select: { id: true, name: true, email: true, role: true, branch: tΓÇª
    [90m366| [39m  })[33m;[39m
    [90m367| [39m  [35mif[39m ([33m![39mexisting) [35mthrow[39m [35mnew[39m [33mAppError[39m([32m'User 
not found.'[39m[33m,[39m [34m404[39m)[33m;[39m
    [90m   | [39m                       [31m^[39m
    [90m368| [39m
    [90m369| [39m  [35mawait[39m prisma[33m.[39muser[33m.[39m[35mdelete[39m({ where[33m:[39m { 
id[33m:[39m userId } })[33m;[39m
[90m [2mΓ¥»[22m src/tests/unit/auth.test.js:[2m281:23[22m[39m

[31m[2mΓÄ»ΓÄ»ΓÄ»ΓÄ»ΓÄ»ΓÄ»ΓÄ»ΓÄ»ΓÄ»ΓÄ»ΓÄ»ΓÄ»ΓÄ»ΓÄ»ΓÄ»ΓÄ»ΓÄ»ΓÄ»ΓÄ»ΓÄ»ΓÄ»[19/145]ΓÄ»[22m[39m

[41m[1m FAIL [22m[49m [30m[42m unit [49m[39m src/tests/unit/auth.test.js[2m > [22mauth.service[2m > 
[22mchangePassword[2m > [22mupdates password and revokes tokens
[31m[1mError[22m: Current password is incorrect.[39m
[36m [2mΓ¥»[22m Module.changePassword src/services/auth.service.js:[2m387:21[22m[39m
    [90m385| [39m  [35mconst[39m user [33m=[39m [35mawait[39m 
prisma[33m.[39muser[33m.[39m[34mfindUnique[39m({ where[33m:[39m { id[33m:[39m userId } })[33m;[39m
    [90m386| [39m  [35mconst[39m valid [33m=[39m [35mawait[39m 
bcrypt[33m.[39m[34mcompare[39m(currentPassword[33m,[39m user[33m.[39mpassword)[33m;[39m
    [90m387| [39m  if (!valid) throw new AppError('Current password is incorrect.', 400ΓÇª
    [90m   | [39m                    [31m^[39m
    [90m388| [39m  [34mvalidatePassword[39m(newPassword)[33m;[39m
    [90m389| [39m  [35mconst[39m hashed [33m=[39m [35mawait[39m 
bcrypt[33m.[39m[34mhash[39m(newPassword[33m,[39m [33mSALT_ROUNDS[39m)[33m;[39m
[90m [2mΓ¥»[22m src/tests/unit/auth.test.js:[2m305:7[22m[39m

[31m[2mΓÄ»ΓÄ»ΓÄ»ΓÄ»ΓÄ»ΓÄ»ΓÄ»ΓÄ»ΓÄ»ΓÄ»ΓÄ»ΓÄ»ΓÄ»ΓÄ»ΓÄ»ΓÄ»ΓÄ»ΓÄ»ΓÄ»ΓÄ»ΓÄ»[20/145]ΓÄ»[22m[39m

[41m[1m FAIL [22m[49m [30m[42m unit [49m[39m src/tests/unit/auth.test.js[2m > [22mauth.service[2m > 
[22mgetAllUsers[2m > [22mreturns users with flattened clientCode
[31m[1mAssertionError[22m: expected null to be 'XYZ' // Object.is equality[39m

[32m- Expected:[39m 
"XYZ"

[31m+ Received:[39m 
null

[36m [2mΓ¥»[22m src/tests/unit/auth.test.js:[2m321:35[22m[39m
    [90m319| [39m      [34mexpect[39m(users)[33m.[39m[34mtoHaveLength[39m([34m2[39m)[33m;[39m
    [90m320| [39m      
[34mexpect[39m(users[[34m0[39m][33m.[39mclientCode)[33m.[39m[34mtoBeNull[39m()[33m;[39m
    [90m321| [39m      
[34mexpect[39m(users[[34m1[39m][33m.[39mclientCode)[33m.[39m[34mtoBe[39m([32m'XYZ'[39m)[33m;[39m
    [90m   | [39m                                  [31m^[39m
    [90m322| [39m    })[33m;[39m
    [90m323| [39m  })[33m;[39m

[31m[2mΓÄ»ΓÄ»ΓÄ»ΓÄ»ΓÄ»ΓÄ»ΓÄ»ΓÄ»ΓÄ»ΓÄ»ΓÄ»ΓÄ»ΓÄ»ΓÄ»ΓÄ»ΓÄ»ΓÄ»ΓÄ»ΓÄ»ΓÄ»ΓÄ»[21/145]ΓÄ»[22m[39m

[41m[1m FAIL [22m[49m [30m[42m unit [49m[39m src/tests/unit/authMiddleware.test.js[2m > 
[22mauth.middleware[2m > [22mprotect[2m > [22mauthenticates with valid Bearer token
[31m[1mAssertionError[22m: expected "spy" to be called with arguments: [][90m

Received: 

[1m  1st spy call:

[22m[32m- [][90m
[31m+ [[90m
[31m+   PrismaClientInitializationError {[90m
[31m+     "message": "[90m
[31m+ Invalid `prisma.user.findUnique()` invocation in[90m
[31m+ C:\\Users\\hp\\OneDrive\\Desktop\\seahawk-full_stack\\backend\\src\\middleware\\auth.middleware.js:48:32[90m
[31m+[90m
[31m+   45 const cached = lruGet(cacheKey);[90m
[31m+   46 let user = cached && cached.expiresAt > Date.now() ? cached.user : null;[90m
[31m+   47 if (!user) {[90m
[31m+ ΓåÆ 48   user = await prisma.user.findUnique([90m
[31m+ Authentication failed against database server at `localhost`, the provided database credentials for `mock` are 
not valid.[90m
[31m+[90m
[31m+ Please make sure to provide valid database credentials for the database server at `localhost`.",[90m
[31m+     "name": "PrismaClientInitializationError",[90m
[31m+     "clientVersion": "5.22.0",[90m
[31m+     "errorCode": undefined,[90m
[31m+   },[90m
[31m+ ][90m
[31m[90m

Number of calls: [1m1[22m
[31m[39m
[36m [2mΓ¥»[22m src/tests/unit/authMiddleware.test.js:[2m62:20[22m[39m
    [90m 60| [39m      [35mconst[39m next [33m=[39m vi[33m.[39m[34mfn[39m()[33m;[39m
    [90m 61| [39m      [35mawait[39m authMiddleware[33m.[39m[34mprotect[39m(req[33m,[39m res[33m,[39m 
next)[33m;[39m
    [90m 62| [39m      [34mexpect[39m(next)[33m.[39m[34mtoHaveBeenCalledWith[39m()[33m;[39m
    [90m   | [39m                   [31m^[39m
    [90m 63| [39m      [34mexpect[39m(req[33m.[39muser)[33m.[39m[34mtoBeDefined[39m()[33m;[39m
    [90m 64| [39m    })[33m;[39m

[31m[2mΓÄ»ΓÄ»ΓÄ»ΓÄ»ΓÄ»ΓÄ»ΓÄ»ΓÄ»ΓÄ»ΓÄ»ΓÄ»ΓÄ»ΓÄ»ΓÄ»ΓÄ»ΓÄ»ΓÄ»ΓÄ»ΓÄ»ΓÄ»ΓÄ»[22/145]ΓÄ»[22m[39m

[41m[1m FAIL [22m[49m [30m[42m unit [49m[39m src/tests/unit/authMiddleware.test.js[2m > 
[22mauth.middleware[2m > [22mprotect[2m > [22mrejects deactivated user
[31m[1mAssertionError[22m: expected "unauthorized" to be called with arguments: [ ΓÇª(2) ][90m

Number of calls: [1m0[22m
[31m[39m
[36m [2mΓ¥»[22m src/tests/unit/authMiddleware.test.js:[2m75:41[22m[39m
    [90m 73| [39m      [35mconst[39m next [33m=[39m vi[33m.[39m[34mfn[39m()[33m;[39m
    [90m 74| [39m      [35mawait[39m authMiddleware[33m.[39m[34mprotect[39m(req[33m,[39m res[33m,[39m 
next)[33m;[39m
    [90m 75| [39m      expect(responseUtil.unauthorized).toHaveBeenCalledWith(res, expeΓÇª
    [90m   | [39m                                        [31m^[39m
    [90m 76| [39m    })[33m;[39m
    [90m 77| [39m

[31m[2mΓÄ»ΓÄ»ΓÄ»ΓÄ»ΓÄ»ΓÄ»ΓÄ»ΓÄ»ΓÄ»ΓÄ»ΓÄ»ΓÄ»ΓÄ»ΓÄ»ΓÄ»ΓÄ»ΓÄ»ΓÄ»ΓÄ»ΓÄ»ΓÄ»[23/145]ΓÄ»[22m[39m

[41m[1m FAIL [22m[49m [30m[42m unit [49m[39m src/tests/unit/authMiddleware.test.js[2m > 
[22mauth.middleware[2m > [22mprotect[2m > [22mrejects deleted user
[31m[1mAssertionError[22m: expected "unauthorized" to be called with arguments: [ ΓÇª(2) ][90m

Number of calls: [1m0[22m
[31m[39m
[36m [2mΓ¥»[22m src/tests/unit/authMiddleware.test.js:[2m85:41[22m[39m
    [90m 83| [39m      [35mconst[39m next [33m=[39m vi[33m.[39m[34mfn[39m()[33m;[39m
    [90m 84| [39m      [35mawait[39m authMiddleware[33m.[39m[34mprotect[39m(req[33m,[39m res[33m,[39m 
next)[33m;[39m
    [90m 85| [39m      expect(responseUtil.unauthorized).toHaveBeenCalledWith(res, 'UseΓÇª
    [90m   | [39m                                        [31m^[39m
    [90m 86| [39m    })[33m;[39m
    [90m 87| [39m

[31m[2mΓÄ»ΓÄ»ΓÄ»ΓÄ»ΓÄ»ΓÄ»ΓÄ»ΓÄ»ΓÄ»ΓÄ»ΓÄ»ΓÄ»ΓÄ»ΓÄ»ΓÄ»ΓÄ»ΓÄ»ΓÄ»ΓÄ»ΓÄ»ΓÄ»[24/145]ΓÄ»[22m[39m

[41m[1m FAIL [22m[49m [30m[42m unit [49m[39m src/tests/unit/authMiddleware.test.js[2m > 
[22mauth.middleware[2m > [22mprotect[2m > [22mattaches client details for CLIENT users
[31m[1mTypeError[22m: Cannot read properties of undefined (reading 'clientCode')[39m
[36m [2mΓ¥»[22m src/tests/unit/authMiddleware.test.js:[2m98:23[22m[39m
    [90m 96| [39m      [35mconst[39m next [33m=[39m vi[33m.[39m[34mfn[39m()[33m;[39m
    [90m 97| [39m      [35mawait[39m authMiddleware[33m.[39m[34mprotect[39m(req[33m,[39m res[33m,[39m 
next)[33m;[39m
    [90m 98| [39m      
[34mexpect[39m(req[33m.[39muser[33m.[39mclientCode)[33m.[39m[34mtoBe[39m([32m'SEA'[39m)[33m;[39m
    [90m   | [39m                      [31m^[39m
    [90m 99| [39m      
[34mexpect[39m(req[33m.[39muser[33m.[39mwalletBalance)[33m.[39m[34mtoBe[39m([34m500[39m)[33m;[39m
    [90m100| [39m    })[33m;[39m

[31m[2mΓÄ»ΓÄ»ΓÄ»ΓÄ»ΓÄ»ΓÄ»ΓÄ»ΓÄ»ΓÄ»ΓÄ»ΓÄ»ΓÄ»ΓÄ»ΓÄ»ΓÄ»ΓÄ»ΓÄ»ΓÄ»ΓÄ»ΓÄ»ΓÄ»[25/145]ΓÄ»[22m[39m

[41m[1m FAIL [22m[49m [30m[42m unit [49m[39m src/tests/unit/carrierService.test.js[2m > 
[22mcarrier.service[2m > [22msyncTrackingEvents[2m > [22mintegrates tracking events and updates shipment status
[31m[1mPrismaClientKnownRequestError[22m: 
Invalid `prisma.trackingEvent.createMany()` invocation in
C:\Users\hp\OneDrive\Desktop\seahawk-full_stack\backend\src\services\carrier.service.js:842:30

  839   return 0;
  840 }
  841 
ΓåÆ 842 await prisma.trackingEvent.createMany(
Foreign key constraint violated: `tracking_events_shipment_id_fkey (index)`[39m
[90m [2mΓ¥»[22m $n.handleRequestError node_modules/@prisma/client/runtime/library.js:[2m121:7315[22m[39m
[90m [2mΓ¥»[22m $n.handleAndLogRequestError node_modules/@prisma/client/runtime/library.js:[2m121:6623[22m[39m
[90m [2mΓ¥»[22m $n.request node_modules/@prisma/client/runtime/library.js:[2m121:6307[22m[39m
[90m [2mΓ¥»[22m l node_modules/@prisma/client/runtime/library.js:[2m130:9633[22m[39m
[90m [2mΓ¥»[22m Object.syncTrackingEvents src/services/carrier.service.js:[2m842:3[22m[39m
[36m [2mΓ¥»[22m src/tests/unit/carrierService.test.js:[2m194:21[22m[39m
    [90m192| [39m      mockPrisma[33m.[39mshipment[33m.[39mupdate[33m.[39m[34mmockResolvedValueOnce[39m({ 
id[33m:[39m [34m1[39m })[33m;[39m
    [90m193| [39m
    [90m194| [39m      const count = await carrierService.syncTrackingEvents(1, 'AWB123ΓÇª
    [90m   | [39m                    [31m^[39m
    [90m195| [39m      [34mexpect[39m(count)[33m.[39m[34mtoBe[39m([34m1[39m)[33m;[39m
    [90m196| [39m    })[33m;[39m

[31m[2mΓÄ»ΓÄ»ΓÄ»ΓÄ»ΓÄ»ΓÄ»ΓÄ»ΓÄ»ΓÄ»ΓÄ»ΓÄ»ΓÄ»ΓÄ»ΓÄ»ΓÄ»ΓÄ»ΓÄ»ΓÄ»ΓÄ»ΓÄ»ΓÄ»[26/145]ΓÄ»[22m[39m

[41m[1m FAIL [22m[49m [30m[42m unit [49m[39m src/tests/unit/carrierService.test.js[2m > 
[22mcarrier.service[2m > [22msyncTrackingEvents[2m > [22mcreates an NDR event even when the failed scan already 
exists
[31m[1mPrismaClientKnownRequestError[22m: 
Invalid `prisma.trackingEvent.createMany()` invocation in
C:\Users\hp\OneDrive\Desktop\seahawk-full_stack\backend\src\services\carrier.service.js:842:30

  839   return 0;
  840 }
  841 
ΓåÆ 842 await prisma.trackingEvent.createMany(
Foreign key constraint violated: `tracking_events_shipment_id_fkey (index)`[39m
[90m [2mΓ¥»[22m $n.handleRequestError node_modules/@prisma/client/runtime/library.js:[2m121:7315[22m[39m
[90m [2mΓ¥»[22m $n.handleAndLogRequestError node_modules/@prisma/client/runtime/library.js:[2m121:6623[22m[39m
[90m [2mΓ¥»[22m $n.request node_modules/@prisma/client/runtime/library.js:[2m121:6307[22m[39m
[90m [2mΓ¥»[22m l node_modules/@prisma/client/runtime/library.js:[2m130:9633[22m[39m
[90m [2mΓ¥»[22m Object.syncTrackingEvents src/services/carrier.service.js:[2m842:3[22m[39m
[36m [2mΓ¥»[22m src/tests/unit/carrierService.test.js:[2m224:21[22m[39m
    [90m222| [39m      mockPrisma[33m.[39mnDREvent[33m.[39mcreate[33m.[39m[34mmockResolvedValueOnce[39m({ 
id[33m:[39m [34m10[39m })[33m;[39m
    [90m223| [39m
    [90m224| [39m      const count = await carrierService.syncTrackingEvents(1, 'AWB123ΓÇª
    [90m   | [39m                    [31m^[39m
    [90m225| [39m      [34mexpect[39m(count)[33m.[39m[34mtoBe[39m([34m0[39m)[33m;[39m
    [90m226| [39m      expect(mockPrisma.nDREvent.create).toHaveBeenCalledWith(expect.oΓÇª

[31m[2mΓÄ»ΓÄ»ΓÄ»ΓÄ»ΓÄ»ΓÄ»ΓÄ»ΓÄ»ΓÄ»ΓÄ»ΓÄ»ΓÄ»ΓÄ»ΓÄ»ΓÄ»ΓÄ»ΓÄ»ΓÄ»ΓÄ»ΓÄ»ΓÄ»[27/145]ΓÄ»[22m[39m

[41m[1m FAIL [22m[49m [30m[42m unit [49m[39m src/tests/unit/clientService.test.js[2m > 
[22mclient.service[2m > [22mgetAll[2m > [22mreturns all clients ordered by code
[31m[1mAssertionError[22m: expected [ ΓÇª(4) ] to have a length of 2 but got 4[39m

[32m- Expected[39m
[31m+ Received[39m

[32m- 2[39m
[31m+ 4[39m

[36m [2mΓ¥»[22m src/tests/unit/clientService.test.js:[2m22:22[22m[39m
    [90m 20| [39m      ])[33m;[39m
    [90m 21| [39m      [35mconst[39m result [33m=[39m [35mawait[39m 
clientService[33m.[39m[34mgetAll[39m()[33m;[39m
    [90m 22| [39m      [34mexpect[39m(result)[33m.[39m[34mtoHaveLength[39m([34m2[39m)[33m;[39m
    [90m   | [39m                     [31m^[39m
    [90m 23| [39m      
[34mexpect[39m(result[[34m0[39m][33m.[39mcode)[33m.[39m[34mtoBe[39m([32m'AAA'[39m)[33m;[39m
    [90m 24| [39m    })[33m;[39m

[31m[2mΓÄ»ΓÄ»ΓÄ»ΓÄ»ΓÄ»ΓÄ»ΓÄ»ΓÄ»ΓÄ»ΓÄ»ΓÄ»ΓÄ»ΓÄ»ΓÄ»ΓÄ»ΓÄ»ΓÄ»ΓÄ»ΓÄ»ΓÄ»ΓÄ»[28/145]ΓÄ»[22m[39m

[41m[1m FAIL [22m[49m [30m[42m unit [49m[39m src/tests/unit/clientService.test.js[2m > 
[22mclient.service[2m > [22mgetByCode[2m > [22mreturns client when found
[31m[1mError[22m: Client not found.[39m
[36m [2mΓ¥»[22m Module.getByCode src/services/client.service.js:[2m18:22[22m[39m
    [90m 16| [39m[35masync[39m [35mfunction[39m [34mgetByCode[39m(code) {
    [90m 17| [39m  const client = await prisma.client.findUnique({ where: { code: code.ΓÇª
    [90m 18| [39m  [35mif[39m ([33m![39mclient) [35mthrow[39m [35mnew[39m [33mAppError[39m([32m'Client 
not found.'[39m[33m,[39m [34m404[39m)[33m;[39m
    [90m   | [39m                     [31m^[39m
    [90m 19| [39m  [35mreturn[39m client[33m;[39m
    [90m 20| [39m}
[90m [2mΓ¥»[22m src/tests/unit/clientService.test.js:[2m30:22[22m[39m

[31m[2mΓÄ»ΓÄ»ΓÄ»ΓÄ»ΓÄ»ΓÄ»ΓÄ»ΓÄ»ΓÄ»ΓÄ»ΓÄ»ΓÄ»ΓÄ»ΓÄ»ΓÄ»ΓÄ»ΓÄ»ΓÄ»ΓÄ»ΓÄ»ΓÄ»[29/145]ΓÄ»[22m[39m

[41m[1m FAIL [22m[49m [30m[42m unit [49m[39m src/tests/unit/clientService.test.js[2m > 
[22mclient.service[2m > [22mremove[2m > [22mdeletes client with no shipments
[31m[1mPrismaClientKnownRequestError[22m: 
Invalid `prisma.client.delete()` invocation in
C:\Users\hp\OneDrive\Desktop\seahawk-full_stack\backend\src\services\client.service.js:66:30

  63 const shipmentCount = await prisma.shipment.count({ where: { clientCode: code } });
  64 if (shipmentCount > 0)
  65   throw new AppError(`Cannot delete: client has ${shipmentCount} shipments. Deactivate instead.`, 400);
ΓåÆ 66 return prisma.client.delete(
An operation failed because it depends on one or more records that were required but not found. Record to delete does 
not exist.[39m
[90m [2mΓ¥»[22m $n.handleRequestError node_modules/@prisma/client/runtime/library.js:[2m121:7315[22m[39m
[90m [2mΓ¥»[22m $n.handleAndLogRequestError node_modules/@prisma/client/runtime/library.js:[2m121:6623[22m[39m
[90m [2mΓ¥»[22m $n.request node_modules/@prisma/client/runtime/library.js:[2m121:6307[22m[39m
[90m [2mΓ¥»[22m l node_modules/@prisma/client/runtime/library.js:[2m130:9633[22m[39m
[36m [2mΓ¥»[22m src/tests/unit/clientService.test.js:[2m52:22[22m[39m
    [90m 50| [39m      
mockPrisma[33m.[39mshipment[33m.[39mcount[33m.[39m[34mmockResolvedValue[39m([34m0[39m)[33m;[39m
    [90m 51| [39m      
mockPrisma[33m.[39mclient[33m.[39m[35mdelete[39m[33m.[39m[34mmockResolvedValue[39m({ code[33m:[39m 
[32m'DEL'[39m })[33m;[39m
    [90m 52| [39m      [35mconst[39m result [33m=[39m [35mawait[39m 
clientService[33m.[39m[34mremove[39m([32m'DEL'[39m)[33m;[39m
    [90m   | [39m                     [31m^[39m
    [90m 53| [39m      [34mexpect[39m(result[33m.[39mcode)[33m.[39m[34mtoBe[39m([32m'DEL'[39m)[33m;[39m
    [90m 54| [39m    })[33m;[39m

[31m[2mΓÄ»ΓÄ»ΓÄ»ΓÄ»ΓÄ»ΓÄ»ΓÄ»ΓÄ»ΓÄ»ΓÄ»ΓÄ»ΓÄ»ΓÄ»ΓÄ»ΓÄ»ΓÄ»ΓÄ»ΓÄ»ΓÄ»ΓÄ»ΓÄ»[30/145]ΓÄ»[22m[39m

[41m[1m FAIL [22m[49m [30m[42m unit [49m[39m src/tests/unit/clientService.test.js[2m > 
[22mclient.service[2m > [22mgetClientStats[2m > [22mreturns stats with totals aggregated
[31m[1mAssertionError[22m: expected +0 to be 13 // Object.is equality[39m

[32m- Expected[39m
[31m+ Received[39m

[32m- 13[39m
[31m+ 0[39m

[36m [2mΓ¥»[22m src/tests/unit/clientService.test.js:[2m72:34[22m[39m
    [90m 70| [39m      ])[33m;[39m
    [90m 71| [39m      [35mconst[39m result [33m=[39m [35mawait[39m 
clientService[33m.[39m[34mgetClientStats[39m([32m'SEA'[39m)[33m;[39m
    [90m 72| [39m      
[34mexpect[39m(result[33m.[39mstats[33m.[39mtotal)[33m.[39m[34mtoBe[39m([34m13[39m)[33m;[39m
    [90m   | [39m                                 [31m^[39m
    [90m 73| [39m      
[34mexpect[39m(result[33m.[39mstats[33m.[39mamount)[33m.[39m[34mtoBe[39m([34m1300[39m)[33m;[39m
    [90m 74| [39m      
[34mexpect[39m(result[33m.[39mstats[33m.[39mweight)[33m.[39m[34mtoBe[39m([34m65[39m)[33m;[39m

[31m[2mΓÄ»ΓÄ»ΓÄ»ΓÄ»ΓÄ»ΓÄ»ΓÄ»ΓÄ»ΓÄ»ΓÄ»ΓÄ»ΓÄ»ΓÄ»ΓÄ»ΓÄ»ΓÄ»ΓÄ»ΓÄ»ΓÄ»ΓÄ»ΓÄ»[31/145]ΓÄ»[22m[39m

[41m[1m FAIL [22m[49m [30m[42m unit [49m[39m src/tests/unit/dataConsistency.test.js[2m > [22mData 
Consistency & Integrity Verification[2m > [22mAWB normalization ΓÇö Unicode, whitespace, casing[2m > [22mstrips 
zero-width characters and normalizes to uppercase
[31m[1mError[22m: Client not found: TESTCL[39m
[36m [2mΓ¥»[22m src/services/shipment.service.js:[2m307:28[22m[39m
    [90m305| [39m          select[33m:[39m { walletBalance[33m:[39m [35mtrue[39m }[33m,[39m
    [90m306| [39m        })[33m;[39m
    [90m307| [39m        if (!client) throw new AppError(`Client not found: ${payload.cΓÇª
    [90m   | [39m                           [31m^[39m
    [90m308| [39m        throw new AppError(`Insufficient wallet balance (available: Γé╣$ΓÇª
    [90m309| [39m      }
[90m [2mΓ¥»[22m Proxy._transactionWithCallback node_modules/@prisma/client/runtime/library.js:[2m130:8000[22m[39m
[90m [2mΓ¥»[22m Module.create src/services/shipment.service.js:[2m273:20[22m[39m
[90m [2mΓ¥»[22m src/tests/unit/dataConsistency.test.js:[2m75:7[22m[39m

[31m[2mΓÄ»ΓÄ»ΓÄ»ΓÄ»ΓÄ»ΓÄ»ΓÄ»ΓÄ»ΓÄ»ΓÄ»ΓÄ»ΓÄ»ΓÄ»ΓÄ»ΓÄ»ΓÄ»ΓÄ»ΓÄ»ΓÄ»ΓÄ»ΓÄ»[32/145]ΓÄ»[22m[39m

[41m[1m FAIL [22m[49m [30m[42m unit [49m[39m src/tests/unit/dataConsistency.test.js[2m > [22mData 
Consistency & Integrity Verification[2m > [22mAWB normalization ΓÇö Unicode, whitespace, casing[2m > [22mstrips 
leading/trailing whitespace from AWB
[31m[1mError[22m: Client not found: TESTCL[39m
[36m [2mΓ¥»[22m src/services/shipment.service.js:[2m307:28[22m[39m
    [90m305| [39m          select[33m:[39m { walletBalance[33m:[39m [35mtrue[39m }[33m,[39m
    [90m306| [39m        })[33m;[39m
    [90m307| [39m        if (!client) throw new AppError(`Client not found: ${payload.cΓÇª
    [90m   | [39m                           [31m^[39m
    [90m308| [39m        throw new AppError(`Insufficient wallet balance (available: Γé╣$ΓÇª
    [90m309| [39m      }
[90m [2mΓ¥»[22m Proxy._transactionWithCallback node_modules/@prisma/client/runtime/library.js:[2m130:8000[22m[39m
[90m [2mΓ¥»[22m Module.create src/services/shipment.service.js:[2m273:20[22m[39m
[90m [2mΓ¥»[22m src/tests/unit/dataConsistency.test.js:[2m94:7[22m[39m

[31m[2mΓÄ»ΓÄ»ΓÄ»ΓÄ»ΓÄ»ΓÄ»ΓÄ»ΓÄ»ΓÄ»ΓÄ»ΓÄ»ΓÄ»ΓÄ»ΓÄ»ΓÄ»ΓÄ»ΓÄ»ΓÄ»ΓÄ»ΓÄ»ΓÄ»[33/145]ΓÄ»[22m[39m

[41m[1m FAIL [22m[49m [30m[42m unit [49m[39m src/tests/unit/dataConsistency.test.js[2m > [22mData 
Consistency & Integrity Verification[2m > [22mAWB normalization ΓÇö Unicode, whitespace, casing[2m > 
[22mnormalizes full-width characters (NFKC)
[31m[1mError[22m: Client not found: TESTCL[39m
[36m [2mΓ¥»[22m src/services/shipment.service.js:[2m307:28[22m[39m
    [90m305| [39m          select[33m:[39m { walletBalance[33m:[39m [35mtrue[39m }[33m,[39m
    [90m306| [39m        })[33m;[39m
    [90m307| [39m        if (!client) throw new AppError(`Client not found: ${payload.cΓÇª
    [90m   | [39m                           [31m^[39m
    [90m308| [39m        throw new AppError(`Insufficient wallet balance (available: Γé╣$ΓÇª
    [90m309| [39m      }
[90m [2mΓ¥»[22m Proxy._transactionWithCallback node_modules/@prisma/client/runtime/library.js:[2m130:8000[22m[39m
[90m [2mΓ¥»[22m Module.create src/services/shipment.service.js:[2m273:20[22m[39m
[90m [2mΓ¥»[22m src/tests/unit/dataConsistency.test.js:[2m113:7[22m[39m

[31m[2mΓÄ»ΓÄ»ΓÄ»ΓÄ»ΓÄ»ΓÄ»ΓÄ»ΓÄ»ΓÄ»ΓÄ»ΓÄ»ΓÄ»ΓÄ»ΓÄ»ΓÄ»ΓÄ»ΓÄ»ΓÄ»ΓÄ»ΓÄ»ΓÄ»[34/145]ΓÄ»[22m[39m

[41m[1m FAIL [22m[49m [30m[42m unit [49m[39m src/tests/unit/dataConsistency.test.js[2m > [22mData 
Consistency & Integrity Verification[2m > [22mField normalization ΓÇö consignee & destination[2m > [22muppercases 
consignee and destination on create()
[31m[1mError[22m: Client not found: TESTCL[39m
[36m [2mΓ¥»[22m src/services/shipment.service.js:[2m307:28[22m[39m
    [90m305| [39m          select[33m:[39m { walletBalance[33m:[39m [35mtrue[39m }[33m,[39m
    [90m306| [39m        })[33m;[39m
    [90m307| [39m        if (!client) throw new AppError(`Client not found: ${payload.cΓÇª
    [90m   | [39m                           [31m^[39m
    [90m308| [39m        throw new AppError(`Insufficient wallet balance (available: Γé╣$ΓÇª
    [90m309| [39m      }
[90m [2mΓ¥»[22m Proxy._transactionWithCallback node_modules/@prisma/client/runtime/library.js:[2m130:8000[22m[39m
[90m [2mΓ¥»[22m Module.create src/services/shipment.service.js:[2m273:20[22m[39m
[90m [2mΓ¥»[22m src/tests/unit/dataConsistency.test.js:[2m135:7[22m[39m

[31m[2mΓÄ»ΓÄ»ΓÄ»ΓÄ»ΓÄ»ΓÄ»ΓÄ»ΓÄ»ΓÄ»ΓÄ»ΓÄ»ΓÄ»ΓÄ»ΓÄ»ΓÄ»ΓÄ»ΓÄ»ΓÄ»ΓÄ»ΓÄ»ΓÄ»[35/145]ΓÄ»[22m[39m

[41m[1m FAIL [22m[49m [30m[42m unit [49m[39m src/tests/unit/dataConsistency.test.js[2m > [22mData 
Consistency & Integrity Verification[2m > [22mField normalization ΓÇö consignee & destination[2m > [22muppercases 
consignee and destination on update()
[31m[1mPrismaClientKnownRequestError[22m: 
Invalid `prisma.shipment.update()` invocation in
C:\Users\hp\OneDrive\Desktop\seahawk-full_stack\backend\src\services\shipment.service.js:351:41

  348 if (data.awb)          u.awb          = normalizeAwb(data.awb);
  349 if (data.consignee)   u.consignee   = data.consignee.toUpperCase();
  350 if (data.destination) u.destination = data.destination.toUpperCase();
ΓåÆ 351 const updated = await prisma.shipment.update(
An operation failed because it depends on one or more records that were required but not found. Record to update not 
found.[39m
[90m [2mΓ¥»[22m $n.handleRequestError node_modules/@prisma/client/runtime/library.js:[2m121:7315[22m[39m
[90m [2mΓ¥»[22m $n.handleAndLogRequestError node_modules/@prisma/client/runtime/library.js:[2m121:6623[22m[39m
[90m [2mΓ¥»[22m $n.request node_modules/@prisma/client/runtime/library.js:[2m121:6307[22m[39m
[90m [2mΓ¥»[22m l node_modules/@prisma/client/runtime/library.js:[2m130:9633[22m[39m
[36m [2mΓ¥»[22m Module.update src/services/shipment.service.js:[2m351:19[22m[39m
    [90m349| [39m  [35mif[39m (data[33m.[39mconsignee)   u[33m.[39mconsignee   [33m=[39m 
data[33m.[39mconsignee[33m.[39m[34mtoUpperCase[39m()[33m;[39m
    [90m350| [39m  [35mif[39m (data[33m.[39mdestination) u[33m.[39mdestination [33m=[39m 
data[33m.[39mdestination[33m.[39m[34mtoUpperCase[39m()[33m;[39m
    [90m351| [39m  const updated = await prisma.shipment.update({ where: { id: parseIntΓÇª
    [90m   | [39m                  [31m^[39m
    [90m352| [39m  [34mclearCache[39m()[33m;[39m
    [90m353| [39m  [34memitShipmentStatusUpdated[39m(updated)[33m;[39m
[90m [2mΓ¥»[22m src/tests/unit/dataConsistency.test.js:[2m154:7[22m[39m

[31m[2mΓÄ»ΓÄ»ΓÄ»ΓÄ»ΓÄ»ΓÄ»ΓÄ»ΓÄ»ΓÄ»ΓÄ»ΓÄ»ΓÄ»ΓÄ»ΓÄ»ΓÄ»ΓÄ»ΓÄ»ΓÄ»ΓÄ»ΓÄ»ΓÄ»[36/145]ΓÄ»[22m[39m

[41m[1m FAIL [22m[49m [30m[42m unit [49m[39m src/tests/unit/dataConsistency.test.js[2m > [22mData 
Consistency & Integrity Verification[2m > [22mField normalization ΓÇö consignee & destination[2m > [22muppercases 
in bulkImport() as well
[31m[1mTypeError[22m: Cannot read properties of undefined (reading '0')[39m
[36m [2mΓ¥»[22m src/tests/unit/dataConsistency.test.js:[2m176:74[22m[39m
    [90m174| [39m
    [90m175| [39m      [90m// createMany receives array of data ΓÇö check normalization[39m
    [90m176| [39m      const createManyData = mockPrisma.shipment.createMany.mock.callsΓÇª
    [90m   | [39m                                                                         [31m^[39m
    [90m177| [39m      
[34mexpect[39m(createManyData[[34m0[39m][33m.[39mconsignee)[33m.[39m[34mtoBe[39m([32m'LOWERCASE 
NAME'[39m)[33m;[39m
    [90m178| [39m      
[34mexpect[39m(createManyData[[34m0[39m][33m.[39mdestination)[33m.[39m[34mtoBe[39m([32m'MUMBAI 
SUBURB'[39m)[33m;[39m

[31m[2mΓÄ»ΓÄ»ΓÄ»ΓÄ»ΓÄ»ΓÄ»ΓÄ»ΓÄ»ΓÄ»ΓÄ»ΓÄ»ΓÄ»ΓÄ»ΓÄ»ΓÄ»ΓÄ»ΓÄ»ΓÄ»ΓÄ»ΓÄ»ΓÄ»[37/145]ΓÄ»[22m[39m

[41m[1m FAIL [22m[49m [30m[42m unit [49m[39m src/tests/unit/dataConsistency.test.js[2m > [22mData 
Consistency & Integrity Verification[2m > [22mAudit log ΓÇö never crashes, always records[2m > [22mauditLog 
records userId, action, entity, and entityId
[31m[1mAssertionError[22m: expected "spy" to be called with arguments: [ { data: ObjectContaining{ΓÇª} } ][90m

Number of calls: [1m0[22m
[31m[39m
[36m [2mΓ¥»[22m src/tests/unit/dataConsistency.test.js:[2m195:42[22m[39m
    [90m193| [39m      })[33m;[39m
    [90m194| [39m
    [90m195| [39m      
[34mexpect[39m(mockPrisma[33m.[39mauditLog[33m.[39mcreate)[33m.[39m[34mtoHaveBeenCalledWith[39m({
    [90m   | [39m                                         [31m^[39m
    [90m196| [39m        data[33m:[39m expect[33m.[39m[34mobjectContaining[39m({
    [90m197| [39m          userId[33m:[39m [34m42[39m[33m,[39m

[31m[2mΓÄ»ΓÄ»ΓÄ»ΓÄ»ΓÄ»ΓÄ»ΓÄ»ΓÄ»ΓÄ»ΓÄ»ΓÄ»ΓÄ»ΓÄ»ΓÄ»ΓÄ»ΓÄ»ΓÄ»ΓÄ»ΓÄ»ΓÄ»ΓÄ»[38/145]ΓÄ»[22m[39m

[41m[1m FAIL [22m[49m [30m[42m unit [49m[39m src/tests/unit/dataConsistency.test.js[2m > [22mData 
Consistency & Integrity Verification[2m > [22mAudit log ΓÇö never crashes, always records[2m > [22mauditLog 
handles null userId and missing fields gracefully
[31m[1mAssertionError[22m: expected "spy" to be called with arguments: [ { data: ObjectContaining{ΓÇª} } ][90m

Number of calls: [1m0[22m
[31m[39m
[36m [2mΓ¥»[22m src/tests/unit/dataConsistency.test.js:[2m221:42[22m[39m
    [90m219| [39m      })[33m;[39m
    [90m220| [39m
    [90m221| [39m      
[34mexpect[39m(mockPrisma[33m.[39mauditLog[33m.[39mcreate)[33m.[39m[34mtoHaveBeenCalledWith[39m({
    [90m   | [39m                                         [31m^[39m
    [90m222| [39m        data[33m:[39m expect[33m.[39m[34mobjectContaining[39m({
    [90m223| [39m          userId[33m:[39m [35mnull[39m[33m,[39m

[31m[2mΓÄ»ΓÄ»ΓÄ»ΓÄ»ΓÄ»ΓÄ»ΓÄ»ΓÄ»ΓÄ»ΓÄ»ΓÄ»ΓÄ»ΓÄ»ΓÄ»ΓÄ»ΓÄ»ΓÄ»ΓÄ»ΓÄ»ΓÄ»ΓÄ»[39/145]ΓÄ»[22m[39m

[41m[1m FAIL [22m[49m [30m[42m unit [49m[39m src/tests/unit/dataConsistency.test.js[2m > [22mData 
Consistency & Integrity Verification[2m > [22mImport ledger ΓÇö records every row from bulkImport[2m > [22mcalls 
insertRowsBulk for all imported shipments
[31m[1mAssertionError[22m: expected undefined to be defined[39m
[36m [2mΓ¥»[22m src/tests/unit/dataConsistency.test.js:[2m252:26[22m[39m
    [90m250| [39m
    [90m251| [39m      const insertCall = mockPrisma.$executeRawUnsafe.mock.calls.find(ΓÇª
    [90m252| [39m      [34mexpect[39m(insertCall)[33m.[39m[34mtoBeDefined[39m()[33m;[39m
    [90m   | [39m                         [31m^[39m
    [90m253| [39m      
    [90m254| [39m      // params are flattened, awb is 7th param (index 7), weight is 1ΓÇª

[31m[2mΓÄ»ΓÄ»ΓÄ»ΓÄ»ΓÄ»ΓÄ»ΓÄ»ΓÄ»ΓÄ»ΓÄ»ΓÄ»ΓÄ»ΓÄ»ΓÄ»ΓÄ»ΓÄ»ΓÄ»ΓÄ»ΓÄ»ΓÄ»ΓÄ»[40/145]ΓÄ»[22m[39m

[41m[1m FAIL [22m[49m [30m[42m unit [49m[39m src/tests/unit/dataConsistency.test.js[2m > [22mData 
Consistency & Integrity Verification[2m > [22mImport ledger ΓÇö records every row from bulkImport[2m > [22mrecords 
batchKey consistently across all rows in a batch
[31m[1mAssertionError[22m: expected undefined to be defined[39m
[36m [2mΓ¥»[22m src/tests/unit/dataConsistency.test.js:[2m278:26[22m[39m
    [90m276| [39m
    [90m277| [39m      const insertCall = mockPrisma.$executeRawUnsafe.mock.calls.find(ΓÇª
    [90m278| [39m      [34mexpect[39m(insertCall)[33m.[39m[34mtoBeDefined[39m()[33m;[39m
    [90m   | [39m                         [31m^[39m
    [90m279| [39m      [90m// batchKey is the 1st param (index 1) for each row[39m
    [90m280| [39m      [34mexpect[39m(insertCall[[34m1[39m])[33m.[39m[34mtoBe[39m(insertCall[[34m1[39m 
[33m+[39m [34m22[39m])[33m;[39m

[31m[2mΓÄ»ΓÄ»ΓÄ»ΓÄ»ΓÄ»ΓÄ»ΓÄ»ΓÄ»ΓÄ»ΓÄ»ΓÄ»ΓÄ»ΓÄ»ΓÄ»ΓÄ»ΓÄ»ΓÄ»ΓÄ»ΓÄ»ΓÄ»ΓÄ»[41/145]ΓÄ»[22m[39m

[41m[1m FAIL [22m[49m [30m[42m unit [49m[39m src/tests/unit/dataConsistency.test.js[2m > [22mData 
Consistency & Integrity Verification[2m > [22mImport ledger ΓÇö records every row from bulkImport[2m > [22mrecords 
auto-priced flag when contract pricing applies
[31m[1mAssertionError[22m: expected undefined to be defined[39m
[36m [2mΓ¥»[22m src/tests/unit/dataConsistency.test.js:[2m302:26[22m[39m
    [90m300| [39m
    [90m301| [39m      const insertCall = mockPrisma.$executeRawUnsafe.mock.calls.find(ΓÇª
    [90m302| [39m      [34mexpect[39m(insertCall)[33m.[39m[34mtoBeDefined[39m()[33m;[39m
    [90m   | [39m                         [31m^[39m
    [90m303| [39m      // autoPriced is 20th param (index 20), amount is 13th param (inΓÇª
    [90m304| [39m      [34mexpect[39m(insertCall[[34m20[39m])[33m.[39m[34mtoBe[39m([35mtrue[39m)[33m;[39m

[31m[2mΓÄ»ΓÄ»ΓÄ»ΓÄ»ΓÄ»ΓÄ»ΓÄ»ΓÄ»ΓÄ»ΓÄ»ΓÄ»ΓÄ»ΓÄ»ΓÄ»ΓÄ»ΓÄ»ΓÄ»ΓÄ»ΓÄ»ΓÄ»ΓÄ»[42/145]ΓÄ»[22m[39m

[41m[1m FAIL [22m[49m [30m[42m unit [49m[39m src/tests/unit/dataConsistency.test.js[2m > [22mData 
Consistency & Integrity Verification[2m > [22mStatus transition ΓÇö tracking event creation[2m > [22mcreates a 
trackingEvent when status is updated
[31m[1mError[22m: Shipment not found.[39m
[36m [2mΓ¥»[22m getById src/services/shipment.service.js:[2m253:17[22m[39m
    [90m251| [39m    include: { client: true, createdBy: { select: { name: true } }, upΓÇª
    [90m252| [39m  })[33m;[39m
    [90m253| [39m  [35mif[39m ([33m![39ms) [35mthrow[39m [35mnew[39m [33mAppError[39m([32m'Shipment not 
found.'[39m[33m,[39m [34m404[39m)[33m;[39m
    [90m   | [39m                [31m^[39m
    [90m254| [39m  [35mreturn[39m s[33m;[39m
    [90m255| [39m}
[90m [2mΓ¥»[22m Module.updateStatus src/services/shipment.service.js:[2m358:20[22m[39m
[90m [2mΓ¥»[22m src/tests/unit/dataConsistency.test.js:[2m322:7[22m[39m

[31m[2mΓÄ»ΓÄ»ΓÄ»ΓÄ»ΓÄ»ΓÄ»ΓÄ»ΓÄ»ΓÄ»ΓÄ»ΓÄ»ΓÄ»ΓÄ»ΓÄ»ΓÄ»ΓÄ»ΓÄ»ΓÄ»ΓÄ»ΓÄ»ΓÄ»[43/145]ΓÄ»[22m[39m

[41m[1m FAIL [22m[49m [30m[42m unit [49m[39m src/tests/unit/dataConsistency.test.js[2m > [22mData 
Consistency & Integrity Verification[2m > [22mStatus transition ΓÇö tracking event creation[2m > [22mtracking 
event failure does not crash the status update
[31m[1mError[22m: Invalid status transition: "Booked" ΓåÆ "Out for Delivery". Allowed: Picked Up, Cancelled[39m
[36m [2mΓ¥»[22m Module.updateStatus src/services/shipment.service.js:[2m364:13[22m[39m
    [90m362| [39m      stateMachine.assertValidTransition(shipment.status, canonicalStaΓÇª
    [90m363| [39m    } [35mcatch[39m (err) {
    [90m364| [39m      [35mthrow[39m [35mnew[39m [33mAppError[39m(err[33m.[39mmessage[33m,[39m 
[34m400[39m)[33m;[39m
    [90m   | [39m            [31m^[39m
    [90m365| [39m    }
    [90m366| [39m  }
[90m [2mΓ¥»[22m src/tests/unit/dataConsistency.test.js:[2m345:22[22m[39m

[31m[2mΓÄ»ΓÄ»ΓÄ»ΓÄ»ΓÄ»ΓÄ»ΓÄ»ΓÄ»ΓÄ»ΓÄ»ΓÄ»ΓÄ»ΓÄ»ΓÄ»ΓÄ»ΓÄ»ΓÄ»ΓÄ»ΓÄ»ΓÄ»ΓÄ»[44/145]ΓÄ»[22m[39m

[41m[1m FAIL [22m[49m [30m[42m unit [49m[39m src/tests/unit/dataConsistency.test.js[2m > [22mData 
Consistency & Integrity Verification[2m > [22mWallet transactions ΓÇö balance reference accuracy[2m > [22mwallet 
transaction stores the POST-debit balance, not pre-debit
[31m[1mError[22m: Insufficient wallet balance (available: Γé╣0.00, required: Γé╣300.00)[39m
[36m [2mΓ¥»[22m src/services/shipment.service.js:[2m308:15[22m[39m
    [90m306| [39m        })[33m;[39m
    [90m307| [39m        if (!client) throw new AppError(`Client not found: ${payload.cΓÇª
    [90m308| [39m        throw new AppError(`Insufficient wallet balance (available: Γé╣$ΓÇª
    [90m   | [39m              [31m^[39m
    [90m309| [39m      }
    [90m310| [39m
[90m [2mΓ¥»[22m Proxy._transactionWithCallback node_modules/@prisma/client/runtime/library.js:[2m130:8000[22m[39m
[90m [2mΓ¥»[22m Module.create src/services/shipment.service.js:[2m273:20[22m[39m
[90m [2mΓ¥»[22m src/tests/unit/dataConsistency.test.js:[2m362:7[22m[39m

[31m[2mΓÄ»ΓÄ»ΓÄ»ΓÄ»ΓÄ»ΓÄ»ΓÄ»ΓÄ»ΓÄ»ΓÄ»ΓÄ»ΓÄ»ΓÄ»ΓÄ»ΓÄ»ΓÄ»ΓÄ»ΓÄ»ΓÄ»ΓÄ»ΓÄ»[45/145]ΓÄ»[22m[39m

[41m[1m FAIL [22m[49m [30m[42m unit [49m[39m src/tests/unit/dataConsistency.test.js[2m > [22mData 
Consistency & Integrity Verification[2m > [22mRisk analysis ΓÇö score persists to shipment record[2m > [22mstores 
riskScore and riskFactors from analyzeShipment()
[31m[1mError[22m: Insufficient wallet balance (available: Γé╣0.00, required: Γé╣5000.00)[39m
[36m [2mΓ¥»[22m src/services/shipment.service.js:[2m308:15[22m[39m
    [90m306| [39m        })[33m;[39m
    [90m307| [39m        if (!client) throw new AppError(`Client not found: ${payload.cΓÇª
    [90m308| [39m        throw new AppError(`Insufficient wallet balance (available: Γé╣$ΓÇª
    [90m   | [39m              [31m^[39m
    [90m309| [39m      }
    [90m310| [39m
[90m [2mΓ¥»[22m Proxy._transactionWithCallback node_modules/@prisma/client/runtime/library.js:[2m130:8000[22m[39m
[90m [2mΓ¥»[22m Module.create src/services/shipment.service.js:[2m273:20[22m[39m
[90m [2mΓ¥»[22m src/tests/unit/dataConsistency.test.js:[2m388:7[22m[39m

[31m[2mΓÄ»ΓÄ»ΓÄ»ΓÄ»ΓÄ»ΓÄ»ΓÄ»ΓÄ»ΓÄ»ΓÄ»ΓÄ»ΓÄ»ΓÄ»ΓÄ»ΓÄ»ΓÄ»ΓÄ»ΓÄ»ΓÄ»ΓÄ»ΓÄ»[46/145]ΓÄ»[22m[39m

[41m[1m FAIL [22m[49m [30m[42m unit [49m[39m src/tests/unit/dataIntegrity.test.js[2m > [22mData Integrity & 
Business Logic (Client-Grade)[2m > [22mcreate() - The Money Function[2m > [22msuccessfully creates a shipment and 
debits wallet atomically
[31m[1mError[22m: Insufficient wallet balance (available: Γé╣0.00, required: Γé╣500.00)[39m
[36m [2mΓ¥»[22m src/services/shipment.service.js:[2m308:15[22m[39m
    [90m306| [39m        })[33m;[39m
    [90m307| [39m        if (!client) throw new AppError(`Client not found: ${payload.cΓÇª
    [90m308| [39m        throw new AppError(`Insufficient wallet balance (available: Γé╣$ΓÇª
    [90m   | [39m              [31m^[39m
    [90m309| [39m      }
    [90m310| [39m
[90m [2mΓ¥»[22m Proxy._transactionWithCallback node_modules/@prisma/client/runtime/library.js:[2m130:8000[22m[39m
[90m [2mΓ¥»[22m Module.create src/services/shipment.service.js:[2m273:20[22m[39m
[90m [2mΓ¥»[22m src/tests/unit/dataIntegrity.test.js:[2m140:22[22m[39m

[31m[2mΓÄ»ΓÄ»ΓÄ»ΓÄ»ΓÄ»ΓÄ»ΓÄ»ΓÄ»ΓÄ»ΓÄ»ΓÄ»ΓÄ»ΓÄ»ΓÄ»ΓÄ»ΓÄ»ΓÄ»ΓÄ»ΓÄ»ΓÄ»ΓÄ»[47/145]ΓÄ»[22m[39m

[41m[1m FAIL [22m[49m [30m[42m unit [49m[39m src/tests/unit/dataIntegrity.test.js[2m > [22mData Integrity & 
Business Logic (Client-Grade)[2m > [22mcreate() - The Money Function[2m > [22mrejects duplicate AWB (P2002 Prisma 
error)
[31m[1mAssertionError[22m: expected [Function] to throw error matching /Unique constraint failed/ but got 
'Insufficient wallet balance (availablΓÇª'[39m

[32m- Expected:[39m 
/Unique constraint failed/

[31m+ Received:[39m 
"Insufficient wallet balance (available: Γé╣0.00, required: Γé╣500.00)"

[36m [2mΓ¥»[22m src/tests/unit/dataIntegrity.test.js:[2m189:7[22m[39m
    [90m187| [39m      mockTx[33m.[39mshipment[33m.[39mcreate [33m=[39m 
vi[33m.[39m[34mfn[39m()[33m.[39m[34mmockRejectedValue[39m(p2002Error)[33m;[39m
    [90m188| [39m
    [90m189| [39m      await expect(shipmentService.create(payload, 99)).rejects.toThroΓÇª
    [90m   | [39m      [31m^[39m
    [90m190| [39m    })[33m;[39m
    [90m191| [39m

[31m[2mΓÄ»ΓÄ»ΓÄ»ΓÄ»ΓÄ»ΓÄ»ΓÄ»ΓÄ»ΓÄ»ΓÄ»ΓÄ»ΓÄ»ΓÄ»ΓÄ»ΓÄ»ΓÄ»ΓÄ»ΓÄ»ΓÄ»ΓÄ»ΓÄ»[48/145]ΓÄ»[22m[39m

[41m[1m FAIL [22m[49m [30m[42m unit [49m[39m src/tests/unit/dataIntegrity.test.js[2m > [22mData Integrity & 
Business Logic (Client-Grade)[2m > [22mcreate() - The Money Function[2m > [22muses contract pricing when amount is 
0
[31m[1mPrismaClientKnownRequestError[22m: 
Invalid `tx.shipment.create()` invocation in
C:\Users\hp\OneDrive\Desktop\seahawk-full_stack\backend\src\services\shipment.service.js:331:40

  328   });
  329 }
  330 
ΓåÆ 331 const shipment = await tx.shipment.create(
Foreign key constraint violated: `shipments_created_by_id_fkey (index)`[39m
[90m [2mΓ¥»[22m $n.handleRequestError node_modules/@prisma/client/runtime/library.js:[2m121:7315[22m[39m
[90m [2mΓ¥»[22m $n.handleAndLogRequestError node_modules/@prisma/client/runtime/library.js:[2m121:6623[22m[39m
[90m [2mΓ¥»[22m $n.request node_modules/@prisma/client/runtime/library.js:[2m121:6307[22m[39m
[90m [2mΓ¥»[22m l node_modules/@prisma/client/runtime/library.js:[2m130:9633[22m[39m
[36m [2mΓ¥»[22m src/services/shipment.service.js:[2m331:22[22m[39m
    [90m329| [39m    }
    [90m330| [39m
    [90m331| [39m    [35mconst[39m shipment [33m=[39m [35mawait[39m 
tx[33m.[39mshipment[33m.[39m[34mcreate[39m({
    [90m   | [39m                     [31m^[39m
    [90m332| [39m      data[33m:[39m payload[33m,[39m
    [90m333| [39m      include[33m:[39m { client[33m:[39m { select[33m:[39m { company[33m:[39m 
[35mtrue[39m[33m,[39m phone[33m:[39m [35mtrue[39m } } }[33m,[39m
[90m [2mΓ¥»[22m Proxy._transactionWithCallback node_modules/@prisma/client/runtime/library.js:[2m130:8000[22m[39m
[90m [2mΓ¥»[22m Module.create src/services/shipment.service.js:[2m273:20[22m[39m
[90m [2mΓ¥»[22m src/tests/unit/dataIntegrity.test.js:[2m251:7[22m[39m

[31m[2mΓÄ»ΓÄ»ΓÄ»ΓÄ»ΓÄ»ΓÄ»ΓÄ»ΓÄ»ΓÄ»ΓÄ»ΓÄ»ΓÄ»ΓÄ»ΓÄ»ΓÄ»ΓÄ»ΓÄ»ΓÄ»ΓÄ»ΓÄ»ΓÄ»[49/145]ΓÄ»[22m[39m

[41m[1m FAIL [22m[49m [30m[42m unit [49m[39m src/tests/unit/dataIntegrity.test.js[2m > [22mData Integrity & 
Business Logic (Client-Grade)[2m > [22mcreate() - The Money Function[2m > [22mpreserves risk analysis score and AI 
pricing separation
[31m[1mError[22m: Insufficient wallet balance (available: Γé╣0.00, required: Γé╣200.00)[39m
[36m [2mΓ¥»[22m src/services/shipment.service.js:[2m308:15[22m[39m
    [90m306| [39m        })[33m;[39m
    [90m307| [39m        if (!client) throw new AppError(`Client not found: ${payload.cΓÇª
    [90m308| [39m        throw new AppError(`Insufficient wallet balance (available: Γé╣$ΓÇª
    [90m   | [39m              [31m^[39m
    [90m309| [39m      }
    [90m310| [39m
[90m [2mΓ¥»[22m Proxy._transactionWithCallback node_modules/@prisma/client/runtime/library.js:[2m130:8000[22m[39m
[90m [2mΓ¥»[22m Module.create src/services/shipment.service.js:[2m273:20[22m[39m
[90m [2mΓ¥»[22m src/tests/unit/dataIntegrity.test.js:[2m278:7[22m[39m

[31m[2mΓÄ»ΓÄ»ΓÄ»ΓÄ»ΓÄ»ΓÄ»ΓÄ»ΓÄ»ΓÄ»ΓÄ»ΓÄ»ΓÄ»ΓÄ»ΓÄ»ΓÄ»ΓÄ»ΓÄ»ΓÄ»ΓÄ»ΓÄ»ΓÄ»[50/145]ΓÄ»[22m[39m

[41m[1m FAIL [22m[49m [30m[42m unit [49m[39m src/tests/unit/dataIntegrity.test.js[2m > [22mData Integrity & 
Business Logic (Client-Grade)[2m > [22mbulkImport()[2m > [22mgracefully skips duplicate AWBs and returns correct 
success/fail counts
[31m[1mPrismaClientKnownRequestError[22m: 
Invalid `prisma.shipment.createMany()` invocation in
C:\Users\hp\OneDrive\Desktop\seahawk-full_stack\backend\src\services\shipment.service.js:566:27

  563 
  564 // Insert new shipments in one transaction batch
  565 if (newShipmentsData.length > 0) {
ΓåÆ 566   await prisma.shipment.createMany(
Foreign key constraint violated: `shipments_created_by_id_fkey (index)`[39m
[90m [2mΓ¥»[22m $n.handleRequestError node_modules/@prisma/client/runtime/library.js:[2m121:7315[22m[39m
[90m [2mΓ¥»[22m $n.handleAndLogRequestError node_modules/@prisma/client/runtime/library.js:[2m121:6623[22m[39m
[90m [2mΓ¥»[22m $n.request node_modules/@prisma/client/runtime/library.js:[2m121:6307[22m[39m
[90m [2mΓ¥»[22m l node_modules/@prisma/client/runtime/library.js:[2m130:9633[22m[39m
[36m [2mΓ¥»[22m Module.bulkImport src/services/shipment.service.js:[2m566:5[22m[39m
    [90m564| [39m  [90m// Insert new shipments in one transaction batch[39m
    [90m565| [39m  [35mif[39m (newShipmentsData[33m.[39mlength [33m>[39m [34m0[39m) {
    [90m566| [39m    await prisma.shipment.createMany({ data: newShipmentsData, skipDupΓÇª
    [90m   | [39m    [31m^[39m
    [90m567| [39m    [35mconst[39m createdShipments [33m=[39m [35mawait[39m 
prisma[33m.[39mshipment[33m.[39m[34mfindMany[39m({
    [90m568| [39m      where[33m:[39m { awb[33m:[39m { [35min[39m[33m:[39m 
newShipmentsData[33m.[39m[34mmap[39m(s [33m=>[39m s[33m.[39mawb) } }[33m,[39m
[90m [2mΓ¥»[22m src/tests/unit/dataIntegrity.test.js:[2m305:22[22m[39m

[31m[2mΓÄ»ΓÄ»ΓÄ»ΓÄ»ΓÄ»ΓÄ»ΓÄ»ΓÄ»ΓÄ»ΓÄ»ΓÄ»ΓÄ»ΓÄ»ΓÄ»ΓÄ»ΓÄ»ΓÄ»ΓÄ»ΓÄ»ΓÄ»ΓÄ»[51/145]ΓÄ»[22m[39m

[41m[1m FAIL [22m[49m [30m[42m unit [49m[39m src/tests/unit/dataIntegrity.test.js[2m > [22mData Integrity & 
Business Logic (Client-Grade)[2m > [22mupdateStatus()[2m > [22menforces state machine transitions via API
[31m[1mAssertionError[22m: expected [Function] to throw error matching /transition/ but got 'Shipment not 
found.'[39m

[32m- Expected:[39m 
/transition/

[31m+ Received:[39m 
"Shipment not found."

[36m [2mΓ¥»[22m src/tests/unit/dataIntegrity.test.js:[2m338:7[22m[39m
    [90m336| [39m      })[33m;[39m
    [90m337| [39m
    [90m338| [39m      [35mawait[39m 
[34mexpect[39m(shipmentService[33m.[39m[34mupdateStatus[39m([34m1[39m[33m,[39m 
[32m'Delivered'[39m[33m,[39m [34m99[39m))
    [90m   | [39m      [31m^[39m
    [90m339| [39m        [33m.[39mrejects[33m.[39m[34mtoThrow[39m([36m/transition/[39m)[33m;[39m
    [90m340| [39m      

[31m[2mΓÄ»ΓÄ»ΓÄ»ΓÄ»ΓÄ»ΓÄ»ΓÄ»ΓÄ»ΓÄ»ΓÄ»ΓÄ»ΓÄ»ΓÄ»ΓÄ»ΓÄ»ΓÄ»ΓÄ»ΓÄ»ΓÄ»ΓÄ»ΓÄ»[52/145]ΓÄ»[22m[39m

[41m[1m FAIL [22m[49m [30m[42m unit [49m[39m src/tests/unit/dataIntegrity.test.js[2m > [22mData Integrity & 
Business Logic (Client-Grade)[2m > [22mupdateStatus()[2m > [22mcreates tracking event when status is updated
[31m[1mError[22m: Shipment not found.[39m
[36m [2mΓ¥»[22m getById src/services/shipment.service.js:[2m253:17[22m[39m
    [90m251| [39m    include: { client: true, createdBy: { select: { name: true } }, upΓÇª
    [90m252| [39m  })[33m;[39m
    [90m253| [39m  [35mif[39m ([33m![39ms) [35mthrow[39m [35mnew[39m [33mAppError[39m([32m'Shipment not 
found.'[39m[33m,[39m [34m404[39m)[33m;[39m
    [90m   | [39m                [31m^[39m
    [90m254| [39m  [35mreturn[39m s[33m;[39m
    [90m255| [39m}
[90m [2mΓ¥»[22m Module.updateStatus src/services/shipment.service.js:[2m358:20[22m[39m
[90m [2mΓ¥»[22m src/tests/unit/dataIntegrity.test.js:[2m358:7[22m[39m

[31m[2mΓÄ»ΓÄ»ΓÄ»ΓÄ»ΓÄ»ΓÄ»ΓÄ»ΓÄ»ΓÄ»ΓÄ»ΓÄ»ΓÄ»ΓÄ»ΓÄ»ΓÄ»ΓÄ»ΓÄ»ΓÄ»ΓÄ»ΓÄ»ΓÄ»[53/145]ΓÄ»[22m[39m

[41m[1m FAIL [22m[49m [30m[42m unit [49m[39m src/tests/unit/integrationIngest.service.test.js[2m > 
[22mintegration-ingest.service[2m > [22mcreates a draft on live ingest and writes idempotency/audit artifacts
[31m[1mAssertionError[22m: expected "spy" to be called with arguments: [ ObjectContaining{ΓÇª} ][90m

Number of calls: [1m0[22m
[31m[39m
[36m [2mΓ¥»[22m src/tests/unit/integrationIngest.service.test.js:[2m94:40[22m[39m
    [90m 92| [39m    }))[33m;[39m
    [90m 93| [39m    expect(cache.set).toHaveBeenCalledWith(expect.stringMatching(/^intΓÇª
    [90m 94| [39m    expect(mockPrisma.auditLog.create).toHaveBeenCalledWith(expect.objΓÇª
    [90m   | [39m                                       [31m^[39m
    [90m 95| [39m      data[33m:[39m expect[33m.[39m[34mobjectContaining[39m({
    [90m 96| [39m        action[33m:[39m [32m'INTEGRATION_DRAFT_CREATED'[39m[33m,[39m

[31m[2mΓÄ»ΓÄ»ΓÄ»ΓÄ»ΓÄ»ΓÄ»ΓÄ»ΓÄ»ΓÄ»ΓÄ»ΓÄ»ΓÄ»ΓÄ»ΓÄ»ΓÄ»ΓÄ»ΓÄ»ΓÄ»ΓÄ»ΓÄ»ΓÄ»[54/145]ΓÄ»[22m[39m

[41m[1m FAIL [22m[49m [30m[42m unit [49m[39m src/tests/unit/integrationIngest.service.test.js[2m > 
[22mintegration-ingest.service[2m > [22mreturns duplicate when existing draft exists and logs duplicate audit
[31m[1mAssertionError[22m: expected { duplicate: false, ΓÇª(4) } to deeply equal ObjectContaining{ΓÇª}[39m

[32m- Expected[39m
[31m+ Received[39m

[32m- ObjectContaining {[39m
[32m-   "draftId": 88,[39m
[32m-   "duplicate": true,[39m
[31m+ {[39m
[31m+   "draftId": 321,[39m
[31m+   "duplicate": false,[39m
[2m    "idempotencyReplay": false,[22m
[31m+   "orderId": "ORD-1001",[39m
[31m+   "referenceId": "ORD-1001",[39m
[2m  }[22m

[36m [2mΓ¥»[22m src/tests/unit/integrationIngest.service.test.js:[2m140:20[22m[39m
    [90m138| [39m    })[33m;[39m
    [90m139| [39m
    [90m140| [39m    
[34mexpect[39m(result)[33m.[39m[34mtoEqual[39m(expect[33m.[39m[34mobjectContaining[39m({
    [90m   | [39m                   [31m^[39m
    [90m141| [39m      duplicate[33m:[39m [35mtrue[39m[33m,[39m
    [90m142| [39m      idempotencyReplay[33m:[39m [35mfalse[39m[33m,[39m

[31m[2mΓÄ»ΓÄ»ΓÄ»ΓÄ»ΓÄ»ΓÄ»ΓÄ»ΓÄ»ΓÄ»ΓÄ»ΓÄ»ΓÄ»ΓÄ»ΓÄ»ΓÄ»ΓÄ»ΓÄ»ΓÄ»ΓÄ»ΓÄ»ΓÄ»[55/145]ΓÄ»[22m[39m

[41m[1m FAIL [22m[49m [30m[42m unit [49m[39m src/tests/unit/integrationIngest.service.test.js[2m > 
[22mintegration-ingest.service[2m > [22mqueues dead-letter jobs with failed status metadata
[31m[1mAssertionError[22m: expected { id: 1, ΓÇª(10) } to deeply equal { id: 9 }[39m

[32m- Expected[39m
[31m+ Received[39m

[2m  {[22m
[32m-   "id": 9,[39m
[31m+   "attempts": 3,[39m
[31m+   "completedAt": 2026-05-03T07:47:58.744Z,[39m
[31m+   "createdAt": 2026-05-03T07:47:58.757Z,[39m
[31m+   "error": "mapping-failed",[39m
[31m+   "id": 1,[39m
[31m+   "maxAttempts": 3,[39m
[31m+   "payload": {[39m
[31m+     "body": {[39m
[31m+       "hello": "world",[39m
[31m+     },[39m
[31m+     "clientCode": "SEA",[39m
[31m+     "provider": "custom",[39m
[31m+     "reason": "mapping-failed",[39m
[31m+     "requestId": "req-5",[39m
[31m+     "sourceIp": "10.0.0.1",[39m
[31m+   },[39m
[31m+   "runAfter": 2026-05-03T07:47:58.744Z,[39m
[31m+   "startedAt": null,[39m
[31m+   "status": "FAILED",[39m
[31m+   "type": "INTEGRATION_DEAD_LETTER",[39m
[2m  }[22m

[36m [2mΓ¥»[22m src/tests/unit/integrationIngest.service.test.js:[2m182:20[22m[39m
    [90m180| [39m    })[33m;[39m
    [90m181| [39m
    [90m182| [39m    [34mexpect[39m(result)[33m.[39m[34mtoEqual[39m({ id[33m:[39m [34m9[39m })[33m;[39m
    [90m   | [39m                   [31m^[39m
    [90m183| [39m    expect(mockPrisma.jobQueue.create).toHaveBeenCalledWith(expect.objΓÇª
    [90m184| [39m      data[33m:[39m expect[33m.[39m[34mobjectContaining[39m({

[31m[2mΓÄ»ΓÄ»ΓÄ»ΓÄ»ΓÄ»ΓÄ»ΓÄ»ΓÄ»ΓÄ»ΓÄ»ΓÄ»ΓÄ»ΓÄ»ΓÄ»ΓÄ»ΓÄ»ΓÄ»ΓÄ»ΓÄ»ΓÄ»ΓÄ»[56/145]ΓÄ»[22m[39m

[41m[1m FAIL [22m[49m [30m[42m unit [49m[39m src/tests/unit/invoice.service.test.js[2m > 
[22minvoice.service[2m > [22mcreate[2m > [22mthrows AppError if no unbilled shipments found
[31m[1mAssertionError[22m: expected [Function] to throw error including 'No unbilled shipments found' but got 
'Client not found'[39m

Expected: [32m"[7mNo unbilled shipments[27m found"[39m
Received: [31m"[7mClient not[27m found"[39m

[36m [2mΓ¥»[22m src/tests/unit/invoice.service.test.js:[2m27:7[22m[39m
    [90m 25| [39m      mockPrisma.client.findUnique.mockResolvedValue({ code: 'CLI-1', ΓÇª
    [90m 26| [39m      
mockPrisma[33m.[39mshipment[33m.[39mfindMany[33m.[39m[34mmockResolvedValue[39m([])[33m;[39m
    [90m 27| [39m      [35mawait[39m [34mexpect[39m(
    [90m   | [39m      [31m^[39m
    [90m 28| [39m        invoiceService.create({ clientCode: 'CLI-1', fromDate: '2023-0ΓÇª
    [90m 29| [39m      )[33m.[39mrejects[33m.[39m[34mtoThrow[39m([32m'No unbilled shipments 
found'[39m)[33m;[39m

[31m[2mΓÄ»ΓÄ»ΓÄ»ΓÄ»ΓÄ»ΓÄ»ΓÄ»ΓÄ»ΓÄ»ΓÄ»ΓÄ»ΓÄ»ΓÄ»ΓÄ»ΓÄ»ΓÄ»ΓÄ»ΓÄ»ΓÄ»ΓÄ»ΓÄ»[57/145]ΓÄ»[22m[39m

[41m[1m FAIL [22m[49m [30m[42m unit [49m[39m src/tests/unit/invoice.service.test.js[2m > 
[22minvoice.service[2m > [22mcreate[2m > [22mgenerates invoice successfully with intra-state GST (Haryana)
[31m[1mError[22m: Client not found[39m
[36m [2mΓ¥»[22m Module.create src/services/invoice.service.js:[2m29:22[22m[39m
    [90m 27| [39masync function create({ clientCode, fromDate, toDate, gstPercent = 18,ΓÇª
    [90m 28| [39m  const client = await db.client.findUnique({ where: { code: clientCodΓÇª
    [90m 29| [39m  [35mif[39m ([33m![39mclient) [35mthrow[39m [35mnew[39m [33mAppError[39m([32m'Client 
not found'[39m[33m,[39m [34m404[39m)[33m;[39m
    [90m   | [39m                     [31m^[39m
    [90m 30| [39m
    [90m 31| [39m  [90m// Get unbilled shipments for this client and date range[39m
[90m [2mΓ¥»[22m src/tests/unit/invoice.service.test.js:[2m41:23[22m[39m

[31m[2mΓÄ»ΓÄ»ΓÄ»ΓÄ»ΓÄ»ΓÄ»ΓÄ»ΓÄ»ΓÄ»ΓÄ»ΓÄ»ΓÄ»ΓÄ»ΓÄ»ΓÄ»ΓÄ»ΓÄ»ΓÄ»ΓÄ»ΓÄ»ΓÄ»[58/145]ΓÄ»[22m[39m

[41m[1m FAIL [22m[49m [30m[42m unit [49m[39m src/tests/unit/invoice.service.test.js[2m > 
[22minvoice.service[2m > [22mcreate[2m > [22mgenerates invoice successfully with inter-state GST
[31m[1mError[22m: Client not found[39m
[36m [2mΓ¥»[22m Module.create src/services/invoice.service.js:[2m29:22[22m[39m
    [90m 27| [39masync function create({ clientCode, fromDate, toDate, gstPercent = 18,ΓÇª
    [90m 28| [39m  const client = await db.client.findUnique({ where: { code: clientCodΓÇª
    [90m 29| [39m  [35mif[39m ([33m![39mclient) [35mthrow[39m [35mnew[39m [33mAppError[39m([32m'Client 
not found'[39m[33m,[39m [34m404[39m)[33m;[39m
    [90m   | [39m                     [31m^[39m
    [90m 30| [39m
    [90m 31| [39m  [90m// Get unbilled shipments for this client and date range[39m
[90m [2mΓ¥»[22m src/tests/unit/invoice.service.test.js:[2m61:23[22m[39m

[31m[2mΓÄ»ΓÄ»ΓÄ»ΓÄ»ΓÄ»ΓÄ»ΓÄ»ΓÄ»ΓÄ»ΓÄ»ΓÄ»ΓÄ»ΓÄ»ΓÄ»ΓÄ»ΓÄ»ΓÄ»ΓÄ»ΓÄ»ΓÄ»ΓÄ»[59/145]ΓÄ»[22m[39m

[41m[1m FAIL [22m[49m [30m[42m unit [49m[39m src/tests/unit/invoice.service.test.js[2m > 
[22minvoice.service[2m > [22mgetAll[2m > [22mreturns invoices with items count
[31m[1mAssertionError[22m: expected "spy" to be called with arguments: [ ObjectContaining{ΓÇª} ][90m

Number of calls: [1m0[22m
[31m[39m
[36m [2mΓ¥»[22m src/tests/unit/invoice.service.test.js:[2m78:43[22m[39m
    [90m 76| [39m      
mockPrisma[33m.[39minvoice[33m.[39mfindMany[33m.[39m[34mmockResolvedValue[39m(mockResult)[33m;[39m
    [90m 77| [39m      [35mconst[39m res [33m=[39m [35mawait[39m 
invoiceService[33m.[39m[34mgetAll[39m([32m'CLI'[39m)[33m;[39m
    [90m 78| [39m      expect(mockPrisma.invoice.findMany).toHaveBeenCalledWith(expect.ΓÇª
    [90m   | [39m                                          [31m^[39m
    [90m 79| [39m        where[33m:[39m { clientCode[33m:[39m [32m'CLI'[39m }
    [90m 80| [39m      }))[33m;[39m

[31m[2mΓÄ»ΓÄ»ΓÄ»ΓÄ»ΓÄ»ΓÄ»ΓÄ»ΓÄ»ΓÄ»ΓÄ»ΓÄ»ΓÄ»ΓÄ»ΓÄ»ΓÄ»ΓÄ»ΓÄ»ΓÄ»ΓÄ»ΓÄ»ΓÄ»[60/145]ΓÄ»[22m[39m

[41m[1m FAIL [22m[49m [30m[42m unit [49m[39m src/tests/unit/invoice.service.test.js[2m > 
[22minvoice.service[2m > [22mgetById[2m > [22mreturns invoice if found
[31m[1mError[22m: Invoice not found[39m
[36m [2mΓ¥»[22m Module.getById src/services/invoice.service.js:[2m117:19[22m[39m
    [90m115| [39m    }[33m,[39m
    [90m116| [39m  })[33m;[39m
    [90m117| [39m  [35mif[39m ([33m![39minv) [35mthrow[39m [35mnew[39m [33mAppError[39m([32m'Invoice not 
found'[39m[33m,[39m [34m404[39m)[33m;[39m
    [90m   | [39m                  [31m^[39m
    [90m118| [39m  [35mreturn[39m inv[33m;[39m
    [90m119| [39m}
[90m [2mΓ¥»[22m src/tests/unit/invoice.service.test.js:[2m88:19[22m[39m

[31m[2mΓÄ»ΓÄ»ΓÄ»ΓÄ»ΓÄ»ΓÄ»ΓÄ»ΓÄ»ΓÄ»ΓÄ»ΓÄ»ΓÄ»ΓÄ»ΓÄ»ΓÄ»ΓÄ»ΓÄ»ΓÄ»ΓÄ»ΓÄ»ΓÄ»[61/145]ΓÄ»[22m[39m

[41m[1m FAIL [22m[49m [30m[42m unit [49m[39m src/tests/unit/invoice.service.test.js[2m > 
[22minvoice.service[2m > [22mupdateStatus[2m > [22mupdates and returns invoice
[31m[1mPrismaClientKnownRequestError[22m: 
Invalid `db.invoice.update()` invocation in
C:\Users\hp\OneDrive\Desktop\seahawk-full_stack\backend\src\services\invoice.service.js:123:21

  120 
  121 // Update status
  122 async function updateStatus(id, status, db = prisma) {
ΓåÆ 123   return db.invoice.update(
An operation failed because it depends on one or more records that were required but not found. Record to update not 
found.[39m
[90m [2mΓ¥»[22m $n.handleRequestError node_modules/@prisma/client/runtime/library.js:[2m121:7315[22m[39m
[90m [2mΓ¥»[22m $n.handleAndLogRequestError node_modules/@prisma/client/runtime/library.js:[2m121:6623[22m[39m
[90m [2mΓ¥»[22m $n.request node_modules/@prisma/client/runtime/library.js:[2m121:6307[22m[39m
[90m [2mΓ¥»[22m l node_modules/@prisma/client/runtime/library.js:[2m130:9633[22m[39m
[36m [2mΓ¥»[22m src/tests/unit/invoice.service.test.js:[2m101:19[22m[39m
    [90m 99| [39m    [34mit[39m([32m'updates and returns invoice'[39m[33m,[39m [35masync[39m () [33m=>[39m 
{
    [90m100| [39m      mockPrisma.invoice.update.mockResolvedValue({ id: 1, status: 'PAΓÇª
    [90m101| [39m      [35mconst[39m res [33m=[39m [35mawait[39m 
invoiceService[33m.[39m[34mupdateStatus[39m([34m1[39m[33m,[39m [32m'PAID'[39m)[33m;[39m
    [90m   | [39m                  [31m^[39m
    [90m102| [39m      [34mexpect[39m(res[33m.[39mstatus)[33m.[39m[34mtoBe[39m([32m'PAID'[39m)[33m;[39m
    [90m103| [39m    })[33m;[39m

[31m[2mΓÄ»ΓÄ»ΓÄ»ΓÄ»ΓÄ»ΓÄ»ΓÄ»ΓÄ»ΓÄ»ΓÄ»ΓÄ»ΓÄ»ΓÄ»ΓÄ»ΓÄ»ΓÄ»ΓÄ»ΓÄ»ΓÄ»ΓÄ»ΓÄ»[62/145]ΓÄ»[22m[39m

[41m[1m FAIL [22m[49m [30m[42m unit [49m[39m src/tests/unit/invoice.service.test.js[2m > 
[22minvoice.service[2m > [22mremove[2m > [22mdeletes invoice
[31m[1mPrismaClientKnownRequestError[22m: 
Invalid `db.invoice.delete()` invocation in
C:\Users\hp\OneDrive\Desktop\seahawk-full_stack\backend\src\services\invoice.service.js:128:27

  125 
  126 // Delete invoice (restores shipments to unbilled)
  127 async function remove(id, db = prisma) {
ΓåÆ 128   return db.invoice.delete(
An operation failed because it depends on one or more records that were required but not found. Record to delete does 
not exist.[39m
[90m [2mΓ¥»[22m $n.handleRequestError node_modules/@prisma/client/runtime/library.js:[2m121:7315[22m[39m
[90m [2mΓ¥»[22m $n.handleAndLogRequestError node_modules/@prisma/client/runtime/library.js:[2m121:6623[22m[39m
[90m [2mΓ¥»[22m $n.request node_modules/@prisma/client/runtime/library.js:[2m121:6307[22m[39m
[90m [2mΓ¥»[22m l node_modules/@prisma/client/runtime/library.js:[2m130:9633[22m[39m
[36m [2mΓ¥»[22m src/tests/unit/invoice.service.test.js:[2m109:19[22m[39m
    [90m107| [39m    [34mit[39m([32m'deletes invoice'[39m[33m,[39m [35masync[39m () [33m=>[39m {
    [90m108| [39m      
mockPrisma[33m.[39minvoice[33m.[39m[35mdelete[39m[33m.[39m[34mmockResolvedValue[39m({ id[33m:[39m 
[34m1[39m })[33m;[39m
    [90m109| [39m      [35mconst[39m res [33m=[39m [35mawait[39m 
invoiceService[33m.[39m[34mremove[39m([34m1[39m)[33m;[39m
    [90m   | [39m                  [31m^[39m
    [90m110| [39m      [34mexpect[39m(res[33m.[39mid)[33m.[39m[34mtoBe[39m([34m1[39m)[33m;[39m
    [90m111| [39m    })[33m;[39m

[31m[2mΓÄ»ΓÄ»ΓÄ»ΓÄ»ΓÄ»ΓÄ»ΓÄ»ΓÄ»ΓÄ»ΓÄ»ΓÄ»ΓÄ»ΓÄ»ΓÄ»ΓÄ»ΓÄ»ΓÄ»ΓÄ»ΓÄ»ΓÄ»ΓÄ»[63/145]ΓÄ»[22m[39m

[41m[1m FAIL [22m[49m [30m[42m unit [49m[39m src/tests/unit/ndrService.test.js[2m > [22mndr.service[2m > 
[22mgetAll[2m > [22mreturns paginated NDR events
[31m[1mAssertionError[22m: expected [] to have a length of 1 but got +0[39m

[32m- Expected[39m
[31m+ Received[39m

[32m- 1[39m
[31m+ 0[39m

[36m [2mΓ¥»[22m src/tests/unit/ndrService.test.js:[2m21:28[22m[39m
    [90m 19| [39m
    [90m 20| [39m      const result = await ndrService.getAll({ status: undefined, pageΓÇª
    [90m 21| [39m      
[34mexpect[39m(result[33m.[39mitems)[33m.[39m[34mtoHaveLength[39m([34m1[39m)[33m;[39m
    [90m   | [39m                           [31m^[39m
    [90m 22| [39m      [34mexpect[39m(result[33m.[39mtotal)[33m.[39m[34mtoBe[39m([34m1[39m)[33m;[39m
    [90m 23| [39m    })[33m;[39m

[31m[2mΓÄ»ΓÄ»ΓÄ»ΓÄ»ΓÄ»ΓÄ»ΓÄ»ΓÄ»ΓÄ»ΓÄ»ΓÄ»ΓÄ»ΓÄ»ΓÄ»ΓÄ»ΓÄ»ΓÄ»ΓÄ»ΓÄ»ΓÄ»ΓÄ»[64/145]ΓÄ»[22m[39m

[41m[1m FAIL [22m[49m [30m[42m unit [49m[39m src/tests/unit/ndrService.test.js[2m > [22mndr.service[2m > 
[22mgetAll[2m > [22mfilters by PENDING status (adminAction is null)
[31m[1mPrismaClientValidationError[22m: 
Invalid `prisma.nDREvent.findMany()` invocation in
C:\Users\hp\OneDrive\Desktop\seahawk-full_stack\backend\src\services\ndr.service.js:8:21

  5 const where = {};
  6 if (status) where.adminAction = status === 'PENDING' ? null : status;
  7 const [items, total] = await Promise.all([
ΓåÆ 8   prisma.nDREvent.findMany({
        where: {
          adminAction: null,
          ~~~~~~~~~~~
      ?   AND?: NDREventWhereInput | NDREventWhereInput[],
      ?   OR?: NDREventWhereInput[],
      ?   NOT?: NDREventWhereInput | NDREventWhereInput[],
      ?   id?: IntFilter | Int,
      ?   shipmentId?: IntFilter | Int,
      ?   awb?: StringFilter | String,
      ?   reason?: StringFilter | String,
      ?   description?: StringNullableFilter | String | Null,
      ?   attemptNo?: IntFilter | Int,
      ?   action?: StringFilter | String,
      ?   newAddress?: StringNullableFilter | String | Null,
      ?   resolvedAt?: DateTimeNullableFilter | DateTime | Null,
      ?   createdAt?: DateTimeFilter | DateTime,
      ?   updatedAt?: DateTimeFilter | DateTime,
      ?   shipment?: ShipmentRelationFilter | ShipmentWhereInput
        },
        orderBy: {
          createdAt: "desc"
        },
        skip: 0,
        take: 50
      })

Unknown argument `adminAction`. Available options are marked with ?.[39m
[90m [2mΓ¥»[22m wn node_modules/@prisma/client/runtime/library.js:[2m29:1363[22m[39m
[90m [2mΓ¥»[22m $n.handleRequestError node_modules/@prisma/client/runtime/library.js:[2m121:6958[22m[39m
[90m [2mΓ¥»[22m $n.handleAndLogRequestError node_modules/@prisma/client/runtime/library.js:[2m121:6623[22m[39m
[90m [2mΓ¥»[22m $n.request node_modules/@prisma/client/runtime/library.js:[2m121:6307[22m[39m
[90m [2mΓ¥»[22m l node_modules/@prisma/client/runtime/library.js:[2m130:9633[22m[39m
[36m [2mΓ¥»[22m Module.getAll src/services/ndr.service.js:[2m7:26[22m[39m
    [90m  5| [39m  [35mconst[39m where [33m=[39m {}[33m;[39m
    [90m  6| [39m  [35mif[39m (status) where[33m.[39madminAction [33m=[39m status [33m===[39m 
[32m'PENDING'[39m [33m?[39m [35mnull[39m [33m:[39m status[33m;[39m
    [90m  7| [39m  [35mconst[39m [items[33m,[39m total] [33m=[39m [35mawait[39m 
[33mPromise[39m[33m.[39m[34mall[39m([
    [90m   | [39m                         [31m^[39m
    [90m  8| [39m    prisma[33m.[39mnDREvent[33m.[39m[34mfindMany[39m({
    [90m  9| [39m      where[33m,[39m
[90m [2mΓ¥»[22m src/tests/unit/ndrService.test.js:[2m28:7[22m[39m

[31m[2mΓÄ»ΓÄ»ΓÄ»ΓÄ»ΓÄ»ΓÄ»ΓÄ»ΓÄ»ΓÄ»ΓÄ»ΓÄ»ΓÄ»ΓÄ»ΓÄ»ΓÄ»ΓÄ»ΓÄ»ΓÄ»ΓÄ»ΓÄ»ΓÄ»[65/145]ΓÄ»[22m[39m

[41m[1m FAIL [22m[49m [30m[42m unit [49m[39m src/tests/unit/ndrService.test.js[2m > [22mndr.service[2m > 
[22mgetAll[2m > [22mfilters by resolved status
[31m[1mPrismaClientValidationError[22m: 
Invalid `prisma.nDREvent.count()` invocation in
C:\Users\hp\OneDrive\Desktop\seahawk-full_stack\backend\src\services\ndr.service.js:14:21

  11   skip: (page - 1) * limit,
  12   take: limit,
  13 }),
ΓåÆ 14 prisma.nDREvent.count({
       select: {
         _count: {
           select: {
             _all: true
           }
         }
       },
       where: {
         adminAction: "REATTEMPT",
         ~~~~~~~~~~~
     ?   AND?: NDREventWhereInput | NDREventWhereInput[],
     ?   OR?: NDREventWhereInput[],
     ?   NOT?: NDREventWhereInput | NDREventWhereInput[],
     ?   id?: IntFilter | Int,
     ?   shipmentId?: IntFilter | Int,
     ?   awb?: StringFilter | String,
     ?   reason?: StringFilter | String,
     ?   description?: StringNullableFilter | String | Null,
     ?   attemptNo?: IntFilter | Int,
     ?   action?: StringFilter | String,
     ?   newAddress?: StringNullableFilter | String | Null,
     ?   resolvedAt?: DateTimeNullableFilter | DateTime | Null,
     ?   createdAt?: DateTimeFilter | DateTime,
     ?   updatedAt?: DateTimeFilter | DateTime,
     ?   shipment?: ShipmentRelationFilter | ShipmentWhereInput
       }
     })

Unknown argument `adminAction`. Available options are marked with ?.[39m
[90m [2mΓ¥»[22m wn node_modules/@prisma/client/runtime/library.js:[2m29:1363[22m[39m
[90m [2mΓ¥»[22m $n.handleRequestError node_modules/@prisma/client/runtime/library.js:[2m121:6958[22m[39m
[90m [2mΓ¥»[22m $n.handleAndLogRequestError node_modules/@prisma/client/runtime/library.js:[2m121:6623[22m[39m
[90m [2mΓ¥»[22m $n.request node_modules/@prisma/client/runtime/library.js:[2m121:6307[22m[39m
[90m [2mΓ¥»[22m l node_modules/@prisma/client/runtime/library.js:[2m130:9633[22m[39m
[36m [2mΓ¥»[22m Module.getAll src/services/ndr.service.js:[2m7:26[22m[39m
    [90m  5| [39m  [35mconst[39m where [33m=[39m {}[33m;[39m
    [90m  6| [39m  [35mif[39m (status) where[33m.[39madminAction [33m=[39m status [33m===[39m 
[32m'PENDING'[39m [33m?[39m [35mnull[39m [33m:[39m status[33m;[39m
    [90m  7| [39m  [35mconst[39m [items[33m,[39m total] [33m=[39m [35mawait[39m 
[33mPromise[39m[33m.[39m[34mall[39m([
    [90m   | [39m                         [31m^[39m
    [90m  8| [39m    prisma[33m.[39mnDREvent[33m.[39m[34mfindMany[39m({
    [90m  9| [39m      where[33m,[39m
[90m [2mΓ¥»[22m src/tests/unit/ndrService.test.js:[2m37:7[22m[39m

[31m[2mΓÄ»ΓÄ»ΓÄ»ΓÄ»ΓÄ»ΓÄ»ΓÄ»ΓÄ»ΓÄ»ΓÄ»ΓÄ»ΓÄ»ΓÄ»ΓÄ»ΓÄ»ΓÄ»ΓÄ»ΓÄ»ΓÄ»ΓÄ»ΓÄ»[66/145]ΓÄ»[22m[39m

[41m[1m FAIL [22m[49m [30m[42m unit [49m[39m src/tests/unit/ndrService.test.js[2m > [22mndr.service[2m > 
[22mcreate[2m > [22mcreates an NDR event
[31m[1mPrismaClientKnownRequestError[22m: 
Invalid `prisma.nDREvent.create()` invocation in
C:\Users\hp\OneDrive\Desktop\seahawk-full_stack\backend\src\services\ndr.service.js:20:26

  17 }
  18 
  19 async function create({ shipmentId, awb, reason, notes, createdById }) {
ΓåÆ 20   return prisma.nDREvent.create(
Foreign key constraint violated: `ndr_events_shipment_id_fkey (index)`[39m
[90m [2mΓ¥»[22m $n.handleRequestError node_modules/@prisma/client/runtime/library.js:[2m121:7315[22m[39m
[90m [2mΓ¥»[22m $n.handleAndLogRequestError node_modules/@prisma/client/runtime/library.js:[2m121:6623[22m[39m
[90m [2mΓ¥»[22m $n.request node_modules/@prisma/client/runtime/library.js:[2m121:6307[22m[39m
[90m [2mΓ¥»[22m l node_modules/@prisma/client/runtime/library.js:[2m130:9633[22m[39m
[36m [2mΓ¥»[22m src/tests/unit/ndrService.test.js:[2m47:22[22m[39m
    [90m 45| [39m    [34mit[39m([32m'creates an NDR event'[39m[33m,[39m [35masync[39m () [33m=>[39m {
    [90m 46| [39m      mockPrisma.nDREvent.create.mockResolvedValue({ id: 1, awb: 'AWB1ΓÇª
    [90m 47| [39m      const result = await ndrService.create({ shipmentId: 1, awb: 'AWΓÇª
    [90m   | [39m                     [31m^[39m
    [90m 48| [39m      [34mexpect[39m(result[33m.[39mawb)[33m.[39m[34mtoBe[39m([32m'AWB1'[39m)[33m;[39m
    [90m 49| [39m    })[33m;[39m

[31m[2mΓÄ»ΓÄ»ΓÄ»ΓÄ»ΓÄ»ΓÄ»ΓÄ»ΓÄ»ΓÄ»ΓÄ»ΓÄ»ΓÄ»ΓÄ»ΓÄ»ΓÄ»ΓÄ»ΓÄ»ΓÄ»ΓÄ»ΓÄ»ΓÄ»[67/145]ΓÄ»[22m[39m

[41m[1m FAIL [22m[49m [30m[42m unit [49m[39m src/tests/unit/ndrService.test.js[2m > [22mndr.service[2m > 
[22mresolve[2m > [22mresolves with REATTEMPT and sets resolvedAt
[31m[1mPrismaClientValidationError[22m: 
Invalid `prisma.nDREvent.update()` invocation in
C:\Users\hp\OneDrive\Desktop\seahawk-full_stack\backend\src\services\ndr.service.js:26:26

  23 }
  24 
  25 async function resolve(id, { adminAction, newAddress, notes }) {
ΓåÆ 26   return prisma.nDREvent.update({
         where: {
           id: 1
         },
         data: {
           adminAction: "REATTEMPT",
           ~~~~~~~~~~~
           newAddress: null,
           notes: "Try again",
           resolvedAt: new Date("2026-05-03T07:47:58.674Z"),
       ?   awb?: String | StringFieldUpdateOperationsInput,
       ?   reason?: String | StringFieldUpdateOperationsInput,
       ?   description?: String | NullableStringFieldUpdateOperationsInput | Null,
       ?   attemptNo?: Int | IntFieldUpdateOperationsInput,
       ?   action?: String | StringFieldUpdateOperationsInput,
       ?   createdAt?: DateTime | DateTimeFieldUpdateOperationsInput,
       ?   updatedAt?: DateTime | DateTimeFieldUpdateOperationsInput,
       ?   shipment?: ShipmentUpdateOneRequiredWithoutNdrEventsNestedInput
         }
       })

Unknown argument `adminAction`. Available options are marked with ?.[39m
[90m [2mΓ¥»[22m wn node_modules/@prisma/client/runtime/library.js:[2m29:1363[22m[39m
[90m [2mΓ¥»[22m $n.handleRequestError node_modules/@prisma/client/runtime/library.js:[2m121:6958[22m[39m
[90m [2mΓ¥»[22m $n.handleAndLogRequestError node_modules/@prisma/client/runtime/library.js:[2m121:6623[22m[39m
[90m [2mΓ¥»[22m $n.request node_modules/@prisma/client/runtime/library.js:[2m121:6307[22m[39m
[90m [2mΓ¥»[22m l node_modules/@prisma/client/runtime/library.js:[2m130:9633[22m[39m
[36m [2mΓ¥»[22m src/tests/unit/ndrService.test.js:[2m55:22[22m[39m
    [90m 53| [39m    [34mit[39m([32m'resolves with REATTEMPT and sets resolvedAt'[39m[33m,[39m [35masync[39m 
() [33m=>[39m {
    [90m 54| [39m      mockPrisma.nDREvent.update.mockResolvedValue({ id: 1, adminActioΓÇª
    [90m 55| [39m      const result = await ndrService.resolve(1, { adminAction: 'REATTΓÇª
    [90m   | [39m                     [31m^[39m
    [90m 56| [39m      
[34mexpect[39m(result[33m.[39madminAction)[33m.[39m[34mtoBe[39m([32m'REATTEMPT'[39m)[33m;[39m
    [90m 57| [39m    })[33m;[39m

[31m[2mΓÄ»ΓÄ»ΓÄ»ΓÄ»ΓÄ»ΓÄ»ΓÄ»ΓÄ»ΓÄ»ΓÄ»ΓÄ»ΓÄ»ΓÄ»ΓÄ»ΓÄ»ΓÄ»ΓÄ»ΓÄ»ΓÄ»ΓÄ»ΓÄ»[68/145]ΓÄ»[22m[39m

[41m[1m FAIL [22m[49m [30m[42m unit [49m[39m src/tests/unit/ndrService.test.js[2m > [22mndr.service[2m > 
[22mresolve[2m > [22mresolves with RTO and sets resolvedAt
[31m[1mPrismaClientValidationError[22m: 
Invalid `prisma.nDREvent.update()` invocation in
C:\Users\hp\OneDrive\Desktop\seahawk-full_stack\backend\src\services\ndr.service.js:26:26

  23 }
  24 
  25 async function resolve(id, { adminAction, newAddress, notes }) {
ΓåÆ 26   return prisma.nDREvent.update({
         where: {
           id: 1
         },
         data: {
           adminAction: "RTO",
           ~~~~~~~~~~~
           newAddress: undefined,
           notes: undefined,
           resolvedAt: new Date("2026-05-03T07:47:58.724Z"),
       ?   awb?: String | StringFieldUpdateOperationsInput,
       ?   reason?: String | StringFieldUpdateOperationsInput,
       ?   description?: String | NullableStringFieldUpdateOperationsInput | Null,
       ?   attemptNo?: Int | IntFieldUpdateOperationsInput,
       ?   action?: String | StringFieldUpdateOperationsInput,
       ?   createdAt?: DateTime | DateTimeFieldUpdateOperationsInput,
       ?   updatedAt?: DateTime | DateTimeFieldUpdateOperationsInput,
       ?   shipment?: ShipmentUpdateOneRequiredWithoutNdrEventsNestedInput
         }
       })

Unknown argument `adminAction`. Available options are marked with ?.[39m
[90m [2mΓ¥»[22m wn node_modules/@prisma/client/runtime/library.js:[2m29:1363[22m[39m
[90m [2mΓ¥»[22m $n.handleRequestError node_modules/@prisma/client/runtime/library.js:[2m121:6958[22m[39m
[90m [2mΓ¥»[22m $n.handleAndLogRequestError node_modules/@prisma/client/runtime/library.js:[2m121:6623[22m[39m
[90m [2mΓ¥»[22m $n.request node_modules/@prisma/client/runtime/library.js:[2m121:6307[22m[39m
[90m [2mΓ¥»[22m l node_modules/@prisma/client/runtime/library.js:[2m130:9633[22m[39m
[36m [2mΓ¥»[22m src/tests/unit/ndrService.test.js:[2m61:22[22m[39m
    [90m 59| [39m    [34mit[39m([32m'resolves with RTO and sets resolvedAt'[39m[33m,[39m [35masync[39m () 
[33m=>[39m {
    [90m 60| [39m      mockPrisma.nDREvent.update.mockResolvedValue({ id: 1, adminActioΓÇª
    [90m 61| [39m      const result = await ndrService.resolve(1, { adminAction: 'RTO' ΓÇª
    [90m   | [39m                     [31m^[39m
    [90m 62| [39m      
[34mexpect[39m(result[33m.[39madminAction)[33m.[39m[34mtoBe[39m([32m'RTO'[39m)[33m;[39m
    [90m 63| [39m    })[33m;[39m

[31m[2mΓÄ»ΓÄ»ΓÄ»ΓÄ»ΓÄ»ΓÄ»ΓÄ»ΓÄ»ΓÄ»ΓÄ»ΓÄ»ΓÄ»ΓÄ»ΓÄ»ΓÄ»ΓÄ»ΓÄ»ΓÄ»ΓÄ»ΓÄ»ΓÄ»[69/145]ΓÄ»[22m[39m

[41m[1m FAIL [22m[49m [30m[42m unit [49m[39m src/tests/unit/ndrService.test.js[2m > [22mndr.service[2m > 
[22mincrementAttempts[2m > [22mincrements attempt count
[31m[1mPrismaClientValidationError[22m: 
Invalid `prisma.nDREvent.update()` invocation in
C:\Users\hp\OneDrive\Desktop\seahawk-full_stack\backend\src\services\ndr.service.js:38:26

  35 }
  36 
  37 async function incrementAttempts(id) {
ΓåÆ 38   return prisma.nDREvent.update({
         where: {
           id: 1
         },
         data: {
           attempts: {
           ~~~~~~~~
             increment: 1
           },
       ?   awb?: String | StringFieldUpdateOperationsInput,
       ?   reason?: String | StringFieldUpdateOperationsInput,
       ?   description?: String | NullableStringFieldUpdateOperationsInput | Null,
       ?   attemptNo?: Int | IntFieldUpdateOperationsInput,
       ?   action?: String | StringFieldUpdateOperationsInput,
       ?   newAddress?: String | NullableStringFieldUpdateOperationsInput | Null,
       ?   resolvedAt?: DateTime | NullableDateTimeFieldUpdateOperationsInput | Null,
       ?   createdAt?: DateTime | DateTimeFieldUpdateOperationsInput,
       ?   updatedAt?: DateTime | DateTimeFieldUpdateOperationsInput,
       ?   shipment?: ShipmentUpdateOneRequiredWithoutNdrEventsNestedInput
         }
       })

Unknown argument `attempts`. Did you mean `attemptNo`? Available options are marked with ?.[39m
[90m [2mΓ¥»[22m wn node_modules/@prisma/client/runtime/library.js:[2m29:1363[22m[39m
[90m [2mΓ¥»[22m $n.handleRequestError node_modules/@prisma/client/runtime/library.js:[2m121:6958[22m[39m
[90m [2mΓ¥»[22m $n.handleAndLogRequestError node_modules/@prisma/client/runtime/library.js:[2m121:6623[22m[39m
[90m [2mΓ¥»[22m $n.request node_modules/@prisma/client/runtime/library.js:[2m121:6307[22m[39m
[90m [2mΓ¥»[22m l node_modules/@prisma/client/runtime/library.js:[2m130:9633[22m[39m
[36m [2mΓ¥»[22m src/tests/unit/ndrService.test.js:[2m69:22[22m[39m
    [90m 67| [39m    [34mit[39m([32m'increments attempt count'[39m[33m,[39m [35masync[39m () [33m=>[39m {
    [90m 68| [39m      mockPrisma.nDREvent.update.mockResolvedValue({ id: 1, attempts: ΓÇª
    [90m 69| [39m      [35mconst[39m result [33m=[39m [35mawait[39m 
ndrService[33m.[39m[34mincrementAttempts[39m([34m1[39m)[33m;[39m
    [90m   | [39m                     [31m^[39m
    [90m 70| [39m      [34mexpect[39m(result[33m.[39mattempts)[33m.[39m[34mtoBe[39m([34m3[39m)[33m;[39m
    [90m 71| [39m    })[33m;[39m

[31m[2mΓÄ»ΓÄ»ΓÄ»ΓÄ»ΓÄ»ΓÄ»ΓÄ»ΓÄ»ΓÄ»ΓÄ»ΓÄ»ΓÄ»ΓÄ»ΓÄ»ΓÄ»ΓÄ»ΓÄ»ΓÄ»ΓÄ»ΓÄ»ΓÄ»[70/145]ΓÄ»[22m[39m

[41m[1m FAIL [22m[49m [30m[42m unit [49m[39m src/tests/unit/otpService.test.js[2m > [22motp.service[2m > 
[22msendLoginOTP[2m > [22mfalls back to console in non-production environments
[31m[1mPrismaClientKnownRequestError[22m: 
Invalid `prisma.$executeRaw()` invocation:


Raw query failed. Code: `42P01`. Message: `relation "login_otps" does not exist`[39m
[90m [2mΓ¥»[22m $n.handleRequestError node_modules/@prisma/client/runtime/library.js:[2m121:7315[22m[39m
[90m [2mΓ¥»[22m $n.handleAndLogRequestError node_modules/@prisma/client/runtime/library.js:[2m121:6623[22m[39m
[90m [2mΓ¥»[22m $n.request node_modules/@prisma/client/runtime/library.js:[2m121:6307[22m[39m
[90m [2mΓ¥»[22m l node_modules/@prisma/client/runtime/library.js:[2m130:9633[22m[39m
[90m [2mΓ¥»[22m Object.sendLoginOTP src/services/otp.service.js:[2m21:3[22m[39m
[36m [2mΓ¥»[22m src/tests/unit/otpService.test.js:[2m38:22[22m[39m
    [90m 36| [39m      
mockEmailService[33m.[39misConfigured[33m.[39m[34mmockReturnValue[39m([35mfalse[39m)[33m;[39m
    [90m 37| [39m      
    [90m 38| [39m      [35mconst[39m result [33m=[39m [35mawait[39m 
otpService[33m.[39m[34msendLoginOTP[39m(email[33m,[39m userName)[33m;[39m
    [90m   | [39m                     [31m^[39m
    [90m 39| [39m      [34mexpect[39m(result[33m.[39msent)[33m.[39m[34mtoBe[39m([35mtrue[39m)[33m;[39m
    [90m 40| [39m      
[34mexpect[39m(result[33m.[39mmethod)[33m.[39m[34mtoBe[39m([32m'console'[39m)[33m;[39m

[31m[2mΓÄ»ΓÄ»ΓÄ»ΓÄ»ΓÄ»ΓÄ»ΓÄ»ΓÄ»ΓÄ»ΓÄ»ΓÄ»ΓÄ»ΓÄ»ΓÄ»ΓÄ»ΓÄ»ΓÄ»ΓÄ»ΓÄ»ΓÄ»ΓÄ»[71/145]ΓÄ»[22m[39m

[41m[1m FAIL [22m[49m [30m[42m unit [49m[39m src/tests/unit/otpService.test.js[2m > [22motp.service[2m > 
[22msendLoginOTP[2m > [22minvalidates existing OTPs and creates a new one via SMTP
[31m[1mPrismaClientKnownRequestError[22m: 
Invalid `prisma.$executeRaw()` invocation:


Raw query failed. Code: `42P01`. Message: `relation "login_otps" does not exist`[39m
[90m [2mΓ¥»[22m $n.handleRequestError node_modules/@prisma/client/runtime/library.js:[2m121:7315[22m[39m
[90m [2mΓ¥»[22m $n.handleAndLogRequestError node_modules/@prisma/client/runtime/library.js:[2m121:6623[22m[39m
[90m [2mΓ¥»[22m $n.request node_modules/@prisma/client/runtime/library.js:[2m121:6307[22m[39m
[90m [2mΓ¥»[22m l node_modules/@prisma/client/runtime/library.js:[2m130:9633[22m[39m
[90m [2mΓ¥»[22m Object.sendLoginOTP src/services/otp.service.js:[2m21:3[22m[39m
[36m [2mΓ¥»[22m src/tests/unit/otpService.test.js:[2m50:22[22m[39m
    [90m 48| [39m      
mockEmailService[33m.[39misConfigured[33m.[39m[34mmockReturnValue[39m([35mtrue[39m)[33m;[39m
    [90m 49| [39m      
    [90m 50| [39m      [35mconst[39m result [33m=[39m [35mawait[39m 
otpService[33m.[39m[34msendLoginOTP[39m(email[33m,[39m userName)[33m;[39m
    [90m   | [39m                     [31m^[39m
    [90m 51| [39m      
    [90m 52| [39m      
[34mexpect[39m(mockPrisma[33m.[39m$executeRaw)[33m.[39m[34mtoHaveBeenCalled[39m()[33m;[39m

[31m[2mΓÄ»ΓÄ»ΓÄ»ΓÄ»ΓÄ»ΓÄ»ΓÄ»ΓÄ»ΓÄ»ΓÄ»ΓÄ»ΓÄ»ΓÄ»ΓÄ»ΓÄ»ΓÄ»ΓÄ»ΓÄ»ΓÄ»ΓÄ»ΓÄ»[72/145]ΓÄ»[22m[39m

[41m[1m FAIL [22m[49m [30m[42m unit [49m[39m src/tests/unit/otpService.test.js[2m > [22motp.service[2m > 
[22mverifyOTP[2m > [22mverifies correctly and marks as used
[31m[1mPrismaClientKnownRequestError[22m: 
Invalid `prisma.$queryRaw()` invocation:


Raw query failed. Code: `42P01`. Message: `relation "login_otps" does not exist`[39m
[90m [2mΓ¥»[22m $n.handleRequestError node_modules/@prisma/client/runtime/library.js:[2m121:7315[22m[39m
[90m [2mΓ¥»[22m $n.handleAndLogRequestError node_modules/@prisma/client/runtime/library.js:[2m121:6623[22m[39m
[90m [2mΓ¥»[22m $n.request node_modules/@prisma/client/runtime/library.js:[2m121:6307[22m[39m
[90m [2mΓ¥»[22m l node_modules/@prisma/client/runtime/library.js:[2m130:9633[22m[39m
[90m [2mΓ¥»[22m Object.verifyOTP src/services/otp.service.js:[2m83:16[22m[39m
[36m [2mΓ¥»[22m src/tests/unit/otpService.test.js:[2m70:22[22m[39m
    [90m 68| [39m      mockPrisma[33m.[39m$executeRaw[33m.[39m[34mmockResolvedValue[39m([34m1[39m)[33m;[39m
    [90m 69| [39m
    [90m 70| [39m      [35mconst[39m result [33m=[39m [35mawait[39m 
otpService[33m.[39m[34mverifyOTP[39m(email[33m,[39m [32m'123456'[39m)[33m;[39m
    [90m   | [39m                     [31m^[39m
    [90m 71| [39m      [34mexpect[39m(result)[33m.[39m[34mtoBe[39m([35mtrue[39m)[33m;[39m
    [90m 72| [39m      
[34mexpect[39m(mockPrisma[33m.[39m$executeRaw)[33m.[39m[34mtoHaveBeenCalled[39m()[33m;[39m

[31m[2mΓÄ»ΓÄ»ΓÄ»ΓÄ»ΓÄ»ΓÄ»ΓÄ»ΓÄ»ΓÄ»ΓÄ»ΓÄ»ΓÄ»ΓÄ»ΓÄ»ΓÄ»ΓÄ»ΓÄ»ΓÄ»ΓÄ»ΓÄ»ΓÄ»[73/145]ΓÄ»[22m[39m

[41m[1m FAIL [22m[49m [30m[42m unit [49m[39m src/tests/unit/otpService.test.js[2m > [22motp.service[2m > 
[22mverifyOTP[2m > [22mrejects incorrect OTP
[31m[1mAssertionError[22m: expected [Function] to throw error including 'Incorrect OTP' but got '\nInvalid 
`prisma.$queryRaw()` invocaΓÇª'[39m

[32m- Expected[39m
[31m+ Received[39m

[32m- In[7mcorrect OTP[27m[39m
[31m+[39m
[31m+ In[7mvalid `prisma.$queryRaw()` invocation:[27m[39m
[31m+[39m
[31m+[39m
[31m+ Raw query failed. Code: `42P01`. Message: `relation "login_otps" does not exist`[39m

[36m [2mΓ¥»[22m src/tests/unit/otpService.test.js:[2m84:7[22m[39m
    [90m 82| [39m      
mockPrisma[33m.[39m$queryRaw[33m.[39m[34mmockResolvedValue[39m([mockOtpRecord])[33m;[39m
    [90m 83| [39m      
    [90m 84| [39m      await expect(otpService.verifyOTP(email, '000000')).rejects.toThΓÇª
    [90m   | [39m      [31m^[39m
    [90m 85| [39m    })[33m;[39m
    [90m 86| [39m

[31m[2mΓÄ»ΓÄ»ΓÄ»ΓÄ»ΓÄ»ΓÄ»ΓÄ»ΓÄ»ΓÄ»ΓÄ»ΓÄ»ΓÄ»ΓÄ»ΓÄ»ΓÄ»ΓÄ»ΓÄ»ΓÄ»ΓÄ»ΓÄ»ΓÄ»[74/145]ΓÄ»[22m[39m

[41m[1m FAIL [22m[49m [30m[42m unit [49m[39m src/tests/unit/otpService.test.js[2m > [22motp.service[2m > 
[22mverifyOTP[2m > [22mrejects expired or missing OTP
[31m[1mAssertionError[22m: expected [Function] to throw error including 'OTP expired or not found' but got 
'\nInvalid `prisma.$queryRaw()` invocaΓÇª'[39m

[32m- Expected[39m
[31m+ Received[39m

[32m- OTP expired or not found[39m
[31m+[39m
[31m+ Invalid `prisma.$queryRaw()` invocation:[39m
[31m+[39m
[31m+[39m
[31m+ Raw query failed. Code: `42P01`. Message: `relation "login_otps" does not exist`[39m

[36m [2mΓ¥»[22m src/tests/unit/otpService.test.js:[2m89:7[22m[39m
    [90m 87| [39m    [34mit[39m([32m'rejects expired or missing OTP'[39m[33m,[39m [35masync[39m () 
[33m=>[39m {
    [90m 88| [39m      mockPrisma[33m.[39m$queryRaw[33m.[39m[34mmockResolvedValue[39m([])[33m;[39m
    [90m 89| [39m      await expect(otpService.verifyOTP(email, '123456')).rejects.toThΓÇª
    [90m   | [39m      [31m^[39m
    [90m 90| [39m    })[33m;[39m
    [90m 91| [39m  })[33m;[39m

[31m[2mΓÄ»ΓÄ»ΓÄ»ΓÄ»ΓÄ»ΓÄ»ΓÄ»ΓÄ»ΓÄ»ΓÄ»ΓÄ»ΓÄ»ΓÄ»ΓÄ»ΓÄ»ΓÄ»ΓÄ»ΓÄ»ΓÄ»ΓÄ»ΓÄ»[75/145]ΓÄ»[22m[39m

[41m[1m FAIL [22m[49m [30m[42m unit [49m[39m src/tests/unit/pickupService.test.js[2m > 
[22mpickup.service[2m > [22mcreate[2m > [22mcreates a pickup request with unique refNo
[31m[1mPrismaClientValidationError[22m: 
Invalid `prisma.pickupRequest.findUnique()` invocation in
C:\Users\hp\OneDrive\Desktop\seahawk-full_stack\backend\src\services\pickup.service.js:13:37

  10 async function create(data) {
  11   let refNo = genRef();
  12   // Ensure uniqueness
ΓåÆ 13   while (await prisma.pickupRequest.findUnique({
         where: {
           refNo: "SHK-2026-5725",
           ~~~~~
       ?   id?: Int,
       ?   requestNo?: String,
       ?   AND?: PickupRequestWhereInput | PickupRequestWhereInput[],
       ?   OR?: PickupRequestWhereInput[],
       ?   NOT?: PickupRequestWhereInput | PickupRequestWhereInput[],
       ?   clientCode?: StringNullableFilter | String | Null,
       ?   contactName?: StringFilter | String,
       ?   contactPhone?: StringFilter | String,
       ?   contactEmail?: StringNullableFilter | String | Null,
       ?   pickupAddress?: StringFilter | String,
       ?   pickupCity?: StringFilter | String,
       ?   pickupPin?: StringFilter | String,
       ?   deliveryAddress?: StringNullableFilter | String | Null,
       ?   deliveryCity?: StringNullableFilter | String | Null,
       ?   deliveryState?: StringNullableFilter | String | Null,
       ?   deliveryCountry?: StringFilter | String,
       ?   packageType?: StringFilter | String,
       ?   weightGrams?: DecimalFilter | Decimal,
       ?   pieces?: IntFilter | Int,
       ?   service?: StringFilter | String,
       ?   declaredValue?: DecimalNullableFilter | Decimal | Null,
       ?   notes?: StringNullableFilter | String | Null,
       ?   source?: StringFilter | String,
       ?   preferredCarrier?: StringNullableFilter | String | Null,
       ?   scheduledDate?: StringFilter | String,
       ?   timeSlot?: StringFilter | String,
       ?   assignedAgentId?: IntNullableFilter | Int | Null,
       ?   assignedAt?: DateTimeNullableFilter | DateTime | Null,
       ?   completedAt?: DateTimeNullableFilter | DateTime | Null,
       ?   status?: StringFilter | String,
       ?   createdAt?: DateTimeFilter | DateTime,
       ?   updatedAt?: DateTimeFilter | DateTime,
       ?   client?: ClientNullableRelationFilter | ClientWhereInput | Null,
       ?   assignedAgent?: UserNullableRelationFilter | UserWhereInput | Null
         }
       })

Unknown argument `refNo`. Available options are marked with ?.[39m
[90m [2mΓ¥»[22m wn node_modules/@prisma/client/runtime/library.js:[2m29:1363[22m[39m
[90m [2mΓ¥»[22m $n.handleRequestError node_modules/@prisma/client/runtime/library.js:[2m121:6958[22m[39m
[90m [2mΓ¥»[22m $n.handleAndLogRequestError node_modules/@prisma/client/runtime/library.js:[2m121:6623[22m[39m
[90m [2mΓ¥»[22m $n.request node_modules/@prisma/client/runtime/library.js:[2m121:6307[22m[39m
[90m [2mΓ¥»[22m l node_modules/@prisma/client/runtime/library.js:[2m130:9633[22m[39m
[36m [2mΓ¥»[22m Module.create src/services/pickup.service.js:[2m13:10[22m[39m
    [90m 11| [39m  [35mlet[39m refNo [33m=[39m [34mgenRef[39m()[33m;[39m
    [90m 12| [39m  [90m// Ensure uniqueness[39m
    [90m 13| [39m  [35mwhile[39m ([35mawait[39m prisma[33m.[39mpickupRequest[33m.[39m[34mfindUnique[39m({ 
where[33m:[39m { refNo } })) {
    [90m   | [39m         [31m^[39m
    [90m 14| [39m    refNo [33m=[39m [34mgenRef[39m()[33m;[39m
    [90m 15| [39m  }
[90m [2mΓ¥»[22m src/tests/unit/pickupService.test.js:[2m14:22[22m[39m

[31m[2mΓÄ»ΓÄ»ΓÄ»ΓÄ»ΓÄ»ΓÄ»ΓÄ»ΓÄ»ΓÄ»ΓÄ»ΓÄ»ΓÄ»ΓÄ»ΓÄ»ΓÄ»ΓÄ»ΓÄ»ΓÄ»ΓÄ»ΓÄ»ΓÄ»[76/145]ΓÄ»[22m[39m

[41m[1m FAIL [22m[49m [30m[42m unit [49m[39m src/tests/unit/pickupService.test.js[2m > 
[22mpickup.service[2m > [22mcreate[2m > [22mretries on refNo collision
[31m[1mPrismaClientValidationError[22m: 
Invalid `prisma.pickupRequest.findUnique()` invocation in
C:\Users\hp\OneDrive\Desktop\seahawk-full_stack\backend\src\services\pickup.service.js:13:37

  10 async function create(data) {
  11   let refNo = genRef();
  12   // Ensure uniqueness
ΓåÆ 13   while (await prisma.pickupRequest.findUnique({
         where: {
           refNo: "SHK-2026-2653",
           ~~~~~
       ?   id?: Int,
       ?   requestNo?: String,
       ?   AND?: PickupRequestWhereInput | PickupRequestWhereInput[],
       ?   OR?: PickupRequestWhereInput[],
       ?   NOT?: PickupRequestWhereInput | PickupRequestWhereInput[],
       ?   clientCode?: StringNullableFilter | String | Null,
       ?   contactName?: StringFilter | String,
       ?   contactPhone?: StringFilter | String,
       ?   contactEmail?: StringNullableFilter | String | Null,
       ?   pickupAddress?: StringFilter | String,
       ?   pickupCity?: StringFilter | String,
       ?   pickupPin?: StringFilter | String,
       ?   deliveryAddress?: StringNullableFilter | String | Null,
       ?   deliveryCity?: StringNullableFilter | String | Null,
       ?   deliveryState?: StringNullableFilter | String | Null,
       ?   deliveryCountry?: StringFilter | String,
       ?   packageType?: StringFilter | String,
       ?   weightGrams?: DecimalFilter | Decimal,
       ?   pieces?: IntFilter | Int,
       ?   service?: StringFilter | String,
       ?   declaredValue?: DecimalNullableFilter | Decimal | Null,
       ?   notes?: StringNullableFilter | String | Null,
       ?   source?: StringFilter | String,
       ?   preferredCarrier?: StringNullableFilter | String | Null,
       ?   scheduledDate?: StringFilter | String,
       ?   timeSlot?: StringFilter | String,
       ?   assignedAgentId?: IntNullableFilter | Int | Null,
       ?   assignedAt?: DateTimeNullableFilter | DateTime | Null,
       ?   completedAt?: DateTimeNullableFilter | DateTime | Null,
       ?   status?: StringFilter | String,
       ?   createdAt?: DateTimeFilter | DateTime,
       ?   updatedAt?: DateTimeFilter | DateTime,
       ?   client?: ClientNullableRelationFilter | ClientWhereInput | Null,
       ?   assignedAgent?: UserNullableRelationFilter | UserWhereInput | Null
         }
       })

Unknown argument `refNo`. Available options are marked with ?.[39m
[90m [2mΓ¥»[22m wn node_modules/@prisma/client/runtime/library.js:[2m29:1363[22m[39m
[90m [2mΓ¥»[22m $n.handleRequestError node_modules/@prisma/client/runtime/library.js:[2m121:6958[22m[39m
[90m [2mΓ¥»[22m $n.handleAndLogRequestError node_modules/@prisma/client/runtime/library.js:[2m121:6623[22m[39m
[90m [2mΓ¥»[22m $n.request node_modules/@prisma/client/runtime/library.js:[2m121:6307[22m[39m
[90m [2mΓ¥»[22m l node_modules/@prisma/client/runtime/library.js:[2m130:9633[22m[39m
[36m [2mΓ¥»[22m Module.create src/services/pickup.service.js:[2m13:10[22m[39m
    [90m 11| [39m  [35mlet[39m refNo [33m=[39m [34mgenRef[39m()[33m;[39m
    [90m 12| [39m  [90m// Ensure uniqueness[39m
    [90m 13| [39m  [35mwhile[39m ([35mawait[39m prisma[33m.[39mpickupRequest[33m.[39m[34mfindUnique[39m({ 
where[33m:[39m { refNo } })) {
    [90m   | [39m         [31m^[39m
    [90m 14| [39m    refNo [33m=[39m [34mgenRef[39m()[33m;[39m
    [90m 15| [39m  }
[90m [2mΓ¥»[22m src/tests/unit/pickupService.test.js:[2m25:22[22m[39m

[31m[2mΓÄ»ΓÄ»ΓÄ»ΓÄ»ΓÄ»ΓÄ»ΓÄ»ΓÄ»ΓÄ»ΓÄ»ΓÄ»ΓÄ»ΓÄ»ΓÄ»ΓÄ»ΓÄ»ΓÄ»ΓÄ»ΓÄ»ΓÄ»ΓÄ»[77/145]ΓÄ»[22m[39m

[41m[1m FAIL [22m[49m [30m[42m unit [49m[39m src/tests/unit/pickupService.test.js[2m > 
[22mpickup.service[2m > [22mgetAll[2m > [22mreturns paginated results
[31m[1mAssertionError[22m: expected [] to have a length of 1 but got +0[39m

[32m- Expected[39m
[31m+ Received[39m

[32m- 1[39m
[31m+ 0[39m

[36m [2mΓ¥»[22m src/tests/unit/pickupService.test.js:[2m36:28[22m[39m
    [90m 34| [39m      mockPrisma.pickupRequest.count.mockReturnValue(Promise.resolve(1ΓÇª
    [90m 35| [39m      const result = await pickupService.getAll({ page: 1, limit: 50 }ΓÇª
    [90m 36| [39m      
[34mexpect[39m(result[33m.[39mitems)[33m.[39m[34mtoHaveLength[39m([34m1[39m)[33m;[39m
    [90m   | [39m                           [31m^[39m
    [90m 37| [39m      [34mexpect[39m(result[33m.[39mtotal)[33m.[39m[34mtoBe[39m([34m1[39m)[33m;[39m
    [90m 38| [39m    })[33m;[39m

[31m[2mΓÄ»ΓÄ»ΓÄ»ΓÄ»ΓÄ»ΓÄ»ΓÄ»ΓÄ»ΓÄ»ΓÄ»ΓÄ»ΓÄ»ΓÄ»ΓÄ»ΓÄ»ΓÄ»ΓÄ»ΓÄ»ΓÄ»ΓÄ»ΓÄ»[78/145]ΓÄ»[22m[39m

[41m[1m FAIL [22m[49m [30m[42m unit [49m[39m src/tests/unit/pickupService.test.js[2m > 
[22mpickup.service[2m > [22mgetAll[2m > [22mfilters by status
[31m[1mAssertionError[22m: expected "spy" to be called with arguments: [ ObjectContaining{ΓÇª} ][90m

Number of calls: [1m0[22m
[31m[39m
[36m [2mΓ¥»[22m src/tests/unit/pickupService.test.js:[2m44:49[22m[39m
    [90m 42| [39m      mockPrisma.pickupRequest.count.mockReturnValue(Promise.resolve(0ΓÇª
    [90m 43| [39m      await pickupService.getAll({ status: 'ASSIGNED', page: 1, limit:ΓÇª
    [90m 44| [39m      
[34mexpect[39m(mockPrisma[33m.[39mpickupRequest[33m.[39mfindMany)[33m.[39m[34mtoHaveBeenCalledWith[39m(
    [90m   | [39m                                                [31m^[39m
    [90m 45| [39m        expect.objectContaining({ where: expect.objectContaining({ staΓÇª
    [90m 46| [39m      )[33m;[39m

[31m[2mΓÄ»ΓÄ»ΓÄ»ΓÄ»ΓÄ»ΓÄ»ΓÄ»ΓÄ»ΓÄ»ΓÄ»ΓÄ»ΓÄ»ΓÄ»ΓÄ»ΓÄ»ΓÄ»ΓÄ»ΓÄ»ΓÄ»ΓÄ»ΓÄ»[79/145]ΓÄ»[22m[39m

[41m[1m FAIL [22m[49m [30m[42m unit [49m[39m src/tests/unit/pickupService.test.js[2m > 
[22mpickup.service[2m > [22mgetAll[2m > [22mfilters by date
[31m[1mPrismaClientValidationError[22m: 
Invalid `prisma.pickupRequest.findMany()` invocation in
C:\Users\hp\OneDrive\Desktop\seahawk-full_stack\backend\src\services\pickup.service.js:24:26

  21 if (status) where.status = status;
  22 if (date)   where.pickupDate = date;
  23 const [items, total] = await Promise.all([
ΓåÆ 24   prisma.pickupRequest.findMany({
         where: {
           pickupDate: "2026-04-05",
           ~~~~~~~~~~
       ?   AND?: PickupRequestWhereInput | PickupRequestWhereInput[],
       ?   OR?: PickupRequestWhereInput[],
       ?   NOT?: PickupRequestWhereInput | PickupRequestWhereInput[],
       ?   id?: IntFilter | Int,
       ?   requestNo?: StringFilter | String,
       ?   clientCode?: StringNullableFilter | String | Null,
       ?   contactName?: StringFilter | String,
       ?   contactPhone?: StringFilter | String,
       ?   contactEmail?: StringNullableFilter | String | Null,
       ?   pickupAddress?: StringFilter | String,
       ?   pickupCity?: StringFilter | String,
       ?   pickupPin?: StringFilter | String,
       ?   deliveryAddress?: StringNullableFilter | String | Null,
       ?   deliveryCity?: StringNullableFilter | String | Null,
       ?   deliveryState?: StringNullableFilter | String | Null,
       ?   deliveryCountry?: StringFilter | String,
       ?   packageType?: StringFilter | String,
       ?   weightGrams?: DecimalFilter | Decimal,
       ?   pieces?: IntFilter | Int,
       ?   service?: StringFilter | String,
       ?   declaredValue?: DecimalNullableFilter | Decimal | Null,
       ?   notes?: StringNullableFilter | String | Null,
       ?   source?: StringFilter | String,
       ?   preferredCarrier?: StringNullableFilter | String | Null,
       ?   scheduledDate?: StringFilter | String,
       ?   timeSlot?: StringFilter | String,
       ?   assignedAgentId?: IntNullableFilter | Int | Null,
       ?   assignedAt?: DateTimeNullableFilter | DateTime | Null,
       ?   completedAt?: DateTimeNullableFilter | DateTime | Null,
       ?   status?: StringFilter | String,
       ?   createdAt?: DateTimeFilter | DateTime,
       ?   updatedAt?: DateTimeFilter | DateTime,
       ?   client?: ClientNullableRelationFilter | ClientWhereInput | Null,
       ?   assignedAgent?: UserNullableRelationFilter | UserWhereInput | Null
         },
         orderBy: {
           createdAt: "desc"
         },
         skip: 0,
         take: 50
       })

Unknown argument `pickupDate`. Did you mean `pickupCity`? Available options are marked with ?.[39m
[90m [2mΓ¥»[22m wn node_modules/@prisma/client/runtime/library.js:[2m29:1363[22m[39m
[90m [2mΓ¥»[22m $n.handleRequestError node_modules/@prisma/client/runtime/library.js:[2m121:6958[22m[39m
[90m [2mΓ¥»[22m $n.handleAndLogRequestError node_modules/@prisma/client/runtime/library.js:[2m121:6623[22m[39m
[90m [2mΓ¥»[22m $n.request node_modules/@prisma/client/runtime/library.js:[2m121:6307[22m[39m
[90m [2mΓ¥»[22m l node_modules/@prisma/client/runtime/library.js:[2m130:9633[22m[39m
[36m [2mΓ¥»[22m Module.getAll src/services/pickup.service.js:[2m23:26[22m[39m
    [90m 21| [39m  [35mif[39m (status) where[33m.[39mstatus [33m=[39m status[33m;[39m
    [90m 22| [39m  [35mif[39m (date)   where[33m.[39mpickupDate [33m=[39m date[33m;[39m
    [90m 23| [39m  [35mconst[39m [items[33m,[39m total] [33m=[39m [35mawait[39m 
[33mPromise[39m[33m.[39m[34mall[39m([
    [90m   | [39m                         [31m^[39m
    [90m 24| [39m    prisma[33m.[39mpickupRequest[33m.[39m[34mfindMany[39m({
    [90m 25| [39m      where[33m,[39m orderBy[33m:[39m { createdAt[33m:[39m [32m'desc'[39m }[33m,[39m
[90m [2mΓ¥»[22m src/tests/unit/pickupService.test.js:[2m52:7[22m[39m

[31m[2mΓÄ»ΓÄ»ΓÄ»ΓÄ»ΓÄ»ΓÄ»ΓÄ»ΓÄ»ΓÄ»ΓÄ»ΓÄ»ΓÄ»ΓÄ»ΓÄ»ΓÄ»ΓÄ»ΓÄ»ΓÄ»ΓÄ»ΓÄ»ΓÄ»[80/145]ΓÄ»[22m[39m

[41m[1m FAIL [22m[49m [30m[42m unit [49m[39m src/tests/unit/pickupService.test.js[2m > 
[22mpickup.service[2m > [22mgetOne[2m > [22mreturns a single pickup request
[31m[1mTypeError[22m: Cannot read properties of null (reading 'refNo')[39m
[36m [2mΓ¥»[22m src/tests/unit/pickupService.test.js:[2m63:21[22m[39m
    [90m 61| [39m      mockPrisma.pickupRequest.findUnique.mockResolvedValue({ id: 1, rΓÇª
    [90m 62| [39m      [35mconst[39m result [33m=[39m [35mawait[39m 
pickupService[33m.[39m[34mgetOne[39m([34m1[39m)[33m;[39m
    [90m 63| [39m      
[34mexpect[39m(result[33m.[39mrefNo)[33m.[39m[34mtoBe[39m([32m'SHK-2026-1234'[39m)[33m;[39m
    [90m   | [39m                    [31m^[39m
    [90m 64| [39m    })[33m;[39m
    [90m 65| [39m  })[33m;[39m

[31m[2mΓÄ»ΓÄ»ΓÄ»ΓÄ»ΓÄ»ΓÄ»ΓÄ»ΓÄ»ΓÄ»ΓÄ»ΓÄ»ΓÄ»ΓÄ»ΓÄ»ΓÄ»ΓÄ»ΓÄ»ΓÄ»ΓÄ»ΓÄ»ΓÄ»[81/145]ΓÄ»[22m[39m

[41m[1m FAIL [22m[49m [30m[42m unit [49m[39m src/tests/unit/pickupService.test.js[2m > 
[22mpickup.service[2m > [22massign[2m > [22massigns agent and marks as ASSIGNED
[31m[1mPrismaClientKnownRequestError[22m: 
Invalid `prisma.pickupRequest.update()` invocation in
C:\Users\hp\OneDrive\Desktop\seahawk-full_stack\backend\src\services\pickup.service.js:38:31

  35 }
  36 
  37 async function assign(id, agentId) {
ΓåÆ 38   return prisma.pickupRequest.update(
An operation failed because it depends on one or more records that were required but not found. Record to update not 
found.[39m
[90m [2mΓ¥»[22m $n.handleRequestError node_modules/@prisma/client/runtime/library.js:[2m121:7315[22m[39m
[90m [2mΓ¥»[22m $n.handleAndLogRequestError node_modules/@prisma/client/runtime/library.js:[2m121:6623[22m[39m
[90m [2mΓ¥»[22m $n.request node_modules/@prisma/client/runtime/library.js:[2m121:6307[22m[39m
[90m [2mΓ¥»[22m l node_modules/@prisma/client/runtime/library.js:[2m130:9633[22m[39m
[36m [2mΓ¥»[22m src/tests/unit/pickupService.test.js:[2m70:22[22m[39m
    [90m 68| [39m    [34mit[39m([32m'assigns agent and marks as ASSIGNED'[39m[33m,[39m [35masync[39m () 
[33m=>[39m {
    [90m 69| [39m      mockPrisma.pickupRequest.update.mockResolvedValue({ id: 1, statuΓÇª
    [90m 70| [39m      [35mconst[39m result [33m=[39m [35mawait[39m 
pickupService[33m.[39m[34massign[39m([34m1[39m[33m,[39m [34m5[39m)[33m;[39m
    [90m   | [39m                     [31m^[39m
    [90m 71| [39m      
[34mexpect[39m(result[33m.[39mstatus)[33m.[39m[34mtoBe[39m([32m'ASSIGNED'[39m)[33m;[39m
    [90m 72| [39m      
[34mexpect[39m(result[33m.[39massignedAgentId)[33m.[39m[34mtoBe[39m([34m5[39m)[33m;[39m

[31m[2mΓÄ»ΓÄ»ΓÄ»ΓÄ»ΓÄ»ΓÄ»ΓÄ»ΓÄ»ΓÄ»ΓÄ»ΓÄ»ΓÄ»ΓÄ»ΓÄ»ΓÄ»ΓÄ»ΓÄ»ΓÄ»ΓÄ»ΓÄ»ΓÄ»[82/145]ΓÄ»[22m[39m

[41m[1m FAIL [22m[49m [30m[42m unit [49m[39m src/tests/unit/pickupService.test.js[2m > 
[22mpickup.service[2m > [22mupdateStatus[2m > [22mupdates status to COMPLETED
[31m[1mPrismaClientKnownRequestError[22m: 
Invalid `prisma.pickupRequest.update()` invocation in
C:\Users\hp\OneDrive\Desktop\seahawk-full_stack\backend\src\services\pickup.service.js:47:31

  44 async function updateStatus(id, status) {
  45   const data = { status };
  46   if (status === 'COMPLETED') data.completedAt = new Date();
ΓåÆ 47   return prisma.pickupRequest.update(
An operation failed because it depends on one or more records that were required but not found. Record to update not 
found.[39m
[90m [2mΓ¥»[22m $n.handleRequestError node_modules/@prisma/client/runtime/library.js:[2m121:7315[22m[39m
[90m [2mΓ¥»[22m $n.handleAndLogRequestError node_modules/@prisma/client/runtime/library.js:[2m121:6623[22m[39m
[90m [2mΓ¥»[22m $n.request node_modules/@prisma/client/runtime/library.js:[2m121:6307[22m[39m
[90m [2mΓ¥»[22m l node_modules/@prisma/client/runtime/library.js:[2m130:9633[22m[39m
[36m [2mΓ¥»[22m src/tests/unit/pickupService.test.js:[2m79:22[22m[39m
    [90m 77| [39m    [34mit[39m([32m'updates status to COMPLETED'[39m[33m,[39m [35masync[39m () [33m=>[39m 
{
    [90m 78| [39m      mockPrisma.pickupRequest.update.mockResolvedValue({ id: 1, statuΓÇª
    [90m 79| [39m      [35mconst[39m result [33m=[39m [35mawait[39m 
pickupService[33m.[39m[34mupdateStatus[39m([34m1[39m[33m,[39m [32m'COMPLETED'[39m)[33m;[39m
    [90m   | [39m                     [31m^[39m
    [90m 80| [39m      
[34mexpect[39m(result[33m.[39mstatus)[33m.[39m[34mtoBe[39m([32m'COMPLETED'[39m)[33m;[39m
    [90m 81| [39m    })[33m;[39m

[31m[2mΓÄ»ΓÄ»ΓÄ»ΓÄ»ΓÄ»ΓÄ»ΓÄ»ΓÄ»ΓÄ»ΓÄ»ΓÄ»ΓÄ»ΓÄ»ΓÄ»ΓÄ»ΓÄ»ΓÄ»ΓÄ»ΓÄ»ΓÄ»ΓÄ»[83/145]ΓÄ»[22m[39m

[41m[1m FAIL [22m[49m [30m[42m unit [49m[39m src/tests/unit/pickupService.test.js[2m > 
[22mpickup.service[2m > [22mupdateStatus[2m > [22mupdates status to IN_PROGRESS without completedAt
[31m[1mPrismaClientKnownRequestError[22m: 
Invalid `prisma.pickupRequest.update()` invocation in
C:\Users\hp\OneDrive\Desktop\seahawk-full_stack\backend\src\services\pickup.service.js:47:31

  44 async function updateStatus(id, status) {
  45   const data = { status };
  46   if (status === 'COMPLETED') data.completedAt = new Date();
ΓåÆ 47   return prisma.pickupRequest.update(
An operation failed because it depends on one or more records that were required but not found. Record to update not 
found.[39m
[90m [2mΓ¥»[22m $n.handleRequestError node_modules/@prisma/client/runtime/library.js:[2m121:7315[22m[39m
[90m [2mΓ¥»[22m $n.handleAndLogRequestError node_modules/@prisma/client/runtime/library.js:[2m121:6623[22m[39m
[90m [2mΓ¥»[22m $n.request node_modules/@prisma/client/runtime/library.js:[2m121:6307[22m[39m
[90m [2mΓ¥»[22m l node_modules/@prisma/client/runtime/library.js:[2m130:9633[22m[39m
[36m [2mΓ¥»[22m src/tests/unit/pickupService.test.js:[2m85:22[22m[39m
    [90m 83| [39m    it('updates status to IN_PROGRESS without completedAt', async () =ΓÇª
    [90m 84| [39m      mockPrisma.pickupRequest.update.mockResolvedValue({ id: 1, statuΓÇª
    [90m 85| [39m      const result = await pickupService.updateStatus(1, 'IN_PROGRESS'ΓÇª
    [90m   | [39m                     [31m^[39m
    [90m 86| [39m      
[34mexpect[39m(result[33m.[39mstatus)[33m.[39m[34mtoBe[39m([32m'IN_PROGRESS'[39m)[33m;[39m
    [90m 87| [39m    })[33m;[39m

[31m[2mΓÄ»ΓÄ»ΓÄ»ΓÄ»ΓÄ»ΓÄ»ΓÄ»ΓÄ»ΓÄ»ΓÄ»ΓÄ»ΓÄ»ΓÄ»ΓÄ»ΓÄ»ΓÄ»ΓÄ»ΓÄ»ΓÄ»ΓÄ»ΓÄ»[84/145]ΓÄ»[22m[39m

[41m[1m FAIL [22m[49m [30m[42m unit [49m[39m src/tests/unit/pickupService.test.js[2m > 
[22mpickup.service[2m > [22mlinkShipment[2m > [22mlinks shipment and marks as COMPLETED
[31m[1mPrismaClientValidationError[22m: 
Invalid `prisma.pickupRequest.update()` invocation in
C:\Users\hp\OneDrive\Desktop\seahawk-full_stack\backend\src\services\pickup.service.js:51:31

  48 }
  49 
  50 async function linkShipment(id, shipmentId) {
ΓåÆ 51   return prisma.pickupRequest.update({
         where: {
           id: 1
         },
         data: {
           shipmentId: 100,
           ~~~~~~~~~~
           status: "COMPLETED",
       ?   requestNo?: String | StringFieldUpdateOperationsInput,
       ?   contactName?: String | StringFieldUpdateOperationsInput,
       ?   contactPhone?: String | StringFieldUpdateOperationsInput,
       ?   contactEmail?: String | NullableStringFieldUpdateOperationsInput | Null,
       ?   pickupAddress?: String | StringFieldUpdateOperationsInput,
       ?   pickupCity?: String | StringFieldUpdateOperationsInput,
       ?   pickupPin?: String | StringFieldUpdateOperationsInput,
       ?   deliveryAddress?: String | NullableStringFieldUpdateOperationsInput | Null,
       ?   deliveryCity?: String | NullableStringFieldUpdateOperationsInput | Null,
       ?   deliveryState?: String | NullableStringFieldUpdateOperationsInput | Null,
       ?   deliveryCountry?: String | StringFieldUpdateOperationsInput,
       ?   packageType?: String | StringFieldUpdateOperationsInput,
       ?   weightGrams?: Decimal | DecimalFieldUpdateOperationsInput,
       ?   pieces?: Int | IntFieldUpdateOperationsInput,
       ?   service?: String | StringFieldUpdateOperationsInput,
       ?   declaredValue?: Decimal | NullableDecimalFieldUpdateOperationsInput | Null,
       ?   notes?: String | NullableStringFieldUpdateOperationsInput | Null,
       ?   source?: String | StringFieldUpdateOperationsInput,
       ?   preferredCarrier?: String | NullableStringFieldUpdateOperationsInput | Null,
       ?   scheduledDate?: String | StringFieldUpdateOperationsInput,
       ?   timeSlot?: String | StringFieldUpdateOperationsInput,
       ?   assignedAt?: DateTime | NullableDateTimeFieldUpdateOperationsInput | Null,
       ?   completedAt?: DateTime | NullableDateTimeFieldUpdateOperationsInput | Null,
       ?   createdAt?: DateTime | DateTimeFieldUpdateOperationsInput,
       ?   updatedAt?: DateTime | DateTimeFieldUpdateOperationsInput,
       ?   client?: ClientUpdateOneWithoutPickupsNestedInput,
       ?   assignedAgent?: UserUpdateOneWithoutPickupAssignmentsNestedInput
         }
       })

Unknown argument `shipmentId`. Available options are marked with ?.[39m
[90m [2mΓ¥»[22m wn node_modules/@prisma/client/runtime/library.js:[2m29:1363[22m[39m
[90m [2mΓ¥»[22m $n.handleRequestError node_modules/@prisma/client/runtime/library.js:[2m121:6958[22m[39m
[90m [2mΓ¥»[22m $n.handleAndLogRequestError node_modules/@prisma/client/runtime/library.js:[2m121:6623[22m[39m
[90m [2mΓ¥»[22m $n.request node_modules/@prisma/client/runtime/library.js:[2m121:6307[22m[39m
[90m [2mΓ¥»[22m l node_modules/@prisma/client/runtime/library.js:[2m130:9633[22m[39m
[36m [2mΓ¥»[22m src/tests/unit/pickupService.test.js:[2m93:22[22m[39m
    [90m 91| [39m    [34mit[39m([32m'links shipment and marks as COMPLETED'[39m[33m,[39m [35masync[39m () 
[33m=>[39m {
    [90m 92| [39m      mockPrisma.pickupRequest.update.mockResolvedValue({ id: 1, shipmΓÇª
    [90m 93| [39m      [35mconst[39m result [33m=[39m [35mawait[39m 
pickupService[33m.[39m[34mlinkShipment[39m([34m1[39m[33m,[39m [34m100[39m)[33m;[39m
    [90m   | [39m                     [31m^[39m
    [90m 94| [39m      
[34mexpect[39m(result[33m.[39mshipmentId)[33m.[39m[34mtoBe[39m([34m100[39m)[33m;[39m
    [90m 95| [39m    })[33m;[39m

[31m[2mΓÄ»ΓÄ»ΓÄ»ΓÄ»ΓÄ»ΓÄ»ΓÄ»ΓÄ»ΓÄ»ΓÄ»ΓÄ»ΓÄ»ΓÄ»ΓÄ»ΓÄ»ΓÄ»ΓÄ»ΓÄ»ΓÄ»ΓÄ»ΓÄ»[85/145]ΓÄ»[22m[39m

[41m[1m FAIL [22m[49m [30m[42m unit [49m[39m src/tests/unit/pickupService.test.js[2m > 
[22mpickup.service[2m > [22mgetTodayCount[2m > [22mreturns count of today pickups
[31m[1mPrismaClientValidationError[22m: 
Invalid `prisma.pickupRequest.count()` invocation in
C:\Users\hp\OneDrive\Desktop\seahawk-full_stack\backend\src\services\pickup.service.js:56:31

  53 
  54 async function getTodayCount() {
  55   const today = new Date().toISOString().split('T')[0];
ΓåÆ 56   return prisma.pickupRequest.count({
         select: {
           _count: {
             select: {
               _all: true
             }
           }
         },
         where: {
           pickupDate: "2026-05-03",
           ~~~~~~~~~~
       ?   AND?: PickupRequestWhereInput | PickupRequestWhereInput[],
       ?   OR?: PickupRequestWhereInput[],
       ?   NOT?: PickupRequestWhereInput | PickupRequestWhereInput[],
       ?   id?: IntFilter | Int,
       ?   requestNo?: StringFilter | String,
       ?   clientCode?: StringNullableFilter | String | Null,
       ?   contactName?: StringFilter | String,
       ?   contactPhone?: StringFilter | String,
       ?   contactEmail?: StringNullableFilter | String | Null,
       ?   pickupAddress?: StringFilter | String,
       ?   pickupCity?: StringFilter | String,
       ?   pickupPin?: StringFilter | String,
       ?   deliveryAddress?: StringNullableFilter | String | Null,
       ?   deliveryCity?: StringNullableFilter | String | Null,
       ?   deliveryState?: StringNullableFilter | String | Null,
       ?   deliveryCountry?: StringFilter | String,
       ?   packageType?: StringFilter | String,
       ?   weightGrams?: DecimalFilter | Decimal,
       ?   pieces?: IntFilter | Int,
       ?   service?: StringFilter | String,
       ?   declaredValue?: DecimalNullableFilter | Decimal | Null,
       ?   notes?: StringNullableFilter | String | Null,
       ?   source?: StringFilter | String,
       ?   preferredCarrier?: StringNullableFilter | String | Null,
       ?   scheduledDate?: StringFilter | String,
       ?   timeSlot?: StringFilter | String,
       ?   assignedAgentId?: IntNullableFilter | Int | Null,
       ?   assignedAt?: DateTimeNullableFilter | DateTime | Null,
       ?   completedAt?: DateTimeNullableFilter | DateTime | Null,
       ?   status?: StringFilter | String,
       ?   createdAt?: DateTimeFilter | DateTime,
       ?   updatedAt?: DateTimeFilter | DateTime,
       ?   client?: ClientNullableRelationFilter | ClientWhereInput | Null,
       ?   assignedAgent?: UserNullableRelationFilter | UserWhereInput | Null
         }
       })

Unknown argument `pickupDate`. Did you mean `pickupCity`? Available options are marked with ?.[39m
[90m [2mΓ¥»[22m wn node_modules/@prisma/client/runtime/library.js:[2m29:1363[22m[39m
[90m [2mΓ¥»[22m $n.handleRequestError node_modules/@prisma/client/runtime/library.js:[2m121:6958[22m[39m
[90m [2mΓ¥»[22m $n.handleAndLogRequestError node_modules/@prisma/client/runtime/library.js:[2m121:6623[22m[39m
[90m [2mΓ¥»[22m $n.request node_modules/@prisma/client/runtime/library.js:[2m121:6307[22m[39m
[90m [2mΓ¥»[22m l node_modules/@prisma/client/runtime/library.js:[2m130:9633[22m[39m
[36m [2mΓ¥»[22m src/tests/unit/pickupService.test.js:[2m101:22[22m[39m
    [90m 99| [39m    [34mit[39m([32m'returns count of today pickups'[39m[33m,[39m [35masync[39m () 
[33m=>[39m {
    [90m100| [39m      
mockPrisma[33m.[39mpickupRequest[33m.[39mcount[33m.[39m[34mmockResolvedValue[39m([34m7[39m)[33m;[39m
    [90m101| [39m      [35mconst[39m result [33m=[39m [35mawait[39m 
pickupService[33m.[39m[34mgetTodayCount[39m()[33m;[39m
    [90m   | [39m                     [31m^[39m
    [90m102| [39m      [34mexpect[39m(result)[33m.[39m[34mtoBe[39m([34m7[39m)[33m;[39m
    [90m103| [39m    })[33m;[39m

[31m[2mΓÄ»ΓÄ»ΓÄ»ΓÄ»ΓÄ»ΓÄ»ΓÄ»ΓÄ»ΓÄ»ΓÄ»ΓÄ»ΓÄ»ΓÄ»ΓÄ»ΓÄ»ΓÄ»ΓÄ»ΓÄ»ΓÄ»ΓÄ»ΓÄ»[86/145]ΓÄ»[22m[39m

[41m[1m FAIL [22m[49m [30m[42m unit [49m[39m src/tests/unit/rateCompareService.test.js[2m > 
[22mrateCompare.service[2m > [22mcompareRates[2m > [22mreturns sorted domestic rates for standard zone
[31m[1mPrismaClientValidationError[22m: 
Invalid `prisma.rateVersion.findMany()` invocation in
C:\Users\hp\OneDrive\Desktop\seahawk-full_stack\backend\src\services\rateCompare.service.js:105:51

  102 if (!zone) throw new Error('Zone is required');
  103 
  104 // Fetch dynamic rates from database
ΓåÆ 105 const activeVersions = await prisma.rateVersion.findMany({
        where: {
          active: true,
          ~~~~~~
      ?   AND?: RateVersionWhereInput | RateVersionWhereInput[],
      ?   OR?: RateVersionWhereInput[],
      ?   NOT?: RateVersionWhereInput | RateVersionWhereInput[],
      ?   id?: IntFilter | Int,
      ?   courier?: StringFilter | String,
      ?   effectiveDate?: StringFilter | String,
      ?   uploadedById?: IntNullableFilter | Int | Null,
      ?   notes?: StringNullableFilter | String | Null,
      ?   dataJson?: JsonFilter,
      ?   createdAt?: DateTimeFilter | DateTime,
      ?   uploadedBy?: UserNullableRelationFilter | UserWhereInput | Null
        }
      })

Unknown argument `active`. Available options are marked with ?.[39m
[90m [2mΓ¥»[22m wn node_modules/@prisma/client/runtime/library.js:[2m29:1363[22m[39m
[90m [2mΓ¥»[22m $n.handleRequestError node_modules/@prisma/client/runtime/library.js:[2m121:6958[22m[39m
[90m [2mΓ¥»[22m $n.handleAndLogRequestError node_modules/@prisma/client/runtime/library.js:[2m121:6623[22m[39m
[90m [2mΓ¥»[22m $n.request node_modules/@prisma/client/runtime/library.js:[2m121:6307[22m[39m
[90m [2mΓ¥»[22m l node_modules/@prisma/client/runtime/library.js:[2m130:9633[22m[39m
[36m [2mΓ¥»[22m Module.compareRates src/services/rateCompare.service.js:[2m105:26[22m[39m
    [90m103| [39m
    [90m104| [39m  [90m// Fetch dynamic rates from database[39m
    [90m105| [39m  const activeVersions = await prisma.rateVersion.findMany({ where: { ΓÇª
    [90m   | [39m                         [31m^[39m
    [90m106| [39m  [35mconst[39m dynamicRates [33m=[39m { [33m...[39m[33mCARRIER_RATES[39m }[33m;[39m
    [90m107| [39m  [35mfor[39m ([35mconst[39m rv [35mof[39m activeVersions) {
[90m [2mΓ¥»[22m src/tests/unit/rateCompareService.test.js:[2m11:22[22m[39m

[31m[2mΓÄ»ΓÄ»ΓÄ»ΓÄ»ΓÄ»ΓÄ»ΓÄ»ΓÄ»ΓÄ»ΓÄ»ΓÄ»ΓÄ»ΓÄ»ΓÄ»ΓÄ»ΓÄ»ΓÄ»ΓÄ»ΓÄ»ΓÄ»ΓÄ»[87/145]ΓÄ»[22m[39m

[41m[1m FAIL [22m[49m [30m[42m unit [49m[39m src/tests/unit/rateCompareService.test.js[2m > 
[22mrateCompare.service[2m > [22mcompareRates[2m > [22mreturns multiple modes per carrier
[31m[1mPrismaClientValidationError[22m: 
Invalid `prisma.rateVersion.findMany()` invocation in
C:\Users\hp\OneDrive\Desktop\seahawk-full_stack\backend\src\services\rateCompare.service.js:105:51

  102 if (!zone) throw new Error('Zone is required');
  103 
  104 // Fetch dynamic rates from database
ΓåÆ 105 const activeVersions = await prisma.rateVersion.findMany({
        where: {
          active: true,
          ~~~~~~
      ?   AND?: RateVersionWhereInput | RateVersionWhereInput[],
      ?   OR?: RateVersionWhereInput[],
      ?   NOT?: RateVersionWhereInput | RateVersionWhereInput[],
      ?   id?: IntFilter | Int,
      ?   courier?: StringFilter | String,
      ?   effectiveDate?: StringFilter | String,
      ?   uploadedById?: IntNullableFilter | Int | Null,
      ?   notes?: StringNullableFilter | String | Null,
      ?   dataJson?: JsonFilter,
      ?   createdAt?: DateTimeFilter | DateTime,
      ?   uploadedBy?: UserNullableRelationFilter | UserWhereInput | Null
        }
      })

Unknown argument `active`. Available options are marked with ?.[39m
[90m [2mΓ¥»[22m wn node_modules/@prisma/client/runtime/library.js:[2m29:1363[22m[39m
[90m [2mΓ¥»[22m $n.handleRequestError node_modules/@prisma/client/runtime/library.js:[2m121:6958[22m[39m
[90m [2mΓ¥»[22m $n.handleAndLogRequestError node_modules/@prisma/client/runtime/library.js:[2m121:6623[22m[39m
[90m [2mΓ¥»[22m $n.request node_modules/@prisma/client/runtime/library.js:[2m121:6307[22m[39m
[90m [2mΓ¥»[22m l node_modules/@prisma/client/runtime/library.js:[2m130:9633[22m[39m
[36m [2mΓ¥»[22m Module.compareRates src/services/rateCompare.service.js:[2m105:26[22m[39m
    [90m103| [39m
    [90m104| [39m  [90m// Fetch dynamic rates from database[39m
    [90m105| [39m  const activeVersions = await prisma.rateVersion.findMany({ where: { ΓÇª
    [90m   | [39m                         [31m^[39m
    [90m106| [39m  [35mconst[39m dynamicRates [33m=[39m { [33m...[39m[33mCARRIER_RATES[39m }[33m;[39m
    [90m107| [39m  [35mfor[39m ([35mconst[39m rv [35mof[39m activeVersions) {
[90m [2mΓ¥»[22m src/tests/unit/rateCompareService.test.js:[2m23:22[22m[39m

[31m[2mΓÄ»ΓÄ»ΓÄ»ΓÄ»ΓÄ»ΓÄ»ΓÄ»ΓÄ»ΓÄ»ΓÄ»ΓÄ»ΓÄ»ΓÄ»ΓÄ»ΓÄ»ΓÄ»ΓÄ»ΓÄ»ΓÄ»ΓÄ»ΓÄ»[88/145]ΓÄ»[22m[39m

[41m[1m FAIL [22m[49m [30m[42m unit [49m[39m src/tests/unit/rateCompareService.test.js[2m > 
[22mrateCompare.service[2m > [22mcompareRates[2m > [22mflags cheapest, fastest, and bestValue
[31m[1mPrismaClientValidationError[22m: 
Invalid `prisma.rateVersion.findMany()` invocation in
C:\Users\hp\OneDrive\Desktop\seahawk-full_stack\backend\src\services\rateCompare.service.js:105:51

  102 if (!zone) throw new Error('Zone is required');
  103 
  104 // Fetch dynamic rates from database
ΓåÆ 105 const activeVersions = await prisma.rateVersion.findMany({
        where: {
          active: true,
          ~~~~~~
      ?   AND?: RateVersionWhereInput | RateVersionWhereInput[],
      ?   OR?: RateVersionWhereInput[],
      ?   NOT?: RateVersionWhereInput | RateVersionWhereInput[],
      ?   id?: IntFilter | Int,
      ?   courier?: StringFilter | String,
      ?   effectiveDate?: StringFilter | String,
      ?   uploadedById?: IntNullableFilter | Int | Null,
      ?   notes?: StringNullableFilter | String | Null,
      ?   dataJson?: JsonFilter,
      ?   createdAt?: DateTimeFilter | DateTime,
      ?   uploadedBy?: UserNullableRelationFilter | UserWhereInput | Null
        }
      })

Unknown argument `active`. Available options are marked with ?.[39m
[90m [2mΓ¥»[22m wn node_modules/@prisma/client/runtime/library.js:[2m29:1363[22m[39m
[90m [2mΓ¥»[22m $n.handleRequestError node_modules/@prisma/client/runtime/library.js:[2m121:6958[22m[39m
[90m [2mΓ¥»[22m $n.handleAndLogRequestError node_modules/@prisma/client/runtime/library.js:[2m121:6623[22m[39m
[90m [2mΓ¥»[22m $n.request node_modules/@prisma/client/runtime/library.js:[2m121:6307[22m[39m
[90m [2mΓ¥»[22m l node_modules/@prisma/client/runtime/library.js:[2m130:9633[22m[39m
[36m [2mΓ¥»[22m Module.compareRates src/services/rateCompare.service.js:[2m105:26[22m[39m
    [90m103| [39m
    [90m104| [39m  [90m// Fetch dynamic rates from database[39m
    [90m105| [39m  const activeVersions = await prisma.rateVersion.findMany({ where: { ΓÇª
    [90m   | [39m                         [31m^[39m
    [90m106| [39m  [35mconst[39m dynamicRates [33m=[39m { [33m...[39m[33mCARRIER_RATES[39m }[33m;[39m
    [90m107| [39m  [35mfor[39m ([35mconst[39m rv [35mof[39m activeVersions) {
[90m [2mΓ¥»[22m src/tests/unit/rateCompareService.test.js:[2m30:22[22m[39m

[31m[2mΓÄ»ΓÄ»ΓÄ»ΓÄ»ΓÄ»ΓÄ»ΓÄ»ΓÄ»ΓÄ»ΓÄ»ΓÄ»ΓÄ»ΓÄ»ΓÄ»ΓÄ»ΓÄ»ΓÄ»ΓÄ»ΓÄ»ΓÄ»ΓÄ»[89/145]ΓÄ»[22m[39m

[41m[1m FAIL [22m[49m [30m[42m unit [49m[39m src/tests/unit/rateCompareService.test.js[2m > 
[22mrateCompare.service[2m > [22mcompareRates[2m > [22mreturns international carriers only for international 
shipments
[31m[1mPrismaClientValidationError[22m: 
Invalid `prisma.rateVersion.findMany()` invocation in
C:\Users\hp\OneDrive\Desktop\seahawk-full_stack\backend\src\services\rateCompare.service.js:105:51

  102 if (!zone) throw new Error('Zone is required');
  103 
  104 // Fetch dynamic rates from database
ΓåÆ 105 const activeVersions = await prisma.rateVersion.findMany({
        where: {
          active: true,
          ~~~~~~
      ?   AND?: RateVersionWhereInput | RateVersionWhereInput[],
      ?   OR?: RateVersionWhereInput[],
      ?   NOT?: RateVersionWhereInput | RateVersionWhereInput[],
      ?   id?: IntFilter | Int,
      ?   courier?: StringFilter | String,
      ?   effectiveDate?: StringFilter | String,
      ?   uploadedById?: IntNullableFilter | Int | Null,
      ?   notes?: StringNullableFilter | String | Null,
      ?   dataJson?: JsonFilter,
      ?   createdAt?: DateTimeFilter | DateTime,
      ?   uploadedBy?: UserNullableRelationFilter | UserWhereInput | Null
        }
      })

Unknown argument `active`. Available options are marked with ?.[39m
[90m [2mΓ¥»[22m wn node_modules/@prisma/client/runtime/library.js:[2m29:1363[22m[39m
[90m [2mΓ¥»[22m $n.handleRequestError node_modules/@prisma/client/runtime/library.js:[2m121:6958[22m[39m
[90m [2mΓ¥»[22m $n.handleAndLogRequestError node_modules/@prisma/client/runtime/library.js:[2m121:6623[22m[39m
[90m [2mΓ¥»[22m $n.request node_modules/@prisma/client/runtime/library.js:[2m121:6307[22m[39m
[90m [2mΓ¥»[22m l node_modules/@prisma/client/runtime/library.js:[2m130:9633[22m[39m
[36m [2mΓ¥»[22m Module.compareRates src/services/rateCompare.service.js:[2m105:26[22m[39m
    [90m103| [39m
    [90m104| [39m  [90m// Fetch dynamic rates from database[39m
    [90m105| [39m  const activeVersions = await prisma.rateVersion.findMany({ where: { ΓÇª
    [90m   | [39m                         [31m^[39m
    [90m106| [39m  [35mconst[39m dynamicRates [33m=[39m { [33m...[39m[33mCARRIER_RATES[39m }[33m;[39m
    [90m107| [39m  [35mfor[39m ([35mconst[39m rv [35mof[39m activeVersions) {
[90m [2mΓ¥»[22m src/tests/unit/rateCompareService.test.js:[2m39:22[22m[39m

[31m[2mΓÄ»ΓÄ»ΓÄ»ΓÄ»ΓÄ»ΓÄ»ΓÄ»ΓÄ»ΓÄ»ΓÄ»ΓÄ»ΓÄ»ΓÄ»ΓÄ»ΓÄ»ΓÄ»ΓÄ»ΓÄ»ΓÄ»ΓÄ»ΓÄ»[90/145]ΓÄ»[22m[39m

[41m[1m FAIL [22m[49m [30m[42m unit [49m[39m src/tests/unit/rateCompareService.test.js[2m > 
[22mrateCompare.service[2m > [22mcompareRates[2m > [22mexcludes international carriers for domestic shipments
[31m[1mPrismaClientValidationError[22m: 
Invalid `prisma.rateVersion.findMany()` invocation in
C:\Users\hp\OneDrive\Desktop\seahawk-full_stack\backend\src\services\rateCompare.service.js:105:51

  102 if (!zone) throw new Error('Zone is required');
  103 
  104 // Fetch dynamic rates from database
ΓåÆ 105 const activeVersions = await prisma.rateVersion.findMany({
        where: {
          active: true,
          ~~~~~~
      ?   AND?: RateVersionWhereInput | RateVersionWhereInput[],
      ?   OR?: RateVersionWhereInput[],
      ?   NOT?: RateVersionWhereInput | RateVersionWhereInput[],
      ?   id?: IntFilter | Int,
      ?   courier?: StringFilter | String,
      ?   effectiveDate?: StringFilter | String,
      ?   uploadedById?: IntNullableFilter | Int | Null,
      ?   notes?: StringNullableFilter | String | Null,
      ?   dataJson?: JsonFilter,
      ?   createdAt?: DateTimeFilter | DateTime,
      ?   uploadedBy?: UserNullableRelationFilter | UserWhereInput | Null
        }
      })

Unknown argument `active`. Available options are marked with ?.[39m
[90m [2mΓ¥»[22m wn node_modules/@prisma/client/runtime/library.js:[2m29:1363[22m[39m
[90m [2mΓ¥»[22m $n.handleRequestError node_modules/@prisma/client/runtime/library.js:[2m121:6958[22m[39m
[90m [2mΓ¥»[22m $n.handleAndLogRequestError node_modules/@prisma/client/runtime/library.js:[2m121:6623[22m[39m
[90m [2mΓ¥»[22m $n.request node_modules/@prisma/client/runtime/library.js:[2m121:6307[22m[39m
[90m [2mΓ¥»[22m l node_modules/@prisma/client/runtime/library.js:[2m130:9633[22m[39m
[36m [2mΓ¥»[22m Module.compareRates src/services/rateCompare.service.js:[2m105:26[22m[39m
    [90m103| [39m
    [90m104| [39m  [90m// Fetch dynamic rates from database[39m
    [90m105| [39m  const activeVersions = await prisma.rateVersion.findMany({ where: { ΓÇª
    [90m   | [39m                         [31m^[39m
    [90m106| [39m  [35mconst[39m dynamicRates [33m=[39m { [33m...[39m[33mCARRIER_RATES[39m }[33m;[39m
    [90m107| [39m  [35mfor[39m ([35mconst[39m rv [35mof[39m activeVersions) {
[90m [2mΓ¥»[22m src/tests/unit/rateCompareService.test.js:[2m46:22[22m[39m

[31m[2mΓÄ»ΓÄ»ΓÄ»ΓÄ»ΓÄ»ΓÄ»ΓÄ»ΓÄ»ΓÄ»ΓÄ»ΓÄ»ΓÄ»ΓÄ»ΓÄ»ΓÄ»ΓÄ»ΓÄ»ΓÄ»ΓÄ»ΓÄ»ΓÄ»[91/145]ΓÄ»[22m[39m

[41m[1m FAIL [22m[49m [30m[42m unit [49m[39m src/tests/unit/rateCompareService.test.js[2m > 
[22mrateCompare.service[2m > [22mcompareRates[2m > [22mapplies zone multipliers correctly
[31m[1mPrismaClientValidationError[22m: 
Invalid `prisma.rateVersion.findMany()` invocation in
C:\Users\hp\OneDrive\Desktop\seahawk-full_stack\backend\src\services\rateCompare.service.js:105:51

  102 if (!zone) throw new Error('Zone is required');
  103 
  104 // Fetch dynamic rates from database
ΓåÆ 105 const activeVersions = await prisma.rateVersion.findMany({
        where: {
          active: true,
          ~~~~~~
      ?   AND?: RateVersionWhereInput | RateVersionWhereInput[],
      ?   OR?: RateVersionWhereInput[],
      ?   NOT?: RateVersionWhereInput | RateVersionWhereInput[],
      ?   id?: IntFilter | Int,
      ?   courier?: StringFilter | String,
      ?   effectiveDate?: StringFilter | String,
      ?   uploadedById?: IntNullableFilter | Int | Null,
      ?   notes?: StringNullableFilter | String | Null,
      ?   dataJson?: JsonFilter,
      ?   createdAt?: DateTimeFilter | DateTime,
      ?   uploadedBy?: UserNullableRelationFilter | UserWhereInput | Null
        }
      })

Unknown argument `active`. Available options are marked with ?.[39m
[90m [2mΓ¥»[22m wn node_modules/@prisma/client/runtime/library.js:[2m29:1363[22m[39m
[90m [2mΓ¥»[22m $n.handleRequestError node_modules/@prisma/client/runtime/library.js:[2m121:6958[22m[39m
[90m [2mΓ¥»[22m $n.handleAndLogRequestError node_modules/@prisma/client/runtime/library.js:[2m121:6623[22m[39m
[90m [2mΓ¥»[22m $n.request node_modules/@prisma/client/runtime/library.js:[2m121:6307[22m[39m
[90m [2mΓ¥»[22m l node_modules/@prisma/client/runtime/library.js:[2m130:9633[22m[39m
[36m [2mΓ¥»[22m Module.compareRates src/services/rateCompare.service.js:[2m105:26[22m[39m
    [90m103| [39m
    [90m104| [39m  [90m// Fetch dynamic rates from database[39m
    [90m105| [39m  const activeVersions = await prisma.rateVersion.findMany({ where: { ΓÇª
    [90m   | [39m                         [31m^[39m
    [90m106| [39m  [35mconst[39m dynamicRates [33m=[39m { [33m...[39m[33mCARRIER_RATES[39m }[33m;[39m
    [90m107| [39m  [35mfor[39m ([35mconst[39m rv [35mof[39m activeVersions) {
[90m [2mΓ¥»[22m src/tests/unit/rateCompareService.test.js:[2m64:21[22m[39m

[31m[2mΓÄ»ΓÄ»ΓÄ»ΓÄ»ΓÄ»ΓÄ»ΓÄ»ΓÄ»ΓÄ»ΓÄ»ΓÄ»ΓÄ»ΓÄ»ΓÄ»ΓÄ»ΓÄ»ΓÄ»ΓÄ»ΓÄ»ΓÄ»ΓÄ»[92/145]ΓÄ»[22m[39m

[41m[1m FAIL [22m[49m [30m[42m unit [49m[39m src/tests/unit/rateCompareService.test.js[2m > 
[22mrateCompare.service[2m > [22mcompareRates[2m > [22mrespects minimum weight
[31m[1mPrismaClientValidationError[22m: 
Invalid `prisma.rateVersion.findMany()` invocation in
C:\Users\hp\OneDrive\Desktop\seahawk-full_stack\backend\src\services\rateCompare.service.js:105:51

  102 if (!zone) throw new Error('Zone is required');
  103 
  104 // Fetch dynamic rates from database
ΓåÆ 105 const activeVersions = await prisma.rateVersion.findMany({
        where: {
          active: true,
          ~~~~~~
      ?   AND?: RateVersionWhereInput | RateVersionWhereInput[],
      ?   OR?: RateVersionWhereInput[],
      ?   NOT?: RateVersionWhereInput | RateVersionWhereInput[],
      ?   id?: IntFilter | Int,
      ?   courier?: StringFilter | String,
      ?   effectiveDate?: StringFilter | String,
      ?   uploadedById?: IntNullableFilter | Int | Null,
      ?   notes?: StringNullableFilter | String | Null,
      ?   dataJson?: JsonFilter,
      ?   createdAt?: DateTimeFilter | DateTime,
      ?   uploadedBy?: UserNullableRelationFilter | UserWhereInput | Null
        }
      })

Unknown argument `active`. Available options are marked with ?.[39m
[90m [2mΓ¥»[22m wn node_modules/@prisma/client/runtime/library.js:[2m29:1363[22m[39m
[90m [2mΓ¥»[22m $n.handleRequestError node_modules/@prisma/client/runtime/library.js:[2m121:6958[22m[39m
[90m [2mΓ¥»[22m $n.handleAndLogRequestError node_modules/@prisma/client/runtime/library.js:[2m121:6623[22m[39m
[90m [2mΓ¥»[22m $n.request node_modules/@prisma/client/runtime/library.js:[2m121:6307[22m[39m
[90m [2mΓ¥»[22m l node_modules/@prisma/client/runtime/library.js:[2m130:9633[22m[39m
[36m [2mΓ¥»[22m Module.compareRates src/services/rateCompare.service.js:[2m105:26[22m[39m
    [90m103| [39m
    [90m104| [39m  [90m// Fetch dynamic rates from database[39m
    [90m105| [39m  const activeVersions = await prisma.rateVersion.findMany({ where: { ΓÇª
    [90m   | [39m                         [31m^[39m
    [90m106| [39m  [35mconst[39m dynamicRates [33m=[39m { [33m...[39m[33mCARRIER_RATES[39m }[33m;[39m
    [90m107| [39m  [35mfor[39m ([35mconst[39m rv [35mof[39m activeVersions) {
[90m [2mΓ¥»[22m src/tests/unit/rateCompareService.test.js:[2m74:22[22m[39m

[31m[2mΓÄ»ΓÄ»ΓÄ»ΓÄ»ΓÄ»ΓÄ»ΓÄ»ΓÄ»ΓÄ»ΓÄ»ΓÄ»ΓÄ»ΓÄ»ΓÄ»ΓÄ»ΓÄ»ΓÄ»ΓÄ»ΓÄ»ΓÄ»ΓÄ»[93/145]ΓÄ»[22m[39m

[41m[1m FAIL [22m[49m [30m[42m unit [49m[39m src/tests/unit/rateCompareService.test.js[2m > 
[22mrateCompare.service[2m > [22mgetSingleRate[2m > [22mreturns specific carrier+mode rate
[31m[1mPrismaClientValidationError[22m: 
Invalid `prisma.rateVersion.findMany()` invocation in
C:\Users\hp\OneDrive\Desktop\seahawk-full_stack\backend\src\services\rateCompare.service.js:105:51

  102 if (!zone) throw new Error('Zone is required');
  103 
  104 // Fetch dynamic rates from database
ΓåÆ 105 const activeVersions = await prisma.rateVersion.findMany({
        where: {
          active: true,
          ~~~~~~
      ?   AND?: RateVersionWhereInput | RateVersionWhereInput[],
      ?   OR?: RateVersionWhereInput[],
      ?   NOT?: RateVersionWhereInput | RateVersionWhereInput[],
      ?   id?: IntFilter | Int,
      ?   courier?: StringFilter | String,
      ?   effectiveDate?: StringFilter | String,
      ?   uploadedById?: IntNullableFilter | Int | Null,
      ?   notes?: StringNullableFilter | String | Null,
      ?   dataJson?: JsonFilter,
      ?   createdAt?: DateTimeFilter | DateTime,
      ?   uploadedBy?: UserNullableRelationFilter | UserWhereInput | Null
        }
      })

Unknown argument `active`. Available options are marked with ?.[39m
[90m [2mΓ¥»[22m wn node_modules/@prisma/client/runtime/library.js:[2m29:1363[22m[39m
[90m [2mΓ¥»[22m $n.handleRequestError node_modules/@prisma/client/runtime/library.js:[2m121:6958[22m[39m
[90m [2mΓ¥»[22m $n.handleAndLogRequestError node_modules/@prisma/client/runtime/library.js:[2m121:6623[22m[39m
[90m [2mΓ¥»[22m $n.request node_modules/@prisma/client/runtime/library.js:[2m121:6307[22m[39m
[90m [2mΓ¥»[22m l node_modules/@prisma/client/runtime/library.js:[2m130:9633[22m[39m
[36m [2mΓ¥»[22m compareRates src/services/rateCompare.service.js:[2m105:26[22m[39m
    [90m103| [39m
    [90m104| [39m  [90m// Fetch dynamic rates from database[39m
    [90m105| [39m  const activeVersions = await prisma.rateVersion.findMany({ where: { ΓÇª
    [90m   | [39m                         [31m^[39m
    [90m106| [39m  [35mconst[39m dynamicRates [33m=[39m { [33m...[39m[33mCARRIER_RATES[39m }[33m;[39m
    [90m107| [39m  [35mfor[39m ([35mconst[39m rv [35mof[39m activeVersions) {
[90m [2mΓ¥»[22m Module.getSingleRate src/services/rateCompare.service.js:[2m242:15[22m[39m
[90m [2mΓ¥»[22m src/tests/unit/rateCompareService.test.js:[2m85:22[22m[39m

[31m[2mΓÄ»ΓÄ»ΓÄ»ΓÄ»ΓÄ»ΓÄ»ΓÄ»ΓÄ»ΓÄ»ΓÄ»ΓÄ»ΓÄ»ΓÄ»ΓÄ»ΓÄ»ΓÄ»ΓÄ»ΓÄ»ΓÄ»ΓÄ»ΓÄ»[94/145]ΓÄ»[22m[39m

[41m[1m FAIL [22m[49m [30m[42m unit [49m[39m src/tests/unit/rateCompareService.test.js[2m > 
[22mrateCompare.service[2m > [22mgetSingleRate[2m > [22mreturns null for unknown carrier+mode
[31m[1mPrismaClientValidationError[22m: 
Invalid `prisma.rateVersion.findMany()` invocation in
C:\Users\hp\OneDrive\Desktop\seahawk-full_stack\backend\src\services\rateCompare.service.js:105:51

  102 if (!zone) throw new Error('Zone is required');
  103 
  104 // Fetch dynamic rates from database
ΓåÆ 105 const activeVersions = await prisma.rateVersion.findMany({
        where: {
          active: true,
          ~~~~~~
      ?   AND?: RateVersionWhereInput | RateVersionWhereInput[],
      ?   OR?: RateVersionWhereInput[],
      ?   NOT?: RateVersionWhereInput | RateVersionWhereInput[],
      ?   id?: IntFilter | Int,
      ?   courier?: StringFilter | String,
      ?   effectiveDate?: StringFilter | String,
      ?   uploadedById?: IntNullableFilter | Int | Null,
      ?   notes?: StringNullableFilter | String | Null,
      ?   dataJson?: JsonFilter,
      ?   createdAt?: DateTimeFilter | DateTime,
      ?   uploadedBy?: UserNullableRelationFilter | UserWhereInput | Null
        }
      })

Unknown argument `active`. Available options are marked with ?.[39m
[90m [2mΓ¥»[22m wn node_modules/@prisma/client/runtime/library.js:[2m29:1363[22m[39m
[90m [2mΓ¥»[22m $n.handleRequestError node_modules/@prisma/client/runtime/library.js:[2m121:6958[22m[39m
[90m [2mΓ¥»[22m $n.handleAndLogRequestError node_modules/@prisma/client/runtime/library.js:[2m121:6623[22m[39m
[90m [2mΓ¥»[22m $n.request node_modules/@prisma/client/runtime/library.js:[2m121:6307[22m[39m
[90m [2mΓ¥»[22m l node_modules/@prisma/client/runtime/library.js:[2m130:9633[22m[39m
[36m [2mΓ¥»[22m compareRates src/services/rateCompare.service.js:[2m105:26[22m[39m
    [90m103| [39m
    [90m104| [39m  [90m// Fetch dynamic rates from database[39m
    [90m105| [39m  const activeVersions = await prisma.rateVersion.findMany({ where: { ΓÇª
    [90m   | [39m                         [31m^[39m
    [90m106| [39m  [35mconst[39m dynamicRates [33m=[39m { [33m...[39m[33mCARRIER_RATES[39m }[33m;[39m
    [90m107| [39m  [35mfor[39m ([35mconst[39m rv [35mof[39m activeVersions) {
[90m [2mΓ¥»[22m Module.getSingleRate src/services/rateCompare.service.js:[2m242:15[22m[39m
[90m [2mΓ¥»[22m src/tests/unit/rateCompareService.test.js:[2m93:22[22m[39m

[31m[2mΓÄ»ΓÄ»ΓÄ»ΓÄ»ΓÄ»ΓÄ»ΓÄ»ΓÄ»ΓÄ»ΓÄ»ΓÄ»ΓÄ»ΓÄ»ΓÄ»ΓÄ»ΓÄ»ΓÄ»ΓÄ»ΓÄ»ΓÄ»ΓÄ»[95/145]ΓÄ»[22m[39m

[41m[1m FAIL [22m[49m [30m[42m unit [49m[39m src/tests/unit/returnService.test.js[2m > 
[22mreturn.service[2m > [22mbooks reverse pickup using fallback carrier when primary fails
[31m[1mError[22m: Return request not found[39m
[36m [2mΓ¥»[22m Module.bookReversePickup src/services/return.service.js:[2m441:19[22m[39m
    [90m439| [39m  })[33m;[39m
    [90m440| [39m
    [90m441| [39m  [35mif[39m ([33m![39mret) [35mthrow[39m [35mnew[39m [33mAppError[39m([32m'Return 
request not found'[39m[33m,[39m [34m404[39m)[33m;[39m
    [90m   | [39m                  [31m^[39m
    [90m442| [39m  [35mconst[39m returnMethod [33m=[39m 
[34mnormalizeReturnMethod[39m(ret[33m.[39mreturnMethod)[33m;[39m
    [90m443| [39m  const allowedStatuses = returnMethod === 'SELF_SHIP' ? ['APPROVED', ΓÇª
[90m [2mΓ¥»[22m src/tests/unit/returnService.test.js:[2m55:20[22m[39m

[31m[2mΓÄ»ΓÄ»ΓÄ»ΓÄ»ΓÄ»ΓÄ»ΓÄ»ΓÄ»ΓÄ»ΓÄ»ΓÄ»ΓÄ»ΓÄ»ΓÄ»ΓÄ»ΓÄ»ΓÄ»ΓÄ»ΓÄ»ΓÄ»ΓÄ»[96/145]ΓÄ»[22m[39m

[41m[1m FAIL [22m[49m [30m[42m unit [49m[39m src/tests/unit/returnService.test.js[2m > 
[22mreturn.service[2m > [22msyncs reverse tracking and moves status to IN_TRANSIT
[31m[1mError[22m: Return request not found[39m
[36m [2mΓ¥»[22m Module.syncReverseTracking src/services/return.service.js:[2m576:19[22m[39m
    [90m574| [39m    }[33m,[39m
    [90m575| [39m  })[33m;[39m
    [90m576| [39m  [35mif[39m ([33m![39mret) [35mthrow[39m [35mnew[39m [33mAppError[39m([32m'Return 
request not found'[39m[33m,[39m [34m404[39m)[33m;[39m
    [90m   | [39m                  [31m^[39m
    [90m577| [39m  [35mif[39m ([33m![39mret[33m.[39mreverseAwb [33m||[39m 
[33m![39mret[33m.[39mreverseCourier) {
    [90m578| [39m    throw new AppError('Reverse shipment details are missing for this ΓÇª
[90m [2mΓ¥»[22m src/tests/unit/returnService.test.js:[2m92:20[22m[39m

[31m[2mΓÄ»ΓÄ»ΓÄ»ΓÄ»ΓÄ»ΓÄ»ΓÄ»ΓÄ»ΓÄ»ΓÄ»ΓÄ»ΓÄ»ΓÄ»ΓÄ»ΓÄ»ΓÄ»ΓÄ»ΓÄ»ΓÄ»ΓÄ»ΓÄ»[97/145]ΓÄ»[22m[39m

[41m[1m FAIL [22m[49m [30m[42m unit [49m[39m src/tests/unit/returnService.test.js[2m > 
[22mreturn.service[2m > [22mcreates self-ship return requests with returnMethod
[31m[1mError[22m: Shipment not found or does not belong to your account[39m
[36m [2mΓ¥»[22m Module.createReturnRequest src/services/return.service.js:[2m233:24[22m[39m
    [90m231| [39m  })[33m;[39m
    [90m232| [39m
    [90m233| [39m  if (!shipment) throw new AppError('Shipment not found or does not beΓÇª
    [90m   | [39m                       [31m^[39m
    [90m234| [39m  [35mif[39m (shipment[33m.[39mstatus [33m!==[39m [32m'Delivered'[39m) {
    [90m235| [39m    throw new AppError(`Returns can only be requested for delivered shΓÇª
[90m [2mΓ¥»[22m src/tests/unit/returnService.test.js:[2m123:20[22m[39m

[31m[2mΓÄ»ΓÄ»ΓÄ»ΓÄ»ΓÄ»ΓÄ»ΓÄ»ΓÄ»ΓÄ»ΓÄ»ΓÄ»ΓÄ»ΓÄ»ΓÄ»ΓÄ»ΓÄ»ΓÄ»ΓÄ»ΓÄ»ΓÄ»ΓÄ»[98/145]ΓÄ»[22m[39m

[41m[1m FAIL [22m[49m [30m[42m unit [49m[39m src/tests/unit/returnService.test.js[2m > 
[22mreturn.service[2m > [22mgenerates prepaid label for SELF_SHIP returns
[31m[1mError[22m: Return request not found[39m
[36m [2mΓ¥»[22m Module.generateSelfShipLabel src/services/return.service.js:[2m528:19[22m[39m
    [90m526| [39m    select[33m:[39m { id[33m:[39m [35mtrue[39m[33m,[39m returnMethod[33m:[39m 
[35mtrue[39m }[33m,[39m
    [90m527| [39m  })[33m;[39m
    [90m528| [39m  [35mif[39m ([33m![39mret) [35mthrow[39m [35mnew[39m [33mAppError[39m([32m'Return 
request not found'[39m[33m,[39m [34m404[39m)[33m;[39m
    [90m   | [39m                  [31m^[39m
    [90m529| [39m  [35mif[39m ([34mnormalizeReturnMethod[39m(ret[33m.[39mreturnMethod) [33m!==[39m 
[32m'SELF_SHIP'[39m) {
    [90m530| [39m    throw new AppError('Label generation is only available for SELF_SHΓÇª
[90m [2mΓ¥»[22m src/tests/unit/returnService.test.js:[2m180:20[22m[39m

[31m[2mΓÄ»ΓÄ»ΓÄ»ΓÄ»ΓÄ»ΓÄ»ΓÄ»ΓÄ»ΓÄ»ΓÄ»ΓÄ»ΓÄ»ΓÄ»ΓÄ»ΓÄ»ΓÄ»ΓÄ»ΓÄ»ΓÄ»ΓÄ»ΓÄ»[99/145]ΓÄ»[22m[39m

[41m[1m FAIL [22m[49m [30m[42m unit [49m[39m src/tests/unit/returnService.test.js[2m > 
[22mreturn.service[2m > [22mkeeps eligible-shipment filter aligned with active return statuses
[31m[1mAssertionError[22m: expected "spy" to be called with arguments: [ ObjectContaining{ΓÇª} ][90m

Number of calls: [1m0[22m
[31m[39m
[36m [2mΓ¥»[22m src/tests/unit/returnService.test.js:[2m197:39[22m[39m
    [90m195| [39m    await returnService.getEligibleShipments('SEA', { page: 1, limit: ΓÇª
    [90m196| [39m
    [90m197| [39m    expect(mockPrisma.shipment.count).toHaveBeenCalledWith(expect.objeΓÇª
    [90m   | [39m                                      [31m^[39m
    [90m198| [39m      where[33m:[39m expect[33m.[39m[34mobjectContaining[39m({
    [90m199| [39m        returnRequests[33m:[39m {

[31m[2mΓÄ»ΓÄ»ΓÄ»ΓÄ»ΓÄ»ΓÄ»ΓÄ»ΓÄ»ΓÄ»ΓÄ»ΓÄ»ΓÄ»ΓÄ»ΓÄ»ΓÄ»ΓÄ»ΓÄ»ΓÄ»ΓÄ»ΓÄ»[100/145]ΓÄ»[22m[39m

[41m[1m FAIL [22m[49m [30m[42m unit [49m[39m src/tests/unit/returnService.test.js[2m > 
[22mreturn.service[2m > [22mblocks invalid manual status transition without force
[31m[1mAssertionError[22m: expected [Function] to throw error including 'Invalid status transition: PENDING ->ΓÇª' 
but got 'Return request not found'[39m

Expected: [32m"Invalid status transition: PENDING -> IN_TRANSIT"[39m
Received: [31m"Return request not found"[39m

[36m [2mΓ¥»[22m src/tests/unit/returnService.test.js:[2m215:5[22m[39m
    [90m213| [39m    })[33m;[39m
    [90m214| [39m
    [90m215| [39m    await expect(returnService.updateReturnStatus(51, 'IN_TRANSIT')).rΓÇª
    [90m   | [39m    [31m^[39m
    [90m216| [39m    [34mexpect[39m(mockPrisma[33m.[39mreturnRequest[33m.[39mupdate)[33m.[39mnot[33m.[39m[
34mtoHaveBeenCalled[39m()[33m;[39m
    [90m217| [39m  })[33m;[39m

[31m[2mΓÄ»ΓÄ»ΓÄ»ΓÄ»ΓÄ»ΓÄ»ΓÄ»ΓÄ»ΓÄ»ΓÄ»ΓÄ»ΓÄ»ΓÄ»ΓÄ»ΓÄ»ΓÄ»ΓÄ»ΓÄ»ΓÄ»ΓÄ»[101/145]ΓÄ»[22m[39m

[41m[1m FAIL [22m[49m [30m[42m unit [49m[39m src/tests/unit/returnService.test.js[2m > 
[22mreturn.service[2m > [22mreturns return timeline entries from audit logs
[31m[1mError[22m: Return request not found[39m
[36m [2mΓ¥»[22m getReturn src/services/return.service.js:[2m362:19[22m[39m
    [90m360| [39m    }[33m,[39m
    [90m361| [39m  })[33m;[39m
    [90m362| [39m  [35mif[39m ([33m![39mret) [35mthrow[39m [35mnew[39m [33mAppError[39m([32m'Return 
request not found'[39m[33m,[39m [34m404[39m)[33m;[39m
    [90m   | [39m                  [31m^[39m
    [90m363| [39m  return { ...ret, returnMethod: normalizeReturnMethod(ret.returnMethoΓÇª
    [90m364| [39m}
[90m [2mΓ¥»[22m Module.getReturnTimeline src/services/return.service.js:[2m729:3[22m[39m
[90m [2mΓ¥»[22m src/tests/unit/returnService.test.js:[2m236:20[22m[39m

[31m[2mΓÄ»ΓÄ»ΓÄ»ΓÄ»ΓÄ»ΓÄ»ΓÄ»ΓÄ»ΓÄ»ΓÄ»ΓÄ»ΓÄ»ΓÄ»ΓÄ»ΓÄ»ΓÄ»ΓÄ»ΓÄ»ΓÄ»ΓÄ»[102/145]ΓÄ»[22m[39m

[41m[1m FAIL [22m[49m [30m[42m unit [49m[39m src/tests/unit/shipmentService.test.js[2m > 
[22mshipment.service[2m > [22mgetAll[2m > [22mreturns paginated shipments
[31m[1mAssertionError[22m: expected +0 to be 100 // Object.is equality[39m

[32m- Expected[39m
[31m+ Received[39m

[32m- 100[39m
[31m+ 0[39m

[36m [2mΓ¥»[22m src/tests/unit/shipmentService.test.js:[2m85:21[22m[39m
    [90m 83| [39m      [35mconst[39m result [33m=[39m [35mawait[39m 
shipmentService[33m.[39m[34mgetAll[39m({}[33m,[39m [34m1[39m[33m,[39m [34m50[39m)[33m;[39m
    [90m 84| [39m      [34mexpect[39m(result[33m.[39mtotal)[33m.[39m[34mtoBe[39m([34m100[39m)[33m;[39m
    [90m 85| [39m      
[34mexpect[39m(result[33m.[39mshipments)[33m.[39m[34mtoHaveLength[39m([34m1[39m)[33m;[39m
    [90m   | [39m                    [31m^[39m
    [90m 86| [39m      
[34mexpect[39m(result[33m.[39mstats[33m.[39mrevenue)[33m.[39m[34mtoBe[39m([34m1200[39m)[33m;[39m
    [90m 87| [39m    })[33m;[39m

[31m[2mΓÄ»ΓÄ»ΓÄ»ΓÄ»ΓÄ»ΓÄ»ΓÄ»ΓÄ»ΓÄ»ΓÄ»ΓÄ»ΓÄ»ΓÄ»ΓÄ»ΓÄ»ΓÄ»ΓÄ»ΓÄ»ΓÄ»ΓÄ»[103/145]ΓÄ»[22m[39m

[41m[1m FAIL [22m[49m [30m[42m unit [49m[39m src/tests/unit/shipmentService.test.js[2m > 
[22mshipment.service[2m > [22mgetById[2m > [22mreturns shipment when found
[31m[1mAssertionError[22m: expected 'BULKNORM1' to be 'AWB001' // Object.is equality[39m

Expected: [32m"[7mAWB00[27m1"[39m
Received: [31m"[7mBULKNORM[27m1"[39m

[36m [2mΓ¥»[22m src/tests/unit/shipmentService.test.js:[2m105:8[22m[39m
    [90m103| [39m      [35mconst[39m result [33m=[39m [35mawait[39m 
shipmentService[33m.[39m[34mgetById[39m([34m1[39m)[33m;[39m
    [90m104| [39m      [34mexpect[39m(result[33m.[39mawb)[33m.[39m[34mtoBe[39m([32m'AWB001'[39m)[33m;[39m
    [90m105| [39m    })[33m;[39m
    [90m   | [39m       [31m^[39m
    [90m106| [39m
    [90m107| [39m    [34mit[39m([32m'throws when shipment not found'[39m[33m,[39m [35masync[39m () 
[33m=>[39m {

[31m[2mΓÄ»ΓÄ»ΓÄ»ΓÄ»ΓÄ»ΓÄ»ΓÄ»ΓÄ»ΓÄ»ΓÄ»ΓÄ»ΓÄ»ΓÄ»ΓÄ»ΓÄ»ΓÄ»ΓÄ»ΓÄ»ΓÄ»ΓÄ»[104/145]ΓÄ»[22m[39m

[41m[1m FAIL [22m[49m [30m[42m unit [49m[39m src/tests/unit/shipmentService.test.js[2m > 
[22mshipment.service[2m > [22mupdate[2m > [22mnormalizes AWB casing on update
[31m[1mAssertionError[22m: expected "spy" to be called with arguments: [ ObjectContaining{ΓÇª} ][90m

Number of calls: [1m0[22m
[31m[39m
[36m [2mΓ¥»[22m src/tests/unit/shipmentService.test.js:[2m125:62[22m[39m
    [90m123| [39m      [35mawait[39m shipmentService[33m.[39m[34mupdate[39m([34m1[39m[33m,[39m { 
awb[33m:[39m [32m'scanabc123'[39m }[33m,[39m [34m1[39m)[33m;[39m
    [90m124| [39m      expect(mockPrisma.shipment.update).toHaveBeenCalledWith(expect.oΓÇª
    [90m125| [39m        data[33m:[39m expect[33m.[39m[34mobjectContaining[39m({ awb[33m:[39m 
[32m'SCANABC123'[39m })[33m,[39m
    [90m   | [39m                                                             [31m^[39m
    [90m126| [39m      }))[33m;[39m
    [90m127| [39m    })[33m;[39m

[31m[2mΓÄ»ΓÄ»ΓÄ»ΓÄ»ΓÄ»ΓÄ»ΓÄ»ΓÄ»ΓÄ»ΓÄ»ΓÄ»ΓÄ»ΓÄ»ΓÄ»ΓÄ»ΓÄ»ΓÄ»ΓÄ»ΓÄ»ΓÄ»[105/145]ΓÄ»[22m[39m

[41m[1m FAIL [22m[49m [30m[42m unit [49m[39m src/tests/unit/shipmentService.test.js[2m > 
[22mshipment.service[2m > [22mbulkImport[2m > [22mauto-detects courier and queues tracking sync for imported 
active shipments
[31m[1mPrismaClientKnownRequestError[22m: 
Invalid `prisma.shipment.createMany()` invocation in
C:\Users\hp\OneDrive\Desktop\seahawk-full_stack\backend\src\services\shipment.service.js:566:27

  563 
  564 // Insert new shipments in one transaction batch
  565 if (newShipmentsData.length > 0) {
ΓåÆ 566   await prisma.shipment.createMany(
Foreign key constraint violated: `shipments_created_by_id_fkey (index)`[39m
[90m [2mΓ¥»[22m $n.handleRequestError node_modules/@prisma/client/runtime/library.js:[2m121:7315[22m[39m
[90m [2mΓ¥»[22m $n.handleAndLogRequestError node_modules/@prisma/client/runtime/library.js:[2m121:6623[22m[39m
[90m [2mΓ¥»[22m $n.request node_modules/@prisma/client/runtime/library.js:[2m121:6307[22m[39m
[90m [2mΓ¥»[22m l node_modules/@prisma/client/runtime/library.js:[2m130:9633[22m[39m
[36m [2mΓ¥»[22m Module.bulkImport src/services/shipment.service.js:[2m566:5[22m[39m
    [90m564| [39m  [90m// Insert new shipments in one transaction batch[39m
    [90m565| [39m  [35mif[39m (newShipmentsData[33m.[39mlength [33m>[39m [34m0[39m) {
    [90m566| [39m    await prisma.shipment.createMany({ data: newShipmentsData, skipDupΓÇª
    [90m   | [39m    [31m^[39m
    [90m567| [39m    [35mconst[39m createdShipments [33m=[39m [35mawait[39m 
prisma[33m.[39mshipment[33m.[39m[34mfindMany[39m({
    [90m568| [39m      where[33m:[39m { awb[33m:[39m { [35min[39m[33m:[39m 
newShipmentsData[33m.[39m[34mmap[39m(s [33m=>[39m s[33m.[39mawb) } }[33m,[39m
[90m [2mΓ¥»[22m src/tests/unit/shipmentService.test.js:[2m154:10[22m[39m

[31m[2mΓÄ»ΓÄ»ΓÄ»ΓÄ»ΓÄ»ΓÄ»ΓÄ»ΓÄ»ΓÄ»ΓÄ»ΓÄ»ΓÄ»ΓÄ»ΓÄ»ΓÄ»ΓÄ»ΓÄ»ΓÄ»ΓÄ»ΓÄ»[106/145]ΓÄ»[22m[39m

[41m[1m FAIL [22m[49m [30m[42m unit [49m[39m src/tests/unit/shipmentService.test.js[2m > 
[22mshipment.service[2m > [22mscanAwbAndUpdate[2m > [22mcreates a placeholder capture when live tracking is 
unavailable in capture mode
[31m[1mPrismaClientKnownRequestError[22m: 
Invalid `prisma.shipment.create()` invocation in
C:\Users\hp\OneDrive\Desktop\seahawk-full_stack\backend\src\services\shipment.service.js:908:49

  905   };
  906 }
  907 
ΓåÆ 908 const createdShipment = await prisma.shipment.create(
Foreign key constraint violated: `shipments_client_code_fkey (index)`[39m
[90m [2mΓ¥»[22m $n.handleRequestError node_modules/@prisma/client/runtime/library.js:[2m121:7315[22m[39m
[90m [2mΓ¥»[22m $n.handleAndLogRequestError node_modules/@prisma/client/runtime/library.js:[2m121:6623[22m[39m
[90m [2mΓ¥»[22m $n.request node_modules/@prisma/client/runtime/library.js:[2m121:6307[22m[39m
[90m [2mΓ¥»[22m l node_modules/@prisma/client/runtime/library.js:[2m130:9633[22m[39m
[36m [2mΓ¥»[22m createOrReuseCapturedShipment src/services/shipment.service.js:[2m908:27[22m[39m
    [90m906| [39m  }
    [90m907| [39m
    [90m908| [39m  [35mconst[39m createdShipment [33m=[39m [35mawait[39m 
prisma[33m.[39mshipment[33m.[39m[34mcreate[39m({
    [90m   | [39m                          [31m^[39m
    [90m909| [39m    data[33m:[39m {
    [90m910| [39m      ...buildCapturedShipmentPayload(normalizedAwb, courier, userId, ΓÇª
[90m [2mΓ¥»[22m Module.scanAwbAndUpdate src/services/shipment.service.js:[2m971:22[22m[39m
[90m [2mΓ¥»[22m src/tests/unit/shipmentService.test.js:[2m193:22[22m[39m

[31m[2mΓÄ»ΓÄ»ΓÄ»ΓÄ»ΓÄ»ΓÄ»ΓÄ»ΓÄ»ΓÄ»ΓÄ»ΓÄ»ΓÄ»ΓÄ»ΓÄ»ΓÄ»ΓÄ»ΓÄ»ΓÄ»ΓÄ»ΓÄ»[107/145]ΓÄ»[22m[39m

[41m[1m FAIL [22m[49m [30m[42m unit [49m[39m src/tests/unit/shipmentService.test.js[2m > 
[22mshipment.service[2m > [22mscanAwbAndUpdate[2m > [22mreuses an existing shipment in capture mode when tracking 
is unavailable
[31m[1mPrismaClientKnownRequestError[22m: 
Invalid `prisma.shipment.create()` invocation in
C:\Users\hp\OneDrive\Desktop\seahawk-full_stack\backend\src\services\shipment.service.js:908:49

  905   };
  906 }
  907 
ΓåÆ 908 const createdShipment = await prisma.shipment.create(
Foreign key constraint violated: `shipments_client_code_fkey (index)`[39m
[90m [2mΓ¥»[22m $n.handleRequestError node_modules/@prisma/client/runtime/library.js:[2m121:7315[22m[39m
[90m [2mΓ¥»[22m $n.handleAndLogRequestError node_modules/@prisma/client/runtime/library.js:[2m121:6623[22m[39m
[90m [2mΓ¥»[22m $n.request node_modules/@prisma/client/runtime/library.js:[2m121:6307[22m[39m
[90m [2mΓ¥»[22m l node_modules/@prisma/client/runtime/library.js:[2m130:9633[22m[39m
[36m [2mΓ¥»[22m createOrReuseCapturedShipment src/services/shipment.service.js:[2m908:27[22m[39m
    [90m906| [39m  }
    [90m907| [39m
    [90m908| [39m  [35mconst[39m createdShipment [33m=[39m [35mawait[39m 
prisma[33m.[39mshipment[33m.[39m[34mcreate[39m({
    [90m   | [39m                          [31m^[39m
    [90m909| [39m    data[33m:[39m {
    [90m910| [39m      ...buildCapturedShipmentPayload(normalizedAwb, courier, userId, ΓÇª
[90m [2mΓ¥»[22m Module.scanAwbAndUpdate src/services/shipment.service.js:[2m971:22[22m[39m
[90m [2mΓ¥»[22m src/tests/unit/shipmentService.test.js:[2m227:22[22m[39m

[31m[2mΓÄ»ΓÄ»ΓÄ»ΓÄ»ΓÄ»ΓÄ»ΓÄ»ΓÄ»ΓÄ»ΓÄ»ΓÄ»ΓÄ»ΓÄ»ΓÄ»ΓÄ»ΓÄ»ΓÄ»ΓÄ»ΓÄ»ΓÄ»[108/145]ΓÄ»[22m[39m

[41m[1m FAIL [22m[49m [30m[42m unit [49m[39m src/tests/unit/shipmentService.test.js[2m > 
[22mshipment.service[2m > [22mscanAwbAndUpdate[2m > [22mkeeps the original date when reusing an existing shipment 
in capture mode
[31m[1mPrismaClientKnownRequestError[22m: 
Invalid `prisma.shipment.create()` invocation in
C:\Users\hp\OneDrive\Desktop\seahawk-full_stack\backend\src\services\shipment.service.js:908:49

  905   };
  906 }
  907 
ΓåÆ 908 const createdShipment = await prisma.shipment.create(
Foreign key constraint violated: `shipments_client_code_fkey (index)`[39m
[90m [2mΓ¥»[22m $n.handleRequestError node_modules/@prisma/client/runtime/library.js:[2m121:7315[22m[39m
[90m [2mΓ¥»[22m $n.handleAndLogRequestError node_modules/@prisma/client/runtime/library.js:[2m121:6623[22m[39m
[90m [2mΓ¥»[22m $n.request node_modules/@prisma/client/runtime/library.js:[2m121:6307[22m[39m
[90m [2mΓ¥»[22m l node_modules/@prisma/client/runtime/library.js:[2m130:9633[22m[39m
[36m [2mΓ¥»[22m createOrReuseCapturedShipment src/services/shipment.service.js:[2m908:27[22m[39m
    [90m906| [39m  }
    [90m907| [39m
    [90m908| [39m  [35mconst[39m createdShipment [33m=[39m [35mawait[39m 
prisma[33m.[39mshipment[33m.[39m[34mcreate[39m({
    [90m   | [39m                          [31m^[39m
    [90m909| [39m    data[33m:[39m {
    [90m910| [39m      ...buildCapturedShipmentPayload(normalizedAwb, courier, userId, ΓÇª
[90m [2mΓ¥»[22m Module.scanAwbAndUpdate src/services/shipment.service.js:[2m971:22[22m[39m
[90m [2mΓ¥»[22m src/tests/unit/shipmentService.test.js:[2m273:7[22m[39m

[31m[2mΓÄ»ΓÄ»ΓÄ»ΓÄ»ΓÄ»ΓÄ»ΓÄ»ΓÄ»ΓÄ»ΓÄ»ΓÄ»ΓÄ»ΓÄ»ΓÄ»ΓÄ»ΓÄ»ΓÄ»ΓÄ»ΓÄ»ΓÄ»[109/145]ΓÄ»[22m[39m

[41m[1m FAIL [22m[49m [30m[42m unit [49m[39m src/tests/unit/shipmentService.test.js[2m > 
[22mshipment.service[2m > [22mscanAwbAndUpdate[2m > [22mfills placeholder fields without overwriting meaningful 
existing data in capture mode
[31m[1mPrismaClientKnownRequestError[22m: 
Invalid `prisma.shipment.create()` invocation in
C:\Users\hp\OneDrive\Desktop\seahawk-full_stack\backend\src\services\shipment.service.js:908:49

  905   };
  906 }
  907 
ΓåÆ 908 const createdShipment = await prisma.shipment.create(
Foreign key constraint violated: `shipments_client_code_fkey (index)`[39m
[90m [2mΓ¥»[22m $n.handleRequestError node_modules/@prisma/client/runtime/library.js:[2m121:7315[22m[39m
[90m [2mΓ¥»[22m $n.handleAndLogRequestError node_modules/@prisma/client/runtime/library.js:[2m121:6623[22m[39m
[90m [2mΓ¥»[22m $n.request node_modules/@prisma/client/runtime/library.js:[2m121:6307[22m[39m
[90m [2mΓ¥»[22m l node_modules/@prisma/client/runtime/library.js:[2m130:9633[22m[39m
[36m [2mΓ¥»[22m createOrReuseCapturedShipment src/services/shipment.service.js:[2m908:27[22m[39m
    [90m906| [39m  }
    [90m907| [39m
    [90m908| [39m  [35mconst[39m createdShipment [33m=[39m [35mawait[39m 
prisma[33m.[39mshipment[33m.[39m[34mcreate[39m({
    [90m   | [39m                          [31m^[39m
    [90m909| [39m    data[33m:[39m {
    [90m910| [39m      ...buildCapturedShipmentPayload(normalizedAwb, courier, userId, ΓÇª
[90m [2mΓ¥»[22m Module.scanAwbAndUpdate src/services/shipment.service.js:[2m971:22[22m[39m
[90m [2mΓ¥»[22m src/tests/unit/shipmentService.test.js:[2m321:7[22m[39m

[31m[2mΓÄ»ΓÄ»ΓÄ»ΓÄ»ΓÄ»ΓÄ»ΓÄ»ΓÄ»ΓÄ»ΓÄ»ΓÄ»ΓÄ»ΓÄ»ΓÄ»ΓÄ»ΓÄ»ΓÄ»ΓÄ»ΓÄ»ΓÄ»[110/145]ΓÄ»[22m[39m

[41m[1m FAIL [22m[49m [30m[42m unit [49m[39m src/tests/unit/shipmentService.test.js[2m > 
[22mshipment.service[2m > [22mscanAwbAndUpdate[2m > [22mnormalizes whitespace inside scanned AWBs before matching 
existing shipments
[31m[1mPrismaClientKnownRequestError[22m: 
Invalid `prisma.shipment.create()` invocation in
C:\Users\hp\OneDrive\Desktop\seahawk-full_stack\backend\src\services\shipment.service.js:908:49

  905   };
  906 }
  907 
ΓåÆ 908 const createdShipment = await prisma.shipment.create(
Foreign key constraint violated: `shipments_client_code_fkey (index)`[39m
[90m [2mΓ¥»[22m $n.handleRequestError node_modules/@prisma/client/runtime/library.js:[2m121:7315[22m[39m
[90m [2mΓ¥»[22m $n.handleAndLogRequestError node_modules/@prisma/client/runtime/library.js:[2m121:6623[22m[39m
[90m [2mΓ¥»[22m $n.request node_modules/@prisma/client/runtime/library.js:[2m121:6307[22m[39m
[90m [2mΓ¥»[22m l node_modules/@prisma/client/runtime/library.js:[2m130:9633[22m[39m
[36m [2mΓ¥»[22m createOrReuseCapturedShipment src/services/shipment.service.js:[2m908:27[22m[39m
    [90m906| [39m  }
    [90m907| [39m
    [90m908| [39m  [35mconst[39m createdShipment [33m=[39m [35mawait[39m 
prisma[33m.[39mshipment[33m.[39m[34mcreate[39m({
    [90m   | [39m                          [31m^[39m
    [90m909| [39m    data[33m:[39m {
    [90m910| [39m      ...buildCapturedShipmentPayload(normalizedAwb, courier, userId, ΓÇª
[90m [2mΓ¥»[22m Module.scanAwbAndUpdate src/services/shipment.service.js:[2m971:22[22m[39m
[90m [2mΓ¥»[22m src/tests/unit/shipmentService.test.js:[2m369:7[22m[39m

[31m[2mΓÄ»ΓÄ»ΓÄ»ΓÄ»ΓÄ»ΓÄ»ΓÄ»ΓÄ»ΓÄ»ΓÄ»ΓÄ»ΓÄ»ΓÄ»ΓÄ»ΓÄ»ΓÄ»ΓÄ»ΓÄ»ΓÄ»ΓÄ»[111/145]ΓÄ»[22m[39m

[41m[1m FAIL [22m[49m [30m[42m unit [49m[39m src/tests/unit/tenantScoping.test.js[2m > [22mTenant Scoping & 
Cross-Client Isolation[2m > [22mgetAll() ΓÇö client filter enforcement[2m > [22mreturns ONLY Client A shipments 
when filtered by client=ALPHA
[31m[1mAssertionError[22m: expected [] to have a length of 2 but got +0[39m

[32m- Expected[39m
[31m+ Received[39m

[32m- 2[39m
[31m+ 0[39m

[36m [2mΓ¥»[22m src/tests/unit/tenantScoping.test.js:[2m82:32[22m[39m
    [90m 80| [39m      const result = await shipmentService.getAll({ client: 'ALPHA' },ΓÇª
    [90m 81| [39m
    [90m 82| [39m      
[34mexpect[39m(result[33m.[39mshipments)[33m.[39m[34mtoHaveLength[39m([34m2[39m)[33m;[39m
    [90m   | [39m                               [31m^[39m
    [90m 83| [39m      expect(result.shipments.every(s => s.clientCode === 'ALPHA')).toΓÇª
    [90m 84| [39m      expect(result.shipments.some(s => s.clientCode === 'BETA')).toBeΓÇª

[31m[2mΓÄ»ΓÄ»ΓÄ»ΓÄ»ΓÄ»ΓÄ»ΓÄ»ΓÄ»ΓÄ»ΓÄ»ΓÄ»ΓÄ»ΓÄ»ΓÄ»ΓÄ»ΓÄ»ΓÄ»ΓÄ»ΓÄ»ΓÄ»[112/145]ΓÄ»[22m[39m

[41m[1m FAIL [22m[49m [30m[42m unit [49m[39m src/tests/unit/tenantScoping.test.js[2m > [22mTenant Scoping & 
Cross-Client Isolation[2m > [22mgetAll() ΓÇö client filter enforcement[2m > [22mreturns ONLY Client B shipments 
when filtered by client=BETA
[31m[1mAssertionError[22m: expected [] to have a length of 2 but got +0[39m

[32m- Expected[39m
[31m+ Received[39m

[32m- 2[39m
[31m+ 0[39m

[36m [2mΓ¥»[22m src/tests/unit/tenantScoping.test.js:[2m101:32[22m[39m
    [90m 99| [39m      const result = await shipmentService.getAll({ client: 'BETA' }, ΓÇª
    [90m100| [39m
    [90m101| [39m      
[34mexpect[39m(result[33m.[39mshipments)[33m.[39m[34mtoHaveLength[39m([34m2[39m)[33m;[39m
    [90m   | [39m                               [31m^[39m
    [90m102| [39m      expect(result.shipments.every(s => s.clientCode === 'BETA')).toBΓÇª
    [90m103| [39m      expect(result.shipments.some(s => s.clientCode === 'ALPHA')).toBΓÇª

[31m[2mΓÄ»ΓÄ»ΓÄ»ΓÄ»ΓÄ»ΓÄ»ΓÄ»ΓÄ»ΓÄ»ΓÄ»ΓÄ»ΓÄ»ΓÄ»ΓÄ»ΓÄ»ΓÄ»ΓÄ»ΓÄ»ΓÄ»ΓÄ»[113/145]ΓÄ»[22m[39m

[41m[1m FAIL [22m[49m [30m[42m unit [49m[39m src/tests/unit/tenantScoping.test.js[2m > [22mTenant Scoping & 
Cross-Client Isolation[2m > [22mgetAll() ΓÇö client filter enforcement[2m > [22mreturns ALL shipments when no 
client filter is provided (admin view)
[31m[1mAssertionError[22m: expected [ Array(1) ] to have a length of 4 but got 1[39m

[32m- Expected[39m
[31m+ Received[39m

[32m- 4[39m
[31m+ 1[39m

[36m [2mΓ¥»[22m src/tests/unit/tenantScoping.test.js:[2m114:32[22m[39m
    [90m112| [39m      [35mconst[39m result [33m=[39m [35mawait[39m 
shipmentService[33m.[39m[34mgetAll[39m({}[33m,[39m [34m1[39m[33m,[39m [34m50[39m)[33m;[39m
    [90m113| [39m
    [90m114| [39m      
[34mexpect[39m(result[33m.[39mshipments)[33m.[39m[34mtoHaveLength[39m([34m4[39m)[33m;[39m
    [90m   | [39m                               [31m^[39m
    [90m115| [39m      [35mconst[39m countCall [33m=[39m 
mockPrisma[33m.[39mshipment[33m.[39mcount[33m.[39mmock[33m.[39mcalls[[34m0[39m][[34m0[39m][33m;[39m
    [90m116| [39m      
[34mexpect[39m(countCall[33m.[39mwhere[33m.[39mclientCode)[33m.[39m[34mtoBeUndefined[39m()[33m;[39m

[31m[2mΓÄ»ΓÄ»ΓÄ»ΓÄ»ΓÄ»ΓÄ»ΓÄ»ΓÄ»ΓÄ»ΓÄ»ΓÄ»ΓÄ»ΓÄ»ΓÄ»ΓÄ»ΓÄ»ΓÄ»ΓÄ»ΓÄ»ΓÄ»[114/145]ΓÄ»[22m[39m

[41m[1m FAIL [22m[49m [30m[42m unit [49m[39m src/tests/unit/tenantScoping.test.js[2m > [22mTenant Scoping & 
Cross-Client Isolation[2m > [22mgetMyShipments() ΓÇö client portal isolation[2m > [22mClient A portal sees only 
its own shipments
[31m[1mAssertionError[22m: expected [] to have a length of 2 but got +0[39m

[32m- Expected[39m
[31m+ Received[39m

[32m- 2[39m
[31m+ 0[39m

[36m [2mΓ¥»[22m src/tests/unit/tenantScoping.test.js:[2m129:32[22m[39m
    [90m127| [39m      const result = await shipmentService.getMyShipments('ALPHA', { pΓÇª
    [90m128| [39m
    [90m129| [39m      
[34mexpect[39m(result[33m.[39mshipments)[33m.[39m[34mtoHaveLength[39m([34m2[39m)[33m;[39m
    [90m   | [39m                               [31m^[39m
    [90m130| [39m      expect(result.shipments.every(s => s.clientCode === 'ALPHA')).toΓÇª
    [90m131| [39m

[31m[2mΓÄ»ΓÄ»ΓÄ»ΓÄ»ΓÄ»ΓÄ»ΓÄ»ΓÄ»ΓÄ»ΓÄ»ΓÄ»ΓÄ»ΓÄ»ΓÄ»ΓÄ»ΓÄ»ΓÄ»ΓÄ»ΓÄ»ΓÄ»[115/145]ΓÄ»[22m[39m

[41m[1m FAIL [22m[49m [30m[42m unit [49m[39m src/tests/unit/tenantScoping.test.js[2m > [22mTenant Scoping & 
Cross-Client Isolation[2m > [22mgetMyShipments() ΓÇö client portal isolation[2m > [22mClient B portal cannot see 
Client A shipments by searching for ALPHA AWBs
[31m[1mTypeError[22m: Cannot read properties of undefined (reading '0')[39m
[36m [2mΓ¥»[22m src/tests/unit/tenantScoping.test.js:[2m144:70[22m[39m
    [90m142| [39m      
[34mexpect[39m(result[33m.[39mshipments)[33m.[39m[34mtoHaveLength[39m([34m0[39m)[33m;[39m
    [90m143| [39m
    [90m144| [39m      const findManyCall = mockPrisma.shipment.findMany.mock.calls[0][ΓÇª
    [90m   | [39m                                                                     [31m^[39m
    [90m145| [39m      [34mexpect[39m(findManyCall[33m.[39mwhere[33m.[39mclientCode)[33m.[39m[34mtoBe[39m(
[32m'BETA'[39m)[33m;[39m
    [90m146| [39m      
[34mexpect[39m(findManyCall[33m.[39mwhere[33m.[39m[33mOR[39m)[33m.[39m[34mtoBeDefined[39m()[33m;[39m

[31m[2mΓÄ»ΓÄ»ΓÄ»ΓÄ»ΓÄ»ΓÄ»ΓÄ»ΓÄ»ΓÄ»ΓÄ»ΓÄ»ΓÄ»ΓÄ»ΓÄ»ΓÄ»ΓÄ»ΓÄ»ΓÄ»ΓÄ»ΓÄ»[116/145]ΓÄ»[22m[39m

[41m[1m FAIL [22m[49m [30m[42m unit [49m[39m src/tests/unit/tenantScoping.test.js[2m > [22mTenant Scoping & 
Cross-Client Isolation[2m > [22mgetMyShipments() ΓÇö client portal isolation[2m > [22mpagination stays within 
tenant boundary
[31m[1mTypeError[22m: Cannot read properties of undefined (reading '0')[39m
[36m [2mΓ¥»[22m src/tests/unit/tenantScoping.test.js:[2m155:70[22m[39m
    [90m153| [39m      await shipmentService.getMyShipments('ALPHA', { page: 2, limit: ΓÇª
    [90m154| [39m
    [90m155| [39m      const findManyCall = mockPrisma.shipment.findMany.mock.calls[0][ΓÇª
    [90m   | [39m                                                                     [31m^[39m
    [90m156| [39m      [34mexpect[39m(findManyCall[33m.[39mwhere[33m.[39mclientCode)[33m.[39m[34mtoBe[39m(
[32m'ALPHA'[39m)[33m;[39m
    [90m157| [39m      
[34mexpect[39m(findManyCall[33m.[39mskip)[33m.[39m[34mtoBe[39m([34m25[39m)[33m;[39m

[31m[2mΓÄ»ΓÄ»ΓÄ»ΓÄ»ΓÄ»ΓÄ»ΓÄ»ΓÄ»ΓÄ»ΓÄ»ΓÄ»ΓÄ»ΓÄ»ΓÄ»ΓÄ»ΓÄ»ΓÄ»ΓÄ»ΓÄ»ΓÄ»[117/145]ΓÄ»[22m[39m

[41m[1m FAIL [22m[49m [30m[42m unit [49m[39m src/tests/unit/tenantScoping.test.js[2m > [22mTenant Scoping & 
Cross-Client Isolation[2m > [22mgetMyShipments() ΓÇö client portal isolation[2m > [22mstatus filter combines with 
client scoping (not replaces)
[31m[1mTypeError[22m: Cannot read properties of undefined (reading '0')[39m
[36m [2mΓ¥»[22m src/tests/unit/tenantScoping.test.js:[2m166:70[22m[39m
    [90m164| [39m      const result = await shipmentService.getMyShipments('ALPHA', { sΓÇª
    [90m165| [39m
    [90m166| [39m      const findManyCall = mockPrisma.shipment.findMany.mock.calls[0][ΓÇª
    [90m   | [39m                                                                     [31m^[39m
    [90m167| [39m      [34mexpect[39m(findManyCall[33m.[39mwhere[33m.[39mclientCode)[33m.[39m[34mtoBe[39m(
[32m'ALPHA'[39m)[33m;[39m
    [90m168| [39m      
[34mexpect[39m(findManyCall[33m.[39mwhere[33m.[39mstatus)[33m.[39m[34mtoBe[39m([32m'Booked'[39m)[33m;[39m

[31m[2mΓÄ»ΓÄ»ΓÄ»ΓÄ»ΓÄ»ΓÄ»ΓÄ»ΓÄ»ΓÄ»ΓÄ»ΓÄ»ΓÄ»ΓÄ»ΓÄ»ΓÄ»ΓÄ»ΓÄ»ΓÄ»ΓÄ»ΓÄ»[118/145]ΓÄ»[22m[39m

[41m[1m FAIL [22m[49m [30m[42m unit [49m[39m src/tests/unit/tenantScoping.test.js[2m > [22mTenant Scoping & 
Cross-Client Isolation[2m > [22mgetById() ΓÇö admin access scope[2m > [22mreturns a shipment regardless of client 
(admin function)
[31m[1mAssertionError[22m: expected 'TESTCL' to be 'BETA' // Object.is equality[39m

Expected: [32m"BETA"[39m
Received: [31m"TESTCL"[39m

[36m [2mΓ¥»[22m src/tests/unit/tenantScoping.test.js:[2m177:33[22m[39m
    [90m175| [39m      mockPrisma.shipment.findUnique = vi.fn().mockResolvedValue(SHIPMΓÇª
    [90m176| [39m      [35mconst[39m result [33m=[39m [35mawait[39m 
shipmentService[33m.[39m[34mgetById[39m([34m3[39m)[33m;[39m
    [90m177| [39m      
[34mexpect[39m(result[33m.[39mclientCode)[33m.[39m[34mtoBe[39m([32m'BETA'[39m)[33m;[39m
    [90m   | [39m                                [31m^[39m
    [90m178| [39m    })[33m;[39m
    [90m179| [39m

[31m[2mΓÄ»ΓÄ»ΓÄ»ΓÄ»ΓÄ»ΓÄ»ΓÄ»ΓÄ»ΓÄ»ΓÄ»ΓÄ»ΓÄ»ΓÄ»ΓÄ»ΓÄ»ΓÄ»ΓÄ»ΓÄ»ΓÄ»ΓÄ»[119/145]ΓÄ»[22m[39m

[41m[1m FAIL [22m[49m [30m[42m unit [49m[39m src/tests/unit/tenantScoping.test.js[2m > [22mTenant Scoping & 
Cross-Client Isolation[2m > [22mcreate() ΓÇö wallet isolation between tenants[2m > [22mdebits Client A wallet for 
Client A shipment, not Client B
[31m[1mError[22m: Client not found: ALPHA[39m
[36m [2mΓ¥»[22m src/services/shipment.service.js:[2m307:28[22m[39m
    [90m305| [39m          select[33m:[39m { walletBalance[33m:[39m [35mtrue[39m }[33m,[39m
    [90m306| [39m        })[33m;[39m
    [90m307| [39m        if (!client) throw new AppError(`Client not found: ${payload.cΓÇª
    [90m   | [39m                           [31m^[39m
    [90m308| [39m        throw new AppError(`Insufficient wallet balance (available: Γé╣$ΓÇª
    [90m309| [39m      }
[90m [2mΓ¥»[22m Proxy._transactionWithCallback node_modules/@prisma/client/runtime/library.js:[2m130:8000[22m[39m
[90m [2mΓ¥»[22m Module.create src/services/shipment.service.js:[2m273:20[22m[39m
[90m [2mΓ¥»[22m src/tests/unit/tenantScoping.test.js:[2m194:7[22m[39m

[31m[2mΓÄ»ΓÄ»ΓÄ»ΓÄ»ΓÄ»ΓÄ»ΓÄ»ΓÄ»ΓÄ»ΓÄ»ΓÄ»ΓÄ»ΓÄ»ΓÄ»ΓÄ»ΓÄ»ΓÄ»ΓÄ»ΓÄ»ΓÄ»[120/145]ΓÄ»[22m[39m

[41m[1m FAIL [22m[49m [30m[42m unit [49m[39m src/tests/unit/tenantScoping.test.js[2m > [22mTenant Scoping & 
Cross-Client Isolation[2m > [22mcreate() ΓÇö wallet isolation between tenants[2m > [22mcreating a Client B 
shipment does not touch Client A wallet
[31m[1mError[22m: Client not found: BETA[39m
[36m [2mΓ¥»[22m src/services/shipment.service.js:[2m307:28[22m[39m
    [90m305| [39m          select[33m:[39m { walletBalance[33m:[39m [35mtrue[39m }[33m,[39m
    [90m306| [39m        })[33m;[39m
    [90m307| [39m        if (!client) throw new AppError(`Client not found: ${payload.cΓÇª
    [90m   | [39m                           [31m^[39m
    [90m308| [39m        throw new AppError(`Insufficient wallet balance (available: Γé╣$ΓÇª
    [90m309| [39m      }
[90m [2mΓ¥»[22m Proxy._transactionWithCallback node_modules/@prisma/client/runtime/library.js:[2m130:8000[22m[39m
[90m [2mΓ¥»[22m Module.create src/services/shipment.service.js:[2m273:20[22m[39m
[90m [2mΓ¥»[22m src/tests/unit/tenantScoping.test.js:[2m214:7[22m[39m

[31m[2mΓÄ»ΓÄ»ΓÄ»ΓÄ»ΓÄ»ΓÄ»ΓÄ»ΓÄ»ΓÄ»ΓÄ»ΓÄ»ΓÄ»ΓÄ»ΓÄ»ΓÄ»ΓÄ»ΓÄ»ΓÄ»ΓÄ»ΓÄ»[121/145]ΓÄ»[22m[39m

[41m[1m FAIL [22m[49m [30m[42m unit [49m[39m src/tests/unit/tenantScoping.test.js[2m > [22mTenant Scoping & 
Cross-Client Isolation[2m > [22mbulkImport() ΓÇö multi-tenant batch isolation[2m > [22mimports mixed-client batch 
without cross-contamination
[31m[1mTypeError[22m: Cannot read properties of undefined (reading '0')[39m
[36m [2mΓ¥»[22m src/tests/unit/tenantScoping.test.js:[2m247:74[22m[39m
    [90m245| [39m
    [90m246| [39m      [90m// Verify each shipment was created with its OWN clientCode[39m
    [90m247| [39m      const createManyData = mockPrisma.shipment.createMany.mock.callsΓÇª
    [90m   | [39m                                                                         [31m^[39m
    [90m248| [39m      [35mconst[39m clientCodes [33m=[39m createManyData[33m.[39m[34mmap[39m(d [33m=>[39m 
d[33m.[39mclientCode)[33m;[39m
    [90m249| [39m      [34mexpect[39m(clientCodes)[33m.[39m[34mtoEqual[39m([[32m'ALPHA'[39m[33m,[39m 
[32m'BETA'[39m[33m,[39m [32m'ALPHA'[39m])[33m;[39m

[31m[2mΓÄ»ΓÄ»ΓÄ»ΓÄ»ΓÄ»ΓÄ»ΓÄ»ΓÄ»ΓÄ»ΓÄ»ΓÄ»ΓÄ»ΓÄ»ΓÄ»ΓÄ»ΓÄ»ΓÄ»ΓÄ»ΓÄ»ΓÄ»[122/145]ΓÄ»[22m[39m

[41m[1m FAIL [22m[49m [30m[42m unit [49m[39m src/tests/unit/tenantScoping.test.js[2m > [22mTenant Scoping & 
Cross-Client Isolation[2m > [22mbulkImport() ΓÇö multi-tenant batch isolation[2m > [22mduplicate in Client A does 
not affect Client B import
[31m[1mAssertionError[22m: expected +0 to be 1 // Object.is equality[39m

[32m- Expected[39m
[31m+ Received[39m

[32m- 1[39m
[31m+ 0[39m

[36m [2mΓ¥»[22m src/tests/unit/tenantScoping.test.js:[2m267:33[22m[39m
    [90m265| [39m
    [90m266| [39m      [34mexpect[39m(result[33m.[39mimported)[33m.[39m[34mtoBe[39m([34m2[39m)[33m;[39m
    [90m267| [39m      [34mexpect[39m(result[33m.[39mduplicates)[33m.[39m[34mtoBe[39m([34m1[39m)[33m;[39m
    [90m   | [39m                                [31m^[39m
    [90m268| [39m      
[34mexpect[39m(result[33m.[39moperationalCreated)[33m.[39m[34mtoBe[39m([34m1[39m)[33m;[39m
    [90m269| [39m      

[31m[2mΓÄ»ΓÄ»ΓÄ»ΓÄ»ΓÄ»ΓÄ»ΓÄ»ΓÄ»ΓÄ»ΓÄ»ΓÄ»ΓÄ»ΓÄ»ΓÄ»ΓÄ»ΓÄ»ΓÄ»ΓÄ»ΓÄ»ΓÄ»[123/145]ΓÄ»[22m[39m

[41m[1m FAIL [22m[49m [30m[42m unit [49m[39m src/tests/unit/tenantScoping.test.js[2m > [22mTenant Scoping & 
Cross-Client Isolation[2m > [22mgetAll() ΓÇö search respects client scope[2m > [22msearching with client filter 
cannot return other tenant data
[31m[1mTypeError[22m: Cannot read properties of undefined (reading '0')[39m
[36m [2mΓ¥»[22m src/tests/unit/tenantScoping.test.js:[2m286:64[22m[39m
    [90m284| [39m      await shipmentService.getAll({ client: 'ALPHA', q: 'BETA001' }, ΓÇª
    [90m285| [39m
    [90m286| [39m      [35mconst[39m countCall [33m=[39m 
mockPrisma[33m.[39mshipment[33m.[39mcount[33m.[39mmock[33m.[39mcalls[[34m0[39m][[34m0[39m][33m;[39m
    [90m   | [39m                                                               [31m^[39m
    [90m287| [39m      
[34mexpect[39m(countCall[33m.[39mwhere[33m.[39mclientCode)[33m.[39m[34mtoBe[39m([32m'ALPHA'[39m)[33m;[39m
    [90m288| [39m      
[34mexpect[39m(countCall[33m.[39mwhere[33m.[39m[33mOR[39m)[33m.[39m[34mtoBeDefined[39m()[33m;[39m

[31m[2mΓÄ»ΓÄ»ΓÄ»ΓÄ»ΓÄ»ΓÄ»ΓÄ»ΓÄ»ΓÄ»ΓÄ»ΓÄ»ΓÄ»ΓÄ»ΓÄ»ΓÄ»ΓÄ»ΓÄ»ΓÄ»ΓÄ»ΓÄ»[124/145]ΓÄ»[22m[39m

[41m[1m FAIL [22m[49m [30m[42m unit [49m[39m src/tests/unit/trackingService.test.js[2m > 
[22mtracking.service[2m > [22mgetTimeline[2m > [22mreturns events and shipment for an AWB
[31m[1mPrismaClientValidationError[22m: 
Invalid `prisma.trackingEvent.findMany()` invocation in
C:\Users\hp\OneDrive\Desktop\seahawk-full_stack\backend\src\services\tracking.service.js:7:45

  4 const STATUSES = ['Booked','Picked Up','In Transit','Reached Hub','Out for Delivery','Delivered','Failed 
Delivery','RTO Initiated','RTO Delivered'];
  5 
  6 async function getTimeline(awb) {
ΓåÆ 7   const events = await prisma.trackingEvent.findMany({
        where: {
          awb: {
            equals: "AWB1",
            mode: "insensitive"
          }
        },
        orderBy: {
          createdAt: "desc",
          ~~~~~~~~~
      ?   id?: SortOrder,
      ?   shipmentId?: SortOrder,
      ?   awb?: SortOrder,
      ?   status?: SortOrder,
      ?   location?: SortOrder | SortOrderInput,
      ?   description?: SortOrder | SortOrderInput,
      ?   timestamp?: SortOrder,
      ?   source?: SortOrder,
      ?   rawData?: SortOrder | SortOrderInput,
      ?   shipment?: ShipmentOrderByWithRelationInput
        }
      })

Unknown argument `createdAt`. Available options are marked with ?.[39m
[90m [2mΓ¥»[22m wn node_modules/@prisma/client/runtime/library.js:[2m29:1363[22m[39m
[90m [2mΓ¥»[22m $n.handleRequestError node_modules/@prisma/client/runtime/library.js:[2m121:6958[22m[39m
[90m [2mΓ¥»[22m $n.handleAndLogRequestError node_modules/@prisma/client/runtime/library.js:[2m121:6623[22m[39m
[90m [2mΓ¥»[22m $n.request node_modules/@prisma/client/runtime/library.js:[2m121:6307[22m[39m
[90m [2mΓ¥»[22m l node_modules/@prisma/client/runtime/library.js:[2m130:9633[22m[39m
[36m [2mΓ¥»[22m Module.getTimeline src/services/tracking.service.js:[2m7:18[22m[39m
    [90m  5| [39m
    [90m  6| [39m[35masync[39m [35mfunction[39m [34mgetTimeline[39m(awb) {
    [90m  7| [39m  [35mconst[39m events [33m=[39m [35mawait[39m 
prisma[33m.[39mtrackingEvent[33m.[39m[34mfindMany[39m({
    [90m   | [39m                 [31m^[39m
    [90m  8| [39m    where[33m:[39m { awb[33m:[39m { equals[33m:[39m awb[33m,[39m mode[33m:[39m 
[32m'insensitive'[39m } }[33m,[39m
    [90m  9| [39m    orderBy[33m:[39m { createdAt[33m:[39m [32m'desc'[39m }[33m,[39m
[90m [2mΓ¥»[22m src/tests/unit/trackingService.test.js:[2m28:22[22m[39m

[31m[2mΓÄ»ΓÄ»ΓÄ»ΓÄ»ΓÄ»ΓÄ»ΓÄ»ΓÄ»ΓÄ»ΓÄ»ΓÄ»ΓÄ»ΓÄ»ΓÄ»ΓÄ»ΓÄ»ΓÄ»ΓÄ»ΓÄ»ΓÄ»[125/145]ΓÄ»[22m[39m

[41m[1m FAIL [22m[49m [30m[42m unit [49m[39m src/tests/unit/trackingService.test.js[2m > 
[22mtracking.service[2m > [22maddEvent[2m > [22mcreates event and updates shipment status
[31m[1mPrismaClientKnownRequestError[22m: 
Invalid `prisma.trackingEvent.create()` invocation in
C:\Users\hp\OneDrive\Desktop\seahawk-full_stack\backend\src\services\tracking.service.js:20:44

  17 
  18 async function addEvent({ shipmentId, awb, status, location, description, courier, source = 'MANUAL', rawData }) {
  19   // Create event
ΓåÆ 20   const event = await prisma.trackingEvent.create(
Foreign key constraint violated: `tracking_events_shipment_id_fkey (index)`[39m
[90m [2mΓ¥»[22m $n.handleRequestError node_modules/@prisma/client/runtime/library.js:[2m121:7315[22m[39m
[90m [2mΓ¥»[22m $n.handleAndLogRequestError node_modules/@prisma/client/runtime/library.js:[2m121:6623[22m[39m
[90m [2mΓ¥»[22m $n.request node_modules/@prisma/client/runtime/library.js:[2m121:6307[22m[39m
[90m [2mΓ¥»[22m l node_modules/@prisma/client/runtime/library.js:[2m130:9633[22m[39m
[36m [2mΓ¥»[22m Module.addEvent src/services/tracking.service.js:[2m20:17[22m[39m
    [90m 18| [39masync function addEvent({ shipmentId, awb, status, location, descriptiΓÇª
    [90m 19| [39m  [90m// Create event[39m
    [90m 20| [39m  [35mconst[39m event [33m=[39m [35mawait[39m 
prisma[33m.[39mtrackingEvent[33m.[39m[34mcreate[39m({
    [90m   | [39m                [31m^[39m
    [90m 21| [39m    data: { shipmentId, awb, status, location, description, courier, sΓÇª
    [90m 22| [39m  })[33m;[39m
[90m [2mΓ¥»[22m src/tests/unit/trackingService.test.js:[2m39:22[22m[39m

[31m[2mΓÄ»ΓÄ»ΓÄ»ΓÄ»ΓÄ»ΓÄ»ΓÄ»ΓÄ»ΓÄ»ΓÄ»ΓÄ»ΓÄ»ΓÄ»ΓÄ»ΓÄ»ΓÄ»ΓÄ»ΓÄ»ΓÄ»ΓÄ»[126/145]ΓÄ»[22m[39m

[41m[1m FAIL [22m[49m [30m[42m unit [49m[39m src/tests/unit/trackingService.test.js[2m > 
[22mtracking.service[2m > [22maddEvent[2m > [22mdoes not update shipment for unknown status
[31m[1mPrismaClientKnownRequestError[22m: 
Invalid `prisma.trackingEvent.create()` invocation in
C:\Users\hp\OneDrive\Desktop\seahawk-full_stack\backend\src\services\tracking.service.js:20:44

  17 
  18 async function addEvent({ shipmentId, awb, status, location, description, courier, source = 'MANUAL', rawData }) {
  19   // Create event
ΓåÆ 20   const event = await prisma.trackingEvent.create(
Foreign key constraint violated: `tracking_events_shipment_id_fkey (index)`[39m
[90m [2mΓ¥»[22m $n.handleRequestError node_modules/@prisma/client/runtime/library.js:[2m121:7315[22m[39m
[90m [2mΓ¥»[22m $n.handleAndLogRequestError node_modules/@prisma/client/runtime/library.js:[2m121:6623[22m[39m
[90m [2mΓ¥»[22m $n.request node_modules/@prisma/client/runtime/library.js:[2m121:6307[22m[39m
[90m [2mΓ¥»[22m l node_modules/@prisma/client/runtime/library.js:[2m130:9633[22m[39m
[36m [2mΓ¥»[22m Module.addEvent src/services/tracking.service.js:[2m20:17[22m[39m
    [90m 18| [39masync function addEvent({ shipmentId, awb, status, location, descriptiΓÇª
    [90m 19| [39m  [90m// Create event[39m
    [90m 20| [39m  [35mconst[39m event [33m=[39m [35mawait[39m 
prisma[33m.[39mtrackingEvent[33m.[39m[34mcreate[39m({
    [90m   | [39m                [31m^[39m
    [90m 21| [39m    data: { shipmentId, awb, status, location, description, courier, sΓÇª
    [90m 22| [39m  })[33m;[39m
[90m [2mΓ¥»[22m src/tests/unit/trackingService.test.js:[2m48:7[22m[39m

[31m[2mΓÄ»ΓÄ»ΓÄ»ΓÄ»ΓÄ»ΓÄ»ΓÄ»ΓÄ»ΓÄ»ΓÄ»ΓÄ»ΓÄ»ΓÄ»ΓÄ»ΓÄ»ΓÄ»ΓÄ»ΓÄ»ΓÄ»ΓÄ»[127/145]ΓÄ»[22m[39m

[41m[1m FAIL [22m[49m [30m[42m unit [49m[39m src/tests/unit/trackingService.test.js[2m > 
[22mtracking.service[2m > [22mbulkAddEvents[2m > [22mcreates multiple events
[31m[1mPrismaClientKnownRequestError[22m: 
Invalid `prisma.trackingEvent.createMany()` invocation in
C:\Users\hp\OneDrive\Desktop\seahawk-full_stack\backend\src\services\tracking.service.js:36:31

  33 }
  34 
  35 async function bulkAddEvents(events) {
ΓåÆ 36   return prisma.trackingEvent.createMany(
Foreign key constraint violated: `tracking_events_shipment_id_fkey (index)`[39m
[90m [2mΓ¥»[22m $n.handleRequestError node_modules/@prisma/client/runtime/library.js:[2m121:7315[22m[39m
[90m [2mΓ¥»[22m $n.handleAndLogRequestError node_modules/@prisma/client/runtime/library.js:[2m121:6623[22m[39m
[90m [2mΓ¥»[22m $n.request node_modules/@prisma/client/runtime/library.js:[2m121:6307[22m[39m
[90m [2mΓ¥»[22m l node_modules/@prisma/client/runtime/library.js:[2m130:9633[22m[39m
[36m [2mΓ¥»[22m src/tests/unit/trackingService.test.js:[2m58:22[22m[39m
    [90m 56| [39m    [34mit[39m([32m'creates multiple events'[39m[33m,[39m [35masync[39m () [33m=>[39m {
    [90m 57| [39m      mockPrisma.trackingEvent.createMany.mockResolvedValue({ count: 3ΓÇª
    [90m 58| [39m      [35mconst[39m result [33m=[39m [35mawait[39m 
trackingService[33m.[39m[34mbulkAddEvents[39m([
    [90m   | [39m                     [31m^[39m
    [90m 59| [39m        { shipmentId[33m:[39m [34m1[39m[33m,[39m awb[33m:[39m [32m'A'[39m[33m,[39m 
status[33m:[39m [32m'Booked'[39m }[33m,[39m
    [90m 60| [39m        { shipmentId[33m:[39m [34m2[39m[33m,[39m awb[33m:[39m [32m'B'[39m[33m,[39m 
status[33m:[39m [32m'InTransit'[39m }[33m,[39m

[31m[2mΓÄ»ΓÄ»ΓÄ»ΓÄ»ΓÄ»ΓÄ»ΓÄ»ΓÄ»ΓÄ»ΓÄ»ΓÄ»ΓÄ»ΓÄ»ΓÄ»ΓÄ»ΓÄ»ΓÄ»ΓÄ»ΓÄ»ΓÄ»[128/145]ΓÄ»[22m[39m

[41m[1m FAIL [22m[49m [30m[42m unit [49m[39m src/tests/unit/trackingService.test.js[2m > 
[22mtracking.service[2m > [22mgetRecentEvents[2m > [22mreturns recent events with default limit
[31m[1mPrismaClientValidationError[22m: 
Invalid `prisma.trackingEvent.findMany()` invocation in
C:\Users\hp\OneDrive\Desktop\seahawk-full_stack\backend\src\services\tracking.service.js:55:31

  52 }
  53 
  54 async function getRecentEvents(limit = 50) {
ΓåÆ 55   return prisma.trackingEvent.findMany({
         orderBy: {
           createdAt: "desc",
           ~~~~~~~~~
       ?   id?: SortOrder,
       ?   shipmentId?: SortOrder,
       ?   awb?: SortOrder,
       ?   status?: SortOrder,
       ?   location?: SortOrder | SortOrderInput,
       ?   description?: SortOrder | SortOrderInput,
       ?   timestamp?: SortOrder,
       ?   source?: SortOrder,
       ?   rawData?: SortOrder | SortOrderInput,
       ?   shipment?: ShipmentOrderByWithRelationInput
         },
         take: 50
       })

Unknown argument `createdAt`. Available options are marked with ?.[39m
[90m [2mΓ¥»[22m wn node_modules/@prisma/client/runtime/library.js:[2m29:1363[22m[39m
[90m [2mΓ¥»[22m $n.handleRequestError node_modules/@prisma/client/runtime/library.js:[2m121:6958[22m[39m
[90m [2mΓ¥»[22m $n.handleAndLogRequestError node_modules/@prisma/client/runtime/library.js:[2m121:6623[22m[39m
[90m [2mΓ¥»[22m $n.request node_modules/@prisma/client/runtime/library.js:[2m121:6307[22m[39m
[90m [2mΓ¥»[22m l node_modules/@prisma/client/runtime/library.js:[2m130:9633[22m[39m
[36m [2mΓ¥»[22m src/tests/unit/trackingService.test.js:[2m70:22[22m[39m
    [90m 68| [39m    [34mit[39m([32m'returns recent events with default limit'[39m[33m,[39m [35masync[39m () 
[33m=>[39m {
    [90m 69| [39m      
mockPrisma[33m.[39mtrackingEvent[33m.[39mfindMany[33m.[39m[34mmockResolvedValue[39m([{ id[33m:[39m 
[34m1[39m }])[33m;[39m
    [90m 70| [39m      [35mconst[39m result [33m=[39m [35mawait[39m 
trackingService[33m.[39m[34mgetRecentEvents[39m()[33m;[39m
    [90m   | [39m                     [31m^[39m
    [90m 71| [39m      [34mexpect[39m(result)[33m.[39m[34mtoHaveLength[39m([34m1[39m)[33m;[39m
    [90m 72| [39m    })[33m;[39m

[31m[2mΓÄ»ΓÄ»ΓÄ»ΓÄ»ΓÄ»ΓÄ»ΓÄ»ΓÄ»ΓÄ»ΓÄ»ΓÄ»ΓÄ»ΓÄ»ΓÄ»ΓÄ»ΓÄ»ΓÄ»ΓÄ»ΓÄ»ΓÄ»[129/145]ΓÄ»[22m[39m

[41m[1m FAIL [22m[49m [30m[42m unit [49m[39m src/tests/unit/trackingService.test.js[2m > 
[22mtracking.service[2m > [22mseedBookedEvent[2m > [22mcreates initial Booked event when none exists
[31m[1mPrismaClientValidationError[22m: 
Invalid `prisma.trackingEvent.create()` invocation in
C:\Users\hp\OneDrive\Desktop\seahawk-full_stack\backend\src\services\tracking.service.js:65:31

  62 async function seedBookedEvent(shipment) {
  63   const existing = await prisma.trackingEvent.count({ where: { shipmentId: shipment.id } });
  64   if (existing > 0) return;
ΓåÆ 65   return prisma.trackingEvent.create({
         data: {
           shipmentId: 1,
           awb: "AWB1",
           status: "Booked",
           location: "Delhi NCR ΓÇö Sea Hawk Origin Hub",
           description: "Shipment booked and accepted by Sea Hawk Courier",
           courier: "Delhivery",
           ~~~~~~~
           source: "MANUAL",
       ?   id?: Int,
       ?   timestamp?: DateTime,
       ?   rawData?: NullableJsonNullValueInput | Json
         }
       })

Unknown argument `courier`. Did you mean `source`? Available options are marked with ?.[39m
[90m [2mΓ¥»[22m wn node_modules/@prisma/client/runtime/library.js:[2m29:1363[22m[39m
[90m [2mΓ¥»[22m $n.handleRequestError node_modules/@prisma/client/runtime/library.js:[2m121:6958[22m[39m
[90m [2mΓ¥»[22m $n.handleAndLogRequestError node_modules/@prisma/client/runtime/library.js:[2m121:6623[22m[39m
[90m [2mΓ¥»[22m $n.request node_modules/@prisma/client/runtime/library.js:[2m121:6307[22m[39m
[90m [2mΓ¥»[22m l node_modules/@prisma/client/runtime/library.js:[2m130:9633[22m[39m
[36m [2mΓ¥»[22m src/tests/unit/trackingService.test.js:[2m79:7[22m[39m
    [90m 77| [39m      
mockPrisma[33m.[39mtrackingEvent[33m.[39mcount[33m.[39m[34mmockResolvedValue[39m([34m0[39m)[33m;[39m
    [90m 78| [39m      mockPrisma.trackingEvent.create.mockResolvedValue({ id: 1, statuΓÇª
    [90m 79| [39m      await trackingService.seedBookedEvent({ id: 1, awb: 'AWB1', courΓÇª
    [90m   | [39m      [31m^[39m
    [90m 80| [39m      
[34mexpect[39m(mockPrisma[33m.[39mtrackingEvent[33m.[39mcreate)[33m.[39m[34mtoHaveBeenCalled[39m()[33m;[39m
    [90m 81| [39m    })[33m;[39m

[31m[2mΓÄ»ΓÄ»ΓÄ»ΓÄ»ΓÄ»ΓÄ»ΓÄ»ΓÄ»ΓÄ»ΓÄ»ΓÄ»ΓÄ»ΓÄ»ΓÄ»ΓÄ»ΓÄ»ΓÄ»ΓÄ»ΓÄ»ΓÄ»[130/145]ΓÄ»[22m[39m

[41m[1m FAIL [22m[49m [30m[42m unit [49m[39m src/tests/unit/trackingService.test.js[2m > 
[22mtracking.service[2m > [22mseedBookedEvent[2m > [22mskips when events already exist
[31m[1mPrismaClientValidationError[22m: 
Invalid `prisma.trackingEvent.create()` invocation in
C:\Users\hp\OneDrive\Desktop\seahawk-full_stack\backend\src\services\tracking.service.js:65:31

  62 async function seedBookedEvent(shipment) {
  63   const existing = await prisma.trackingEvent.count({ where: { shipmentId: shipment.id } });
  64   if (existing > 0) return;
ΓåÆ 65   return prisma.trackingEvent.create({
         data: {
           shipmentId: 1,
           awb: "AWB1",
           status: "Booked",
           location: "Delhi NCR ΓÇö Sea Hawk Origin Hub",
           description: "Shipment booked and accepted by Sea Hawk Courier",
           courier: "Delhivery",
           ~~~~~~~
           source: "MANUAL",
       ?   id?: Int,
       ?   timestamp?: DateTime,
       ?   rawData?: NullableJsonNullValueInput | Json
         }
       })

Unknown argument `courier`. Did you mean `source`? Available options are marked with ?.[39m
[90m [2mΓ¥»[22m wn node_modules/@prisma/client/runtime/library.js:[2m29:1363[22m[39m
[90m [2mΓ¥»[22m $n.handleRequestError node_modules/@prisma/client/runtime/library.js:[2m121:6958[22m[39m
[90m [2mΓ¥»[22m $n.handleAndLogRequestError node_modules/@prisma/client/runtime/library.js:[2m121:6623[22m[39m
[90m [2mΓ¥»[22m $n.request node_modules/@prisma/client/runtime/library.js:[2m121:6307[22m[39m
[90m [2mΓ¥»[22m l node_modules/@prisma/client/runtime/library.js:[2m130:9633[22m[39m
[36m [2mΓ¥»[22m src/tests/unit/trackingService.test.js:[2m85:7[22m[39m
    [90m 83| [39m    [34mit[39m([32m'skips when events already exist'[39m[33m,[39m [35masync[39m () 
[33m=>[39m {
    [90m 84| [39m      
mockPrisma[33m.[39mtrackingEvent[33m.[39mcount[33m.[39m[34mmockResolvedValue[39m([34m3[39m)[33m;[39m
    [90m 85| [39m      await trackingService.seedBookedEvent({ id: 1, awb: 'AWB1', courΓÇª
    [90m   | [39m      [31m^[39m
    [90m 86| [39m      [34mexpect[39m(mockPrisma[33m.[39mtrackingEvent[33m.[39mcreate)[33m.[39mnot[33m.[39m
[34mtoHaveBeenCalled[39m()[33m;[39m
    [90m 87| [39m    })[33m;[39m

[31m[2mΓÄ»ΓÄ»ΓÄ»ΓÄ»ΓÄ»ΓÄ»ΓÄ»ΓÄ»ΓÄ»ΓÄ»ΓÄ»ΓÄ»ΓÄ»ΓÄ»ΓÄ»ΓÄ»ΓÄ»ΓÄ»ΓÄ»ΓÄ»[131/145]ΓÄ»[22m[39m

[41m[1m FAIL [22m[49m [30m[42m unit [49m[39m src/tests/unit/wallet.test.js[2m > [22mwallet.service[2m > 
[22mgetWallet[2m > [22mreturns client wallet info
[31m[1mError[22m: Client not found: TEST[39m
[36m [2mΓ¥»[22m Module.getWallet src/services/wallet.service.js:[2m24:22[22m[39m
    [90m 22| [39m    select[33m:[39m { code[33m:[39m [35mtrue[39m[33m,[39m company[33m:[39m 
[35mtrue[39m[33m,[39m walletBalance[33m:[39m [35mtrue[39m }[33m,[39m
    [90m 23| [39m  })[33m;[39m
    [90m 24| [39m  [35mif[39m ([33m![39mclient) [35mthrow[39m [35mnew[39m [33mError[39m([32m`Client not 
found: [39m[36m${[39mclientCode[36m}[39m[32m`[39m)[33m;[39m
    [90m   | [39m                     [31m^[39m
    [90m 25| [39m  [35mreturn[39m client[33m;[39m
    [90m 26| [39m}
[90m [2mΓ¥»[22m src/tests/unit/wallet.test.js:[2m21:22[22m[39m

[31m[2mΓÄ»ΓÄ»ΓÄ»ΓÄ»ΓÄ»ΓÄ»ΓÄ»ΓÄ»ΓÄ»ΓÄ»ΓÄ»ΓÄ»ΓÄ»ΓÄ»ΓÄ»ΓÄ»ΓÄ»ΓÄ»ΓÄ»ΓÄ»[132/145]ΓÄ»[22m[39m

[41m[1m FAIL [22m[49m [30m[42m unit [49m[39m src/tests/unit/wallet.test.js[2m > [22mwallet.service[2m > 
[22mgetBalance[2m > [22mreturns numeric balance
[31m[1mError[22m: Client not found: T[39m
[36m [2mΓ¥»[22m getWallet src/services/wallet.service.js:[2m24:22[22m[39m
    [90m 22| [39m    select[33m:[39m { code[33m:[39m [35mtrue[39m[33m,[39m company[33m:[39m 
[35mtrue[39m[33m,[39m walletBalance[33m:[39m [35mtrue[39m }[33m,[39m
    [90m 23| [39m  })[33m;[39m
    [90m 24| [39m  [35mif[39m ([33m![39mclient) [35mthrow[39m [35mnew[39m [33mError[39m([32m`Client not 
found: [39m[36m${[39mclientCode[36m}[39m[32m`[39m)[33m;[39m
    [90m   | [39m                     [31m^[39m
    [90m 25| [39m  [35mreturn[39m client[33m;[39m
    [90m 26| [39m}
[90m [2mΓ¥»[22m Module.getBalance src/services/wallet.service.js:[2m29:18[22m[39m
[90m [2mΓ¥»[22m src/tests/unit/wallet.test.js:[2m34:19[22m[39m

[31m[2mΓÄ»ΓÄ»ΓÄ»ΓÄ»ΓÄ»ΓÄ»ΓÄ»ΓÄ»ΓÄ»ΓÄ»ΓÄ»ΓÄ»ΓÄ»ΓÄ»ΓÄ»ΓÄ»ΓÄ»ΓÄ»ΓÄ»ΓÄ»[133/145]ΓÄ»[22m[39m

[41m[1m FAIL [22m[49m [30m[42m unit [49m[39m src/tests/unit/wallet.test.js[2m > [22mwallet.service[2m > 
[22mgetTransactions[2m > [22mreturns paginated transactions
[31m[1mError[22m: Client not found: T[39m
[36m [2mΓ¥»[22m getWallet src/services/wallet.service.js:[2m24:22[22m[39m
    [90m 22| [39m    select[33m:[39m { code[33m:[39m [35mtrue[39m[33m,[39m company[33m:[39m 
[35mtrue[39m[33m,[39m walletBalance[33m:[39m [35mtrue[39m }[33m,[39m
    [90m 23| [39m  })[33m;[39m
    [90m 24| [39m  [35mif[39m ([33m![39mclient) [35mthrow[39m [35mnew[39m [33mError[39m([32m`Client not 
found: [39m[36m${[39mclientCode[36m}[39m[32m`[39m)[33m;[39m
    [90m   | [39m                     [31m^[39m
    [90m 25| [39m  [35mreturn[39m client[33m;[39m
    [90m 26| [39m}
[90m [2mΓ¥»[22m Module.getTransactions src/services/wallet.service.js:[2m34:18[22m[39m
[90m [2mΓ¥»[22m src/tests/unit/wallet.test.js:[2m44:22[22m[39m

[31m[2mΓÄ»ΓÄ»ΓÄ»ΓÄ»ΓÄ»ΓÄ»ΓÄ»ΓÄ»ΓÄ»ΓÄ»ΓÄ»ΓÄ»ΓÄ»ΓÄ»ΓÄ»ΓÄ»ΓÄ»ΓÄ»ΓÄ»ΓÄ»[134/145]ΓÄ»[22m[39m

[41m[1m FAIL [22m[49m [30m[42m unit [49m[39m src/tests/unit/wallet.test.js[2m > [22mwallet.service[2m > 
[22mcredit[2m > [22mincrements balance and creates transaction
[31m[1mPrismaClientKnownRequestError[22m: 
Invalid `tx.client.update()` invocation in
C:\Users\hp\OneDrive\Desktop\seahawk-full_stack\backend\src\services\wallet.service.js:52:37

  49 async function credit({ clientCode, amount, description, reference, paymentMode, paymentId }) {
  50   const safeAmount = parseAmount(amount);
  51   return prisma.$transaction(async (tx) => {
ΓåÆ 52     const updated = await tx.client.update(
An operation failed because it depends on one or more records that were required but not found. Record to update not 
found.[39m
[90m [2mΓ¥»[22m $n.handleRequestError node_modules/@prisma/client/runtime/library.js:[2m121:7315[22m[39m
[90m [2mΓ¥»[22m $n.handleAndLogRequestError node_modules/@prisma/client/runtime/library.js:[2m121:6623[22m[39m
[90m [2mΓ¥»[22m $n.request node_modules/@prisma/client/runtime/library.js:[2m121:6307[22m[39m
[90m [2mΓ¥»[22m l node_modules/@prisma/client/runtime/library.js:[2m130:9633[22m[39m
[36m [2mΓ¥»[22m src/services/wallet.service.js:[2m52:21[22m[39m
    [90m 50| [39m  [35mconst[39m safeAmount [33m=[39m [34mparseAmount[39m(amount)[33m;[39m
    [90m 51| [39m  [35mreturn[39m prisma[33m.[39m[34m$transaction[39m([35masync[39m (tx) [33m=>[39m {
    [90m 52| [39m    [35mconst[39m updated [33m=[39m [35mawait[39m 
tx[33m.[39mclient[33m.[39m[34mupdate[39m({
    [90m   | [39m                    [31m^[39m
    [90m 53| [39m      where[33m:[39m { code[33m:[39m clientCode }[33m,[39m
    [90m 54| [39m      data[33m:[39m  { walletBalance[33m:[39m { increment[33m:[39m safeAmount } }[33m,[39m
[90m [2mΓ¥»[22m Proxy._transactionWithCallback node_modules/@prisma/client/runtime/library.js:[2m130:8000[22m[39m
[90m [2mΓ¥»[22m src/tests/unit/wallet.test.js:[2m57:22[22m[39m

[31m[2mΓÄ»ΓÄ»ΓÄ»ΓÄ»ΓÄ»ΓÄ»ΓÄ»ΓÄ»ΓÄ»ΓÄ»ΓÄ»ΓÄ»ΓÄ»ΓÄ»ΓÄ»ΓÄ»ΓÄ»ΓÄ»ΓÄ»ΓÄ»[135/145]ΓÄ»[22m[39m

[41m[1m FAIL [22m[49m [30m[42m unit [49m[39m src/tests/unit/wallet.test.js[2m > [22mwallet.service[2m > 
[22mdebit[2m > [22mdecrements balance and creates transaction
[31m[1mError[22m: Client not found: T[39m
[36m [2mΓ¥»[22m src/services/wallet.service.js:[2m136:26[22m[39m
    [90m134| [39m        select[33m:[39m { walletBalance[33m:[39m [35mtrue[39m }[33m,[39m
    [90m135| [39m      })[33m;[39m
    [90m136| [39m      [35mif[39m ([33m![39mclient) [35mthrow[39m [35mnew[39m [33mError[39m([32m`Client 
not found: [39m[36m${[39mclientCode[36m}[39m[32m`[39m)[33m;[39m
    [90m   | [39m                         [31m^[39m
    [90m137| [39m      throw new Error(`Insufficient wallet balance (available: Γé╣${toNuΓÇª
    [90m138| [39m    }
[90m [2mΓ¥»[22m Proxy._transactionWithCallback node_modules/@prisma/client/runtime/library.js:[2m130:8000[22m[39m
[90m [2mΓ¥»[22m src/tests/unit/wallet.test.js:[2m79:22[22m[39m

[31m[2mΓÄ»ΓÄ»ΓÄ»ΓÄ»ΓÄ»ΓÄ»ΓÄ»ΓÄ»ΓÄ»ΓÄ»ΓÄ»ΓÄ»ΓÄ»ΓÄ»ΓÄ»ΓÄ»ΓÄ»ΓÄ»ΓÄ»ΓÄ»[136/145]ΓÄ»[22m[39m

[41m[1m FAIL [22m[49m [30m[42m unit [49m[39m src/tests/unit/wallet.test.js[2m > [22mwallet.service[2m > 
[22mdebit[2m > [22mthrows on insufficient balance
[31m[1mAssertionError[22m: expected [Function] to throw error including 'Insufficient wallet balance' but got 
'Client not found: T'[39m

Expected: [32m"Insufficient wallet balance"[39m
Received: [31m"Client not found: T"[39m

[36m [2mΓ¥»[22m src/tests/unit/wallet.test.js:[2m88:7[22m[39m
    [90m 86| [39m      mockTx.client.findUnique = vi.fn().mockResolvedValue({ walletBalΓÇª
    [90m 87| [39m      mockPrisma[33m.[39m$transaction[33m.[39m[34mmockImplementation[39m((fn) [33m=>[39m 
[34mfn[39m(mockTx))[33m;[39m
    [90m 88| [39m      await expect(walletService.debit({ clientCode: 'T', amount: 500 ΓÇª
    [90m   | [39m      [31m^[39m
    [90m 89| [39m    })[33m;[39m
    [90m 90| [39m

[31m[2mΓÄ»ΓÄ»ΓÄ»ΓÄ»ΓÄ»ΓÄ»ΓÄ»ΓÄ»ΓÄ»ΓÄ»ΓÄ»ΓÄ»ΓÄ»ΓÄ»ΓÄ»ΓÄ»ΓÄ»ΓÄ»ΓÄ»ΓÄ»[137/145]ΓÄ»[22m[39m

[41m[1m FAIL [22m[49m [30m[42m unit [49m[39m src/tests/unit/wallet.test.js[2m > [22mwallet.service[2m > 
[22madjust[2m > [22mhandles positive adjustment (credit)
[31m[1mPrismaClientKnownRequestError[22m: 
Invalid `tx.client.update()` invocation in
C:\Users\hp\OneDrive\Desktop\seahawk-full_stack\backend\src\services\wallet.service.js:168:37

  165   throw new AppError('Adjustment amount must be non-zero.', 400);
  166 }
  167 return prisma.$transaction(async (tx) => {
ΓåÆ 168   const updated = await tx.client.update(
An operation failed because it depends on one or more records that were required but not found. Record to update not 
found.[39m
[90m [2mΓ¥»[22m $n.handleRequestError node_modules/@prisma/client/runtime/library.js:[2m121:7315[22m[39m
[90m [2mΓ¥»[22m $n.handleAndLogRequestError node_modules/@prisma/client/runtime/library.js:[2m121:6623[22m[39m
[90m [2mΓ¥»[22m $n.request node_modules/@prisma/client/runtime/library.js:[2m121:6307[22m[39m
[90m [2mΓ¥»[22m l node_modules/@prisma/client/runtime/library.js:[2m130:9633[22m[39m
[36m [2mΓ¥»[22m src/services/wallet.service.js:[2m168:21[22m[39m
    [90m166| [39m  }
    [90m167| [39m  [35mreturn[39m prisma[33m.[39m[34m$transaction[39m([35masync[39m (tx) [33m=>[39m {
    [90m168| [39m    [35mconst[39m updated [33m=[39m [35mawait[39m 
tx[33m.[39mclient[33m.[39m[34mupdate[39m({
    [90m   | [39m                    [31m^[39m
    [90m169| [39m      where[33m:[39m { code[33m:[39m clientCode }[33m,[39m
    [90m170| [39m      data:  { walletBalance: { increment: safeAmount } }, // negativeΓÇª
[90m [2mΓ¥»[22m Proxy._transactionWithCallback node_modules/@prisma/client/runtime/library.js:[2m130:8000[22m[39m
[90m [2mΓ¥»[22m src/tests/unit/wallet.test.js:[2m106:22[22m[39m

[31m[2mΓÄ»ΓÄ»ΓÄ»ΓÄ»ΓÄ»ΓÄ»ΓÄ»ΓÄ»ΓÄ»ΓÄ»ΓÄ»ΓÄ»ΓÄ»ΓÄ»ΓÄ»ΓÄ»ΓÄ»ΓÄ»ΓÄ»ΓÄ»[138/145]ΓÄ»[22m[39m

[41m[1m FAIL [22m[49m [30m[42m unit [49m[39m src/tests/unit/wallet.test.js[2m > [22mwallet.service[2m > 
[22madjust[2m > [22mhandles negative adjustment (debit)
[31m[1mPrismaClientKnownRequestError[22m: 
Invalid `tx.client.update()` invocation in
C:\Users\hp\OneDrive\Desktop\seahawk-full_stack\backend\src\services\wallet.service.js:168:37

  165   throw new AppError('Adjustment amount must be non-zero.', 400);
  166 }
  167 return prisma.$transaction(async (tx) => {
ΓåÆ 168   const updated = await tx.client.update(
An operation failed because it depends on one or more records that were required but not found. Record to update not 
found.[39m
[90m [2mΓ¥»[22m $n.handleRequestError node_modules/@prisma/client/runtime/library.js:[2m121:7315[22m[39m
[90m [2mΓ¥»[22m $n.handleAndLogRequestError node_modules/@prisma/client/runtime/library.js:[2m121:6623[22m[39m
[90m [2mΓ¥»[22m $n.request node_modules/@prisma/client/runtime/library.js:[2m121:6307[22m[39m
[90m [2mΓ¥»[22m l node_modules/@prisma/client/runtime/library.js:[2m130:9633[22m[39m
[36m [2mΓ¥»[22m src/services/wallet.service.js:[2m168:21[22m[39m
    [90m166| [39m  }
    [90m167| [39m  [35mreturn[39m prisma[33m.[39m[34m$transaction[39m([35masync[39m (tx) [33m=>[39m {
    [90m168| [39m    [35mconst[39m updated [33m=[39m [35mawait[39m 
tx[33m.[39mclient[33m.[39m[34mupdate[39m({
    [90m   | [39m                    [31m^[39m
    [90m169| [39m      where[33m:[39m { code[33m:[39m clientCode }[33m,[39m
    [90m170| [39m      data:  { walletBalance: { increment: safeAmount } }, // negativeΓÇª
[90m [2mΓ¥»[22m Proxy._transactionWithCallback node_modules/@prisma/client/runtime/library.js:[2m130:8000[22m[39m
[90m [2mΓ¥»[22m src/tests/unit/wallet.test.js:[2m115:22[22m[39m

[31m[2mΓÄ»ΓÄ»ΓÄ»ΓÄ»ΓÄ»ΓÄ»ΓÄ»ΓÄ»ΓÄ»ΓÄ»ΓÄ»ΓÄ»ΓÄ»ΓÄ»ΓÄ»ΓÄ»ΓÄ»ΓÄ»ΓÄ»ΓÄ»[139/145]ΓÄ»[22m[39m

[41m[1m FAIL [22m[49m [30m[45m integration [49m[39m 
src/tests/integration/portalTenantIsolation.integration.test.js[2m > [22mPortal Tenant Isolation[2m > [22mClient A 
sees only their own wallet balance
[31m[1mAssertionError[22m: expected '1000' to be 1000 // Object.is equality[39m

[32m- Expected:[39m 
1000

[31m+ Received:[39m 
"1000"

[36m [2mΓ¥»[22m src/tests/integration/portalTenantIsolation.integration.test.js:[2m158:45[22m[39m
    [90m156| [39m    [90m// Client A wallet balance should be 1000 (not 2000 which is B's)[39m
    [90m157| [39m    [90m// The wallet API returns { wallet: { walletBalance }, txns }[39m

    [90m158| [39m    [34mexpect[39m(walletData[33m.[39mwallet[33m.[39mwalletBalance)[33m.[39m[34mtoBe[39m(
[34m1000[39m)[33m;[39m
    [90m   | [39m                                            [31m^[39m
    [90m159| [39m  })[33m;[39m
    [90m160| [39m

[31m[2mΓÄ»ΓÄ»ΓÄ»ΓÄ»ΓÄ»ΓÄ»ΓÄ»ΓÄ»ΓÄ»ΓÄ»ΓÄ»ΓÄ»ΓÄ»ΓÄ»ΓÄ»ΓÄ»ΓÄ»ΓÄ»ΓÄ»ΓÄ»[140/145]ΓÄ»[22m[39m

[41m[1m FAIL [22m[49m [30m[45m integration [49m[39m src/tests/integration/scanner.e2e.test.js[2m > 
[22mScanner API Integration Tests[2m > [22mPOST /api/shipments/scan-mobile[2m > [22mupdates an existing imported 
shipment instead of creating a second shipment
[31m[1mAssertionError[22m: expected [ +0, 245 ] to include 0[39m
[36m [2mΓ¥»[22m src/tests/integration/scanner.e2e.test.js:[2m390:24[22m[39m
    [90m388| [39m      
[34mexpect[39m(shipments[[34m0[39m][33m.[39mpincode)[33m.[39m[34mtoBe[39m([32m'143001'[39m)[33m;[39m
    [90m389| [39m      
[34mexpect[39m(shipments[[34m0[39m][33m.[39mweight)[33m.[39m[34mtoBe[39m([34m3.1[39m)[33m;[39m
    [90m390| [39m      expect([0, 245]).toContain(shipments[0].amount); // scan may or ΓÇª
    [90m   | [39m                       [31m^[39m
    [90m391| [39m      expect(shipments[0].date).toBe('2026-04-17'); // scan preserves ΓÇª
    [90m392| [39m    })[33m;[39m

[31m[2mΓÄ»ΓÄ»ΓÄ»ΓÄ»ΓÄ»ΓÄ»ΓÄ»ΓÄ»ΓÄ»ΓÄ»ΓÄ»ΓÄ»ΓÄ»ΓÄ»ΓÄ»ΓÄ»ΓÄ»ΓÄ»ΓÄ»ΓÄ»[141/145]ΓÄ»[22m[39m

[41m[1m FAIL [22m[49m [30m[45m integration [49m[39m 
src/tests/integration/shipmentLifecycle.integration.test.js[2m > [22mShipment Lifecycle Integration[2m > [22mFull 
Shipment Lifecycle (Booked -> InTransit -> Delivered -> Terminal Lock)
[31m[1mAssertionError[22m: expected 150 to be 150 // Object.is equality[39m

[32m- Expected:[39m 
150

[31m+ Received:[39m 
[2m Test Files [22m [1m[31m22 failed[39m[22m[2m | [22m[1m[32m57 passed[39m[22m[90m (79)[39m
[2m      Tests [22m [1m[31m145 failed[39m[22m[2m | [22m[1m[32m511 passed[39m[22m[90m (656)[39m
[2m   Start at [22m 13:17:49
[2m   Duration [22m 70.35s[2m (transform 6.11s, setup 8.24s, collect 86.76s, tests 88.71s, environment 70ms, prepare 70.67s)[22m

i {
  "constructor": [Function i],
  "d": [
    150,
  ],
  "e": 2,
  "s": 1,
}

[36m [2mΓ¥»[22m src/tests/integration/shipmentLifecycle.integration.test.js:[2m91:29[22m[39m
    [90m 89| [39m    })[33m;[39m
    [90m 90| [39m    [34mexpect[39m(walletTx)[33m.[39m[34mtoBeDefined[39m()[33m;[39m
    [90m 91| [39m    [34mexpect[39m(walletTx[33m.[39mamount)[33m.[39m[34mtoBe[39m([34m150[39m)[33m;[39m
    [90m   | [39m                            [31m^[39m
    [90m 92| [39m
    [90m 93| [39m    [90m// 2. Transition to PickedUp[39m

[31m[2mΓÄ»ΓÄ»ΓÄ»ΓÄ»ΓÄ»ΓÄ»ΓÄ»ΓÄ»ΓÄ»ΓÄ»ΓÄ»ΓÄ»ΓÄ»ΓÄ»ΓÄ»ΓÄ»ΓÄ»ΓÄ»ΓÄ»ΓÄ»[142/145]ΓÄ»[22m[39m

[41m[1m FAIL [22m[49m [30m[45m integration [49m[39m src/tests/integration/wallet-chaos.test.js[2m > 
[22mWallet Chaos & Concurrency Tests[2m > [22m5 concurrent credit adjustments all succeed and balance is correct
[31m[1mAssertionError[22m: expected '50' to be '050' // Object.is equality[39m

Expected: [32m"[7m0[27m50"[39m
Received: [31m"50"[39m

[36m [2mΓ¥»[22m src/tests/integration/wallet-chaos.test.js:[2m84:37[22m[39m
    [90m 82| [39m    
    [90m 83| [39m    const expectedBalance = initialBalance + (successes.length * crediΓÇª
    [90m 84| [39m    [34mexpect[39m(after[33m.[39mbody[33m.[39mdata[33m.[39mbalance)[33m.[39m[34mtoBe[39m
(expectedBalance)[33m;[39m
    [90m   | [39m                                    [31m^[39m
    [90m 85| [39m    [34mexpect[39m(successes[33m.[39mlength)[33m.[39m[34mtoBe[39m(concurrency)[33m;[39m
    [90m 86| [39m  })[33m;[39m

[31m[2mΓÄ»ΓÄ»ΓÄ»ΓÄ»ΓÄ»ΓÄ»ΓÄ»ΓÄ»ΓÄ»ΓÄ»ΓÄ»ΓÄ»ΓÄ»ΓÄ»ΓÄ»ΓÄ»ΓÄ»ΓÄ»ΓÄ»ΓÄ»[143/145]ΓÄ»[22m[39m

[41m[1m FAIL [22m[49m [30m[45m integration [49m[39m src/tests/integration/wallet-chaos.test.js[2m > 
[22mWallet Chaos & Concurrency Tests[2m > [22mconcurrent debits cannot create a negative balance
[31m[1mTypeError[22m: actual value must be number or bigint, received "string"[39m
[36m [2mΓ¥»[22m src/tests/integration/wallet-chaos.test.js:[2m133:37[22m[39m
    [90m131| [39m      [33m.[39m[35mset[39m([32m'Authorization'[39m[33m,[39m [32m`Bearer 
[39m[36m${[39mownerToken[36m}[39m[32m`[39m)[33m;[39m
    [90m132| [39m    
    [90m133| [39m    [34mexpect[39m(after[33m.[39mbody[33m.[39mdata[33m.[39mbalance)[33m.[39m[34mtoBeGreat
erThanOrEqual[39m([34m0[39m)[33m;[39m
    [90m   | [39m                                    [31m^[39m
    [90m134| [39m  })[33m;[39m
    [90m135| [39m

[31m[2mΓÄ»ΓÄ»ΓÄ»ΓÄ»ΓÄ»ΓÄ»ΓÄ»ΓÄ»ΓÄ»ΓÄ»ΓÄ»ΓÄ»ΓÄ»ΓÄ»ΓÄ»ΓÄ»ΓÄ»ΓÄ»ΓÄ»ΓÄ»[144/145]ΓÄ»[22m[39m

[41m[1m FAIL [22m[49m [30m[45m integration [49m[39m src/tests/integration/wallet-chaos.test.js[2m > 
[22mWallet Chaos & Concurrency Tests[2m > [22mrapid interleaved credit/debit operations maintain consistency
[31m[1mAssertionError[22m: expected '200' to be '0200' // Object.is equality[39m

Expected: [32m"[7m0[27m200"[39m
Received: [31m"200"[39m

[36m [2mΓ¥»[22m src/tests/integration/wallet-chaos.test.js:[2m181:37[22m[39m
    [90m179| [39m    
    [90m180| [39m    [35mconst[39m expectedNet [33m=[39m startBalance [33m+[39m [34m200[39m[33m;[39m
    [90m181| [39m    [34mexpect[39m(after[33m.[39mbody[33m.[39mdata[33m.[39mbalance)[33m.[39m[34mtoBe[39m
(expectedNet)[33m;[39m
    [90m   | [39m                                    [31m^[39m
    [90m182| [39m  })[33m;[39m
    [90m183| [39m})[33m;[39m

[31m[2mΓÄ»ΓÄ»ΓÄ»ΓÄ»ΓÄ»ΓÄ»ΓÄ»ΓÄ»ΓÄ»ΓÄ»ΓÄ»ΓÄ»ΓÄ»ΓÄ»ΓÄ»ΓÄ»ΓÄ»ΓÄ»ΓÄ»ΓÄ»[145/145]ΓÄ»[22m[39m

