npx : [33mThe CJS build of Vite's Node API is deprecated. See 
https://vite.dev/guide/troubleshooting.html#vite-cjs-node-api-deprecated for more details.[39m
At line:1 char:1
+ npx vitest run 2>&1 | Out-File -FilePath "test-output.txt" -Encoding  ...
+ ~~~~~~~~~~~~~~~~~~~
    + CategoryInfo          : NotSpecified: ([33mThe CJS bu...e details.[39m:String) [], RemoteException
    + FullyQualifiedErrorId : NativeCommandError
 
[1m[43m DEPRECATED [49m[22m [33mThe workspace file is deprecated and will be removed in the next major. Please, 
use the `test.projects` field in C:/Users/hp/OneDrive/Desktop/seahawk-full_stack/backend/vitest.config.js instead.[39m

[1m[46m RUN [49m[22m [36mv3.2.4 [39m[90mC:/Users/hp/OneDrive/Desktop/seahawk-full_stack/backend[39m

≡ƒÜÇ Setting up Integration Test Database...
≡ƒöÆ Using isolated test schema: test_suite_1777785452524_30464
≡ƒôª Pushing Prisma schema to test database...
Environment variables loaded from .env
Prisma schema loaded from prisma\schema.prisma
Datasource "db": PostgreSQL database "seahawk_test", schema "test_suite_1777785452524_30464" at "localhost:5432"

Your database is now in sync with your Prisma schema. Done in 1.84s

Γ£à Test database ready.

[90mstdout[2m | src/tests/unit/pickupService.test.js[2m > [22m[2mpickup.service[2m > [22m[2mcreate[2m > [22m[2mcreates a pickup request with unique refNo
[22m[39m10:47:44 [[31merror[39m]: [31mPrisma error: [39m
[31mInvalid `prisma.pickupRequest.findUnique()` invocation in[39m
[31mC:\Users\hp\OneDrive\Desktop\seahawk-full_stack\backend\src\services\pickup.service.js:13:37[39m

[31m  10 async function create(data) {[39m
[31m  11   let refNo = genRef();[39m
[31m  12   // Ensure uniqueness[39m
[31mΓåÆ 13   while (await prisma.pickupRequest.findUnique({[39m
[31m         where: {[39m
[31m           refNo: "SHK-2026-8485",[39m
[31m           ~~~~~[39m
[31m       ?   id?: Int,[39m
[31m       ?   requestNo?: String,[39m
[31m       ?   AND?: PickupRequestWhereInput | PickupRequestWhereInput[],[39m
[31m       ?   OR?: PickupRequestWhereInput[],[39m
[31m       ?   NOT?: PickupRequestWhereInput | PickupRequestWhereInput[],[39m
[31m       ?   clientCode?: StringNullableFilter | String | Null,[39m
[31m       ?   contactName?: StringFilter | String,[39m
[31m       ?   contactPhone?: StringFilter | String,[39m
[31m       ?   contactEmail?: StringNullableFilter | String | Null,[39m
[31m       ?   pickupAddress?: StringFilter | String,[39m
[31m       ?   pickupCity?: StringFilter | String,[39m
[31m       ?   pickupPin?: StringFilter | String,[39m
[31m       ?   deliveryAddress?: StringNullableFilter | String | Null,[39m
[31m       ?   deliveryCity?: StringNullableFilter | String | Null,[39m
[31m       ?   deliveryState?: StringNullableFilter | String | Null,[39m
[31m       ?   deliveryCountry?: StringFilter | String,[39m
[31m       ?   packageType?: StringFilter | String,[39m
[31m       ?   weightGrams?: DecimalFilter | Decimal,[39m
[31m       ?   pieces?: IntFilter | Int,[39m
[31m       ?   service?: StringFilter | String,[39m
[31m       ?   declaredValue?: DecimalNullableFilter | Decimal | Null,[39m
[31m       ?   notes?: StringNullableFilter | String | Null,[39m
[31m       ?   source?: StringFilter | String,[39m
[31m       ?   preferredCarrier?: StringNullableFilter | String | Null,[39m
[31m       ?   scheduledDate?: StringFilter | String,[39m
[31m       ?   timeSlot?: StringFilter | String,[39m
[31m       ?   assignedAgentId?: IntNullableFilter | Int | Null,[39m
[31m       ?   assignedAt?: DateTimeNullableFilter | DateTime | Null,[39m
[31m       ?   completedAt?: DateTimeNullableFilter | DateTime | Null,[39m
[31m       ?   status?: StringFilter | String,[39m
[31m       ?   createdAt?: DateTimeFilter | DateTime,[39m
[31m       ?   updatedAt?: DateTimeFilter | DateTime,[39m
[31m       ?   client?: ClientNullableRelationFilter | ClientWhereInput | Null,[39m
[31m       ?   assignedAgent?: UserNullableRelationFilter | UserWhereInput | Null[39m
[31m         }[39m
[31m       })[39m

[31mUnknown argument `refNo`. Available options are marked with ?.[39m
  {
  "target": "pickupRequest.findUnique"
}

[90mstdout[2m | src/tests/unit/pickupService.test.js[2m > [22m[2mpickup.service[2m > [22m[2mcreate[2m > [22m[2mretries on refNo collision
[22m[39m10:47:44 [[31merror[39m]: [31mPrisma error: [39m
[31mInvalid `prisma.pickupRequest.findUnique()` invocation in[39m
[31mC:\Users\hp\OneDrive\Desktop\seahawk-full_stack\backend\src\services\pickup.service.js:13:37[39m

[31m  10 async function create(data) {[39m
[31m  11   let refNo = genRef();[39m
[31m  12   // Ensure uniqueness[39m
[31mΓåÆ 13   while (await prisma.pickupRequest.findUnique({[39m
[31m         where: {[39m
[31m           refNo: "SHK-2026-2630",[39m
[31m           ~~~~~[39m
[31m       ?   id?: Int,[39m
[31m       ?   requestNo?: String,[39m
[31m       ?   AND?: PickupRequestWhereInput | PickupRequestWhereInput[],[39m
[31m       ?   OR?: PickupRequestWhereInput[],[39m
[31m       ?   NOT?: PickupRequestWhereInput | PickupRequestWhereInput[],[39m
[31m       ?   clientCode?: StringNullableFilter | String | Null,[39m
[31m       ?   contactName?: StringFilter | String,[39m
[31m       ?   contactPhone?: StringFilter | String,[39m
[31m       ?   contactEmail?: StringNullableFilter | String | Null,[39m
[31m       ?   pickupAddress?: StringFilter | String,[39m
[31m       ?   pickupCity?: StringFilter | String,[39m
[31m       ?   pickupPin?: StringFilter | String,[39m
[31m       ?   deliveryAddress?: StringNullableFilter | String | Null,[39m
[31m       ?   deliveryCity?: StringNullableFilter | String | Null,[39m
[31m       ?   deliveryState?: StringNullableFilter | String | Null,[39m
[31m       ?   deliveryCountry?: StringFilter | String,[39m
[31m       ?   packageType?: StringFilter | String,[39m
[31m       ?   weightGrams?: DecimalFilter | Decimal,[39m
[31m       ?   pieces?: IntFilter | Int,[39m
[31m       ?   service?: StringFilter | String,[39m
[31m       ?   declaredValue?: DecimalNullableFilter | Decimal | Null,[39m
[31m       ?   notes?: StringNullableFilter | String | Null,[39m
[31m       ?   source?: StringFilter | String,[39m
[31m       ?   preferredCarrier?: StringNullableFilter | String | Null,[39m
[31m       ?   scheduledDate?: StringFilter | String,[39m
[31m       ?   timeSlot?: StringFilter | String,[39m
[31m       ?   assignedAgentId?: IntNullableFilter | Int | Null,[39m
[31m       ?   assignedAt?: DateTimeNullableFilter | DateTime | Null,[39m
[31m       ?   completedAt?: DateTimeNullableFilter | DateTime | Null,[39m
[31m       ?   status?: StringFilter | String,[39m
[31m       ?   createdAt?: DateTimeFilter | DateTime,[39m
[31m       ?   updatedAt?: DateTimeFilter | DateTime,[39m
[31m       ?   client?: ClientNullableRelationFilter | ClientWhereInput | Null,[39m
[31m       ?   assignedAgent?: UserNullableRelationFilter | UserWhereInput | Null[39m
[31m         }[39m
[31m       })[39m

[31mUnknown argument `refNo`. Available options are marked with ?.[39m
  {
  "target": "pickupRequest.findUnique"
}

[90mstdout[2m | src/tests/unit/pickupService.test.js[2m > [22m[2mpickup.service[2m > [22m[2mgetAll[2m > [22m[2mfilters by date
[22m[39m10:47:44 [[31merror[39m]: [31mPrisma error: [39m
[31mInvalid `prisma.pickupRequest.findMany()` invocation in[39m
[31mC:\Users\hp\OneDrive\Desktop\seahawk-full_stack\backend\src\services\pickup.service.js:24:26[39m

[31m  21 if (status) where.status = status;[39m
[31m  22 if (date)   where.pickupDate = date;[39m
[31m  23 const [items, total] = await Promise.all([[39m
[31mΓåÆ 24   prisma.pickupRequest.findMany({[39m
[31m         where: {[39m
[31m           pickupDate: "2026-04-05",[39m
[31m           ~~~~~~~~~~[39m
[31m       ?   AND?: PickupRequestWhereInput | PickupRequestWhereInput[],[39m
[31m       ?   OR?: PickupRequestWhereInput[],[39m
[31m       ?   NOT?: PickupRequestWhereInput | PickupRequestWhereInput[],[39m
[31m       ?   id?: IntFilter | Int,[39m
[31m       ?   requestNo?: StringFilter | String,[39m
[31m       ?   clientCode?: StringNullableFilter | String | Null,[39m
[31m       ?   contactName?: StringFilter | String,[39m
[31m       ?   contactPhone?: StringFilter | String,[39m
[31m       ?   contactEmail?: StringNullableFilter | String | Null,[39m
[31m       ?   pickupAddress?: StringFilter | String,[39m
[31m       ?   pickupCity?: StringFilter | String,[39m
[31m       ?   pickupPin?: StringFilter | String,[39m
[31m       ?   deliveryAddress?: StringNullableFilter | String | Null,[39m
[31m       ?   deliveryCity?: StringNullableFilter | String | Null,[39m
[31m       ?   deliveryState?: StringNullableFilter | String | Null,[39m
[31m       ?   deliveryCountry?: StringFilter | String,[39m
[31m       ?   packageType?: StringFilter | String,[39m
[31m       ?   weightGrams?: DecimalFilter | Decimal,[39m
[31m       ?   pieces?: IntFilter | Int,[39m
[31m       ?   service?: StringFilter | String,[39m
[31m       ?   declaredValue?: DecimalNullableFilter | Decimal | Null,[39m
[31m       ?   notes?: StringNullableFilter | String | Null,[39m
[31m       ?   source?: StringFilter | String,[39m
[31m       ?   preferredCarrier?: StringNullableFilter | String | Null,[39m
[31m       ?   scheduledDate?: StringFilter | String,[39m
[31m       ?   timeSlot?: StringFilter | String,[39m
[31m       ?   assignedAgentId?: IntNullableFilter | Int | Null,[39m
[31m       ?   assignedAt?: DateTimeNullableFilter | DateTime | Null,[39m
[31m       ?   completedAt?: DateTimeNullableFilter | DateTime | Null,[39m
[31m       ?   status?: StringFilter | String,[39m
[31m       ?   createdAt?: DateTimeFilter | DateTime,[39m
[31m       ?   updatedAt?: DateTimeFilter | DateTime,[39m
[31m       ?   client?: ClientNullableRelationFilter | ClientWhereInput | Null,[39m
[31m       ?   assignedAgent?: UserNullableRelationFilter | UserWhereInput | Null[39m
[31m         },[39m
[31m         orderBy: {[39m
[31m           createdAt: "desc"[39m
[31m         },[39m
[31m         skip: 0,[39m
[31m         take: 50[39m
[31m       })[39m

[31mUnknown argument `pickupDate`. Did you mean `pickupCity`? Available options are marked with ?.[39m
  {
  "target": "pickupRequest.findMany"
}

[90mstdout[2m | src/tests/unit/pickupService.test.js[2m > [22m[2mpickup.service[2m > [22m[2mgetOne[2m > [22m[2mreturns a single pickup request
[22m[39m10:47:44 [[31merror[39m]: [31mPrisma error: [39m
[31mInvalid `prisma.pickupRequest.count()` invocation in[39m
[31mC:\Users\hp\OneDrive\Desktop\seahawk-full_stack\backend\src\services\pickup.service.js:28:26[39m

[31m  25   where, orderBy: { createdAt: 'desc' },[39m
[31m  26   skip: (page - 1) * limit, take: limit,[39m
[31m  27 }),[39m
[31mΓåÆ 28 prisma.pickupRequest.count({[39m
[31m       select: {[39m
[31m         _count: {[39m
[31m           select: {[39m
[31m             _all: true[39m
[31m           }[39m
[31m         }[39m
[31m       },[39m
[31m       where: {[39m
[31m         pickupDate: "2026-04-05",[39m
[31m         ~~~~~~~~~~[39m
[31m     ?   AND?: PickupRequestWhereInput | PickupRequestWhereInput[],[39m
[31m     ?   OR?: PickupRequestWhereInput[],[39m
[31m     ?   NOT?: PickupRequestWhereInput | PickupRequestWhereInput[],[39m
[31m     ?   id?: IntFilter | Int,[39m
[31m     ?   requestNo?: StringFilter | String,[39m
[31m     ?   clientCode?: StringNullableFilter | String | Null,[39m
[31m     ?   contactName?: StringFilter | String,[39m
[31m     ?   contactPhone?: StringFilter | String,[39m
[31m     ?   contactEmail?: StringNullableFilter | String | Null,[39m
[31m     ?   pickupAddress?: StringFilter | String,[39m
[31m     ?   pickupCity?: StringFilter | String,[39m
[31m     ?   pickupPin?: StringFilter | String,[39m
[31m     ?   deliveryAddress?: StringNullableFilter | String | Null,[39m
[31m     ?   deliveryCity?: StringNullableFilter | String | Null,[39m
[31m     ?   deliveryState?: StringNullableFilter | String | Null,[39m
[31m     ?   deliveryCountry?: StringFilter | String,[39m
[31m     ?   packageType?: StringFilter | String,[39m
[31m     ?   weightGrams?: DecimalFilter | Decimal,[39m
[31m     ?   pieces?: IntFilter | Int,[39m
[31m     ?   service?: StringFilter | String,[39m
[31m     ?   declaredValue?: DecimalNullableFilter | Decimal | Null,[39m
[31m     ?   notes?: StringNullableFilter | String | Null,[39m
[31m     ?   source?: StringFilter | String,[39m
[31m     ?   preferredCarrier?: StringNullableFilter | String | Null,[39m
[31m     ?   scheduledDate?: StringFilter | String,[39m
[31m     ?   timeSlot?: StringFilter | String,[39m
[31m     ?   assignedAgentId?: IntNullableFilter | Int | Null,[39m
[31m     ?   assignedAt?: DateTimeNullableFilter | DateTime | Null,[39m
[31m     ?   completedAt?: DateTimeNullableFilter | DateTime | Null,[39m
[31m     ?   status?: StringFilter | String,[39m
[31m     ?   createdAt?: DateTimeFilter | DateTime,[39m
[31m     ?   updatedAt?: DateTimeFilter | DateTime,[39m
[31m     ?   client?: ClientNullableRelationFilter | ClientWhereInput | Null,[39m
[31m     ?   assignedAgent?: UserNullableRelationFilter | UserWhereInput | Null[39m
[31m       }[39m
[31m     })[39m

[31mUnknown argument `pickupDate`. Did you mean `pickupCity`? Available options are marked with ?.[39m
  {
  "target": "pickupRequest.count"
}

[90mstdout[2m | src/tests/unit/wallet.test.js[2m > [22m[2mwallet.service[2m > [22m[2mcredit[2m > [22m[2mincrements balance and creates transaction
[22m[39m10:47:44 [[31merror[39m]: [31mPrisma error: [39m
[31mInvalid `tx.client.update()` invocation in[39m
[31mC:\Users\hp\OneDrive\Desktop\seahawk-full_stack\backend\src\services\wallet.service.js:52:37[39m

[31m  49 async function credit({ clientCode, amount, description, reference, paymentMode, paymentId }) {[39m
[31m  50   const safeAmount = parseAmount(amount);[39m
[31m  51   return prisma.$transaction(async (tx) => {[39m
[31mΓåÆ 52     const updated = await tx.client.update([39m
[31mAn operation failed because it depends on one or more records that were required but not found. Record to update not found.[39m
  {
  "target": "client.update"
}

[90mstdout[2m | src/tests/unit/pickupService.test.js[2m > [22m[2mpickup.service[2m > [22m[2massign[2m > [22m[2massigns agent and marks as ASSIGNED
[22m[39m10:47:44 [[31merror[39m]: [31mPrisma error: [39m
[31mInvalid `prisma.pickupRequest.update()` invocation in[39m
[31mC:\Users\hp\OneDrive\Desktop\seahawk-full_stack\backend\src\services\pickup.service.js:38:31[39m

[31m  35 }[39m
[31m  36 [39m
[31m  37 async function assign(id, agentId) {[39m
[31mΓåÆ 38   return prisma.pickupRequest.update([39m
[31mAn operation failed because it depends on one or more records that were required but not found. Record to update not found.[39m
  {
  "target": "pickupRequest.update"
}

[90mstdout[2m | src/tests/unit/pickupService.test.js[2m > [22m[2mpickup.service[2m > [22m[2mupdateStatus[2m > [22m[2mupdates status to COMPLETED
[22m[39m10:47:44 [[31merror[39m]: [31mPrisma error: [39m
[31mInvalid `prisma.pickupRequest.update()` invocation in[39m
[31mC:\Users\hp\OneDrive\Desktop\seahawk-full_stack\backend\src\services\pickup.service.js:47:31[39m

[31m  44 async function updateStatus(id, status) {[39m
[31m  45   const data = { status };[39m
[31m  46   if (status === 'COMPLETED') data.completedAt = new Date();[39m
[31mΓåÆ 47   return prisma.pickupRequest.update([39m
[31mAn operation failed because it depends on one or more records that were required but not found. Record to update not found.[39m
  {
  "target": "pickupRequest.update"
}

[90mstdout[2m | src/tests/unit/authMiddleware.test.js[2m > [22m[2mauth.middleware[2m > [22m[2mprotect[2m > [22m[2mauthenticates with valid Bearer token
[22m[39m10:47:44 [[31merror[39m]: [31mPrisma error: [39m
[31mInvalid `prisma.user.findUnique()` invocation in[39m
[31mC:\Users\hp\OneDrive\Desktop\seahawk-full_stack\backend\src\middleware\auth.middleware.js:48:32[39m

[31m  45 const cached = lruGet(cacheKey);[39m
[31m  46 let user = cached && cached.expiresAt > Date.now() ? cached.user : null;[39m
[31m  47 if (!user) {[39m
[31mΓåÆ 48   user = await prisma.user.findUnique([39m
[31mAuthentication failed against database server at `localhost`, the provided database credentials for `mock` are not valid.[39m

[31mPlease make sure to provide valid database credentials for the database server at `localhost`.[39m
  {
  "target": "user.findUnique"
}

[90mstdout[2m | src/tests/unit/rateCompareService.test.js[2m > [22m[2mrateCompare.service[2m > [22m[2mcompareRates[2m > [22m[2mreturns sorted domestic rates for standard zone
[22m[39m10:47:44 [[31merror[39m]: [31mPrisma error: [39m
[31mInvalid `prisma.rateVersion.findMany()` invocation in[39m
[31mC:\Users\hp\OneDrive\Desktop\seahawk-full_stack\backend\src\services\rateCompare.service.js:105:51[39m

[31m  102 if (!zone) throw new Error('Zone is required');[39m
[31m  103 [39m
[31m  104 // Fetch dynamic rates from database[39m
[31mΓåÆ 105 const activeVersions = await prisma.rateVersion.findMany({[39m
[31m        where: {[39m
[31m          active: true,[39m
[31m          ~~~~~~[39m
[31m      ?   AND?: RateVersionWhereInput | RateVersionWhereInput[],[39m
[31m      ?   OR?: RateVersionWhereInput[],[39m
[31m      ?   NOT?: RateVersionWhereInput | RateVersionWhereInput[],[39m
[31m      ?   id?: IntFilter | Int,[39m
[31m      ?   courier?: StringFilter | String,[39m
[31m      ?   effectiveDate?: StringFilter | String,[39m
[31m      ?   uploadedById?: IntNullableFilter | Int | Null,[39m
[31m      ?   notes?: StringNullableFilter | String | Null,[39m
[31m      ?   dataJson?: JsonFilter,[39m
[31m      ?   createdAt?: DateTimeFilter | DateTime,[39m
[31m      ?   uploadedBy?: UserNullableRelationFilter | UserWhereInput | Null[39m
[31m        }[39m
[31m      })[39m

[31mUnknown argument `active`. Available options are marked with ?.[39m
  {
  "target": "rateVersion.findMany"
}

[90mstdout[2m | src/tests/unit/pickupService.test.js[2m > [22m[2mpickup.service[2m > [22m[2mupdateStatus[2m > [22m[2mupdates status to IN_PROGRESS without completedAt
[22m[39m10:47:44 [[31merror[39m]: [31mPrisma error: [39m
[31mInvalid `prisma.pickupRequest.update()` invocation in[39m
[31mC:\Users\hp\OneDrive\Desktop\seahawk-full_stack\backend\src\services\pickup.service.js:47:31[39m

[31m  44 async function updateStatus(id, status) {[39m
[31m  45   const data = { status };[39m
[31m  46   if (status === 'COMPLETED') data.completedAt = new Date();[39m
[31mΓåÆ 47   return prisma.pickupRequest.update([39m
[31mAn operation failed because it depends on one or more records that were required but not found. Record to update not found.[39m
  {
  "target": "pickupRequest.update"
}

[90mstdout[2m | src/tests/unit/rateCompareService.test.js[2m > [22m[2mrateCompare.service[2m > [22m[2mcompareRates[2m > [22m[2mreturns multiple modes per carrier
[22m[39m10:47:44 [[31merror[39m]: [31mPrisma error: [39m
[31mInvalid `prisma.rateVersion.findMany()` invocation in[39m
[31mC:\Users\hp\OneDrive\Desktop\seahawk-full_stack\backend\src\services\rateCompare.service.js:105:51[39m

[31m  102 if (!zone) throw new Error('Zone is required');[39m
[31m  103 [39m
[31m  104 // Fetch dynamic rates from database[39m
[31mΓåÆ 105 const activeVersions = await prisma.rateVersion.findMany({[39m
[31m        where: {[39m
[31m          active: true,[39m
[31m          ~~~~~~[39m
[31m      ?   AND?: RateVersionWhereInput | RateVersionWhereInput[],[39m
[31m      ?   OR?: RateVersionWhereInput[],[39m
[31m      ?   NOT?: RateVersionWhereInput | RateVersionWhereInput[],[39m
[31m      ?   id?: IntFilter | Int,[39m
[31m      ?   courier?: StringFilter | String,[39m
[31m      ?   effectiveDate?: StringFilter | String,[39m
[31m      ?   uploadedById?: IntNullableFilter | Int | Null,[39m
[31m      ?   notes?: StringNullableFilter | String | Null,[39m
[31m      ?   dataJson?: JsonFilter,[39m
[31m      ?   createdAt?: DateTimeFilter | DateTime,[39m
[31m      ?   uploadedBy?: UserNullableRelationFilter | UserWhereInput | Null[39m
[31m        }[39m
[31m      })[39m

[31mUnknown argument `active`. Available options are marked with ?.[39m
  {
  "target": "rateVersion.findMany"
}

[90mstdout[2m | src/tests/unit/rateCompareService.test.js[2m > [22m[2mrateCompare.service[2m > [22m[2mcompareRates[2m > [22m[2mflags cheapest, fastest, and bestValue
[22m[39m10:47:44 [[31merror[39m]: [31mPrisma error: [39m
[31mInvalid `prisma.rateVersion.findMany()` invocation in[39m
[31mC:\Users\hp\OneDrive\Desktop\seahawk-full_stack\backend\src\services\rateCompare.service.js:105:51[39m

[31m  102 if (!zone) throw new Error('Zone is required');[39m
[31m  103 [39m
[31m  104 // Fetch dynamic rates from database[39m
[31mΓåÆ 105 const activeVersions = await prisma.rateVersion.findMany({[39m
[31m        where: {[39m
[31m          active: true,[39m
[31m          ~~~~~~[39m
[31m      ?   AND?: RateVersionWhereInput | RateVersionWhereInput[],[39m
[31m      ?   OR?: RateVersionWhereInput[],[39m
[31m      ?   NOT?: RateVersionWhereInput | RateVersionWhereInput[],[39m
[31m      ?   id?: IntFilter | Int,[39m
[31m      ?   courier?: StringFilter | String,[39m
[31m      ?   effectiveDate?: StringFilter | String,[39m
[31m      ?   uploadedById?: IntNullableFilter | Int | Null,[39m
[31m      ?   notes?: StringNullableFilter | String | Null,[39m
[31m      ?   dataJson?: JsonFilter,[39m
[31m      ?   createdAt?: DateTimeFilter | DateTime,[39m
[31m      ?   uploadedBy?: UserNullableRelationFilter | UserWhereInput | Null[39m
[31m        }[39m
[31m      })[39m

[31mUnknown argument `active`. Available options are marked with ?.[39m
  {
  "target": "rateVersion.findMany"
}

[90mstdout[2m | src/tests/unit/pickupService.test.js[2m > [22m[2mpickup.service[2m > [22m[2mlinkShipment[2m > [22m[2mlinks shipment and marks as COMPLETED
[22m[39m10:47:44 [[31merror[39m]: [31mPrisma error: [39m
[31mInvalid `prisma.pickupRequest.update()` invocation in[39m
[31mC:\Users\hp\OneDrive\Desktop\seahawk-full_stack\backend\src\services\pickup.service.js:51:31[39m

[31m  48 }[39m
[31m  49 [39m
[31m  50 async function linkShipment(id, shipmentId) {[39m
[31mΓåÆ 51   return prisma.pickupRequest.update({[39m
[31m         where: {[39m
[31m           id: 1[39m
[31m         },[39m
[31m         data: {[39m
[31m           shipmentId: 100,[39m
[31m           ~~~~~~~~~~[39m
[31m           status: "COMPLETED",[39m
[31m       ?   requestNo?: String | StringFieldUpdateOperationsInput,[39m
[31m       ?   contactName?: String | StringFieldUpdateOperationsInput,[39m
[31m       ?   contactPhone?: String | StringFieldUpdateOperationsInput,[39m
[31m       ?   contactEmail?: String | NullableStringFieldUpdateOperationsInput | Null,[39m
[31m       ?   pickupAddress?: String | StringFieldUpdateOperationsInput,[39m
[31m       ?   pickupCity?: String | StringFieldUpdateOperationsInput,[39m
[31m       ?   pickupPin?: String | StringFieldUpdateOperationsInput,[39m
[31m       ?   deliveryAddress?: String | NullableStringFieldUpdateOperationsInput | Null,[39m
[31m       ?   deliveryCity?: String | NullableStringFieldUpdateOperationsInput | Null,[39m
[31m       ?   deliveryState?: String | NullableStringFieldUpdateOperationsInput | Null,[39m
[31m       ?   deliveryCountry?: String | StringFieldUpdateOperationsInput,[39m
[31m       ?   packageType?: String | StringFieldUpdateOperationsInput,[39m
[31m       ?   weightGrams?: Decimal | DecimalFieldUpdateOperationsInput,[39m
[31m       ?   pieces?: Int | IntFieldUpdateOperationsInput,[39m
[31m       ?   service?: String | StringFieldUpdateOperationsInput,[39m
[31m       ?   declaredValue?: Decimal | NullableDecimalFieldUpdateOperationsInput | Null,[39m
[31m       ?   notes?: String | NullableStringFieldUpdateOperationsInput | Null,[39m
[31m       ?   source?: String | StringFieldUpdateOperationsInput,[39m
[31m       ?   preferredCarrier?: String | NullableStringFieldUpdateOperationsInput | Null,[39m
[31m       ?   scheduledDate?: String | StringFieldUpdateOperationsInput,[39m
[31m       ?   timeSlot?: String | StringFieldUpdateOperationsInput,[39m
[31m       ?   assignedAt?: DateTime | NullableDateTimeFieldUpdateOperationsInput | Null,[39m
[31m       ?   completedAt?: DateTime | NullableDateTimeFieldUpdateOperationsInput | Null,[39m
[31m       ?   createdAt?: DateTime | DateTimeFieldUpdateOperationsInput,[39m
[31m       ?   updatedAt?: DateTime | DateTimeFieldUpdateOperationsInput,[39m
[31m       ?   client?: ClientUpdateOneWithoutPickupsNestedInput,[39m
[31m       ?   assignedAgent?: UserUpdateOneWithoutPickupAssignmentsNestedInput[39m
[31m         }[39m
[31m       })[39m

[31mUnknown argument `shipmentId`. Available options are marked with ?.[39m
  {
  "target": "pickupRequest.update"
}

[90mstdout[2m | src/tests/unit/pickupService.test.js[2m > [22m[2mpickup.service[2m > [22m[2mgetTodayCount[2m > [22m[2mreturns count of today pickups
[22m[39m10:47:44 [[31merror[39m]: [31mPrisma error: [39m
[31mInvalid `prisma.pickupRequest.count()` invocation in[39m
[31mC:\Users\hp\OneDrive\Desktop\seahawk-full_stack\backend\src\services\pickup.service.js:56:31[39m

[31m  53 [39m
[31m  54 async function getTodayCount() {[39m
[31m  55   const today = new Date().toISOString().split('T')[0];[39m
[31mΓåÆ 56   return prisma.pickupRequest.count({[39m
[31m         select: {[39m
[31m           _count: {[39m
[31m             select: {[39m
[31m               _all: true[39m
[31m             }[39m
[31m           }[39m
[31m         },[39m
[31m         where: {[39m
[31m           pickupDate: "2026-05-03",[39m
[31m           ~~~~~~~~~~[39m
[31m       ?   AND?: PickupRequestWhereInput | PickupRequestWhereInput[],[39m
[31m       ?   OR?: PickupRequestWhereInput[],[39m
[31m       ?   NOT?: PickupRequestWhereInput | PickupRequestWhereInput[],[39m
[31m       ?   id?: IntFilter | Int,[39m
[31m       ?   requestNo?: StringFilter | String,[39m
[31m       ?   clientCode?: StringNullableFilter | String | Null,[39m
[31m       ?   contactName?: StringFilter | String,[39m
[31m       ?   contactPhone?: StringFilter | String,[39m
[31m       ?   contactEmail?: StringNullableFilter | String | Null,[39m
[31m       ?   pickupAddress?: StringFilter | String,[39m
[31m       ?   pickupCity?: StringFilter | String,[39m
[31m       ?   pickupPin?: StringFilter | String,[39m
[31m       ?   deliveryAddress?: StringNullableFilter | String | Null,[39m
[31m       ?   deliveryCity?: StringNullableFilter | String | Null,[39m
[31m       ?   deliveryState?: StringNullableFilter | String | Null,[39m
[31m       ?   deliveryCountry?: StringFilter | String,[39m
[31m       ?   packageType?: StringFilter | String,[39m
[31m       ?   weightGrams?: DecimalFilter | Decimal,[39m
[31m       ?   pieces?: IntFilter | Int,[39m
[31m       ?   service?: StringFilter | String,[39m
[31m       ?   declaredValue?: DecimalNullableFilter | Decimal | Null,[39m
[31m       ?   notes?: StringNullableFilter | String | Null,[39m
[31m       ?   source?: StringFilter | String,[39m
[31m       ?   preferredCarrier?: StringNullableFilter | String | Null,[39m
[31m       ?   scheduledDate?: StringFilter | String,[39m
[31m       ?   timeSlot?: StringFilter | String,[39m
[31m       ?   assignedAgentId?: IntNullableFilter | Int | Null,[39m
[31m       ?   assignedAt?: DateTimeNullableFilter | DateTime | Null,[39m
[31m       ?   completedAt?: DateTimeNullableFilter | DateTime | Null,[39m
[31m       ?   status?: StringFilter | String,[39m
[31m       ?   createdAt?: DateTimeFilter | DateTime,[39m
[31m       ?   updatedAt?: DateTimeFilter | DateTime,[39m
[31m       ?   client?: ClientNullableRelationFilter | ClientWhereInput | Null,[39m
[31m       ?   assignedAgent?: UserNullableRelationFilter | UserWhereInput | Null[39m
[31m         }[39m
[31m       })[39m

[31mUnknown argument `pickupDate`. Did you mean `pickupCity`? Available options are marked with ?.[39m
  {
  "target": "pickupRequest.count"
}

[90mstdout[2m | src/tests/unit/rateCompareService.test.js[2m > [22m[2mrateCompare.service[2m > [22m[2mcompareRates[2m > [22m[2mreturns international carriers only for international shipments
[22m[39m10:47:45 [[31merror[39m]: [31mPrisma error: [39m
[31mInvalid `prisma.rateVersion.findMany()` invocation in[39m
[31mC:\Users\hp\OneDrive\Desktop\seahawk-full_stack\backend\src\services\rateCompare.service.js:105:51[39m

[31m  102 if (!zone) throw new Error('Zone is required');[39m
[31m  103 [39m
[31m  104 // Fetch dynamic rates from database[39m
[31mΓåÆ 105 const activeVersions = await prisma.rateVersion.findMany({[39m
[31m        where: {[39m
[31m          active: true,[39m
[31m          ~~~~~~[39m
[31m      ?   AND?: RateVersionWhereInput | RateVersionWhereInput[],[39m
[31m      ?   OR?: RateVersionWhereInput[],[39m
[31m      ?   NOT?: RateVersionWhereInput | RateVersionWhereInput[],[39m
[31m      ?   id?: IntFilter | Int,[39m
[31m      ?   courier?: StringFilter | String,[39m
[31m      ?   effectiveDate?: StringFilter | String,[39m
[31m      ?   uploadedById?: IntNullableFilter | Int | Null,[39m
[31m      ?   notes?: StringNullableFilter | String | Null,[39m
[31m      ?   dataJson?: JsonFilter,[39m
[31m      ?   createdAt?: DateTimeFilter | DateTime,[39m
[31m      ?   uploadedBy?: UserNullableRelationFilter | UserWhereInput | Null[39m
[31m        }[39m
[31m      })[39m

[31mUnknown argument `active`. Available options are marked with ?.[39m
  {
  "target": "rateVersion.findMany"
}

 [31mΓ¥»[39m [30m[42m unit [49m[39m src/tests/unit/pickupService.test.js [2m([22m[2m11 tests[22m[2m | [22m[31m11 failed[39m[2m)[22m[33m 1117[2mms[22m[39m
[31m   [31m├ù[31m pickup.service[2m > [22mcreate[2m > [22mcreates a pickup request with unique refNo[39m[33m 393[2mms[22m[39m
[31m     ΓåÆ 
Invalid `prisma.pickupRequest.findUnique()` invocation in
C:\Users\hp\OneDrive\Desktop\seahawk-full_stack\backend\src\services\pickup.service.js:13:37

  10 async function create(data) {
  11   let refNo = genRef();
  12   // Ensure uniqueness
ΓåÆ 13   while (await prisma.pickupRequest.findUnique({
         where: {
           refNo: "SHK-2026-8485",
           ~~~~~
       ?   id?: Int,
       ?   requestNo?: String,
       ?   AND?: PickupRequestWhereInput | PickupRequestWhereInput[],
       ?   OR?: PickupRequestWhereInput[],
       ?   NOT?: PickupRequestWhereInput | PickupRequestWhereInput[],
       ?   clientCode?: StringNullableFilter | String | Null,
       ?   contactName?: StringFilter | String,
       ?   contactPhone?: StringFilter | String,
       ?   contactEmail?: StringNullableFilter | String | Null,
       ?   pickupAddress?: StringFilter | String,
       ?   pickupCity?: StringFilter | String,
       ?   pickupPin?: StringFilter | String,
       ?   deliveryAddress?: StringNullableFilter | String | Null,
       ?   deliveryCity?: StringNullableFilter | String | Null,
       ?   deliveryState?: StringNullableFilter | String | Null,
       ?   deliveryCountry?: StringFilter | String,
       ?   packageType?: StringFilter | String,
       ?   weightGrams?: DecimalFilter | Decimal,
       ?   pieces?: IntFilter | Int,
       ?   service?: StringFilter | String,
       ?   declaredValue?: DecimalNullableFilter | Decimal | Null,
       ?   notes?: StringNullableFilter | String | Null,
       ?   source?: StringFilter | String,
       ?   preferredCarrier?: StringNullableFilter | String | Null,
       ?   scheduledDate?: StringFilter | String,
       ?   timeSlot?: StringFilter | String,
       ?   assignedAgentId?: IntNullableFilter | Int | Null,
       ?   assignedAt?: DateTimeNullableFilter | DateTime | Null,
       ?   completedAt?: DateTimeNullableFilter | DateTime | Null,
       ?   status?: StringFilter | String,
       ?   createdAt?: DateTimeFilter | DateTime,
       ?   updatedAt?: DateTimeFilter | DateTime,
       ?   client?: ClientNullableRelationFilter | ClientWhereInput | Null,
       ?   assignedAgent?: UserNullableRelationFilter | UserWhereInput | Null
         }
       })

Unknown argument `refNo`. Available options are marked with ?.[39m
[31m   [31m├ù[31m pickup.service[2m > [22mcreate[2m > [22mretries on refNo collision[39m[32m 19[2mms[22m[39m
[31m     ΓåÆ 
Invalid `prisma.pickupRequest.findUnique()` invocation in
C:\Users\hp\OneDrive\Desktop\seahawk-full_stack\backend\src\services\pickup.service.js:13:37

  10 async function create(data) {
  11   let refNo = genRef();
  12   // Ensure uniqueness
ΓåÆ 13   while (await prisma.pickupRequest.findUnique({
         where: {
           refNo: "SHK-2026-2630",
           ~~~~~
       ?   id?: Int,
       ?   requestNo?: String,
       ?   AND?: PickupRequestWhereInput | PickupRequestWhereInput[],
       ?   OR?: PickupRequestWhereInput[],
       ?   NOT?: PickupRequestWhereInput | PickupRequestWhereInput[],
       ?   clientCode?: StringNullableFilter | String | Null,
       ?   contactName?: StringFilter | String,
       ?   contactPhone?: StringFilter | String,
       ?   contactEmail?: StringNullableFilter | String | Null,
       ?   pickupAddress?: StringFilter | String,
       ?   pickupCity?: StringFilter | String,
       ?   pickupPin?: StringFilter | String,
       ?   deliveryAddress?: StringNullableFilter | String | Null,
       ?   deliveryCity?: StringNullableFilter | String | Null,
       ?   deliveryState?: StringNullableFilter | String | Null,
       ?   deliveryCountry?: StringFilter | String,
       ?   packageType?: StringFilter | String,
       ?   weightGrams?: DecimalFilter | Decimal,
       ?   pieces?: IntFilter | Int,
       ?   service?: StringFilter | String,
       ?   declaredValue?: DecimalNullableFilter | Decimal | Null,
       ?   notes?: StringNullableFilter | String | Null,
       ?   source?: StringFilter | String,
       ?   preferredCarrier?: StringNullableFilter | String | Null,
       ?   scheduledDate?: StringFilter | String,
       ?   timeSlot?: StringFilter | String,
       ?   assignedAgentId?: IntNullableFilter | Int | Null,
       ?   assignedAt?: DateTimeNullableFilter | DateTime | Null,
       ?   completedAt?: DateTimeNullableFilter | DateTime | Null,
       ?   status?: StringFilter | String,
       ?   createdAt?: DateTimeFilter | DateTime,
       ?   updatedAt?: DateTimeFilter | DateTime,
       ?   client?: ClientNullableRelationFilter | ClientWhereInput | Null,
       ?   assignedAgent?: UserNullableRelationFilter | UserWhereInput | Null
         }
       })

Unknown argument `refNo`. Available options are marked with ?.[39m
[31m   [31m├ù[31m pickup.service[2m > [22mgetAll[2m > [22mreturns paginated results[39m[33m 378[2mms[22m[39m
[31m     ΓåÆ expected [] to have a length of 1 but got +0[39m
[31m   [31m├ù[31m pickup.service[2m > [22mgetAll[2m > [22mfilters by status[39m[32m 67[2mms[22m[39m
[31m     ΓåÆ expected "spy" to be called with arguments: [ ObjectContaining{ΓÇª} ][90m

Number of calls: [1m0[22m
[31m[39m
[31m   [31m├ù[31m pickup.service[2m > [22mgetAll[2m > [22mfilters by date[39m[32m 18[2mms[22m[39m
[31m     ΓåÆ 
Invalid `prisma.pickupRequest.findMany()` invocation in
C:\Users\hp\OneDrive\Desktop\seahawk-full_stack\backend\src\services\pickup.service.js:24:26

  21 if (status) where.status = status;
  22 if (date)   where.pickupDate = date;
  23 const [items, total] = await Promise.all([
ΓåÆ 24   prisma.pickupRequest.findMany({
         where: {
           pickupDate: "2026-04-05",
           ~~~~~~~~~~
       ?   AND?: PickupRequestWhereInput | PickupRequestWhereInput[],
       ?   OR?: PickupRequestWhereInput[],
       ?   NOT?: PickupRequestWhereInput | PickupRequestWhereInput[],
       ?   id?: IntFilter | Int,
       ?   requestNo?: StringFilter | String,
       ?   clientCode?: StringNullableFilter | String | Null,
       ?   contactName?: StringFilter | String,
       ?   contactPhone?: StringFilter | String,
       ?   contactEmail?: StringNullableFilter | String | Null,
       ?   pickupAddress?: StringFilter | String,
       ?   pickupCity?: StringFilter | String,
       ?   pickupPin?: StringFilter | String,
       ?   deliveryAddress?: StringNullableFilter | String | Null,
       ?   deliveryCity?: StringNullableFilter | String | Null,
       ?   deliveryState?: StringNullableFilter | String | Null,
       ?   deliveryCountry?: StringFilter | String,
       ?   packageType?: StringFilter | String,
       ?   weightGrams?: DecimalFilter | Decimal,
       ?   pieces?: IntFilter | Int,
       ?   service?: StringFilter | String,
       ?   declaredValue?: DecimalNullableFilter | Decimal | Null,
       ?   notes?: StringNullableFilter | String | Null,
       ?   source?: StringFilter | String,
       ?   preferredCarrier?: StringNullableFilter | String | Null,
       ?   scheduledDate?: StringFilter | String,
       ?   timeSlot?: StringFilter | String,
       ?   assignedAgentId?: IntNullableFilter | Int | Null,
       ?   assignedAt?: DateTimeNullableFilter | DateTime | Null,
       ?   completedAt?: DateTimeNullableFilter | DateTime | Null,
       ?   status?: StringFilter | String,
       ?   createdAt?: DateTimeFilter | DateTime,
       ?   updatedAt?: DateTimeFilter | DateTime,
       ?   client?: ClientNullableRelationFilter | ClientWhereInput | Null,
       ?   assignedAgent?: UserNullableRelationFilter | UserWhereInput | Null
         },
         orderBy: {
           createdAt: "desc"
         },
         skip: 0,
         take: 50
       })

Unknown argument `pickupDate`. Did you mean `pickupCity`? Available options are marked with ?.[39m
[31m   [31m├ù[31m pickup.service[2m > [22mgetOne[2m > [22mreturns a single pickup request[39m[32m 22[2mms[22m[39m
[31m     ΓåÆ Cannot read properties of null (reading 'refNo')[39m
[31m   [31m├ù[31m pickup.service[2m > [22massign[2m > [22massigns agent and marks as ASSIGNED[39m[32m 60[2mms[22m[39m
[31m     ΓåÆ 
Invalid `prisma.pickupRequest.update()` invocation in
C:\Users\hp\OneDrive\Desktop\seahawk-full_stack\backend\src\services\pickup.service.js:38:31

  35 }
  36 
  37 async function assign(id, agentId) {
ΓåÆ 38   return prisma.pickupRequest.update(
An operation failed because it depends on one or more records that were required but not found. Record to update not found.[39m
[31m   [31m├ù[31m pickup.service[2m > [22mupdateStatus[2m > [22mupdates status to COMPLETED[39m[32m 26[2mms[22m[39m
[31m     ΓåÆ 
Invalid `prisma.pickupRequest.update()` invocation in
C:\Users\hp\OneDrive\Desktop\seahawk-full_stack\backend\src\services\pickup.service.js:47:31

  44 async function updateStatus(id, status) {
  45   const data = { status };
  46   if (status === 'COMPLETED') data.completedAt = new Date();
ΓåÆ 47   return prisma.pickupRequest.update(
An operation failed because it depends on one or more records that were required but not found. Record to update not found.[39m
[31m   [31m├ù[31m pickup.service[2m > [22mupdateStatus[2m > [22mupdates status to IN_PROGRESS without completedAt[39m[32m 59[2mms[22m[39m
[31m     ΓåÆ 
Invalid `prisma.pickupRequest.update()` invocation in
C:\Users\hp\OneDrive\Desktop\seahawk-full_stack\backend\src\services\pickup.service.js:47:31

  44 async function updateStatus(id, status) {
  45   const data = { status };
  46   if (status === 'COMPLETED') data.completedAt = new Date();
ΓåÆ 47   return prisma.pickupRequest.update(
An operation failed because it depends on one or more records that were required but not found. Record to update not found.[39m
[31m   [31m├ù[31m pickup.service[2m > [22mlinkShipment[2m > [22mlinks shipment and marks as COMPLETED[39m[32m 19[2mms[22m[39m
[31m     ΓåÆ 
Invalid `prisma.pickupRequest.update()` invocation in
C:\Users\hp\OneDrive\Desktop\seahawk-full_stack\backend\src\services\pickup.service.js:51:31

  48 }
  49 
  50 async function linkShipment(id, shipmentId) {
ΓåÆ 51   return prisma.pickupRequest.update({
         where: {
           id: 1
         },
         data: {
           shipmentId: 100,
           ~~~~~~~~~~
           status: "COMPLETED",
       ?   requestNo?: String | StringFieldUpdateOperationsInput,
       ?   contactName?: String | StringFieldUpdateOperationsInput,
       ?   contactPhone?: String | StringFieldUpdateOperationsInput,
       ?   contactEmail?: String | NullableStringFieldUpdateOperationsInput | Null,
       ?   pickupAddress?: String | StringFieldUpdateOperationsInput,
       ?   pickupCity?: String | StringFieldUpdateOperationsInput,
       ?   pickupPin?: String | StringFieldUpdateOperationsInput,
       ?   deliveryAddress?: String | NullableStringFieldUpdateOperationsInput | Null,
       ?   deliveryCity?: String | NullableStringFieldUpdateOperationsInput | Null,
       ?   deliveryState?: String | NullableStringFieldUpdateOperationsInput | Null,
       ?   deliveryCountry?: String | StringFieldUpdateOperationsInput,
       ?   packageType?: String | StringFieldUpdateOperationsInput,
       ?   weightGrams?: Decimal | DecimalFieldUpdateOperationsInput,
       ?   pieces?: Int | IntFieldUpdateOperationsInput,
       ?   service?: String | StringFieldUpdateOperationsInput,
       ?   declaredValue?: Decimal | NullableDecimalFieldUpdateOperationsInput | Null,
       ?   notes?: String | NullableStringFieldUpdateOperationsInput | Null,
       ?   source?: String | StringFieldUpdateOperationsInput,
       ?   preferredCarrier?: String | NullableStringFieldUpdateOperationsInput | Null,
       ?   scheduledDate?: String | StringFieldUpdateOperationsInput,
       ?   timeSlot?: String | StringFieldUpdateOperationsInput,
       ?   assignedAt?: DateTime | NullableDateTimeFieldUpdateOperationsInput | Null,
       ?   completedAt?: DateTime | NullableDateTimeFieldUpdateOperationsInput | Null,
       ?   createdAt?: DateTime | DateTimeFieldUpdateOperationsInput,
       ?   updatedAt?: DateTime | DateTimeFieldUpdateOperationsInput,
       ?   client?: ClientUpdateOneWithoutPickupsNestedInput,
       ?   assignedAgent?: UserUpdateOneWithoutPickupAssignmentsNestedInput
         }
       })

Unknown argument `shipmentId`. Available options are marked with ?.[39m
[31m   [31m├ù[31m pickup.service[2m > [22mgetTodayCount[2m > [22mreturns count of today pickups[39m[32m 18[2mms[22m[39m
[31m     ΓåÆ 
Invalid `prisma.pickupRequest.count()` invocation in
C:\Users\hp\OneDrive\Desktop\seahawk-full_stack\backend\src\services\pickup.service.js:56:31

  53 
  54 async function getTodayCount() {
  55   const today = new Date().toISOString().split('T')[0];
ΓåÆ 56   return prisma.pickupRequest.count({
         select: {
           _count: {
             select: {
               _all: true
             }
           }
         },
         where: {
           pickupDate: "2026-05-03",
           ~~~~~~~~~~
       ?   AND?: PickupRequestWhereInput | PickupRequestWhereInput[],
       ?   OR?: PickupRequestWhereInput[],
       ?   NOT?: PickupRequestWhereInput | PickupRequestWhereInput[],
       ?   id?: IntFilter | Int,
       ?   requestNo?: StringFilter | String,
       ?   clientCode?: StringNullableFilter | String | Null,
       ?   contactName?: StringFilter | String,
       ?   contactPhone?: StringFilter | String,
       ?   contactEmail?: StringNullableFilter | String | Null,
       ?   pickupAddress?: StringFilter | String,
       ?   pickupCity?: StringFilter | String,
       ?   pickupPin?: StringFilter | String,
       ?   deliveryAddress?: StringNullableFilter | String | Null,
       ?   deliveryCity?: StringNullableFilter | String | Null,
       ?   deliveryState?: StringNullableFilter | String | Null,
       ?   deliveryCountry?: StringFilter | String,
       ?   packageType?: StringFilter | String,
       ?   weightGrams?: DecimalFilter | Decimal,
       ?   pieces?: IntFilter | Int,
       ?   service?: StringFilter | String,
       ?   declaredValue?: DecimalNullableFilter | Decimal | Null,
       ?   notes?: StringNullableFilter | String | Null,
       ?   source?: StringFilter | String,
       ?   preferredCarrier?: StringNullableFilter | String | Null,
       ?   scheduledDate?: StringFilter | String,
       ?   timeSlot?: StringFilter | String,
       ?   assignedAgentId?: IntNullableFilter | Int | Null,
       ?   assignedAt?: DateTimeNullableFilter | DateTime | Null,
       ?   completedAt?: DateTimeNullableFilter | DateTime | Null,
       ?   status?: StringFilter | String,
       ?   createdAt?: DateTimeFilter | DateTime,
       ?   updatedAt?: DateTimeFilter | DateTime,
       ?   client?: ClientNullableRelationFilter | ClientWhereInput | Null,
       ?   assignedAgent?: UserNullableRelationFilter | UserWhereInput | Null
         }
       })

Unknown argument `pickupDate`. Did you mean `pickupCity`? Available options are marked with ?.[39m
[90mstdout[2m | src/tests/unit/rateCompareService.test.js[2m > [22m[2mrateCompare.service[2m > [22m[2mcompareRates[2m > [22m[2mexcludes international carriers for domestic shipments
[22m[39m10:47:45 [[31merror[39m]: [31mPrisma error: [39m
[31mInvalid `prisma.rateVersion.findMany()` invocation in[39m
[31mC:\Users\hp\OneDrive\Desktop\seahawk-full_stack\backend\src\services\rateCompare.service.js:105:51[39m

[31m  102 if (!zone) throw new Error('Zone is required');[39m
[31m  103 [39m
[31m  104 // Fetch dynamic rates from database[39m
[31mΓåÆ 105 const activeVersions = await prisma.rateVersion.findMany({[39m
[31m        where: {[39m
[31m          active: true,[39m
[31m          ~~~~~~[39m
[31m      ?   AND?: RateVersionWhereInput | RateVersionWhereInput[],[39m
[31m      ?   OR?: RateVersionWhereInput[],[39m
[31m      ?   NOT?: RateVersionWhereInput | RateVersionWhereInput[],[39m
[31m      ?   id?: IntFilter | Int,[39m
[31m      ?   courier?: StringFilter | String,[39m
[31m      ?   effectiveDate?: StringFilter | String,[39m
[31m      ?   uploadedById?: IntNullableFilter | Int | Null,[39m
[31m      ?   notes?: StringNullableFilter | String | Null,[39m
[31m      ?   dataJson?: JsonFilter,[39m
[31m      ?   createdAt?: DateTimeFilter | DateTime,[39m
[31m      ?   uploadedBy?: UserNullableRelationFilter | UserWhereInput | Null[39m
[31m        }[39m
[31m      })[39m

[31mUnknown argument `active`. Available options are marked with ?.[39m
  {
  "target": "rateVersion.findMany"
}

[90mstdout[2m | src/tests/unit/ndrService.test.js[2m > [22m[2mndr.service[2m > [22m[2mgetAll[2m > [22m[2mfilters by PENDING status (adminAction is null)
[22m[39m10:47:45 [[31merror[39m]: [31mPrisma error: [39m
[31mInvalid `prisma.nDREvent.count()` invocation in[39m
[31mC:\Users\hp\OneDrive\Desktop\seahawk-full_stack\backend\src\services\ndr.service.js:14:21[39m

[31m  11   skip: (page - 1) * limit,[39m
[31m  12   take: limit,[39m
[31m  13 }),[39m
[31mΓåÆ 14 prisma.nDREvent.count({[39m
[31m       select: {[39m
[31m         _count: {[39m
[31m           select: {[39m
[31m             _all: true[39m
[31m           }[39m
[31m         }[39m
[31m       },[39m
[31m       where: {[39m
[31m         adminAction: null,[39m
[31m         ~~~~~~~~~~~[39m
[31m     ?   AND?: NDREventWhereInput | NDREventWhereInput[],[39m
[31m     ?   OR?: NDREventWhereInput[],[39m
[31m     ?   NOT?: NDREventWhereInput | NDREventWhereInput[],[39m
[31m     ?   id?: IntFilter | Int,[39m
[31m     ?   shipmentId?: IntFilter | Int,[39m
[31m     ?   awb?: StringFilter | String,[39m
[31m     ?   reason?: StringFilter | String,[39m
[31m     ?   description?: StringNullableFilter | String | Null,[39m
[31m     ?   attemptNo?: IntFilter | Int,[39m
[31m     ?   action?: StringFilter | String,[39m
[31m     ?   newAddress?: StringNullableFilter | String | Null,[39m
[31m     ?   resolvedAt?: DateTimeNullableFilter | DateTime | Null,[39m
[31m     ?   createdAt?: DateTimeFilter | DateTime,[39m
[31m     ?   updatedAt?: DateTimeFilter | DateTime,[39m
[31m     ?   shipment?: ShipmentRelationFilter | ShipmentWhereInput[39m
[31m       }[39m
[31m     })[39m

[31mUnknown argument `adminAction`. Available options are marked with ?.[39m
  {
  "target": "nDREvent.count"
}

[90mstdout[2m | src/tests/unit/ndrService.test.js[2m > [22m[2mndr.service[2m > [22m[2mgetAll[2m > [22m[2mfilters by resolved status
[22m[39m10:47:45 [[31merror[39m]: [31mPrisma error: [39m
[31mInvalid `prisma.nDREvent.findMany()` invocation in[39m
[31mC:\Users\hp\OneDrive\Desktop\seahawk-full_stack\backend\src\services\ndr.service.js:8:21[39m

[31m  5 const where = {};[39m
[31m  6 if (status) where.adminAction = status === 'PENDING' ? null : status;[39m
[31m  7 const [items, total] = await Promise.all([[39m
[31mΓåÆ 8   prisma.nDREvent.findMany({[39m
[31m        where: {[39m
[31m          adminAction: null,[39m
[31m          ~~~~~~~~~~~[39m
[31m      ?   AND?: NDREventWhereInput | NDREventWhereInput[],[39m
[31m      ?   OR?: NDREventWhereInput[],[39m
[31m      ?   NOT?: NDREventWhereInput | NDREventWhereInput[],[39m
[31m      ?   id?: IntFilter | Int,[39m
[31m      ?   shipmentId?: IntFilter | Int,[39m
[31m      ?   awb?: StringFilter | String,[39m
[31m      ?   reason?: StringFilter | String,[39m
[31m      ?   description?: StringNullableFilter | String | Null,[39m
[31m      ?   attemptNo?: IntFilter | Int,[39m
[31m      ?   action?: StringFilter | String,[39m
[31m      ?   newAddress?: StringNullableFilter | String | Null,[39m
[31m      ?   resolvedAt?: DateTimeNullableFilter | DateTime | Null,[39m
[31m      ?   createdAt?: DateTimeFilter | DateTime,[39m
[31m      ?   updatedAt?: DateTimeFilter | DateTime,[39m
[31m      ?   shipment?: ShipmentRelationFilter | ShipmentWhereInput[39m
[31m        },[39m
[31m        orderBy: {[39m
[31m          createdAt: "desc"[39m
[31m        },[39m
[31m        skip: 0,[39m
[31m        take: 50[39m
[31m      })[39m

[31mUnknown argument `adminAction`. Available options are marked with ?.[39m
  {
  "target": "nDREvent.findMany"
}

[90mstdout[2m | src/tests/unit/ndrService.test.js[2m > [22m[2mndr.service[2m > [22m[2mgetAll[2m > [22m[2mfilters by resolved status
[22m[39m10:47:45 [[31merror[39m]: [31mPrisma error: [39m
[31mInvalid `prisma.nDREvent.findMany()` invocation in[39m
[31mC:\Users\hp\OneDrive\Desktop\seahawk-full_stack\backend\src\services\ndr.service.js:8:21[39m

[31m  5 const where = {};[39m
[31m  6 if (status) where.adminAction = status === 'PENDING' ? null : status;[39m
[31m  7 const [items, total] = await Promise.all([[39m
[31mΓåÆ 8   prisma.nDREvent.findMany({[39m
[31m        where: {[39m
[31m          adminAction: "REATTEMPT",[39m
[31m          ~~~~~~~~~~~[39m
[31m      ?   AND?: NDREventWhereInput | NDREventWhereInput[],[39m
[31m      ?   OR?: NDREventWhereInput[],[39m
[31m      ?   NOT?: NDREventWhereInput | NDREventWhereInput[],[39m
[31m      ?   id?: IntFilter | Int,[39m
[31m      ?   shipmentId?: IntFilter | Int,[39m
[31m      ?   awb?: StringFilter | String,[39m
[31m      ?   reason?: StringFilter | String,[39m
[31m      ?   description?: StringNullableFilter | String | Null,[39m
[31m      ?   attemptNo?: IntFilter | Int,[39m
[31m      ?   action?: StringFilter | String,[39m
[31m      ?   newAddress?: StringNullableFilter | String | Null,[39m
[31m      ?   resolvedAt?: DateTimeNullableFilter | DateTime | Null,[39m
[31m      ?   createdAt?: DateTimeFilter | DateTime,[39m
[31m      ?   updatedAt?: DateTimeFilter | DateTime,[39m
[31m      ?   shipment?: ShipmentRelationFilter | ShipmentWhereInput[39m
[31m        },[39m
[31m        orderBy: {[39m
[31m          createdAt: "desc"[39m
[31m        },[39m
[31m        skip: 0,[39m
[31m        take: 50[39m
[31m      })[39m

[31mUnknown argument `adminAction`. Available options are marked with ?.[39m
  {
  "target": "nDREvent.findMany"
}

[90mstdout[2m | src/tests/unit/ndrService.test.js[2m > [22m[2mndr.service[2m > [22m[2mcreate[2m > [22m[2mcreates an NDR event
[22m[39m10:47:45 [[31merror[39m]: [31mPrisma error: [39m
[31mInvalid `prisma.nDREvent.count()` invocation in[39m
[31mC:\Users\hp\OneDrive\Desktop\seahawk-full_stack\backend\src\services\ndr.service.js:14:21[39m

[31m  11   skip: (page - 1) * limit,[39m
[31m  12   take: limit,[39m
[31m  13 }),[39m
[31mΓåÆ 14 prisma.nDREvent.count({[39m
[31m       select: {[39m
[31m         _count: {[39m
[31m           select: {[39m
[31m             _all: true[39m
[31m           }[39m
[31m         }[39m
[31m       },[39m
[31m       where: {[39m
[31m         adminAction: "REATTEMPT",[39m
[31m         ~~~~~~~~~~~[39m
[31m     ?   AND?: NDREventWhereInput | NDREventWhereInput[],[39m
[31m     ?   OR?: NDREventWhereInput[],[39m
[31m     ?   NOT?: NDREventWhereInput | NDREventWhereInput[],[39m
[31m     ?   id?: IntFilter | Int,[39m
[31m     ?   shipmentId?: IntFilter | Int,[39m
[31m     ?   awb?: StringFilter | String,[39m
[31m     ?   reason?: StringFilter | String,[39m
[31m     ?   description?: StringNullableFilter | String | Null,[39m
[31m     ?   attemptNo?: IntFilter | Int,[39m
[31m     ?   action?: StringFilter | String,[39m
[31m     ?   newAddress?: StringNullableFilter | String | Null,[39m
[31m     ?   resolvedAt?: DateTimeNullableFilter | DateTime | Null,[39m
[31m     ?   createdAt?: DateTimeFilter | DateTime,[39m
[31m     ?   updatedAt?: DateTimeFilter | DateTime,[39m
[31m     ?   shipment?: ShipmentRelationFilter | ShipmentWhereInput[39m
[31m       }[39m
[31m     })[39m

[31mUnknown argument `adminAction`. Available options are marked with ?.[39m
  {
  "target": "nDREvent.count"
}

[90mstdout[2m | src/tests/unit/rateCompareService.test.js[2m > [22m[2mrateCompare.service[2m > [22m[2mcompareRates[2m > [22m[2mapplies zone multipliers correctly
[22m[39m10:47:45 [[31merror[39m]: [31mPrisma error: [39m
[31mInvalid `prisma.rateVersion.findMany()` invocation in[39m
[31mC:\Users\hp\OneDrive\Desktop\seahawk-full_stack\backend\src\services\rateCompare.service.js:105:51[39m

[31m  102 if (!zone) throw new Error('Zone is required');[39m
[31m  103 [39m
[31m  104 // Fetch dynamic rates from database[39m
[31mΓåÆ 105 const activeVersions = await prisma.rateVersion.findMany({[39m
[31m        where: {[39m
[31m          active: true,[39m
[31m          ~~~~~~[39m
[31m      ?   AND?: RateVersionWhereInput | RateVersionWhereInput[],[39m
[31m      ?   OR?: RateVersionWhereInput[],[39m
[31m      ?   NOT?: RateVersionWhereInput | RateVersionWhereInput[],[39m
[31m      ?   id?: IntFilter | Int,[39m
[31m      ?   courier?: StringFilter | String,[39m
[31m      ?   effectiveDate?: StringFilter | String,[39m
[31m      ?   uploadedById?: IntNullableFilter | Int | Null,[39m
[31m      ?   notes?: StringNullableFilter | String | Null,[39m
[31m      ?   dataJson?: JsonFilter,[39m
[31m      ?   createdAt?: DateTimeFilter | DateTime,[39m
[31m      ?   uploadedBy?: UserNullableRelationFilter | UserWhereInput | Null[39m
[31m        }[39m
[31m      })[39m

[31mUnknown argument `active`. Available options are marked with ?.[39m
  {
  "target": "rateVersion.findMany"
}

[90mstdout[2m | src/tests/unit/rateCompareService.test.js[2m > [22m[2mrateCompare.service[2m > [22m[2mcompareRates[2m > [22m[2mrespects minimum weight
[22m[39m10:47:45 [[31merror[39m]: [31mPrisma error: [39m
[31mInvalid `prisma.rateVersion.findMany()` invocation in[39m
[31mC:\Users\hp\OneDrive\Desktop\seahawk-full_stack\backend\src\services\rateCompare.service.js:105:51[39m

[31m  102 if (!zone) throw new Error('Zone is required');[39m
[31m  103 [39m
[31m  104 // Fetch dynamic rates from database[39m
[31mΓåÆ 105 const activeVersions = await prisma.rateVersion.findMany({[39m
[31m        where: {[39m
[31m          active: true,[39m
[31m          ~~~~~~[39m
[31m      ?   AND?: RateVersionWhereInput | RateVersionWhereInput[],[39m
[31m      ?   OR?: RateVersionWhereInput[],[39m
[31m      ?   NOT?: RateVersionWhereInput | RateVersionWhereInput[],[39m
[31m      ?   id?: IntFilter | Int,[39m
[31m      ?   courier?: StringFilter | String,[39m
[31m      ?   effectiveDate?: StringFilter | String,[39m
[31m      ?   uploadedById?: IntNullableFilter | Int | Null,[39m
[31m      ?   notes?: StringNullableFilter | String | Null,[39m
[31m      ?   dataJson?: JsonFilter,[39m
[31m      ?   createdAt?: DateTimeFilter | DateTime,[39m
[31m      ?   uploadedBy?: UserNullableRelationFilter | UserWhereInput | Null[39m
[31m        }[39m
[31m      })[39m

[31mUnknown argument `active`. Available options are marked with ?.[39m
  {
  "target": "rateVersion.findMany"
}

[90mstdout[2m | src/tests/unit/rateCompareService.test.js[2m > [22m[2mrateCompare.service[2m > [22m[2mgetSingleRate[2m > [22m[2mreturns specific carrier+mode rate
[22m[39m10:47:45 [[31merror[39m]: [31mPrisma error: [39m
[31mInvalid `prisma.rateVersion.findMany()` invocation in[39m
[31mC:\Users\hp\OneDrive\Desktop\seahawk-full_stack\backend\src\services\rateCompare.service.js:105:51[39m

[31m  102 if (!zone) throw new Error('Zone is required');[39m
[31m  103 [39m
[31m  104 // Fetch dynamic rates from database[39m
[31mΓåÆ 105 const activeVersions = await prisma.rateVersion.findMany({[39m
[31m        where: {[39m
[31m          active: true,[39m
[31m          ~~~~~~[39m
[31m      ?   AND?: RateVersionWhereInput | RateVersionWhereInput[],[39m
[31m      ?   OR?: RateVersionWhereInput[],[39m
[31m      ?   NOT?: RateVersionWhereInput | RateVersionWhereInput[],[39m
[31m      ?   id?: IntFilter | Int,[39m
[31m      ?   courier?: StringFilter | String,[39m
[31m      ?   effectiveDate?: StringFilter | String,[39m
[31m      ?   uploadedById?: IntNullableFilter | Int | Null,[39m
[31m      ?   notes?: StringNullableFilter | String | Null,[39m
[31m      ?   dataJson?: JsonFilter,[39m
[31m      ?   createdAt?: DateTimeFilter | DateTime,[39m
[31m      ?   uploadedBy?: UserNullableRelationFilter | UserWhereInput | Null[39m
[31m        }[39m
[31m      })[39m

[31mUnknown argument `active`. Available options are marked with ?.[39m
  {
  "target": "rateVersion.findMany"
}

[90mstdout[2m | src/tests/unit/wallet.test.js[2m > [22m[2mwallet.service[2m > [22m[2madjust[2m > [22m[2mhandles positive adjustment (credit)
[22m[39m10:47:45 [[31merror[39m]: [31mPrisma error: [39m
[31mInvalid `tx.client.update()` invocation in[39m
[31mC:\Users\hp\OneDrive\Desktop\seahawk-full_stack\backend\src\services\wallet.service.js:168:37[39m

[31m  165   throw new AppError('Adjustment amount must be non-zero.', 400);[39m
[31m  166 }[39m
[31m  167 return prisma.$transaction(async (tx) => {[39m
[31mΓåÆ 168   const updated = await tx.client.update([39m
[31mAn operation failed because it depends on one or more records that were required but not found. Record to update not found.[39m
  {
  "target": "client.update"
}

[90mstdout[2m | src/tests/unit/wallet.test.js[2m > [22m[2mwallet.service[2m > [22m[2madjust[2m > [22m[2mhandles negative adjustment (debit)
[22m[39m10:47:45 [[31merror[39m]: [31mPrisma error: [39m
[31mInvalid `tx.client.update()` invocation in[39m
[31mC:\Users\hp\OneDrive\Desktop\seahawk-full_stack\backend\src\services\wallet.service.js:168:37[39m

[31m  165   throw new AppError('Adjustment amount must be non-zero.', 400);[39m
[31m  166 }[39m
[31m  167 return prisma.$transaction(async (tx) => {[39m
[31mΓåÆ 168   const updated = await tx.client.update([39m
[31mAn operation failed because it depends on one or more records that were required but not found. Record to update not found.[39m
  {
  "target": "client.update"
}

 [31mΓ¥»[39m [30m[42m unit [49m[39m src/tests/unit/wallet.test.js [2m([22m[2m13 tests[22m[2m | [22m[31m8 failed[39m[2m)[22m[33m 1526[2mms[22m[39m
[31m   [31m├ù[31m wallet.service[2m > [22mgetWallet[2m > [22mreturns client wallet info[39m[33m 733[2mms[22m[39m
[31m     ΓåÆ Client not found: TEST[39m
   [32mΓ£ô[39m wallet.service[2m > [22mgetWallet[2m > [22mthrows when client not found[32m 67[2mms[22m[39m
[31m   [31m├ù[31m wallet.service[2m > [22mgetBalance[2m > [22mreturns numeric balance[39m[32m 7[2mms[22m[39m
[31m     ΓåÆ Client not found: T[39m
[31m   [31m├ù[31m wallet.service[2m > [22mgetTransactions[2m > [22mreturns paginated transactions[39m[32m 54[2mms[22m[39m
[31m     ΓåÆ Client not found: T[39m
[31m   [31m├ù[31m wallet.service[2m > [22mcredit[2m > [22mincrements balance and creates transaction[39m[32m 111[2mms[22m[39m
[31m     ΓåÆ 
Invalid `tx.client.update()` invocation in
C:\Users\hp\OneDrive\Desktop\seahawk-full_stack\backend\src\services\wallet.service.js:52:37

  49 async function credit({ clientCode, amount, description, reference, paymentMode, paymentId }) {
  50   const safeAmount = parseAmount(amount);
  51   return prisma.$transaction(async (tx) => {
ΓåÆ 52     const updated = await tx.client.update(
An operation failed because it depends on one or more records that were required but not found. Record to update not found.[39m
   [32mΓ£ô[39m wallet.service[2m > [22mcredit[2m > [22mthrows on invalid amount[32m 2[2mms[22m[39m
   [32mΓ£ô[39m wallet.service[2m > [22mcredit[2m > [22mthrows on zero amount[32m 2[2mms[22m[39m
[31m   [31m├ù[31m wallet.service[2m > [22mdebit[2m > [22mdecrements balance and creates transaction[39m[32m 17[2mms[22m[39m
[31m     ΓåÆ Client not found: T[39m
[31m   [31m├ù[31m wallet.service[2m > [22mdebit[2m > [22mthrows on insufficient balance[39m[32m 104[2mms[22m[39m
[31m     ΓåÆ expected [Function] to throw error including 'Insufficient wallet balance' but got 'Client not found: T'[39m
   [32mΓ£ô[39m wallet.service[2m > [22mdebit[2m > [22mthrows when client not found during debit[32m 205[2mms[22m[39m
[31m   [31m├ù[31m wallet.service[2m > [22madjust[2m > [22mhandles positive adjustment (credit)[39m[32m 154[2mms[22m[39m
[31m     ΓåÆ 
Invalid `tx.client.update()` invocation in
C:\Users\hp\OneDrive\Desktop\seahawk-full_stack\backend\src\services\wallet.service.js:168:37

  165   throw new AppError('Adjustment amount must be non-zero.', 400);
  166 }
  167 return prisma.$transaction(async (tx) => {
ΓåÆ 168   const updated = await tx.client.update(
An operation failed because it depends on one or more records that were required but not found. Record to update not found.[39m
[31m   [31m├ù[31m wallet.service[2m > [22madjust[2m > [22mhandles negative adjustment (debit)[39m[32m 17[2mms[22m[39m
[31m     ΓåÆ 
Invalid `tx.client.update()` invocation in
C:\Users\hp\OneDrive\Desktop\seahawk-full_stack\backend\src\services\wallet.service.js:168:37

  165   throw new AppError('Adjustment amount must be non-zero.', 400);
  166 }
  167 return prisma.$transaction(async (tx) => {
ΓåÆ 168   const updated = await tx.client.update(
An operation failed because it depends on one or more records that were required but not found. Record to update not found.[39m
   [32mΓ£ô[39m wallet.service[2m > [22madjust[2m > [22mthrows on zero adjustment[32m 2[2mms[22m[39m
[90mstdout[2m | src/tests/unit/ndrService.test.js[2m > [22m[2mndr.service[2m > [22m[2mcreate[2m > [22m[2mcreates an NDR event
[22m[39m10:47:45 [[31merror[39m]: [31mPrisma error: [39m
[31mInvalid `prisma.nDREvent.create()` invocation in[39m
[31mC:\Users\hp\OneDrive\Desktop\seahawk-full_stack\backend\src\services\ndr.service.js:20:26[39m

[31m  17 }[39m
[31m  18 [39m
[31m  19 async function create({ shipmentId, awb, reason, notes, createdById }) {[39m
[31mΓåÆ 20   return prisma.nDREvent.create([39m
[31mForeign key constraint violated: `ndr_events_shipment_id_fkey (index)`[39m
  {
  "target": "nDREvent.create"
}

[90mstdout[2m | src/tests/unit/integrationIngest.service.test.js[2m > [22m[2mintegration-ingest.service[2m > [22m[2mcreates a draft on live ingest and writes idempotency/audit artifacts
[22m[39m10:47:45 [[31merror[39m]: [31mPrisma error: [39m
[31mInvalid `prisma.clientApiKey.update()` invocation in[39m
[31mC:\Users\hp\OneDrive\Desktop\seahawk-full_stack\backend\src\services\integration-ingest.service.js:178:29[39m

[31m  175 [39m
[31m  176 await cache.set(idemKey, { seenAt: new Date().toISOString(), draftId: draft.id }, config.webhooks.idempotencyTtlSeconds);[39m
[31m  177 [39m
[31mΓåÆ 178 await prisma.clientApiKey.update([39m
[31mAn operation failed because it depends on one or more records that were required but not found. Record to update not found.[39m
  {
  "target": "clientApiKey.update"
}

[90mstdout[2m | src/tests/unit/rateCompareService.test.js[2m > [22m[2mrateCompare.service[2m > [22m[2mgetSingleRate[2m > [22m[2mreturns null for unknown carrier+mode
[22m[39m10:47:45 [[31merror[39m]: [31mPrisma error: [39m
[31mInvalid `prisma.rateVersion.findMany()` invocation in[39m
[31mC:\Users\hp\OneDrive\Desktop\seahawk-full_stack\backend\src\services\rateCompare.service.js:105:51[39m

[31m  102 if (!zone) throw new Error('Zone is required');[39m
[31m  103 [39m
[31m  104 // Fetch dynamic rates from database[39m
[31mΓåÆ 105 const activeVersions = await prisma.rateVersion.findMany({[39m
[31m        where: {[39m
[31m          active: true,[39m
[31m          ~~~~~~[39m
[31m      ?   AND?: RateVersionWhereInput | RateVersionWhereInput[],[39m
[31m      ?   OR?: RateVersionWhereInput[],[39m
[31m      ?   NOT?: RateVersionWhereInput | RateVersionWhereInput[],[39m
[31m      ?   id?: IntFilter | Int,[39m
[31m      ?   courier?: StringFilter | String,[39m
[31m      ?   effectiveDate?: StringFilter | String,[39m
[31m      ?   uploadedById?: IntNullableFilter | Int | Null,[39m
[31m      ?   notes?: StringNullableFilter | String | Null,[39m
[31m      ?   dataJson?: JsonFilter,[39m
[31m      ?   createdAt?: DateTimeFilter | DateTime,[39m
[31m      ?   uploadedBy?: UserNullableRelationFilter | UserWhereInput | Null[39m
[31m        }[39m
[31m      })[39m

[31mUnknown argument `active`. Available options are marked with ?.[39m
  {
  "target": "rateVersion.findMany"
}

 [31mΓ¥»[39m [30m[42m unit [49m[39m src/tests/unit/rateCompareService.test.js [2m([22m[2m11 tests[22m[2m | [22m[31m9 failed[39m[2m)[22m[33m 2508[2mms[22m[39m
[31m   [31m├ù[31m rateCompare.service[2m > [22mcompareRates[2m > [22mreturns sorted domestic rates for standard zone[39m[33m 2008[2mms[22m[39m
[31m     ΓåÆ 
Invalid `prisma.rateVersion.findMany()` invocation in
C:\Users\hp\OneDrive\Desktop\seahawk-full_stack\backend\src\services\rateCompare.service.js:105:51

  102 if (!zone) throw new Error('Zone is required');
  103 
  104 // Fetch dynamic rates from database
ΓåÆ 105 const activeVersions = await prisma.rateVersion.findMany({
        where: {
          active: true,
          ~~~~~~
      ?   AND?: RateVersionWhereInput | RateVersionWhereInput[],
      ?   OR?: RateVersionWhereInput[],
      ?   NOT?: RateVersionWhereInput | RateVersionWhereInput[],
      ?   id?: IntFilter | Int,
      ?   courier?: StringFilter | String,
      ?   effectiveDate?: StringFilter | String,
      ?   uploadedById?: IntNullableFilter | Int | Null,
      ?   notes?: StringNullableFilter | String | Null,
      ?   dataJson?: JsonFilter,
      ?   createdAt?: DateTimeFilter | DateTime,
      ?   uploadedBy?: UserNullableRelationFilter | UserWhereInput | Null
        }
      })

Unknown argument `active`. Available options are marked with ?.[39m
[31m   [31m├ù[31m rateCompare.service[2m > [22mcompareRates[2m > [22mreturns multiple modes per carrier[39m[32m 14[2mms[22m[39m
[31m     ΓåÆ 
Invalid `prisma.rateVersion.findMany()` invocation in
C:\Users\hp\OneDrive\Desktop\seahawk-full_stack\backend\src\services\rateCompare.service.js:105:51

  102 if (!zone) throw new Error('Zone is required');
  103 
  104 // Fetch dynamic rates from database
ΓåÆ 105 const activeVersions = await prisma.rateVersion.findMany({
        where: {
          active: true,
          ~~~~~~
      ?   AND?: RateVersionWhereInput | RateVersionWhereInput[],
      ?   OR?: RateVersionWhereInput[],
      ?   NOT?: RateVersionWhereInput | RateVersionWhereInput[],
      ?   id?: IntFilter | Int,
      ?   courier?: StringFilter | String,
      ?   effectiveDate?: StringFilter | String,
      ?   uploadedById?: IntNullableFilter | Int | Null,
      ?   notes?: StringNullableFilter | String | Null,
      ?   dataJson?: JsonFilter,
      ?   createdAt?: DateTimeFilter | DateTime,
      ?   uploadedBy?: UserNullableRelationFilter | UserWhereInput | Null
        }
      })

Unknown argument `active`. Available options are marked with ?.[39m
[31m   [31m├ù[31m rateCompare.service[2m > [22mcompareRates[2m > [22mflags cheapest, fastest, and bestValue[39m[32m 16[2mms[22m[39m
[31m     ΓåÆ 
Invalid `prisma.rateVersion.findMany()` invocation in
C:\Users\hp\OneDrive\Desktop\seahawk-full_stack\backend\src\services\rateCompare.service.js:105:51

  102 if (!zone) throw new Error('Zone is required');
  103 
  104 // Fetch dynamic rates from database
ΓåÆ 105 const activeVersions = await prisma.rateVersion.findMany({
        where: {
          active: true,
          ~~~~~~
      ?   AND?: RateVersionWhereInput | RateVersionWhereInput[],
      ?   OR?: RateVersionWhereInput[],
      ?   NOT?: RateVersionWhereInput | RateVersionWhereInput[],
      ?   id?: IntFilter | Int,
      ?   courier?: StringFilter | String,
      ?   effectiveDate?: StringFilter | String,
      ?   uploadedById?: IntNullableFilter | Int | Null,
      ?   notes?: StringNullableFilter | String | Null,
      ?   dataJson?: JsonFilter,
      ?   createdAt?: DateTimeFilter | DateTime,
      ?   uploadedBy?: UserNullableRelationFilter | UserWhereInput | Null
        }
      })

Unknown argument `active`. Available options are marked with ?.[39m
[31m   [31m├ù[31m rateCompare.service[2m > [22mcompareRates[2m > [22mreturns international carriers only for international shipments[39m[32m 53[2mms[22m[39m
[31m     ΓåÆ 
Invalid `prisma.rateVersion.findMany()` invocation in
C:\Users\hp\OneDrive\Desktop\seahawk-full_stack\backend\src\services\rateCompare.service.js:105:51

  102 if (!zone) throw new Error('Zone is required');
  103 
  104 // Fetch dynamic rates from database
ΓåÆ 105 const activeVersions = await prisma.rateVersion.findMany({
        where: {
          active: true,
          ~~~~~~
      ?   AND?: RateVersionWhereInput | RateVersionWhereInput[],
      ?   OR?: RateVersionWhereInput[],
      ?   NOT?: RateVersionWhereInput | RateVersionWhereInput[],
      ?   id?: IntFilter | Int,
      ?   courier?: StringFilter | String,
      ?   effectiveDate?: StringFilter | String,
      ?   uploadedById?: IntNullableFilter | Int | Null,
      ?   notes?: StringNullableFilter | String | Null,
      ?   dataJson?: JsonFilter,
      ?   createdAt?: DateTimeFilter | DateTime,
      ?   uploadedBy?: UserNullableRelationFilter | UserWhereInput | Null
        }
      })

Unknown argument `active`. Available options are marked with ?.[39m
[31m   [31m├ù[31m rateCompare.service[2m > [22mcompareRates[2m > [22mexcludes international carriers for domestic shipments[39m[32m 201[2mms[22m[39m
[31m     ΓåÆ 
Invalid `prisma.rateVersion.findMany()` invocation in
C:\Users\hp\OneDrive\Desktop\seahawk-full_stack\backend\src\services\rateCompare.service.js:105:51

  102 if (!zone) throw new Error('Zone is required');
  103 
  104 // Fetch dynamic rates from database
ΓåÆ 105 const activeVersions = await prisma.rateVersion.findMany({
        where: {
          active: true,
          ~~~~~~
      ?   AND?: RateVersionWhereInput | RateVersionWhereInput[],
      ?   OR?: RateVersionWhereInput[],
      ?   NOT?: RateVersionWhereInput | RateVersionWhereInput[],
      ?   id?: IntFilter | Int,
      ?   courier?: StringFilter | String,
      ?   effectiveDate?: StringFilter | String,
      ?   uploadedById?: IntNullableFilter | Int | Null,
      ?   notes?: StringNullableFilter | String | Null,
      ?   dataJson?: JsonFilter,
      ?   createdAt?: DateTimeFilter | DateTime,
      ?   uploadedBy?: UserNullableRelationFilter | UserWhereInput | Null
        }
      })

Unknown argument `active`. Available options are marked with ?.[39m
   [32mΓ£ô[39m rateCompare.service[2m > [22mcompareRates[2m > [22mthrows on invalid weight[32m 15[2mms[22m[39m
   [32mΓ£ô[39m rateCompare.service[2m > [22mcompareRates[2m > [22mthrows on missing zone[32m 3[2mms[22m[39m
[31m   [31m├ù[31m rateCompare.service[2m > [22mcompareRates[2m > [22mapplies zone multipliers correctly[39m[32m 16[2mms[22m[39m
[31m     ΓåÆ 
Invalid `prisma.rateVersion.findMany()` invocation in
C:\Users\hp\OneDrive\Desktop\seahawk-full_stack\backend\src\services\rateCompare.service.js:105:51

  102 if (!zone) throw new Error('Zone is required');
  103 
  104 // Fetch dynamic rates from database
ΓåÆ 105 const activeVersions = await prisma.rateVersion.findMany({
        where: {
          active: true,
          ~~~~~~
      ?   AND?: RateVersionWhereInput | RateVersionWhereInput[],
      ?   OR?: RateVersionWhereInput[],
      ?   NOT?: RateVersionWhereInput | RateVersionWhereInput[],
      ?   id?: IntFilter | Int,
      ?   courier?: StringFilter | String,
      ?   effectiveDate?: StringFilter | String,
      ?   uploadedById?: IntNullableFilter | Int | Null,
      ?   notes?: StringNullableFilter | String | Null,
      ?   dataJson?: JsonFilter,
      ?   createdAt?: DateTimeFilter | DateTime,
      ?   uploadedBy?: UserNullableRelationFilter | UserWhereInput | Null
        }
      })

Unknown argument `active`. Available options are marked with ?.[39m
[31m   [31m├ù[31m rateCompare.service[2m > [22mcompareRates[2m > [22mrespects minimum weight[39m[32m 34[2mms[22m[39m
[31m     ΓåÆ 
Invalid `prisma.rateVersion.findMany()` invocation in
C:\Users\hp\OneDrive\Desktop\seahawk-full_stack\backend\src\services\rateCompare.service.js:105:51

  102 if (!zone) throw new Error('Zone is required');
  103 
  104 // Fetch dynamic rates from database
ΓåÆ 105 const activeVersions = await prisma.rateVersion.findMany({
        where: {
          active: true,
          ~~~~~~
      ?   AND?: RateVersionWhereInput | RateVersionWhereInput[],
      ?   OR?: RateVersionWhereInput[],
      ?   NOT?: RateVersionWhereInput | RateVersionWhereInput[],
      ?   id?: IntFilter | Int,
      ?   courier?: StringFilter | String,
      ?   effectiveDate?: StringFilter | String,
      ?   uploadedById?: IntNullableFilter | Int | Null,
      ?   notes?: StringNullableFilter | String | Null,
      ?   dataJson?: JsonFilter,
      ?   createdAt?: DateTimeFilter | DateTime,
      ?   uploadedBy?: UserNullableRelationFilter | UserWhereInput | Null
        }
      })

Unknown argument `active`. Available options are marked with ?.[39m
[31m   [31m├ù[31m rateCompare.service[2m > [22mgetSingleRate[2m > [22mreturns specific carrier+mode rate[39m[32m 43[2mms[22m[39m
[31m     ΓåÆ 
Invalid `prisma.rateVersion.findMany()` invocation in
C:\Users\hp\OneDrive\Desktop\seahawk-full_stack\backend\src\services\rateCompare.service.js:105:51

  102 if (!zone) throw new Error('Zone is required');
  103 
  104 // Fetch dynamic rates from database
ΓåÆ 105 const activeVersions = await prisma.rateVersion.findMany({
        where: {
          active: true,
          ~~~~~~
      ?   AND?: RateVersionWhereInput | RateVersionWhereInput[],
      ?   OR?: RateVersionWhereInput[],
      ?   NOT?: RateVersionWhereInput | RateVersionWhereInput[],
      ?   id?: IntFilter | Int,
      ?   courier?: StringFilter | String,
      ?   effectiveDate?: StringFilter | String,
      ?   uploadedById?: IntNullableFilter | Int | Null,
      ?   notes?: StringNullableFilter | String | Null,
      ?   dataJson?: JsonFilter,
      ?   createdAt?: DateTimeFilter | DateTime,
      ?   uploadedBy?: UserNullableRelationFilter | UserWhereInput | Null
        }
      })

Unknown argument `active`. Available options are marked with ?.[39m
[31m   [31m├ù[31m rateCompare.service[2m > [22mgetSingleRate[2m > [22mreturns null for unknown carrier+mode[39m[32m 98[2mms[22m[39m
[31m     ΓåÆ 
Invalid `prisma.rateVersion.findMany()` invocation in
C:\Users\hp\OneDrive\Desktop\seahawk-full_stack\backend\src\services\rateCompare.service.js:105:51

  102 if (!zone) throw new Error('Zone is required');
  103 
  104 // Fetch dynamic rates from database
ΓåÆ 105 const activeVersions = await prisma.rateVersion.findMany({
        where: {
          active: true,
          ~~~~~~
      ?   AND?: RateVersionWhereInput | RateVersionWhereInput[],
      ?   OR?: RateVersionWhereInput[],
      ?   NOT?: RateVersionWhereInput | RateVersionWhereInput[],
      ?   id?: IntFilter | Int,
      ?   courier?: StringFilter | String,
      ?   effectiveDate?: StringFilter | String,
      ?   uploadedById?: IntNullableFilter | Int | Null,
      ?   notes?: StringNullableFilter | String | Null,
      ?   dataJson?: JsonFilter,
      ?   createdAt?: DateTimeFilter | DateTime,
      ?   uploadedBy?: UserNullableRelationFilter | UserWhereInput | Null
        }
      })

Unknown argument `active`. Available options are marked with ?.[39m
[90mstdout[2m | src/tests/unit/ndrService.test.js[2m > [22m[2mndr.service[2m > [22m[2mresolve[2m > [22m[2mresolves with REATTEMPT and sets resolvedAt
[22m[39m10:47:45 [[31merror[39m]: [31mPrisma error: [39m
[31mInvalid `prisma.nDREvent.update()` invocation in[39m
[31mC:\Users\hp\OneDrive\Desktop\seahawk-full_stack\backend\src\services\ndr.service.js:26:26[39m

[31m  23 }[39m
[31m  24 [39m
[31m  25 async function resolve(id, { adminAction, newAddress, notes }) {[39m
[31mΓåÆ 26   return prisma.nDREvent.update({[39m
[31m         where: {[39m
[31m           id: 1[39m
[31m         },[39m
[31m         data: {[39m
[31m           adminAction: "REATTEMPT",[39m
[31m           ~~~~~~~~~~~[39m
[31m           newAddress: null,[39m
[31m           notes: "Try again",[39m
[31m           resolvedAt: new Date("2026-05-03T05:17:45.391Z"),[39m
[31m       ?   awb?: String | StringFieldUpdateOperationsInput,[39m
[31m       ?   reason?: String | StringFieldUpdateOperationsInput,[39m
[31m       ?   description?: String | NullableStringFieldUpdateOperationsInput | Null,[39m
[31m       ?   attemptNo?: Int | IntFieldUpdateOperationsInput,[39m
[31m       ?   action?: String | StringFieldUpdateOperationsInput,[39m
[31m       ?   createdAt?: DateTime | DateTimeFieldUpdateOperationsInput,[39m
[31m       ?   updatedAt?: DateTime | DateTimeFieldUpdateOperationsInput,[39m
[31m       ?   shipment?: ShipmentUpdateOneRequiredWithoutNdrEventsNestedInput[39m
[31m         }[39m
[31m       })[39m

[31mUnknown argument `adminAction`. Available options are marked with ?.[39m
  {
  "target": "nDREvent.update"
}

[90mstdout[2m | src/tests/unit/ndrService.test.js[2m > [22m[2mndr.service[2m > [22m[2mresolve[2m > [22m[2mresolves with RTO and sets resolvedAt
[22m[39m10:47:45 [[31merror[39m]: [31mPrisma error: [39m
[31mInvalid `prisma.nDREvent.update()` invocation in[39m
[31mC:\Users\hp\OneDrive\Desktop\seahawk-full_stack\backend\src\services\ndr.service.js:26:26[39m

[31m  23 }[39m
[31m  24 [39m
[31m  25 async function resolve(id, { adminAction, newAddress, notes }) {[39m
[31mΓåÆ 26   return prisma.nDREvent.update({[39m
[31m         where: {[39m
[31m           id: 1[39m
[31m         },[39m
[31m         data: {[39m
[31m           adminAction: "RTO",[39m
[31m           ~~~~~~~~~~~[39m
[31m           newAddress: undefined,[39m
[31m           notes: undefined,[39m
[31m           resolvedAt: new Date("2026-05-03T05:17:45.435Z"),[39m
[31m       ?   awb?: String | StringFieldUpdateOperationsInput,[39m
[31m       ?   reason?: String | StringFieldUpdateOperationsInput,[39m
[31m       ?   description?: String | NullableStringFieldUpdateOperationsInput | Null,[39m
[31m       ?   attemptNo?: Int | IntFieldUpdateOperationsInput,[39m
[31m       ?   action?: String | StringFieldUpdateOperationsInput,[39m
[31m       ?   createdAt?: DateTime | DateTimeFieldUpdateOperationsInput,[39m
[31m       ?   updatedAt?: DateTime | DateTimeFieldUpdateOperationsInput,[39m
[31m       ?   shipment?: ShipmentUpdateOneRequiredWithoutNdrEventsNestedInput[39m
[31m         }[39m
[31m       })[39m

[31mUnknown argument `adminAction`. Available options are marked with ?.[39m
  {
  "target": "nDREvent.update"
}

[90mstdout[2m | src/tests/unit/ndrService.test.js[2m > [22m[2mndr.service[2m > [22m[2mincrementAttempts[2m > [22m[2mincrements attempt count
[22m[39m10:47:45 [[31merror[39m]: [31mPrisma error: [39m
[31mInvalid `prisma.nDREvent.update()` invocation in[39m
[31mC:\Users\hp\OneDrive\Desktop\seahawk-full_stack\backend\src\services\ndr.service.js:38:26[39m

[31m  35 }[39m
[31m  36 [39m
[31m  37 async function incrementAttempts(id) {[39m
[31mΓåÆ 38   return prisma.nDREvent.update({[39m
[31m         where: {[39m
[31m           id: 1[39m
[31m         },[39m
[31m         data: {[39m
[31m           attempts: {[39m
[31m           ~~~~~~~~[39m
[31m             increment: 1[39m
[31m           },[39m
[31m       ?   awb?: String | StringFieldUpdateOperationsInput,[39m
[31m       ?   reason?: String | StringFieldUpdateOperationsInput,[39m
[31m       ?   description?: String | NullableStringFieldUpdateOperationsInput | Null,[39m
[31m       ?   attemptNo?: Int | IntFieldUpdateOperationsInput,[39m
[31m       ?   action?: String | StringFieldUpdateOperationsInput,[39m
[31m       ?   newAddress?: String | NullableStringFieldUpdateOperationsInput | Null,[39m
[31m       ?   resolvedAt?: DateTime | NullableDateTimeFieldUpdateOperationsInput | Null,[39m
[31m       ?   createdAt?: DateTime | DateTimeFieldUpdateOperationsInput,[39m
[31m       ?   updatedAt?: DateTime | DateTimeFieldUpdateOperationsInput,[39m
[31m       ?   shipment?: ShipmentUpdateOneRequiredWithoutNdrEventsNestedInput[39m
[31m         }[39m
[31m       })[39m

[31mUnknown argument `attempts`. Did you mean `attemptNo`? Available options are marked with ?.[39m
  {
  "target": "nDREvent.update"
}

 [31mΓ¥»[39m [30m[42m unit [49m[39m src/tests/unit/ndrService.test.js [2m([22m[2m7 tests[22m[2m | [22m[31m7 failed[39m[2m)[22m[33m 1571[2mms[22m[39m
[31m   [31m├ù[31m ndr.service[2m > [22mgetAll[2m > [22mreturns paginated NDR events[39m[33m 1047[2mms[22m[39m
[31m     ΓåÆ expected [] to have a length of 1 but got +0[39m
[31m   [31m├ù[31m ndr.service[2m > [22mgetAll[2m > [22mfilters by PENDING status (adminAction is null)[39m[32m 95[2mms[22m[39m
[31m     ΓåÆ 
Invalid `prisma.nDREvent.count()` invocation in
C:\Users\hp\OneDrive\Desktop\seahawk-full_stack\backend\src\services\ndr.service.js:14:21

  11   skip: (page - 1) * limit,
  12   take: limit,
  13 }),
ΓåÆ 14 prisma.nDREvent.count({
       select: {
         _count: {
           select: {
             _all: true
           }
         }
       },
       where: {
         adminAction: null,
         ~~~~~~~~~~~
     ?   AND?: NDREventWhereInput | NDREventWhereInput[],
     ?   OR?: NDREventWhereInput[],
     ?   NOT?: NDREventWhereInput | NDREventWhereInput[],
     ?   id?: IntFilter | Int,
     ?   shipmentId?: IntFilter | Int,
     ?   awb?: StringFilter | String,
     ?   reason?: StringFilter | String,
     ?   description?: StringNullableFilter | String | Null,
     ?   attemptNo?: IntFilter | Int,
     ?   action?: StringFilter | String,
     ?   newAddress?: StringNullableFilter | String | Null,
     ?   resolvedAt?: DateTimeNullableFilter | DateTime | Null,
     ?   createdAt?: DateTimeFilter | DateTime,
     ?   updatedAt?: DateTimeFilter | DateTime,
     ?   shipment?: ShipmentRelationFilter | ShipmentWhereInput
       }
     })

Unknown argument `adminAction`. Available options are marked with ?.[39m
[31m   [31m├ù[31m ndr.service[2m > [22mgetAll[2m > [22mfilters by resolved status[39m[32m 119[2mms[22m[39m
[31m     ΓåÆ 
Invalid `prisma.nDREvent.findMany()` invocation in
C:\Users\hp\OneDrive\Desktop\seahawk-full_stack\backend\src\services\ndr.service.js:8:21

  5 const where = {};
  6 if (status) where.adminAction = status === 'PENDING' ? null : status;
  7 const [items, total] = await Promise.all([
ΓåÆ 8   prisma.nDREvent.findMany({
        where: {
          adminAction: "REATTEMPT",
          ~~~~~~~~~~~
      ?   AND?: NDREventWhereInput | NDREventWhereInput[],
      ?   OR?: NDREventWhereInput[],
      ?   NOT?: NDREventWhereInput | NDREventWhereInput[],
      ?   id?: IntFilter | Int,
      ?   shipmentId?: IntFilter | Int,
      ?   awb?: StringFilter | String,
      ?   reason?: StringFilter | String,
      ?   description?: StringNullableFilter | String | Null,
      ?   attemptNo?: IntFilter | Int,
      ?   action?: StringFilter | String,
      ?   newAddress?: StringNullableFilter | String | Null,
      ?   resolvedAt?: DateTimeNullableFilter | DateTime | Null,
      ?   createdAt?: DateTimeFilter | DateTime,
      ?   updatedAt?: DateTimeFilter | DateTime,
      ?   shipment?: ShipmentRelationFilter | ShipmentWhereInput
        },
        orderBy: {
          createdAt: "desc"
        },
        skip: 0,
        take: 50
      })

Unknown argument `adminAction`. Available options are marked with ?.[39m
[31m   [31m├ù[31m ndr.service[2m > [22mcreate[2m > [22mcreates an NDR event[39m[32m 177[2mms[22m[39m
[31m     ΓåÆ 
Invalid `prisma.nDREvent.create()` invocation in
C:\Users\hp\OneDrive\Desktop\seahawk-full_stack\backend\src\services\ndr.service.js:20:26

  17 }
  18 
  19 async function create({ shipmentId, awb, reason, notes, createdById }) {
ΓåÆ 20   return prisma.nDREvent.create(
Foreign key constraint violated: `ndr_events_shipment_id_fkey (index)`[39m
[31m   [31m├ù[31m ndr.service[2m > [22mresolve[2m > [22mresolves with REATTEMPT and sets resolvedAt[39m[32m 43[2mms[22m[39m
[31m     ΓåÆ 
Invalid `prisma.nDREvent.update()` invocation in
C:\Users\hp\OneDrive\Desktop\seahawk-full_stack\backend\src\services\ndr.service.js:26:26

  23 }
  24 
  25 async function resolve(id, { adminAction, newAddress, notes }) {
ΓåÆ 26   return prisma.nDREvent.update({
         where: {
           id: 1
         },
         data: {
           adminAction: "REATTEMPT",
           ~~~~~~~~~~~
           newAddress: null,
           notes: "Try again",
           resolvedAt: new Date("2026-05-03T05:17:45.391Z"),
       ?   awb?: String | StringFieldUpdateOperationsInput,
       ?   reason?: String | StringFieldUpdateOperationsInput,
       ?   description?: String | NullableStringFieldUpdateOperationsInput | Null,
       ?   attemptNo?: Int | IntFieldUpdateOperationsInput,
       ?   action?: String | StringFieldUpdateOperationsInput,
       ?   createdAt?: DateTime | DateTimeFieldUpdateOperationsInput,
       ?   updatedAt?: DateTime | DateTimeFieldUpdateOperationsInput,
       ?   shipment?: ShipmentUpdateOneRequiredWithoutNdrEventsNestedInput
         }
       })

Unknown argument `adminAction`. Available options are marked with ?.[39m
[31m   [31m├ù[31m ndr.service[2m > [22mresolve[2m > [22mresolves with RTO and sets resolvedAt[39m[32m 24[2mms[22m[39m
[31m     ΓåÆ 
Invalid `prisma.nDREvent.update()` invocation in
C:\Users\hp\OneDrive\Desktop\seahawk-full_stack\backend\src\services\ndr.service.js:26:26

  23 }
  24 
  25 async function resolve(id, { adminAction, newAddress, notes }) {
ΓåÆ 26   return prisma.nDREvent.update({
         where: {
           id: 1
         },
         data: {
           adminAction: "RTO",
           ~~~~~~~~~~~
           newAddress: undefined,
           notes: undefined,
           resolvedAt: new Date("2026-05-03T05:17:45.435Z"),
       ?   awb?: String | StringFieldUpdateOperationsInput,
       ?   reason?: String | StringFieldUpdateOperationsInput,
       ?   description?: String | NullableStringFieldUpdateOperationsInput | Null,
       ?   attemptNo?: Int | IntFieldUpdateOperationsInput,
       ?   action?: String | StringFieldUpdateOperationsInput,
       ?   createdAt?: DateTime | DateTimeFieldUpdateOperationsInput,
       ?   updatedAt?: DateTime | DateTimeFieldUpdateOperationsInput,
       ?   shipment?: ShipmentUpdateOneRequiredWithoutNdrEventsNestedInput
         }
       })

Unknown argument `adminAction`. Available options are marked with ?.[39m
[31m   [31m├ù[31m ndr.service[2m > [22mincrementAttempts[2m > [22mincrements attempt count[39m[32m 38[2mms[22m[39m
[31m     ΓåÆ 
Invalid `prisma.nDREvent.update()` invocation in
C:\Users\hp\OneDrive\Desktop\seahawk-full_stack\backend\src\services\ndr.service.js:38:26

  35 }
  36 
  37 async function incrementAttempts(id) {
ΓåÆ 38   return prisma.nDREvent.update({
         where: {
           id: 1
         },
         data: {
           attempts: {
           ~~~~~~~~
             increment: 1
           },
       ?   awb?: String | StringFieldUpdateOperationsInput,
       ?   reason?: String | StringFieldUpdateOperationsInput,
       ?   description?: String | NullableStringFieldUpdateOperationsInput | Null,
       ?   attemptNo?: Int | IntFieldUpdateOperationsInput,
       ?   action?: String | StringFieldUpdateOperationsInput,
       ?   newAddress?: String | NullableStringFieldUpdateOperationsInput | Null,
       ?   resolvedAt?: DateTime | NullableDateTimeFieldUpdateOperationsInput | Null,
       ?   createdAt?: DateTime | DateTimeFieldUpdateOperationsInput,
       ?   updatedAt?: DateTime | DateTimeFieldUpdateOperationsInput,
       ?   shipment?: ShipmentUpdateOneRequiredWithoutNdrEventsNestedInput
         }
       })

Unknown argument `attempts`. Did you mean `attemptNo`? Available options are marked with ?.[39m
[90mstdout[2m | src/tests/unit/integrationIngest.service.test.js[2m > [22m[2mintegration-ingest.service[2m > [22m[2mreturns duplicate when existing draft exists and logs duplicate audit
[22m[39m10:47:45 [[31merror[39m]: [31mPrisma error: [39m
[31mInvalid `prisma.clientApiKey.update()` invocation in[39m
[31mC:\Users\hp\OneDrive\Desktop\seahawk-full_stack\backend\src\services\integration-ingest.service.js:178:29[39m

[31m  175 [39m
[31m  176 await cache.set(idemKey, { seenAt: new Date().toISOString(), draftId: draft.id }, config.webhooks.idempotencyTtlSeconds);[39m
[31m  177 [39m
[31mΓåÆ 178 await prisma.clientApiKey.update([39m
[31mAn operation failed because it depends on one or more records that were required but not found. Record to update not found.[39m
  {
  "target": "clientApiKey.update"
}

[90mstdout[2m | src/tests/unit/integrationIngest.service.test.js[2m > [22m[2mintegration-ingest.service[2m > [22m[2mpulls connector orders and ingests each order
[22m[39m10:47:45 [[31merror[39m]: [31mPrisma error: [39m
[31mInvalid `prisma.clientApiKey.update()` invocation in[39m
[31mC:\Users\hp\OneDrive\Desktop\seahawk-full_stack\backend\src\services\integration-ingest.service.js:178:29[39m

[31m  175 [39m
[31m  176 await cache.set(idemKey, { seenAt: new Date().toISOString(), draftId: draft.id }, config.webhooks.idempotencyTtlSeconds);[39m
[31m  177 [39m
[31mΓåÆ 178 await prisma.clientApiKey.update([39m
[31mAn operation failed because it depends on one or more records that were required but not found. Record to update not found.[39m
  {
  "target": "clientApiKey.update"
}

[90mstdout[2m | src/tests/unit/authMiddleware.test.js[2m > [22m[2mauth.middleware[2m > [22m[2mprotect[2m > [22m[2mrejects deactivated user
[22m[39m10:47:45 [[31merror[39m]: [31mPrisma error: [39m
[31mInvalid `prisma.user.findUnique()` invocation in[39m
[31mC:\Users\hp\OneDrive\Desktop\seahawk-full_stack\backend\src\middleware\auth.middleware.js:48:32[39m

[31m  45 const cached = lruGet(cacheKey);[39m
[31m  46 let user = cached && cached.expiresAt > Date.now() ? cached.user : null;[39m
[31m  47 if (!user) {[39m
[31mΓåÆ 48   user = await prisma.user.findUnique([39m
[31mAuthentication failed against database server at `localhost`, the provided database credentials for `mock` are not valid.[39m

[31mPlease make sure to provide valid database credentials for the database server at `localhost`.[39m
  {
  "target": "user.findUnique"
}

 [31mΓ¥»[39m [30m[42m unit [49m[39m src/tests/unit/returnService.test.js [2m([22m[2m7 tests[22m[2m | [22m[31m7 failed[39m[2m)[22m[33m 1086[2mms[22m[39m
[31m   [31m├ù[31m return.service[2m > [22mbooks reverse pickup using fallback carrier when primary fails[39m[33m 510[2mms[22m[39m
[31m     ΓåÆ Return request not found[39m
[31m   [31m├ù[31m return.service[2m > [22msyncs reverse tracking and moves status to IN_TRANSIT[39m[32m 9[2mms[22m[39m
[31m     ΓåÆ Return request not found[39m
[31m   [31m├ù[31m return.service[2m > [22mcreates self-ship return requests with returnMethod[39m[32m 58[2mms[22m[39m
[31m     ΓåÆ Shipment not found or does not belong to your account[39m
[31m   [31m├ù[31m return.service[2m > [22mgenerates prepaid label for SELF_SHIP returns[39m[32m 96[2mms[22m[39m
[31m     ΓåÆ Return request not found[39m
[31m   [31m├ù[31m return.service[2m > [22mkeeps eligible-shipment filter aligned with active return statuses[39m[33m 352[2mms[22m[39m
[31m     ΓåÆ expected "spy" to be called with arguments: [ ObjectContaining{ΓÇª} ][90m

Number of calls: [1m0[22m
[31m[39m
[31m   [31m├ù[31m return.service[2m > [22mblocks invalid manual status transition without force[39m[32m 30[2mms[22m[39m
[31m     ΓåÆ expected [Function] to throw error including 'Invalid status transition: PENDING ->ΓÇª' but got 'Return request not found'[39m
[31m   [31m├ù[31m return.service[2m > [22mreturns return timeline entries from audit logs[39m[32m 24[2mms[22m[39m
[31m     ΓåÆ Return request not found[39m
[90mstdout[2m | src/tests/unit/integrationIngest.service.test.js[2m > [22m[2mintegration-ingest.service[2m > [22m[2mpulls connector orders and ingests each order
[22m[39m10:47:45 [[31merror[39m]: [31mPrisma error: [39m
[31mInvalid `prisma.clientApiKey.update()` invocation in[39m
[31mC:\Users\hp\OneDrive\Desktop\seahawk-full_stack\backend\src\services\integration-ingest.service.js:178:29[39m

[31m  175 [39m
[31m  176 await cache.set(idemKey, { seenAt: new Date().toISOString(), draftId: draft.id }, config.webhooks.idempotencyTtlSeconds);[39m
[31m  177 [39m
[31mΓåÆ 178 await prisma.clientApiKey.update([39m
[31mAn operation failed because it depends on one or more records that were required but not found. Record to update not found.[39m
  {
  "target": "clientApiKey.update"
}

 [31mΓ¥»[39m [30m[42m unit [49m[39m src/tests/unit/integrationIngest.service.test.js [2m([22m[2m7 tests[22m[2m | [22m[31m3 failed[39m[2m)[22m[33m 1059[2mms[22m[39m
   [32mΓ£ô[39m integration-ingest.service[2m > [22mnormalizes scopes and supports wildcard checks[32m 14[2mms[22m[39m
[31m   [31m├ù[31m integration-ingest.service[2m > [22mcreates a draft on live ingest and writes idempotency/audit artifacts[39m[33m 670[2mms[22m[39m
[31m     ΓåÆ expected "spy" to be called with arguments: [ ObjectContaining{ΓÇª} ][90m

Number of calls: [1m0[22m
[31m[39m
   [32mΓ£ô[39m integration-ingest.service[2m > [22mreturns idempotency replay without creating a draft when cache already has key[32m 19[2mms[22m[39m
[31m   [31m├ù[31m integration-ingest.service[2m > [22mreturns duplicate when existing draft exists and logs duplicate audit[39m[32m 127[2mms[22m[39m
[31m     ΓåÆ expected { duplicate: false, ΓÇª(4) } to deeply equal ObjectContaining{ΓÇª}[39m
   [32mΓ£ô[39m integration-ingest.service[2m > [22mthrows provider-disabled error when provider integration is not enabled[32m 7[2mms[22m[39m
[31m   [31m├ù[31m integration-ingest.service[2m > [22mqueues dead-letter jobs with failed status metadata[39m[32m 56[2mms[22m[39m
[31m     ΓåÆ expected { id: 1, ΓÇª(10) } to deeply equal { id: 9 }[39m
   [32mΓ£ô[39m integration-ingest.service[2m > [22mpulls connector orders and ingests each order[32m 158[2mms[22m[39m
[90mstdout[2m | src/tests/unit/authMiddleware.test.js[2m > [22m[2mauth.middleware[2m > [22m[2mprotect[2m > [22m[2mrejects deleted user
[22m[39m10:47:46 [[31merror[39m]: [31mPrisma error: [39m
[31mInvalid `prisma.user.findUnique()` invocation in[39m
[31mC:\Users\hp\OneDrive\Desktop\seahawk-full_stack\backend\src\middleware\auth.middleware.js:48:32[39m

[31m  45 const cached = lruGet(cacheKey);[39m
[31m  46 let user = cached && cached.expiresAt > Date.now() ? cached.user : null;[39m
[31m  47 if (!user) {[39m
[31mΓåÆ 48   user = await prisma.user.findUnique([39m
[31mAuthentication failed against database server at `localhost`, the provided database credentials for `mock` are not valid.[39m

[31mPlease make sure to provide valid database credentials for the database server at `localhost`.[39m
  {
  "target": "user.findUnique"
}

[90mstdout[2m | src/tests/unit/authMiddleware.test.js[2m > [22m[2mauth.middleware[2m > [22m[2mprotect[2m > [22m[2mattaches client details for CLIENT users
[22m[39m10:47:46 [[31merror[39m]: [31mPrisma error: [39m
[31mInvalid `prisma.user.findUnique()` invocation in[39m
[31mC:\Users\hp\OneDrive\Desktop\seahawk-full_stack\backend\src\middleware\auth.middleware.js:48:32[39m

[31m  45 const cached = lruGet(cacheKey);[39m
[31m  46 let user = cached && cached.expiresAt > Date.now() ? cached.user : null;[39m
[31m  47 if (!user) {[39m
[31mΓåÆ 48   user = await prisma.user.findUnique([39m
[31mAuthentication failed against database server at `localhost`, the provided database credentials for `mock` are not valid.[39m

[31mPlease make sure to provide valid database credentials for the database server at `localhost`.[39m
  {
  "target": "user.findUnique"
}

 [31mΓ¥»[39m [30m[42m unit [49m[39m src/tests/unit/authMiddleware.test.js [2m([22m[2m20 tests[22m[2m | [22m[31m4 failed[39m[2m)[22m[33m 3032[2mms[22m[39m
   [32mΓ£ô[39m auth.middleware[2m > [22mprotect[2m > [22mcalls unauthorized when no token provided[32m 38[2mms[22m[39m
[31m   [31m├ù[31m auth.middleware[2m > [22mprotect[2m > [22mauthenticates with valid Bearer token[39m[33m 929[2mms[22m[39m
[31m     ΓåÆ expected "spy" to be called with arguments: [][90m

Received: 

[1m  1st spy call:

[22m[32m- [][90m
[31m+ [[90m
[31m+   PrismaClientInitializationError {[90m
[31m+     "message": "[90m
[31m+ Invalid `prisma.user.findUnique()` invocation in[90m
[31m+ C:\\Users\\hp\\OneDrive\\Desktop\\seahawk-full_stack\\backend\\src\\middleware\\auth.middleware.js:48:32[90m
[31m+[90m
[31m+   45 const cached = lruGet(cacheKey);[90m
[31m+   46 let user = cached && cached.expiresAt > Date.now() ? cached.user : null;[90m
[31m+   47 if (!user) {[90m
[31m+ ΓåÆ 48   user = await prisma.user.findUnique([90m
[31m+ Authentication failed against database server at `localhost`, the provided database credentials for `mock` are not valid.[90m
[31m+[90m
[31m+ Please make sure to provide valid database credentials for the database server at `localhost`.",[90m
[31m+     "name": "PrismaClientInitializationError",[90m
[31m+     "clientVersion": "5.22.0",[90m
[31m+     "errorCode": undefined,[90m
[31m+   },[90m
[31m+ ][90m
[31m[90m

Number of calls: [1m1[22m
[31m[39m
[31m   [31m├ù[31m auth.middleware[2m > [22mprotect[2m > [22mrejects deactivated user[39m[33m 821[2mms[22m[39m
[31m     ΓåÆ expected "unauthorized" to be called with arguments: [ ΓÇª(2) ][90m

Number of calls: [1m0[22m
[31m[39m
[31m   [31m├ù[31m auth.middleware[2m > [22mprotect[2m > [22mrejects deleted user[39m[33m 591[2mms[22m[39m
[31m     ΓåÆ expected "unauthorized" to be called with arguments: [ ΓÇª(2) ][90m

Number of calls: [1m0[22m
[31m[39m
[31m   [31m├ù[31m auth.middleware[2m > [22mprotect[2m > [22mattaches client details for CLIENT users[39m[33m 599[2mms[22m[39m
[31m     ΓåÆ Cannot read properties of undefined (reading 'clientCode')[39m
   [32mΓ£ô[39m auth.middleware[2m > [22mrequireRole[2m > [22mallows matching role[32m 3[2mms[22m[39m
   [32mΓ£ô[39m auth.middleware[2m > [22mrequireRole[2m > [22mrejects non-matching role[32m 2[2mms[22m[39m
   [32mΓ£ô[39m auth.middleware[2m > [22mownerOnly[2m > [22mallows user with isOwner=true (email-based)[32m 2[2mms[22m[39m
   [32mΓ£ô[39m auth.middleware[2m > [22mownerOnly[2m > [22mallows user with concrete OWNER role[32m 3[2mms[22m[39m
   [32mΓ£ô[39m auth.middleware[2m > [22mownerOnly[2m > [22mdenies ADMIN role without owner identity[32m 6[2mms[22m[39m
   [32mΓ£ô[39m auth.middleware[2m > [22mownerOnly[2m > [22mdenies STAFF role[32m 3[2mms[22m[39m
   [32mΓ£ô[39m auth.middleware[2m > [22mownerOnly[2m > [22mdenies OPS_MANAGER role[32m 3[2mms[22m[39m
   [32mΓ£ô[39m auth.middleware[2m > [22mownerOnly[2m > [22mdenies CLIENT role[32m 4[2mms[22m[39m
   [32mΓ£ô[39m auth.middleware[2m > [22mownerOnly[2m > [22mdenies missing user[32m 3[2mms[22m[39m
   [32mΓ£ô[39m auth.middleware[2m > [22mrequireClientAccountAccess[2m > [22mallows matching client access[32m 3[2mms[22m[39m
   [32mΓ£ô[39m auth.middleware[2m > [22mrequireClientAccountAccess[2m > [22mdenies mismatched client access[32m 2[2mms[22m[39m
   [32mΓ£ô[39m auth.middleware[2m > [22mrequireClientAccountAccess[2m > [22mallows ADMIN management access[32m 2[2mms[22m[39m
   [32mΓ£ô[39m auth.middleware[2m > [22mrequireClientAccountAccess[2m > [22mallows OWNER management access[32m 2[2mms[22m[39m
   [32mΓ£ô[39m auth.middleware[2m > [22mrequireClientAccountAccess[2m > [22mallows OPS_MANAGER management access[32m 2[2mms[22m[39m
   [32mΓ£ô[39m auth.middleware[2m > [22mrequireClientAccountAccess[2m > [22mdenies CLIENT accessing another client[32m 3[2mms[22m[39m
[90mstdout[2m | src/tests/unit/shipmentService.test.js
[22m[39m10:47:44 [[32minfo[39m]: [32mRedis not configured; skipping Redis client initialization[39m
10:47:47 [[32minfo[39m]: [32mRedis not configured; BullMQ disabled and in-memory queue will be used[39m

[90mstdout[2m | src/tests/unit/tenantScoping.test.js
[22m[39m10:47:44 [[32minfo[39m]: [32mRedis not configured; skipping Redis client initialization[39m
10:47:47 [[32minfo[39m]: [32mRedis not configured; BullMQ disabled and in-memory queue will be used[39m

[90mstdout[2m | src/tests/unit/dataConsistency.test.js
[22m[39m10:47:44 [[32minfo[39m]: [32mRedis not configured; skipping Redis client initialization[39m
10:47:47 [[32minfo[39m]: [32mRedis not configured; BullMQ disabled and in-memory queue will be used[39m

[90mstdout[2m | src/tests/unit/auth.test.js[2m > [22m[2mauth.service[2m > [22m[2mrevokeRefreshToken[2m > [22m[2mmarks token as revoked
[22m[39m10:47:47 [[31merror[39m]: [31mPrisma error: [39m
[31mInvalid `prisma.refreshToken.update()` invocation in[39m
[31mC:\Users\hp\OneDrive\Desktop\seahawk-full_stack\backend\src\services\auth.service.js:209:31[39m

[31m  206 async function revokeRefreshToken(token) {[39m
[31m  207   if (!token) return;[39m
[31m  208   try {[39m
[31mΓåÆ 209     await prisma.refreshToken.update([39m
[31mAn operation failed because it depends on one or more records that were required but not found. Record to update not found.[39m
  {
  "target": "refreshToken.update"
}

[90mstdout[2m | src/tests/unit/auth.test.js[2m > [22m[2mauth.service[2m > [22m[2mcleanupExpiredTokens[2m > [22m[2mdeletes expired and revoked tokens
[22m[39m10:47:47 [[32minfo[39m]: [32mCleaned up 0 expired/revoked refresh tokens[39m

[90mstdout[2m | src/tests/unit/dataConsistency.test.js[2m > [22m[2mData Consistency & Integrity Verification[2m > [22m[2mField normalization ΓÇö consignee & destination[2m > [22m[2muppercases consignee and destination on update()
[22m[39m10:47:49 [[31merror[39m]: [31mPrisma error: [39m
[31mInvalid `prisma.shipment.update()` invocation in[39m
[31mC:\Users\hp\OneDrive\Desktop\seahawk-full_stack\backend\src\services\shipment.service.js:351:41[39m

[31m  348 if (data.awb)          u.awb          = normalizeAwb(data.awb);[39m
[31m  349 if (data.consignee)   u.consignee   = data.consignee.toUpperCase();[39m
[31m  350 if (data.destination) u.destination = data.destination.toUpperCase();[39m
[31mΓåÆ 351 const updated = await prisma.shipment.update([39m
[31mAn operation failed because it depends on one or more records that were required but not found. Record to update not found.[39m
  {
  "target": "shipment.update"
}

[90mstdout[2m | src/tests/unit/shipmentService.test.js[2m > [22m[2mshipment.service[2m > [22m[2mupdate[2m > [22m[2muppercases consignee and destination
[22m[39m10:47:49 [[31merror[39m]: [31mPrisma error: [39m
[31mInvalid `prisma.shipment.update()` invocation in[39m
[31mC:\Users\hp\OneDrive\Desktop\seahawk-full_stack\backend\src\services\shipment.service.js:351:41[39m

[31m  348 if (data.awb)          u.awb          = normalizeAwb(data.awb);[39m
[31m  349 if (data.consignee)   u.consignee   = data.consignee.toUpperCase();[39m
[31m  350 if (data.destination) u.destination = data.destination.toUpperCase();[39m
[31mΓåÆ 351 const updated = await prisma.shipment.update([39m
[31mAn operation failed because it depends on one or more records that were required but not found. Record to update not found.[39m
  {
  "target": "shipment.update"
}

[90mstdout[2m | src/tests/unit/shipmentService.test.js[2m > [22m[2mshipment.service[2m > [22m[2mupdate[2m > [22m[2mnormalizes AWB casing on update
[22m[39m10:47:49 [[31merror[39m]: [31mPrisma error: [39m
[31mInvalid `prisma.shipment.update()` invocation in[39m
[31mC:\Users\hp\OneDrive\Desktop\seahawk-full_stack\backend\src\services\shipment.service.js:351:41[39m

[31m  348 if (data.awb)          u.awb          = normalizeAwb(data.awb);[39m
[31m  349 if (data.consignee)   u.consignee   = data.consignee.toUpperCase();[39m
[31m  350 if (data.destination) u.destination = data.destination.toUpperCase();[39m
[31mΓåÆ 351 const updated = await prisma.shipment.update([39m
[31mAn operation failed because it depends on one or more records that were required but not found. Record to update not found.[39m
  {
  "target": "shipment.update"
}

[90mstdout[2m | src/tests/unit/shipmentService.test.js[2m > [22m[2mshipment.service[2m > [22m[2mremove[2m > [22m[2mdeletes shipment by id
[22m[39m10:47:49 [[31merror[39m]: [31mPrisma error: [39m
[31mInvalid `prisma.shipment.delete()` invocation in[39m
[31mC:\Users\hp\OneDrive\Desktop\seahawk-full_stack\backend\src\services\shipment.service.js:468:43[39m

[31m  465 }[39m
[31m  466 [39m
[31m  467 async function remove(id) { [39m
[31mΓåÆ 468   const res = await prisma.shipment.delete([39m
[31mAn operation failed because it depends on one or more records that were required but not found. Record to delete does not exist.[39m
  {
  "target": "shipment.delete"
}

[90mstdout[2m | src/tests/unit/dataConsistency.test.js[2m > [22m[2mData Consistency & Integrity Verification[2m > [22m[2mField normalization ΓÇö consignee & destination[2m > [22m[2muppercases in bulkImport() as well
[22m[39m10:47:49 [[31merror[39m]: [31mPrisma error: [39m
[31mInvalid `prisma.shipment.createMany()` invocation in[39m
[31mC:\Users\hp\OneDrive\Desktop\seahawk-full_stack\backend\src\services\shipment.service.js:566:27[39m

[31m  563 [39m
[31m  564 // Insert new shipments in one transaction batch[39m
[31m  565 if (newShipmentsData.length > 0) {[39m
[31mΓåÆ 566   await prisma.shipment.createMany([39m
[31mForeign key constraint violated: `shipments_created_by_id_fkey (index)`[39m
  {
  "target": "shipment.createMany"
}

[90mstdout[2m | src/tests/unit/dataConsistency.test.js[2m > [22m[2mData Consistency & Integrity Verification[2m > [22m[2mAudit log ΓÇö never crashes, always records[2m > [22m[2mauditLog records userId, action, entity, and entityId
[22m[39m10:47:49 [[31merror[39m]: [31mPrisma error: [39m
[31mInvalid `prisma.auditLog.create()` invocation in[39m
[31mC:\Users\hp\OneDrive\Desktop\seahawk-full_stack\backend\src\utils\audit.js:7:27[39m

[31m  4 [39m
[31m  5 async function auditLog({ userId, userEmail, action, entity, entityId, oldValue, newValue, ip }) {[39m
[31m  6   try {[39m
[31mΓåÆ 7     await prisma.auditLog.create([39m
[31mForeign key constraint violated: `audit_logs_user_id_fkey (index)`[39m
  {
  "target": "auditLog.create"
}

[90mstdout[2m | src/tests/unit/tenantScoping.test.js[2m > [22m[2mTenant Scoping & Cross-Client Isolation[2m > [22m[2mbulkImport() ΓÇö multi-tenant batch isolation[2m > [22m[2mimports mixed-client batch without cross-contamination
[22m[39m10:47:49 [[31merror[39m]: [31mPrisma error: [39m
[31mInvalid `prisma.shipment.createMany()` invocation in[39m
[31mC:\Users\hp\OneDrive\Desktop\seahawk-full_stack\backend\src\services\shipment.service.js:566:27[39m

[31m  563 [39m
[31m  564 // Insert new shipments in one transaction batch[39m
[31m  565 if (newShipmentsData.length > 0) {[39m
[31mΓåÆ 566   await prisma.shipment.createMany([39m
[31mForeign key constraint violated: `shipments_created_by_id_fkey (index)`[39m
  {
  "target": "shipment.createMany"
}

[90mstdout[2m | src/tests/unit/dataConsistency.test.js[2m > [22m[2mData Consistency & Integrity Verification[2m > [22m[2mAudit log ΓÇö never crashes, always records[2m > [22m[2mauditLog records userId, action, entity, and entityId
[22m[39m10:47:49 [[31merror[39m]: [31mAudit log failed:[39m

[90mstdout[2m | src/tests/unit/dataConsistency.test.js[2m > [22m[2mData Consistency & Integrity Verification[2m > [22m[2mAudit log ΓÇö never crashes, always records[2m > [22m[2mauditLog swallows DB errors without throwing
[22m[39m10:47:49 [[31merror[39m]: [31mPrisma error: [39m
[31mInvalid `prisma.auditLog.create()` invocation in[39m
[31mC:\Users\hp\OneDrive\Desktop\seahawk-full_stack\backend\src\utils\audit.js:7:27[39m

[31m  4 [39m
[31m  5 async function auditLog({ userId, userEmail, action, entity, entityId, oldValue, newValue, ip }) {[39m
[31m  6   try {[39m
[31mΓåÆ 7     await prisma.auditLog.create([39m
[31mForeign key constraint violated: `audit_logs_user_id_fkey (index)`[39m
  {
  "target": "auditLog.create"
}

[90mstdout[2m | src/tests/unit/dataConsistency.test.js[2m > [22m[2mData Consistency & Integrity Verification[2m > [22m[2mAudit log ΓÇö never crashes, always records[2m > [22m[2mauditLog swallows DB errors without throwing
[22m[39m10:47:49 [[31merror[39m]: [31mAudit log failed:[39m

[90mstdout[2m | src/tests/unit/shipmentService.test.js[2m > [22m[2mshipment.service[2m > [22m[2mbulkImport[2m > [22m[2mauto-detects courier and queues tracking sync for imported active shipments
[22m[39m10:47:49 [[31merror[39m]: [31mPrisma error: [39m
[31mInvalid `prisma.shipment.createMany()` invocation in[39m
[31mC:\Users\hp\OneDrive\Desktop\seahawk-full_stack\backend\src\services\shipment.service.js:566:27[39m

[31m  563 [39m
[31m  564 // Insert new shipments in one transaction batch[39m
[31m  565 if (newShipmentsData.length > 0) {[39m
[31mΓåÆ 566   await prisma.shipment.createMany([39m
[31mForeign key constraint violated: `shipments_created_by_id_fkey (index)`[39m
  {
  "target": "shipment.createMany"
}

[90mstdout[2m | src/tests/unit/tenantScoping.test.js[2m > [22m[2mTenant Scoping & Cross-Client Isolation[2m > [22m[2mbulkImport() ΓÇö multi-tenant batch isolation[2m > [22m[2mduplicate in Client A does not affect Client B import
[22m[39m10:47:49 [[31merror[39m]: [31mPrisma error: [39m
[31mInvalid `prisma.shipment.createMany()` invocation in[39m
[31mC:\Users\hp\OneDrive\Desktop\seahawk-full_stack\backend\src\services\shipment.service.js:566:27[39m

[31m  563 [39m
[31m  564 // Insert new shipments in one transaction batch[39m
[31m  565 if (newShipmentsData.length > 0) {[39m
[31mΓåÆ 566   await prisma.shipment.createMany([39m
[31mForeign key constraint violated: `shipments_created_by_id_fkey (index)`[39m
  {
  "target": "shipment.createMany"
}

[90mstdout[2m | src/tests/unit/dataConsistency.test.js[2m > [22m[2mData Consistency & Integrity Verification[2m > [22m[2mImport ledger ΓÇö records every row from bulkImport[2m > [22m[2mcalls insertRow for each imported shipment with correct fields
[22m[39m10:47:49 [[31merror[39m]: [31mPrisma error: [39m
[31mInvalid `prisma.shipment.createMany()` invocation in[39m
[31mC:\Users\hp\OneDrive\Desktop\seahawk-full_stack\backend\src\services\shipment.service.js:566:27[39m

[31m  563 [39m
[31m  564 // Insert new shipments in one transaction batch[39m
[31m  565 if (newShipmentsData.length > 0) {[39m
[31mΓåÆ 566   await prisma.shipment.createMany([39m
[31mForeign key constraint violated: `shipments_created_by_id_fkey (index)`[39m
  {
  "target": "shipment.createMany"
}

 [31mΓ¥»[39m [30m[42m unit [49m[39m src/tests/unit/tenantScoping.test.js [2m([22m[2m14 tests[22m[2m | [22m[31m13 failed[39m[2m)[22m[33m 1996[2mms[22m[39m
[31m   [31m├ù[31m Tenant Scoping & Cross-Client Isolation[2m > [22mgetAll() ΓÇö client filter enforcement[2m > [22mreturns ONLY Client A shipments when filtered by client=ALPHA[39m[33m 1141[2mms[22m[39m
[31m     ΓåÆ expected [] to have a length of 2 but got +0[39m
[31m   [31m├ù[31m Tenant Scoping & Cross-Client Isolation[2m > [22mgetAll() ΓÇö client filter enforcement[2m > [22mreturns ONLY Client B shipments when filtered by client=BETA[39m[32m 56[2mms[22m[39m
[31m     ΓåÆ expected [] to have a length of 2 but got +0[39m
[31m   [31m├ù[31m Tenant Scoping & Cross-Client Isolation[2m > [22mgetAll() ΓÇö client filter enforcement[2m > [22mreturns ALL shipments when no client filter is provided (admin view)[39m[32m 81[2mms[22m[39m
[31m     ΓåÆ expected [] to have a length of 4 but got +0[39m
[31m   [31m├ù[31m Tenant Scoping & Cross-Client Isolation[2m > [22mgetMyShipments() ΓÇö client portal isolation[2m > [22mClient A portal sees only its own shipments[39m[32m 36[2mms[22m[39m
[31m     ΓåÆ expected [] to have a length of 2 but got +0[39m
[31m   [31m├ù[31m Tenant Scoping & Cross-Client Isolation[2m > [22mgetMyShipments() ΓÇö client portal isolation[2m > [22mClient B portal cannot see Client A shipments by searching for ALPHA AWBs[39m[32m 25[2mms[22m[39m
[31m     ΓåÆ Cannot read properties of undefined (reading '0')[39m
[31m   [31m├ù[31m Tenant Scoping & Cross-Client Isolation[2m > [22mgetMyShipments() ΓÇö client portal isolation[2m > [22mpagination stays within tenant boundary[39m[32m 12[2mms[22m[39m
[31m     ΓåÆ Cannot read properties of undefined (reading '0')[39m
[31m   [31m├ù[31m Tenant Scoping & Cross-Client Isolation[2m > [22mgetMyShipments() ΓÇö client portal isolation[2m > [22mstatus filter combines with client scoping (not replaces)[39m[32m 14[2mms[22m[39m
[31m     ΓåÆ Cannot read properties of undefined (reading '0')[39m
[31m   [31m├ù[31m Tenant Scoping & Cross-Client Isolation[2m > [22mgetById() ΓÇö admin access scope[2m > [22mreturns a shipment regardless of client (admin function)[39m[32m 60[2mms[22m[39m
[31m     ΓåÆ Shipment not found.[39m
   [32mΓ£ô[39m Tenant Scoping & Cross-Client Isolation[2m > [22mgetById() ΓÇö admin access scope[2m > [22mthrows 404 for non-existent shipment[32m 37[2mms[22m[39m
[31m   [31m├ù[31m Tenant Scoping & Cross-Client Isolation[2m > [22mcreate() ΓÇö wallet isolation between tenants[2m > [22mdebits Client A wallet for Client A shipment, not Client B[39m[32m 125[2mms[22m[39m
[31m     ΓåÆ Client not found: ALPHA[39m
[31m   [31m├ù[31m Tenant Scoping & Cross-Client Isolation[2m > [22mcreate() ΓÇö wallet isolation between tenants[2m > [22mcreating a Client B shipment does not touch Client A wallet[39m[32m 72[2mms[22m[39m
[31m     ΓåÆ Client not found: BETA[39m
[31m   [31m├ù[31m Tenant Scoping & Cross-Client Isolation[2m > [22mbulkImport() ΓÇö multi-tenant batch isolation[2m > [22mimports mixed-client batch without cross-contamination[39m[32m 145[2mms[22m[39m
[31m     ΓåÆ 
Invalid `prisma.shipment.createMany()` invocation in
C:\Users\hp\OneDrive\Desktop\seahawk-full_stack\backend\src\services\shipment.service.js:566:27

  563 
  564 // Insert new shipments in one transaction batch
  565 if (newShipmentsData.length > 0) {
ΓåÆ 566   await prisma.shipment.createMany(
Foreign key constraint violated: `shipments_created_by_id_fkey (index)`[39m
[31m   [31m├ù[31m Tenant Scoping & Cross-Client Isolation[2m > [22mbulkImport() ΓÇö multi-tenant batch isolation[2m > [22mduplicate in Client A does not affect Client B import[39m[32m 127[2mms[22m[39m
[31m     ΓåÆ 
Invalid `prisma.shipment.createMany()` invocation in
C:\Users\hp\OneDrive\Desktop\seahawk-full_stack\backend\src\services\shipment.service.js:566:27

  563 
  564 // Insert new shipments in one transaction batch
  565 if (newShipmentsData.length > 0) {
ΓåÆ 566   await prisma.shipment.createMany(
Foreign key constraint violated: `shipments_created_by_id_fkey (index)`[39m
[31m   [31m├ù[31m Tenant Scoping & Cross-Client Isolation[2m > [22mgetAll() ΓÇö search respects client scope[2m > [22msearching with client filter cannot return other tenant data[39m[32m 57[2mms[22m[39m
[31m     ΓåÆ Cannot read properties of undefined (reading '0')[39m
[90mstdout[2m | src/tests/unit/dataConsistency.test.js[2m > [22m[2mData Consistency & Integrity Verification[2m > [22m[2mImport ledger ΓÇö records every row from bulkImport[2m > [22m[2mrecords batchKey consistently across all rows in a batch
[22m[39m10:47:49 [[31merror[39m]: [31mPrisma error: [39m
[31mInvalid `prisma.shipment.createMany()` invocation in[39m
[31mC:\Users\hp\OneDrive\Desktop\seahawk-full_stack\backend\src\services\shipment.service.js:566:27[39m

[31m  563 [39m
[31m  564 // Insert new shipments in one transaction batch[39m
[31m  565 if (newShipmentsData.length > 0) {[39m
[31mΓåÆ 566   await prisma.shipment.createMany([39m
[31mForeign key constraint violated: `shipments_created_by_id_fkey (index)`[39m
  {
  "target": "shipment.createMany"
}

[90mstdout[2m | src/tests/unit/shipmentService.test.js[2m > [22m[2mshipment.service[2m > [22m[2mscanAwbAndUpdate[2m > [22m[2mcreates a placeholder capture when live tracking is unavailable in capture mode
[22m[39m10:47:49 [[31merror[39m]: [31mPrisma error: [39m
[31mInvalid `prisma.shipment.create()` invocation in[39m
[31mC:\Users\hp\OneDrive\Desktop\seahawk-full_stack\backend\src\services\shipment.service.js:908:49[39m

[31m  905   };[39m
[31m  906 }[39m
[31m  907 [39m
[31mΓåÆ 908 const createdShipment = await prisma.shipment.create([39m
[31mForeign key constraint violated: `shipments_client_code_fkey (index)`[39m
  {
  "target": "shipment.create"
}

[90mstdout[2m | src/tests/unit/dataConsistency.test.js[2m > [22m[2mData Consistency & Integrity Verification[2m > [22m[2mImport ledger ΓÇö records every row from bulkImport[2m > [22m[2mrecords auto-priced flag when contract pricing applies
[22m[39m10:47:49 [[31merror[39m]: [31mPrisma error: [39m
[31mInvalid `prisma.shipment.createMany()` invocation in[39m
[31mC:\Users\hp\OneDrive\Desktop\seahawk-full_stack\backend\src\services\shipment.service.js:566:27[39m

[31m  563 [39m
[31m  564 // Insert new shipments in one transaction batch[39m
[31m  565 if (newShipmentsData.length > 0) {[39m
[31mΓåÆ 566   await prisma.shipment.createMany([39m
[31mForeign key constraint violated: `shipments_created_by_id_fkey (index)`[39m
  {
  "target": "shipment.createMany"
}

[90mstdout[2m | src/tests/unit/shipmentService.test.js[2m > [22m[2mshipment.service[2m > [22m[2mscanAwbAndUpdate[2m > [22m[2mreuses an existing shipment in capture mode when tracking is unavailable
[22m[39m10:47:49 [[31merror[39m]: [31mPrisma error: [39m
[31mInvalid `prisma.shipment.create()` invocation in[39m
[31mC:\Users\hp\OneDrive\Desktop\seahawk-full_stack\backend\src\services\shipment.service.js:908:49[39m

[31m  905   };[39m
[31m  906 }[39m
[31m  907 [39m
[31mΓåÆ 908 const createdShipment = await prisma.shipment.create([39m
[31mForeign key constraint violated: `shipments_client_code_fkey (index)`[39m
  {
  "target": "shipment.create"
}

[90mstdout[2m | src/tests/unit/shipmentService.test.js[2m > [22m[2mshipment.service[2m > [22m[2mscanAwbAndUpdate[2m > [22m[2mkeeps the original date when reusing an existing shipment in capture mode
[22m[39m10:47:49 [[31merror[39m]: [31mPrisma error: [39m
[31mInvalid `prisma.shipment.create()` invocation in[39m
[31mC:\Users\hp\OneDrive\Desktop\seahawk-full_stack\backend\src\services\shipment.service.js:908:49[39m

[31m  905   };[39m
[31m  906 }[39m
[31m  907 [39m
[31mΓåÆ 908 const createdShipment = await prisma.shipment.create([39m
[31mForeign key constraint violated: `shipments_client_code_fkey (index)`[39m
  {
  "target": "shipment.create"
}

[90mstdout[2m | src/tests/unit/dataConsistency.test.js[2m > [22m[2mData Consistency & Integrity Verification[2m > [22m[2mBulk import ΓÇö invalid data rejection[2m > [22m[2mskips rows with empty AWBs and records them as errors
[22m[39m10:47:49 [[31merror[39m]: [31mPrisma error: [39m
[31mInvalid `prisma.shipment.createMany()` invocation in[39m
[31mC:\Users\hp\OneDrive\Desktop\seahawk-full_stack\backend\src\services\shipment.service.js:566:27[39m

[31m  563 [39m
[31m  564 // Insert new shipments in one transaction batch[39m
[31m  565 if (newShipmentsData.length > 0) {[39m
[31mΓåÆ 566   await prisma.shipment.createMany([39m
[31mForeign key constraint violated: `shipments_created_by_id_fkey (index)`[39m
  {
  "target": "shipment.createMany"
}

 [31mΓ¥»[39m [30m[42m unit [49m[39m src/tests/unit/dataConsistency.test.js [2m([22m[2m17 tests[22m[2m | [22m[31m16 failed[39m[2m)[22m[33m 1702[2mms[22m[39m
[31m   [31m├ù[31m Data Consistency & Integrity Verification[2m > [22mAWB normalization ΓÇö Unicode, whitespace, casing[2m > [22mstrips zero-width characters and normalizes to uppercase[39m[33m 656[2mms[22m[39m
[31m     ΓåÆ Client not found: TESTCL[39m
[31m   [31m├ù[31m Data Consistency & Integrity Verification[2m > [22mAWB normalization ΓÇö Unicode, whitespace, casing[2m > [22mstrips leading/trailing whitespace from AWB[39m[32m 26[2mms[22m[39m
[31m     ΓåÆ Client not found: TESTCL[39m
[31m   [31m├ù[31m Data Consistency & Integrity Verification[2m > [22mAWB normalization ΓÇö Unicode, whitespace, casing[2m > [22mnormalizes full-width characters (NFKC)[39m[32m 19[2mms[22m[39m
[31m     ΓåÆ Client not found: TESTCL[39m
[31m   [31m├ù[31m Data Consistency & Integrity Verification[2m > [22mField normalization ΓÇö consignee & destination[2m > [22muppercases consignee and destination on create()[39m[32m 64[2mms[22m[39m
[31m     ΓåÆ Client not found: TESTCL[39m
[31m   [31m├ù[31m Data Consistency & Integrity Verification[2m > [22mField normalization ΓÇö consignee & destination[2m > [22muppercases consignee and destination on update()[39m[32m 71[2mms[22m[39m
[31m     ΓåÆ 
Invalid `prisma.shipment.update()` invocation in
C:\Users\hp\OneDrive\Desktop\seahawk-full_stack\backend\src\services\shipment.service.js:351:41

  348 if (data.awb)          u.awb          = normalizeAwb(data.awb);
  349 if (data.consignee)   u.consignee   = data.consignee.toUpperCase();
  350 if (data.destination) u.destination = data.destination.toUpperCase();
ΓåÆ 351 const updated = await prisma.shipment.update(
An operation failed because it depends on one or more records that were required but not found. Record to update not found.[39m
[31m   [31m├ù[31m Data Consistency & Integrity Verification[2m > [22mField normalization ΓÇö consignee & destination[2m > [22muppercases in bulkImport() as well[39m[32m 247[2mms[22m[39m
[31m     ΓåÆ 
Invalid `prisma.shipment.createMany()` invocation in
C:\Users\hp\OneDrive\Desktop\seahawk-full_stack\backend\src\services\shipment.service.js:566:27

  563 
  564 // Insert new shipments in one transaction batch
  565 if (newShipmentsData.length > 0) {
ΓåÆ 566   await prisma.shipment.createMany(
Foreign key constraint violated: `shipments_created_by_id_fkey (index)`[39m
[31m   [31m├ù[31m Data Consistency & Integrity Verification[2m > [22mAudit log ΓÇö never crashes, always records[2m > [22mauditLog records userId, action, entity, and entityId[39m[32m 104[2mms[22m[39m
[31m     ΓåÆ expected "spy" to be called with arguments: [ { data: ObjectContaining{ΓÇª} } ][90m

Number of calls: [1m0[22m
[31m[39m
   [32mΓ£ô[39m Data Consistency & Integrity Verification[2m > [22mAudit log ΓÇö never crashes, always records[2m > [22mauditLog swallows DB errors without throwing[32m 43[2mms[22m[39m
[31m   [31m├ù[31m Data Consistency & Integrity Verification[2m > [22mAudit log ΓÇö never crashes, always records[2m > [22mauditLog handles null userId and missing fields gracefully[39m[32m 45[2mms[22m[39m
[31m     ΓåÆ expected "spy" to be called with arguments: [ { data: ObjectContaining{ΓÇª} } ][90m

Number of calls: [1m0[22m
[31m[39m
[31m   [31m├ù[31m Data Consistency & Integrity Verification[2m > [22mImport ledger ΓÇö records every row from bulkImport[2m > [22mcalls insertRow for each imported shipment with correct fields[39m[32m 65[2mms[22m[39m
[31m     ΓåÆ 
Invalid `prisma.shipment.createMany()` invocation in
C:\Users\hp\OneDrive\Desktop\seahawk-full_stack\backend\src\services\shipment.service.js:566:27

  563 
  564 // Insert new shipments in one transaction batch
  565 if (newShipmentsData.length > 0) {
ΓåÆ 566   await prisma.shipment.createMany(
Foreign key constraint violated: `shipments_created_by_id_fkey (index)`[39m
[31m   [31m├ù[31m Data Consistency & Integrity Verification[2m > [22mImport ledger ΓÇö records every row from bulkImport[2m > [22mrecords batchKey consistently across all rows in a batch[39m[32m 51[2mms[22m[39m
[31m     ΓåÆ 
Invalid `prisma.shipment.createMany()` invocation in
C:\Users\hp\OneDrive\Desktop\seahawk-full_stack\backend\src\services\shipment.service.js:566:27

  563 
  564 // Insert new shipments in one transaction batch
  565 if (newShipmentsData.length > 0) {
ΓåÆ 566   await prisma.shipment.createMany(
Foreign key constraint violated: `shipments_created_by_id_fkey (index)`[39m
[31m   [31m├ù[31m Data Consistency & Integrity Verification[2m > [22mImport ledger ΓÇö records every row from bulkImport[2m > [22mrecords auto-priced flag when contract pricing applies[39m[32m 50[2mms[22m[39m
[31m     ΓåÆ 
Invalid `prisma.shipment.createMany()` invocation in
C:\Users\hp\OneDrive\Desktop\seahawk-full_stack\backend\src\services\shipment.service.js:566:27

  563 
  564 // Insert new shipments in one transaction batch
  565 if (newShipmentsData.length > 0) {
ΓåÆ 566   await prisma.shipment.createMany(
Foreign key constraint violated: `shipments_created_by_id_fkey (index)`[39m
[31m   [31m├ù[31m Data Consistency & Integrity Verification[2m > [22mStatus transition ΓÇö tracking event creation[2m > [22mcreates a trackingEvent when status is updated[39m[32m 28[2mms[22m[39m
[31m     ΓåÆ Shipment not found.[39m
[31m   [31m├ù[31m Data Consistency & Integrity Verification[2m > [22mStatus transition ΓÇö tracking event creation[2m > [22mtracking event failure does not crash the status update[39m[32m 16[2mms[22m[39m
[31m     ΓåÆ Shipment not found.[39m
[31m   [31m├ù[31m Data Consistency & Integrity Verification[2m > [22mWallet transactions ΓÇö balance reference accuracy[2m > [22mwallet transaction stores the POST-debit balance, not pre-debit[39m[32m 66[2mms[22m[39m
[31m     ΓåÆ Insufficient wallet balance (available: Γé╣0.00, required: Γé╣300.00)[39m
[31m   [31m├ù[31m Data Consistency & Integrity Verification[2m > [22mRisk analysis ΓÇö score persists to shipment record[2m > [22mstores riskScore and riskFactors from analyzeShipment()[39m[32m 90[2mms[22m[39m
[31m     ΓåÆ Insufficient wallet balance (available: Γé╣0.00, required: Γé╣5000.00)[39m
[31m   [31m├ù[31m Data Consistency & Integrity Verification[2m > [22mBulk import ΓÇö invalid data rejection[2m > [22mskips rows with empty AWBs and records them as errors[39m[32m 52[2mms[22m[39m
[31m     ΓåÆ 
Invalid `prisma.shipment.createMany()` invocation in
C:\Users\hp\OneDrive\Desktop\seahawk-full_stack\backend\src\services\shipment.service.js:566:27

  563 
  564 // Insert new shipments in one transaction batch
  565 if (newShipmentsData.length > 0) {
ΓåÆ 566   await prisma.shipment.createMany(
Foreign key constraint violated: `shipments_created_by_id_fkey (index)`[39m
[90mstdout[2m | src/tests/unit/shipmentService.test.js[2m > [22m[2mshipment.service[2m > [22m[2mscanAwbAndUpdate[2m > [22m[2mfills placeholder fields without overwriting meaningful existing data in capture mode
[22m[39m10:47:49 [[31merror[39m]: [31mPrisma error: [39m
[31mInvalid `prisma.shipment.create()` invocation in[39m
[31mC:\Users\hp\OneDrive\Desktop\seahawk-full_stack\backend\src\services\shipment.service.js:908:49[39m

[31m  905   };[39m
[31m  906 }[39m
[31m  907 [39m
[31mΓåÆ 908 const createdShipment = await prisma.shipment.create([39m
[31mForeign key constraint violated: `shipments_client_code_fkey (index)`[39m
  {
  "target": "shipment.create"
}

[90mstdout[2m | src/tests/unit/carrierService.test.js[2m > [22m[2mcarrier.service[2m > [22m[2mcreateShipment[2m > [22m[2mcreates a shipment via Delhivery
[22m[39m10:47:49 [[32minfo[39m]: [32mCreating shipment via Delhivery API[39m
  {
  "requestedCarrier": "Delhivery",
  "consignee": "John Doe",
  "pin": "122015"
}

[90mstdout[2m | src/tests/unit/carrierService.test.js[2m > [22m[2mcarrier.service[2m > [22m[2mcreateShipment[2m > [22m[2mcreates a shipment via DTDC
[22m[39m10:47:49 [[32minfo[39m]: [32mCreating shipment via DTDC API[39m
  {
  "requestedCarrier": "DTDC",
  "consignee": "John Doe",
  "pin": "122015"
}

[90mstdout[2m | src/tests/unit/carrierService.test.js[2m > [22m[2mcarrier.service[2m > [22m[2mcreateShipment[2m > [22m[2mcreates a shipment via BlueDart
[22m[39m10:47:49 [[32minfo[39m]: [32mCreating shipment via BlueDart API[39m
  {
  "requestedCarrier": "BlueDart",
  "consignee": "John Doe",
  "pin": "122015"
}

[90mstdout[2m | src/tests/unit/carrierService.test.js[2m > [22m[2mcarrier.service[2m > [22m[2mcreateShipment[2m > [22m[2mcreates a shipment via Trackon
[22m[39m10:47:49 [[32minfo[39m]: [32mCreating shipment via Trackon API[39m
  {
  "requestedCarrier": "Trackon",
  "consignee": "John Doe",
  "pin": "122015"
}

[90mstdout[2m | src/tests/unit/carrierService.test.js[2m > [22m[2mcarrier.service[2m > [22m[2mcreateShipment[2m > [22m[2mnormalizes Trackon service-tier aliases before booking
[22m[39m10:47:49 [[32minfo[39m]: [32mCreating shipment via Trackon API[39m
  {
  "requestedCarrier": "PRIMETRACK",
  "consignee": "John Doe",
  "pin": "122015"
}

[90mstdout[2m | src/tests/unit/shipmentService.test.js[2m > [22m[2mshipment.service[2m > [22m[2mscanAwbAndUpdate[2m > [22m[2mnormalizes whitespace inside scanned AWBs before matching existing shipments
[22m[39m10:47:50 [[31merror[39m]: [31mPrisma error: [39m
[31mInvalid `prisma.shipment.create()` invocation in[39m
[31mC:\Users\hp\OneDrive\Desktop\seahawk-full_stack\backend\src\services\shipment.service.js:908:49[39m

[31m  905   };[39m
[31m  906 }[39m
[31m  907 [39m
[31mΓåÆ 908 const createdShipment = await prisma.shipment.create([39m
[31mForeign key constraint violated: `shipments_client_code_fkey (index)`[39m
  {
  "target": "shipment.create"
}

 [31mΓ¥»[39m [30m[42m unit [49m[39m src/tests/unit/shipmentService.test.js [2m([22m[2m13 tests[22m[2m | [22m[31m11 failed[39m[2m)[22m[33m 2479[2mms[22m[39m
[31m   [31m├ù[31m shipment.service[2m > [22mgetAll[2m > [22mreturns paginated shipments[39m[33m 1208[2mms[22m[39m
[31m     ΓåÆ expected +0 to be 100 // Object.is equality[39m
   [32mΓ£ô[39m shipment.service[2m > [22mgetAll[2m > [22mclamps page and limit to safe values[32m 47[2mms[22m[39m
[31m   [31m├ù[31m shipment.service[2m > [22mgetById[2m > [22mreturns shipment when found[39m[32m 84[2mms[22m[39m
[31m     ΓåÆ Shipment not found.[39m
   [32mΓ£ô[39m shipment.service[2m > [22mgetById[2m > [22mthrows when shipment not found[32m 76[2mms[22m[39m
[31m   [31m├ù[31m shipment.service[2m > [22mupdate[2m > [22muppercases consignee and destination[39m[32m 63[2mms[22m[39m
[31m     ΓåÆ 
Invalid `prisma.shipment.update()` invocation in
C:\Users\hp\OneDrive\Desktop\seahawk-full_stack\backend\src\services\shipment.service.js:351:41

  348 if (data.awb)          u.awb          = normalizeAwb(data.awb);
  349 if (data.consignee)   u.consignee   = data.consignee.toUpperCase();
  350 if (data.destination) u.destination = data.destination.toUpperCase();
ΓåÆ 351 const updated = await prisma.shipment.update(
An operation failed because it depends on one or more records that were required but not found. Record to update not found.[39m
[31m   [31m├ù[31m shipment.service[2m > [22mupdate[2m > [22mnormalizes AWB casing on update[39m[32m 77[2mms[22m[39m
[31m     ΓåÆ 
Invalid `prisma.shipment.update()` invocation in
C:\Users\hp\OneDrive\Desktop\seahawk-full_stack\backend\src\services\shipment.service.js:351:41

  348 if (data.awb)          u.awb          = normalizeAwb(data.awb);
  349 if (data.consignee)   u.consignee   = data.consignee.toUpperCase();
  350 if (data.destination) u.destination = data.destination.toUpperCase();
ΓåÆ 351 const updated = await prisma.shipment.update(
An operation failed because it depends on one or more records that were required but not found. Record to update not found.[39m
[31m   [31m├ù[31m shipment.service[2m > [22mremove[2m > [22mdeletes shipment by id[39m[32m 40[2mms[22m[39m
[31m     ΓåÆ 
Invalid `prisma.shipment.delete()` invocation in
C:\Users\hp\OneDrive\Desktop\seahawk-full_stack\backend\src\services\shipment.service.js:468:43

  465 }
  466 
  467 async function remove(id) { 
ΓåÆ 468   const res = await prisma.shipment.delete(
An operation failed because it depends on one or more records that were required but not found. Record to delete does not exist.[39m
[31m   [31m├ù[31m shipment.service[2m > [22mbulkImport[2m > [22mauto-detects courier and queues tracking sync for imported active shipments[39m[32m 264[2mms[22m[39m
[31m     ΓåÆ 
Invalid `prisma.shipment.createMany()` invocation in
C:\Users\hp\OneDrive\Desktop\seahawk-full_stack\backend\src\services\shipment.service.js:566:27

  563 
  564 // Insert new shipments in one transaction batch
  565 if (newShipmentsData.length > 0) {
ΓåÆ 566   await prisma.shipment.createMany(
Foreign key constraint violated: `shipments_created_by_id_fkey (index)`[39m
[31m   [31m├ù[31m shipment.service[2m > [22mscanAwbAndUpdate[2m > [22mcreates a placeholder capture when live tracking is unavailable in capture mode[39m[32m 178[2mms[22m[39m
[31m     ΓåÆ 
Invalid `prisma.shipment.create()` invocation in
C:\Users\hp\OneDrive\Desktop\seahawk-full_stack\backend\src\services\shipment.service.js:908:49

  905   };
  906 }
  907 
ΓåÆ 908 const createdShipment = await prisma.shipment.create(
Foreign key constraint violated: `shipments_client_code_fkey (index)`[39m
[31m   [31m├ù[31m shipment.service[2m > [22mscanAwbAndUpdate[2m > [22mreuses an existing shipment in capture mode when tracking is unavailable[39m[32m 100[2mms[22m[39m
[31m     ΓåÆ 
Invalid `prisma.shipment.create()` invocation in
C:\Users\hp\OneDrive\Desktop\seahawk-full_stack\backend\src\services\shipment.service.js:908:49

  905   };
  906 }
  907 
ΓåÆ 908 const createdShipment = await prisma.shipment.create(
Foreign key constraint violated: `shipments_client_code_fkey (index)`[39m
[31m   [31m├ù[31m shipment.service[2m > [22mscanAwbAndUpdate[2m > [22mkeeps the original date when reusing an existing shipment in capture mode[39m[32m 134[2mms[22m[39m
[31m     ΓåÆ 
Invalid `prisma.shipment.create()` invocation in
C:\Users\hp\OneDrive\Desktop\seahawk-full_stack\backend\src\services\shipment.service.js:908:49

  905   };
  906 }
  907 
ΓåÆ 908 const createdShipment = await prisma.shipment.create(
Foreign key constraint violated: `shipments_client_code_fkey (index)`[39m
[31m   [31m├ù[31m shipment.service[2m > [22mscanAwbAndUpdate[2m > [22mfills placeholder fields without overwriting meaningful existing data in capture mode[39m[32m 62[2mms[22m[39m
[31m     ΓåÆ 
Invalid `prisma.shipment.create()` invocation in
C:\Users\hp\OneDrive\Desktop\seahawk-full_stack\backend\src\services\shipment.service.js:908:49

  905   };
  906 }
  907 
ΓåÆ 908 const createdShipment = await prisma.shipment.create(
Foreign key constraint violated: `shipments_client_code_fkey (index)`[39m
[31m   [31m├ù[31m shipment.service[2m > [22mscanAwbAndUpdate[2m > [22mnormalizes whitespace inside scanned AWBs before matching existing shipments[39m[32m 136[2mms[22m[39m
[31m     ΓåÆ 
Invalid `prisma.shipment.create()` invocation in
C:\Users\hp\OneDrive\Desktop\seahawk-full_stack\backend\src\services\shipment.service.js:908:49

  905   };
  906 }
  907 
ΓåÆ 908 const createdShipment = await prisma.shipment.create(
Foreign key constraint violated: `shipments_client_code_fkey (index)`[39m
[90mstdout[2m | src/tests/unit/otpService.test.js[2m > [22m[2motp.service[2m > [22m[2msendLoginOTP[2m > [22m[2mfalls back to console in non-production environments
[22m[39m10:47:50 [[31merror[39m]: [31mPrisma error: [39m
[31mInvalid `prisma.$executeRaw()` invocation:[39m


[31mRaw query failed. Code: `42P01`. Message: `relation "login_otps" does not exist`[39m
  {
  "target": "$executeRaw"
}

 [31mΓ¥»[39m [30m[42m unit [49m[39m src/tests/unit/auth.test.js [2m([22m[2m29 tests[22m[2m | [22m[31m18 failed[39m[2m)[22m[33m 5856[2mms[22m[39m
   [32mΓ£ô[39m auth.service[2m > [22msanitise[2m > [22mstrips HTML tags[32m 8[2mms[22m[39m
   [32mΓ£ô[39m auth.service[2m > [22msanitise[2m > [22mstrips javascript: URIs[32m 2[2mms[22m[39m
   [32mΓ£ô[39m auth.service[2m > [22msanitise[2m > [22mreturns non-string values unchanged[32m 2[2mms[22m[39m
   [32mΓ£ô[39m auth.service[2m > [22msanitise[2m > [22mtrims whitespace[32m 1[2mms[22m[39m
   [33m[2mΓ£ô[22m[39m auth.service[2m > [22mlogin[2m > [22mthrows on invalid credentials [33m 731[2mms[22m[39m
   [33m[2mΓ£ô[22m[39m auth.service[2m > [22mlogin[2m > [22mthrows on inactive user [33m 978[2mms[22m[39m
[31m   [31m├ù[31m auth.service[2m > [22mlogin[2m > [22mreturns tokens and user on success[39m[33m 1105[2mms[22m[39m
[31m     ΓåÆ Invalid email or password.[39m
[31m   [31m├ù[31m auth.service[2m > [22mrefreshAccessToken[2m > [22mreturns new access and rotated refresh token from DB-stored refresh token[39m[32m 96[2mms[22m[39m
[31m     ΓåÆ Invalid or expired refresh token.[39m
[31m   [31m├ù[31m auth.service[2m > [22mrefreshAccessToken[2m > [22mthrows for revoked token and revokes active token family[39m[32m 78[2mms[22m[39m
[31m     ΓåÆ expected "spy" to be called with arguments: [ ObjectContaining{ΓÇª} ][90m

Number of calls: [1m0[22m
[31m[39m
   [32mΓ£ô[39m auth.service[2m > [22mrefreshAccessToken[2m > [22mthrows for expired DB token[32m 68[2mms[22m[39m
[31m   [31m├ù[31m auth.service[2m > [22mrefreshAccessToken[2m > [22mupgrades legacy JWT refresh to rotated DB token[39m[32m 80[2mms[22m[39m
[31m     ΓåÆ Invalid or expired refresh token.[39m
   [32mΓ£ô[39m auth.service[2m > [22mrevokeRefreshToken[2m > [22mno-ops on empty token[32m 2[2mms[22m[39m
[31m   [31m├ù[31m auth.service[2m > [22mrevokeRefreshToken[2m > [22mmarks token as revoked[39m[32m 70[2mms[22m[39m
[31m     ΓåÆ expected "spy" to be called with arguments: [ ObjectContaining{ΓÇª} ][90m

Number of calls: [1m0[22m
[31m[39m
[31m   [31m├ù[31m auth.service[2m > [22mrevokeAllUserTokens[2m > [22mrevokes all tokens for a user[39m[32m 42[2mms[22m[39m
[31m     ΓåÆ expected "spy" to be called with arguments: [ ObjectContaining{ΓÇª} ][90m

Number of calls: [1m0[22m
[31m[39m
[31m   [31m├ù[31m auth.service[2m > [22mcleanupExpiredTokens[2m > [22mdeletes expired and revoked tokens[39m[32m 49[2mms[22m[39m
[31m     ΓåÆ expected "spy" to be called at least once[39m
[31m   [31m├ù[31m auth.service[2m > [22mcreateUser[2m > [22mthrows on duplicate email[39m[32m 43[2mms[22m[39m
[31m     ΓåÆ expected [Function] to throw error including 'Email already registered.' but got 'Password must be at least 8 characterΓÇª'[39m
   [32mΓ£ô[39m auth.service[2m > [22mcreateUser[2m > [22mthrows on invalid role[32m 27[2mms[22m[39m
   [32mΓ£ô[39m auth.service[2m > [22mcreateUser[2m > [22mthrows when CLIENT role missing clientCode[32m 67[2mms[22m[39m
[31m   [31m├ù[31m auth.service[2m > [22mcreateUser[2m > [22mcreates a user with hashed password[39m[32m 59[2mms[22m[39m
[31m     ΓåÆ Password must be at least 8 characters long.[39m
[31m   [31m├ù[31m auth.service[2m > [22mcreateUser[2m > [22mcreates CLIENT user with clientUser link[39m[32m 95[2mms[22m[39m
[31m     ΓåÆ Client with code "TEST" not found.[39m
[31m   [31m├ù[31m auth.service[2m > [22mupdateUser[2m > [22mhashes password if provided[39m[32m 28[2mms[22m[39m
[31m     ΓåÆ User not found.[39m
[31m   [31m├ù[31m auth.service[2m > [22mupdateUser[2m > [22mlowercases email[39m[32m 55[2mms[22m[39m
[31m     ΓåÆ User not found.[39m
[31m   [31m├ù[31m auth.service[2m > [22mupdateUser[2m > [22mrevokes tokens when deactivating[39m[32m 75[2mms[22m[39m
[31m     ΓåÆ User not found.[39m
[31m   [31m├ù[31m auth.service[2m > [22mupdateUser[2m > [22mupserts client link when updating CLIENT user[39m[32m 55[2mms[22m[39m
[31m     ΓåÆ User not found.[39m
[31m   [31m├ù[31m auth.service[2m > [22mdeleteUser[2m > [22mdeletes a user account[39m[32m 33[2mms[22m[39m
[31m     ΓåÆ User not found.[39m
   [32mΓ£ô[39m auth.service[2m > [22mdeleteUser[2m > [22mblocks self-delete[32m 3[2mms[22m[39m
[31m   [31m├ù[31m auth.service[2m > [22mchangePassword[2m > [22mthrows on wrong current password[39m[33m 971[2mms[22m[39m
[31m     ΓåÆ expected [Function] to throw error including 'Current password is incorrect.' but got 'Cannot read properties of null (readiΓÇª'[39m
[31m   [31m├ù[31m auth.service[2m > [22mchangePassword[2m > [22mupdates password and revokes tokens[39m[33m 968[2mms[22m[39m
[31m     ΓåÆ Cannot read properties of null (reading 'password')[39m
[31m   [31m├ù[31m auth.service[2m > [22mgetAllUsers[2m > [22mreturns users with flattened clientCode[39m[32m 47[2mms[22m[39m
[31m     ΓåÆ expected [] to have a length of 2 but got +0[39m
[90mstdout[2m | src/tests/unit/otpService.test.js[2m > [22m[2motp.service[2m > [22m[2msendLoginOTP[2m > [22m[2minvalidates existing OTPs and creates a new one via SMTP
[22m[39m10:47:50 [[31merror[39m]: [31mPrisma error: [39m
[31mInvalid `prisma.$executeRaw()` invocation:[39m


[31mRaw query failed. Code: `42P01`. Message: `relation "login_otps" does not exist`[39m
  {
  "target": "$executeRaw"
}

[90mstdout[2m | src/tests/unit/otpService.test.js[2m > [22m[2motp.service[2m > [22m[2mverifyOTP[2m > [22m[2mverifies correctly and marks as used
[22m[39m10:47:50 [[31merror[39m]: [31mPrisma error: [39m
[31mInvalid `prisma.$queryRaw()` invocation:[39m


[31mRaw query failed. Code: `42P01`. Message: `relation "login_otps" does not exist`[39m
  {
  "target": "$queryRaw"
}

[90mstdout[2m | src/tests/unit/otpService.test.js[2m > [22m[2motp.service[2m > [22m[2mverifyOTP[2m > [22m[2mrejects incorrect OTP
[22m[39m10:47:50 [[31merror[39m]: [31mPrisma error: [39m
[31mInvalid `prisma.$queryRaw()` invocation:[39m


[31mRaw query failed. Code: `42P01`. Message: `relation "login_otps" does not exist`[39m
  {
  "target": "$queryRaw"
}

[90mstdout[2m | src/tests/unit/otpService.test.js[2m > [22m[2motp.service[2m > [22m[2mverifyOTP[2m > [22m[2mrejects expired or missing OTP
[22m[39m10:47:50 [[31merror[39m]: [31mPrisma error: [39m
[31mInvalid `prisma.$queryRaw()` invocation:[39m


[31mRaw query failed. Code: `42P01`. Message: `relation "login_otps" does not exist`[39m
  {
  "target": "$queryRaw"
}

 [31mΓ¥»[39m [30m[42m unit [49m[39m src/tests/unit/otpService.test.js [2m([22m[2m5 tests[22m[2m | [22m[31m5 failed[39m[2m)[22m[33m 913[2mms[22m[39m
[31m   [31m├ù[31m otp.service[2m > [22msendLoginOTP[2m > [22mfalls back to console in non-production environments[39m[33m 736[2mms[22m[39m
[31m     ΓåÆ 
Invalid `prisma.$executeRaw()` invocation:


Raw query failed. Code: `42P01`. Message: `relation "login_otps" does not exist`[39m
[31m   [31m├ù[31m otp.service[2m > [22msendLoginOTP[2m > [22minvalidates existing OTPs and creates a new one via SMTP[39m[32m 65[2mms[22m[39m
[31m     ΓåÆ 
Invalid `prisma.$executeRaw()` invocation:


Raw query failed. Code: `42P01`. Message: `relation "login_otps" does not exist`[39m
[31m   [31m├ù[31m otp.service[2m > [22mverifyOTP[2m > [22mverifies correctly and marks as used[39m[32m 36[2mms[22m[39m
[31m     ΓåÆ 
Invalid `prisma.$queryRaw()` invocation:


Raw query failed. Code: `42P01`. Message: `relation "login_otps" does not exist`[39m
[31m   [31m├ù[31m otp.service[2m > [22mverifyOTP[2m > [22mrejects incorrect OTP[39m[32m 41[2mms[22m[39m
[31m     ΓåÆ expected [Function] to throw error including 'Incorrect OTP' but got '\nInvalid `prisma.$queryRaw()` invocaΓÇª'[39m
[31m   [31m├ù[31m otp.service[2m > [22mverifyOTP[2m > [22mrejects expired or missing OTP[39m[32m 27[2mms[22m[39m
[31m     ΓåÆ expected [Function] to throw error including 'OTP expired or not found' but got '\nInvalid `prisma.$queryRaw()` invocaΓÇª'[39m
[90mstdout[2m | src/tests/unit/clientService.test.js[2m > [22m[2mclient.service[2m > [22m[2mremove[2m > [22m[2mdeletes client with no shipments
[22m[39m10:47:50 [[31merror[39m]: [31mPrisma error: [39m
[31mInvalid `prisma.client.delete()` invocation in[39m
[31mC:\Users\hp\OneDrive\Desktop\seahawk-full_stack\backend\src\services\client.service.js:66:30[39m

[31m  63 const shipmentCount = await prisma.shipment.count({ where: { clientCode: code } });[39m
[31m  64 if (shipmentCount > 0)[39m
[31m  65   throw new AppError(`Cannot delete: client has ${shipmentCount} shipments. Deactivate instead.`, 400);[39m
[31mΓåÆ 66 return prisma.client.delete([39m
[31mAn operation failed because it depends on one or more records that were required but not found. Record to delete does not exist.[39m
  {
  "target": "client.delete"
}

[90mstdout[2m | src/tests/unit/carrierService.test.js[2m > [22m[2mcarrier.service[2m > [22m[2msyncTrackingEvents[2m > [22m[2mintegrates tracking events and updates shipment status
[22m[39m10:47:50 [[31merror[39m]: [31mPrisma error: [39m
[31mInvalid `prisma.trackingEvent.createMany()` invocation in[39m
[31mC:\Users\hp\OneDrive\Desktop\seahawk-full_stack\backend\src\services\carrier.service.js:842:30[39m

[31m  839   return 0;[39m
[31m  840 }[39m
[31m  841 [39m
[31mΓåÆ 842 await prisma.trackingEvent.createMany([39m
[31mForeign key constraint violated: `tracking_events_shipment_id_fkey (index)`[39m
  {
  "target": "trackingEvent.createMany"
}

[90mstdout[2m | src/tests/unit/invoice.service.test.js[2m > [22m[2minvoice.service[2m > [22m[2mupdateStatus[2m > [22m[2mupdates and returns invoice
[22m[39m10:47:50 [[31merror[39m]: [31mPrisma error: [39m
[31mInvalid `db.invoice.update()` invocation in[39m
[31mC:\Users\hp\OneDrive\Desktop\seahawk-full_stack\backend\src\services\invoice.service.js:123:21[39m

[31m  120 [39m
[31m  121 // Update status[39m
[31m  122 async function updateStatus(id, status, db = prisma) {[39m
[31mΓåÆ 123   return db.invoice.update([39m
[31mAn operation failed because it depends on one or more records that were required but not found. Record to update not found.[39m
  {
  "target": "invoice.update"
}

[90mstdout[2m | src/tests/unit/invoice.service.test.js[2m > [22m[2minvoice.service[2m > [22m[2mremove[2m > [22m[2mdeletes invoice
[22m[39m10:47:50 [[31merror[39m]: [31mPrisma error: [39m
[31mInvalid `db.invoice.delete()` invocation in[39m
[31mC:\Users\hp\OneDrive\Desktop\seahawk-full_stack\backend\src\services\invoice.service.js:128:27[39m

[31m  125 [39m
[31m  126 // Delete invoice (restores shipments to unbilled)[39m
[31m  127 async function remove(id, db = prisma) {[39m
[31mΓåÆ 128   return db.invoice.delete([39m
[31mAn operation failed because it depends on one or more records that were required but not found. Record to delete does not exist.[39m
  {
  "target": "invoice.delete"
}

 [31mΓ¥»[39m [30m[42m unit [49m[39m src/tests/unit/invoice.service.test.js [2m([22m[2m9 tests[22m[2m | [22m[31m7 failed[39m[2m)[22m[33m 763[2mms[22m[39m
   [33m[2mΓ£ô[22m[39m invoice.service[2m > [22mcreate[2m > [22mthrows AppError if client not found [33m 516[2mms[22m[39m
[31m   [31m├ù[31m invoice.service[2m > [22mcreate[2m > [22mthrows AppError if no unbilled shipments found[39m[32m 70[2mms[22m[39m
[31m     ΓåÆ expected [Function] to throw error including 'No unbilled shipments found' but got 'Client not found'[39m
[31m   [31m├ù[31m invoice.service[2m > [22mcreate[2m > [22mgenerates invoice successfully with intra-state GST (Haryana)[39m[32m 13[2mms[22m[39m
[31m     ΓåÆ Client not found[39m
[31m   [31m├ù[31m invoice.service[2m > [22mcreate[2m > [22mgenerates invoice successfully with inter-state GST[39m[32m 32[2mms[22m[39m
[31m     ΓåÆ Client not found[39m
[31m   [31m├ù[31m invoice.service[2m > [22mgetAll[2m > [22mreturns invoices with items count[39m[32m 36[2mms[22m[39m
[31m     ΓåÆ expected "spy" to be called with arguments: [ ObjectContaining{ΓÇª} ][90m

Number of calls: [1m0[22m
[31m[39m
[31m   [31m├ù[31m invoice.service[2m > [22mgetById[2m > [22mreturns invoice if found[39m[32m 10[2mms[22m[39m
[31m     ΓåÆ Invoice not found[39m
   [32mΓ£ô[39m invoice.service[2m > [22mgetById[2m > [22mthrows AppError if not found[32m 8[2mms[22m[39m
[31m   [31m├ù[31m invoice.service[2m > [22mupdateStatus[2m > [22mupdates and returns invoice[39m[32m 46[2mms[22m[39m
[31m     ΓåÆ 
Invalid `db.invoice.update()` invocation in
C:\Users\hp\OneDrive\Desktop\seahawk-full_stack\backend\src\services\invoice.service.js:123:21

  120 
  121 // Update status
  122 async function updateStatus(id, status, db = prisma) {
ΓåÆ 123   return db.invoice.update(
An operation failed because it depends on one or more records that were required but not found. Record to update not found.[39m
[31m   [31m├ù[31m invoice.service[2m > [22mremove[2m > [22mdeletes invoice[39m[32m 15[2mms[22m[39m
[31m     ΓåÆ 
Invalid `db.invoice.delete()` invocation in
C:\Users\hp\OneDrive\Desktop\seahawk-full_stack\backend\src\services\invoice.service.js:128:27

  125 
  126 // Delete invoice (restores shipments to unbilled)
  127 async function remove(id, db = prisma) {
ΓåÆ 128   return db.invoice.delete(
An operation failed because it depends on one or more records that were required but not found. Record to delete does not exist.[39m
[90mstdout[2m | src/tests/unit/clientService.test.js[2m > [22m[2mclient.service[2m > [22m[2mremove[2m > [22m[2mthrows when client has shipments
[22m[39m10:47:50 [[31merror[39m]: [31mPrisma error: [39m
[31mInvalid `prisma.client.delete()` invocation in[39m
[31mC:\Users\hp\OneDrive\Desktop\seahawk-full_stack\backend\src\services\client.service.js:66:30[39m

[31m  63 const shipmentCount = await prisma.shipment.count({ where: { clientCode: code } });[39m
[31m  64 if (shipmentCount > 0)[39m
[31m  65   throw new AppError(`Cannot delete: client has ${shipmentCount} shipments. Deactivate instead.`, 400);[39m
[31mΓåÆ 66 return prisma.client.delete([39m
[31mAn operation failed because it depends on one or more records that were required but not found. Record to delete does not exist.[39m
  {
  "target": "client.delete"
}

[90mstdout[2m | src/tests/unit/carrierService.test.js[2m > [22m[2mcarrier.service[2m > [22m[2msyncTrackingEvents[2m > [22m[2mcreates an NDR event even when the failed scan already exists
[22m[39m10:47:50 [[31merror[39m]: [31mPrisma error: [39m
[31mInvalid `prisma.trackingEvent.createMany()` invocation in[39m
[31mC:\Users\hp\OneDrive\Desktop\seahawk-full_stack\backend\src\services\carrier.service.js:842:30[39m

[31m  839   return 0;[39m
[31m  840 }[39m
[31m  841 [39m
[31mΓåÆ 842 await prisma.trackingEvent.createMany([39m
[31mForeign key constraint violated: `tracking_events_shipment_id_fkey (index)`[39m
  {
  "target": "trackingEvent.createMany"
}

 [31mΓ¥»[39m [30m[42m unit [49m[39m src/tests/unit/carrierService.test.js [2m([22m[2m11 tests[22m[2m | [22m[31m2 failed[39m[2m)[22m[33m 892[2mms[22m[39m
   [32mΓ£ô[39m carrier.service[2m > [22mcreateShipment[2m > [22mcreates a shipment via Delhivery[32m 48[2mms[22m[39m
   [32mΓ£ô[39m carrier.service[2m > [22mcreateShipment[2m > [22mcreates a shipment via DTDC[32m 11[2mms[22m[39m
   [32mΓ£ô[39m carrier.service[2m > [22mcreateShipment[2m > [22mcreates a shipment via BlueDart[32m 7[2mms[22m[39m
   [32mΓ£ô[39m carrier.service[2m > [22mcreateShipment[2m > [22mcreates a shipment via Trackon[32m 10[2mms[22m[39m
   [32mΓ£ô[39m carrier.service[2m > [22mcreateShipment[2m > [22mnormalizes Trackon service-tier aliases before booking[32m 4[2mms[22m[39m
   [32mΓ£ô[39m carrier.service[2m > [22mfetchTracking[2m > [22mfetches tracking info and returns mapped status[32m 3[2mms[22m[39m
   [32mΓ£ô[39m carrier.service[2m > [22mfetchTracking[2m > [22mfetches tracking info for Trackon and maps status[32m 6[2mms[22m[39m
   [32mΓ£ô[39m carrier.service[2m > [22mfetchTracking[2m > [22mfetches tracking info for DTDC and maps status from the v4 API shape[32m 8[2mms[22m[39m
[31m   [31m├ù[31m carrier.service[2m > [22msyncTrackingEvents[2m > [22mintegrates tracking events and updates shipment status[39m[33m 742[2mms[22m[39m
[31m     ΓåÆ 
Invalid `prisma.trackingEvent.createMany()` invocation in
C:\Users\hp\OneDrive\Desktop\seahawk-full_stack\backend\src\services\carrier.service.js:842:30

  839   return 0;
  840 }
  841 
ΓåÆ 842 await prisma.trackingEvent.createMany(
Foreign key constraint violated: `tracking_events_shipment_id_fkey (index)`[39m
[31m   [31m├ù[31m carrier.service[2m > [22msyncTrackingEvents[2m > [22mcreates an NDR event even when the failed scan already exists[39m[32m 38[2mms[22m[39m
[31m     ΓåÆ 
Invalid `prisma.trackingEvent.createMany()` invocation in
C:\Users\hp\OneDrive\Desktop\seahawk-full_stack\backend\src\services\carrier.service.js:842:30

  839   return 0;
  840 }
  841 
ΓåÆ 842 await prisma.trackingEvent.createMany(
Foreign key constraint violated: `tracking_events_shipment_id_fkey (index)`[39m
   [32mΓ£ô[39m carrier.service[2m > [22mcancelShipment[2m > [22msends cancellation to Delhivery[32m 3[2mms[22m[39m
 [31mΓ¥»[39m [30m[42m unit [49m[39m src/tests/unit/clientService.test.js [2m([22m[2m8 tests[22m[2m | [22m[31m4 failed[39m[2m)[22m[33m 1057[2mms[22m[39m
[31m   [31m├ù[31m client.service[2m > [22mgetAll[2m > [22mreturns all clients ordered by code[39m[33m 572[2mms[22m[39m
[31m     ΓåÆ expected [ ΓÇª(4) ] to have a length of 2 but got 4[39m
[31m   [31m├ù[31m client.service[2m > [22mgetByCode[2m > [22mreturns client when found[39m[32m 14[2mms[22m[39m
[31m     ΓåÆ Client not found.[39m
   [32mΓ£ô[39m client.service[2m > [22mgetByCode[2m > [22mthrows when not found[32m 53[2mms[22m[39m
   [32mΓ£ô[39m client.service[2m > [22mupsert[2m > [22mupserts with uppercased code[32m 42[2mms[22m[39m
[31m   [31m├ù[31m client.service[2m > [22mremove[2m > [22mdeletes client with no shipments[39m[32m 198[2mms[22m[39m
[31m     ΓåÆ 
Invalid `prisma.client.delete()` invocation in
C:\Users\hp\OneDrive\Desktop\seahawk-full_stack\backend\src\services\client.service.js:66:30

  63 const shipmentCount = await prisma.shipment.count({ where: { clientCode: code } });
  64 if (shipmentCount > 0)
  65   throw new AppError(`Cannot delete: client has ${shipmentCount} shipments. Deactivate instead.`, 400);
ΓåÆ 66 return prisma.client.delete(
An operation failed because it depends on one or more records that were required but not found. Record to delete does not exist.[39m
   [32mΓ£ô[39m client.service[2m > [22mremove[2m > [22mthrows when client has shipments[32m 64[2mms[22m[39m
[31m   [31m├ù[31m client.service[2m > [22mgetClientStats[2m > [22mreturns stats with totals aggregated[39m[32m 44[2mms[22m[39m
[31m     ΓåÆ expected +0 to be 13 // Object.is equality[39m
   [32mΓ£ô[39m client.service[2m > [22mgetClientStats[2m > [22mthrows when client not found[32m 20[2mms[22m[39m
[90mstdout[2m | src/tests/unit/trackingService.test.js[2m > [22m[2mtracking.service[2m > [22m[2mgetTimeline[2m > [22m[2mreturns events and shipment for an AWB
[22m[39m10:47:50 [[31merror[39m]: [31mPrisma error: [39m
[31mInvalid `prisma.trackingEvent.findMany()` invocation in[39m
[31mC:\Users\hp\OneDrive\Desktop\seahawk-full_stack\backend\src\services\tracking.service.js:7:45[39m

[31m  4 const STATUSES = ['Booked','Picked Up','In Transit','Reached Hub','Out for Delivery','Delivered','Failed Delivery','RTO Initiated','RTO Delivered'];[39m
[31m  5 [39m
[31m  6 async function getTimeline(awb) {[39m
[31mΓåÆ 7   const events = await prisma.trackingEvent.findMany({[39m
[31m        where: {[39m
[31m          awb: {[39m
[31m            equals: "AWB1",[39m
[31m            mode: "insensitive"[39m
[31m          }[39m
[31m        },[39m
[31m        orderBy: {[39m
[31m          createdAt: "desc",[39m
[31m          ~~~~~~~~~[39m
[31m      ?   id?: SortOrder,[39m
[31m      ?   shipmentId?: SortOrder,[39m
[31m      ?   awb?: SortOrder,[39m
[31m      ?   status?: SortOrder,[39m
[31m      ?   location?: SortOrder | SortOrderInput,[39m
[31m      ?   description?: SortOrder | SortOrderInput,[39m
[31m      ?   timestamp?: SortOrder,[39m
[31m      ?   source?: SortOrder,[39m
[31m      ?   rawData?: SortOrder | SortOrderInput,[39m
[31m      ?   shipment?: ShipmentOrderByWithRelationInput[39m
[31m        }[39m
[31m      })[39m

[31mUnknown argument `createdAt`. Available options are marked with ?.[39m
  {
  "target": "trackingEvent.findMany"
}

[90mstdout[2m | src/tests/unit/trackingService.test.js[2m > [22m[2mtracking.service[2m > [22m[2maddEvent[2m > [22m[2mcreates event and updates shipment status
[22m[39m10:47:51 [[31merror[39m]: [31mPrisma error: [39m
[31mInvalid `prisma.trackingEvent.create()` invocation in[39m
[31mC:\Users\hp\OneDrive\Desktop\seahawk-full_stack\backend\src\services\tracking.service.js:20:44[39m

[31m  17 [39m
[31m  18 async function addEvent({ shipmentId, awb, status, location, description, courier, source = 'MANUAL', rawData }) {[39m
[31m  19   // Create event[39m
[31mΓåÆ 20   const event = await prisma.trackingEvent.create([39m
[31mForeign key constraint violated: `tracking_events_shipment_id_fkey (index)`[39m
  {
  "target": "trackingEvent.create"
}

[90mstdout[2m | src/tests/unit/trackingService.test.js[2m > [22m[2mtracking.service[2m > [22m[2maddEvent[2m > [22m[2mdoes not update shipment for unknown status
[22m[39m10:47:51 [[31merror[39m]: [31mPrisma error: [39m
[31mInvalid `prisma.trackingEvent.create()` invocation in[39m
[31mC:\Users\hp\OneDrive\Desktop\seahawk-full_stack\backend\src\services\tracking.service.js:20:44[39m

[31m  17 [39m
[31m  18 async function addEvent({ shipmentId, awb, status, location, description, courier, source = 'MANUAL', rawData }) {[39m
[31m  19   // Create event[39m
[31mΓåÆ 20   const event = await prisma.trackingEvent.create([39m
[31mForeign key constraint violated: `tracking_events_shipment_id_fkey (index)`[39m
  {
  "target": "trackingEvent.create"
}

[90mstdout[2m | src/tests/unit/trackingService.test.js[2m > [22m[2mtracking.service[2m > [22m[2mbulkAddEvents[2m > [22m[2mcreates multiple events
[22m[39m10:47:51 [[31merror[39m]: [31mPrisma error: [39m
[31mInvalid `prisma.trackingEvent.createMany()` invocation in[39m
[31mC:\Users\hp\OneDrive\Desktop\seahawk-full_stack\backend\src\services\tracking.service.js:36:31[39m

[31m  33 }[39m
[31m  34 [39m
[31m  35 async function bulkAddEvents(events) {[39m
[31mΓåÆ 36   return prisma.trackingEvent.createMany([39m
[31mForeign key constraint violated: `tracking_events_shipment_id_fkey (index)`[39m
  {
  "target": "trackingEvent.createMany"
}

[90mstdout[2m | src/tests/unit/trackingService.test.js[2m > [22m[2mtracking.service[2m > [22m[2mgetRecentEvents[2m > [22m[2mreturns recent events with default limit
[22m[39m10:47:51 [[31merror[39m]: [31mPrisma error: [39m
[31mInvalid `prisma.trackingEvent.findMany()` invocation in[39m
[31mC:\Users\hp\OneDrive\Desktop\seahawk-full_stack\backend\src\services\tracking.service.js:55:31[39m

[31m  52 }[39m
[31m  53 [39m
[31m  54 async function getRecentEvents(limit = 50) {[39m
[31mΓåÆ 55   return prisma.trackingEvent.findMany({[39m
[31m         orderBy: {[39m
[31m           createdAt: "desc",[39m
[31m           ~~~~~~~~~[39m
[31m       ?   id?: SortOrder,[39m
[31m       ?   shipmentId?: SortOrder,[39m
[31m       ?   awb?: SortOrder,[39m
[31m       ?   status?: SortOrder,[39m
[31m       ?   location?: SortOrder | SortOrderInput,[39m
[31m       ?   description?: SortOrder | SortOrderInput,[39m
[31m       ?   timestamp?: SortOrder,[39m
[31m       ?   source?: SortOrder,[39m
[31m       ?   rawData?: SortOrder | SortOrderInput,[39m
[31m       ?   shipment?: ShipmentOrderByWithRelationInput[39m
[31m         },[39m
[31m         take: 50[39m
[31m       })[39m

[31mUnknown argument `createdAt`. Available options are marked with ?.[39m
  {
  "target": "trackingEvent.findMany"
}

[90mstdout[2m | src/tests/unit/trackingService.test.js[2m > [22m[2mtracking.service[2m > [22m[2mseedBookedEvent[2m > [22m[2mcreates initial Booked event when none exists
[22m[39m10:47:51 [[31merror[39m]: [31mPrisma error: [39m
[31mInvalid `prisma.trackingEvent.create()` invocation in[39m
[31mC:\Users\hp\OneDrive\Desktop\seahawk-full_stack\backend\src\services\tracking.service.js:65:31[39m

[31m  62 async function seedBookedEvent(shipment) {[39m
[31m  63   const existing = await prisma.trackingEvent.count({ where: { shipmentId: shipment.id } });[39m
[31m  64   if (existing > 0) return;[39m
[31mΓåÆ 65   return prisma.trackingEvent.create({[39m
[31m         data: {[39m
[31m           shipmentId: 1,[39m
[31m           awb: "AWB1",[39m
[31m           status: "Booked",[39m
[31m           location: "Delhi NCR ΓÇö Sea Hawk Origin Hub",[39m
[31m           description: "Shipment booked and accepted by Sea Hawk Courier",[39m
[31m           courier: "Delhivery",[39m
[31m           ~~~~~~~[39m
[31m           source: "MANUAL",[39m
[31m       ?   id?: Int,[39m
[31m       ?   timestamp?: DateTime,[39m
[31m       ?   rawData?: NullableJsonNullValueInput | Json[39m
[31m         }[39m
[31m       })[39m

[31mUnknown argument `courier`. Did you mean `source`? Available options are marked with ?.[39m
  {
  "target": "trackingEvent.create"
}

[90mstdout[2m | src/tests/unit/trackingService.test.js[2m > [22m[2mtracking.service[2m > [22m[2mseedBookedEvent[2m > [22m[2mskips when events already exist
[22m[39m10:47:51 [[31merror[39m]: [31mPrisma error: [39m
[31mInvalid `prisma.trackingEvent.create()` invocation in[39m
[31mC:\Users\hp\OneDrive\Desktop\seahawk-full_stack\backend\src\services\tracking.service.js:65:31[39m

[31m  62 async function seedBookedEvent(shipment) {[39m
[31m  63   const existing = await prisma.trackingEvent.count({ where: { shipmentId: shipment.id } });[39m
[31m  64   if (existing > 0) return;[39m
[31mΓåÆ 65   return prisma.trackingEvent.create({[39m
[31m         data: {[39m
[31m           shipmentId: 1,[39m
[31m           awb: "AWB1",[39m
[31m           status: "Booked",[39m
[31m           location: "Delhi NCR ΓÇö Sea Hawk Origin Hub",[39m
[31m           description: "Shipment booked and accepted by Sea Hawk Courier",[39m
[31m           courier: "Delhivery",[39m
[31m           ~~~~~~~[39m
[31m           source: "MANUAL",[39m
[31m       ?   id?: Int,[39m
[31m       ?   timestamp?: DateTime,[39m
[31m       ?   rawData?: NullableJsonNullValueInput | Json[39m
[31m         }[39m
[31m       })[39m

[31mUnknown argument `courier`. Did you mean `source`? Available options are marked with ?.[39m
  {
  "target": "trackingEvent.create"
}

 [31mΓ¥»[39m [30m[42m unit [49m[39m src/tests/unit/trackingService.test.js [2m([22m[2m8 tests[22m[2m | [22m[31m7 failed[39m[2m)[22m[33m 974[2mms[22m[39m
   [32mΓ£ô[39m tracking.service[2m > [22mSTATUSES[2m > [22mexports a predefined list of statuses[32m 16[2mms[22m[39m
[31m   [31m├ù[31m tracking.service[2m > [22mgetTimeline[2m > [22mreturns events and shipment for an AWB[39m[33m 655[2mms[22m[39m
[31m     ΓåÆ 
Invalid `prisma.trackingEvent.findMany()` invocation in
C:\Users\hp\OneDrive\Desktop\seahawk-full_stack\backend\src\services\tracking.service.js:7:45

  4 const STATUSES = ['Booked','Picked Up','In Transit','Reached Hub','Out for Delivery','Delivered','Failed Delivery','RTO Initiated','RTO Delivered'];
  5 
  6 async function getTimeline(awb) {
ΓåÆ 7   const events = await prisma.trackingEvent.findMany({
        where: {
          awb: {
            equals: "AWB1",
            mode: "insensitive"
          }
        },
        orderBy: {
          createdAt: "desc",
          ~~~~~~~~~
      ?   id?: SortOrder,
      ?   shipmentId?: SortOrder,
      ?   awb?: SortOrder,
      ?   status?: SortOrder,
      ?   location?: SortOrder | SortOrderInput,
      ?   description?: SortOrder | SortOrderInput,
      ?   timestamp?: SortOrder,
      ?   source?: SortOrder,
      ?   rawData?: SortOrder | SortOrderInput,
      ?   shipment?: ShipmentOrderByWithRelationInput
        }
      })

Unknown argument `createdAt`. Available options are marked with ?.[39m
[31m   [31m├ù[31m tracking.service[2m > [22maddEvent[2m > [22mcreates event and updates shipment status[39m[32m 75[2mms[22m[39m
[31m     ΓåÆ 
Invalid `prisma.trackingEvent.create()` invocation in
C:\Users\hp\OneDrive\Desktop\seahawk-full_stack\backend\src\services\tracking.service.js:20:44

  17 
  18 async function addEvent({ shipmentId, awb, status, location, description, courier, source = 'MANUAL', rawData }) {
  19   // Create event
ΓåÆ 20   const event = await prisma.trackingEvent.create(
Foreign key constraint violated: `tracking_events_shipment_id_fkey (index)`[39m
[31m   [31m├ù[31m tracking.service[2m > [22maddEvent[2m > [22mdoes not update shipment for unknown status[39m[32m 53[2mms[22m[39m
[31m     ΓåÆ 
Invalid `prisma.trackingEvent.create()` invocation in
C:\Users\hp\OneDrive\Desktop\seahawk-full_stack\backend\src\services\tracking.service.js:20:44

  17 
  18 async function addEvent({ shipmentId, awb, status, location, description, courier, source = 'MANUAL', rawData }) {
  19   // Create event
ΓåÆ 20   const event = await prisma.trackingEvent.create(
Foreign key constraint violated: `tracking_events_shipment_id_fkey (index)`[39m
[31m   [31m├ù[31m tracking.service[2m > [22mbulkAddEvents[2m > [22mcreates multiple events[39m[32m 42[2mms[22m[39m
[31m     ΓåÆ 
Invalid `prisma.trackingEvent.createMany()` invocation in
C:\Users\hp\OneDrive\Desktop\seahawk-full_stack\backend\src\services\tracking.service.js:36:31

  33 }
  34 
  35 async function bulkAddEvents(events) {
ΓåÆ 36   return prisma.trackingEvent.createMany(
Foreign key constraint violated: `tracking_events_shipment_id_fkey (index)`[39m
[31m   [31m├ù[31m tracking.service[2m > [22mgetRecentEvents[2m > [22mreturns recent events with default limit[39m[32m 18[2mms[22m[39m
[31m     ΓåÆ 
Invalid `prisma.trackingEvent.findMany()` invocation in
C:\Users\hp\OneDrive\Desktop\seahawk-full_stack\backend\src\services\tracking.service.js:55:31

  52 }
  53 
  54 async function getRecentEvents(limit = 50) {
ΓåÆ 55   return prisma.trackingEvent.findMany({
         orderBy: {
           createdAt: "desc",
           ~~~~~~~~~
       ?   id?: SortOrder,
       ?   shipmentId?: SortOrder,
       ?   awb?: SortOrder,
       ?   status?: SortOrder,
       ?   location?: SortOrder | SortOrderInput,
       ?   description?: SortOrder | SortOrderInput,
       ?   timestamp?: SortOrder,
       ?   source?: SortOrder,
       ?   rawData?: SortOrder | SortOrderInput,
       ?   shipment?: ShipmentOrderByWithRelationInput
         },
         take: 50
       })

Unknown argument `createdAt`. Available options are marked with ?.[39m
[31m   [31m├ù[31m tracking.service[2m > [22mseedBookedEvent[2m > [22mcreates initial Booked event when none exists[39m[32m 83[2mms[22m[39m
[31m     ΓåÆ 
Invalid `prisma.trackingEvent.create()` invocation in
C:\Users\hp\OneDrive\Desktop\seahawk-full_stack\backend\src\services\tracking.service.js:65:31

  62 async function seedBookedEvent(shipment) {
  63   const existing = await prisma.trackingEvent.count({ where: { shipmentId: shipment.id } });
  64   if (existing > 0) return;
ΓåÆ 65   return prisma.trackingEvent.create({
         data: {
           shipmentId: 1,
           awb: "AWB1",
           status: "Booked",
           location: "Delhi NCR ΓÇö Sea Hawk Origin Hub",
           description: "Shipment booked and accepted by Sea Hawk Courier",
           courier: "Delhivery",
           ~~~~~~~
           source: "MANUAL",
       ?   id?: Int,
       ?   timestamp?: DateTime,
       ?   rawData?: NullableJsonNullValueInput | Json
         }
       })

Unknown argument `courier`. Did you mean `source`? Available options are marked with ?.[39m
[31m   [31m├ù[31m tracking.service[2m > [22mseedBookedEvent[2m > [22mskips when events already exist[39m[32m 22[2mms[22m[39m
[31m     ΓåÆ 
Invalid `prisma.trackingEvent.create()` invocation in
C:\Users\hp\OneDrive\Desktop\seahawk-full_stack\backend\src\services\tracking.service.js:65:31

  62 async function seedBookedEvent(shipment) {
  63   const existing = await prisma.trackingEvent.count({ where: { shipmentId: shipment.id } });
  64   if (existing > 0) return;
ΓåÆ 65   return prisma.trackingEvent.create({
         data: {
           shipmentId: 1,
           awb: "AWB1",
           status: "Booked",
           location: "Delhi NCR ΓÇö Sea Hawk Origin Hub",
           description: "Shipment booked and accepted by Sea Hawk Courier",
           courier: "Delhivery",
           ~~~~~~~
           source: "MANUAL",
       ?   id?: Int,
       ?   timestamp?: DateTime,
       ?   rawData?: NullableJsonNullValueInput | Json
         }
       })

Unknown argument `courier`. Did you mean `source`? Available options are marked with ?.[39m
[90mstdout[2m | src/tests/unit/audit.test.js[2m > [22m[2maudit utility[2m > [22m[2mauditLog[2m > [22m[2mcreates an audit log entry
[22m[39m10:47:51 [[31merror[39m]: [31mPrisma error: [39m
[31mInvalid `prisma.auditLog.create()` invocation in[39m
[31mC:\Users\hp\OneDrive\Desktop\seahawk-full_stack\backend\src\utils\audit.js:7:27[39m

[31m  4 [39m
[31m  5 async function auditLog({ userId, userEmail, action, entity, entityId, oldValue, newValue, ip }) {[39m
[31m  6   try {[39m
[31mΓåÆ 7     await prisma.auditLog.create([39m
[31mForeign key constraint violated: `audit_logs_user_id_fkey (index)`[39m
  {
  "target": "auditLog.create"
}

[90mstdout[2m | src/tests/unit/audit.test.js[2m > [22m[2maudit utility[2m > [22m[2mauditLog[2m > [22m[2mcreates an audit log entry
[22m[39m10:47:51 [[31merror[39m]: [31mAudit log failed:[39m

[90mstdout[2m | src/tests/unit/audit.test.js[2m > [22m[2maudit utility[2m > [22m[2mlogAudit[2m > [22m[2mextracts user info from request
[22m[39m10:47:51 [[31merror[39m]: [31mPrisma error: [39m
[31mInvalid `prisma.auditLog.create()` invocation in[39m
[31mC:\Users\hp\OneDrive\Desktop\seahawk-full_stack\backend\src\utils\audit.js:7:27[39m

[31m  4 [39m
[31m  5 async function auditLog({ userId, userEmail, action, entity, entityId, oldValue, newValue, ip }) {[39m
[31m  6   try {[39m
[31mΓåÆ 7     await prisma.auditLog.create([39m
[31mForeign key constraint violated: `audit_logs_user_id_fkey (index)`[39m
  {
  "target": "auditLog.create"
}

[90mstdout[2m | src/tests/unit/audit.test.js[2m > [22m[2maudit utility[2m > [22m[2mlogAudit[2m > [22m[2mextracts user info from request
[22m[39m10:47:51 [[31merror[39m]: [31mAudit log failed:[39m

 [31mΓ¥»[39m [30m[42m unit [49m[39m src/tests/unit/audit.test.js [2m([22m[2m5 tests[22m[2m | [22m[31m4 failed[39m[2m)[22m[33m 565[2mms[22m[39m
[31m   [31m├ù[31m audit utility[2m > [22mauditLog[2m > [22mcreates an audit log entry[39m[33m 471[2mms[22m[39m
[31m     ΓåÆ expected "spy" to be called with arguments: [ { data: ObjectContaining{ΓÇª} } ][90m

Number of calls: [1m0[22m
[31m[39m
   [32mΓ£ô[39m audit utility[2m > [22mauditLog[2m > [22mdoes not throw on failure (audit failures are non-critical)[32m 25[2mms[22m[39m
[31m   [31m├ù[31m audit utility[2m > [22mauditLog[2m > [22mhandles null values gracefully[39m[32m 12[2mms[22m[39m
[31m     ΓåÆ expected "spy" to be called with arguments: [ { data: ObjectContaining{ΓÇª} } ][90m

Number of calls: [1m0[22m
[31m[39m
[31m   [31m├ù[31m audit utility[2m > [22mlogAudit[2m > [22mextracts user info from request[39m[32m 23[2mms[22m[39m
[31m     ΓåÆ expected "spy" to be called with arguments: [ { data: ObjectContaining{ΓÇª} } ][90m

Number of calls: [1m0[22m
[31m[39m
[31m   [31m├ù[31m audit utility[2m > [22mlogAudit[2m > [22mhandles missing request object[39m[32m 26[2mms[22m[39m
[31m     ΓåÆ expected "spy" to be called at least once[39m
 [31mΓ¥»[39m [30m[42m unit [49m[39m src/tests/unit/configIndex.test.js [2m([22m[2m3 tests[22m[2m | [22m[31m1 failed[39m[2m)[22m[32m 264[2mms[22m[39m
[31m   [31m├ù[31m config/index[2m > [22mbuilds validated config with defaults and parsed values[39m[32m 197[2mms[22m[39m
[31m     ΓåÆ [CONFIG] OWNER_EMAILS must be set in production. Example: OWNER_EMAILS=you@yourdomain.com[39m
   [32mΓ£ô[39m config/index[2m > [22muses development-friendly defaults when optional env vars are absent[32m 44[2mms[22m[39m
   [32mΓ£ô[39m config/index[2m > [22mthrows when required env vars are missing or invalid[32m 16[2mms[22m[39m
 [31mΓ¥»[39m [30m[42m unit [49m[39m src/tests/unit/ownerUtils.test.js [2m([22m[2m12 tests[22m[2m | [22m[31m1 failed[39m[2m)[22m[32m 248[2mms[22m[39m
   [32mΓ£ô[39m isOwnerUser[2m > [22mreturns true for user with concrete OWNER role (no env needed)[32m 26[2mms[22m[39m
   [32mΓ£ô[39m isOwnerUser[2m > [22mreturns false for ADMIN role (ADMIN is not automatically an owner)[32m 6[2mms[22m[39m
   [32mΓ£ô[39m isOwnerUser[2m > [22mreturns true for email-whitelisted user (backward compat)[32m 6[2mms[22m[39m
   [32mΓ£ô[39m isOwnerUser[2m > [22mreturns true for string email that is whitelisted[32m 6[2mms[22m[39m
   [32mΓ£ô[39m isOwnerUser[2m > [22mreturns false for user with no role and non-whitelisted email[32m 7[2mms[22m[39m
   [32mΓ£ô[39m isOwnerUser[2m > [22mreturns false for null input[32m 7[2mms[22m[39m
   [32mΓ£ô[39m isOwnerUser[2m > [22mreturns false for undefined input[32m 7[2mms[22m[39m
   [32mΓ£ô[39m getOwnerEmails[2m > [22mnormalizes and splits comma-separated OWNER_EMAILS[32m 13[2mms[22m[39m
   [32mΓ£ô[39m getOwnerEmails[2m > [22mfalls back to OWNER_EMAIL (singular) when OWNER_EMAILS not set[32m 8[2mms[22m[39m
[31m   [31m├ù[31m getOwnerEmails[2m > [22mfalls back to DEFAULT_OWNER_EMAIL when neither env var set[39m[32m 38[2mms[22m[39m
[31m     ΓåÆ expected [] to include undefined[39m
   [32mΓ£ô[39m bootstrap-guard[2m > [22mblocks production bootstrap unless explicitly allowed[32m 111[2mms[22m[39m
   [32mΓ£ô[39m bootstrap-guard[2m > [22mallows bootstrap in development[32m 7[2mms[22m[39m
[90mstdout[2m | src/tests/unit/dataIntegrity.test.js
[22m[39m10:47:50 [[32minfo[39m]: [32mRedis not configured; skipping Redis client initialization[39m
10:47:52 [[32minfo[39m]: [32mRedis not configured; BullMQ disabled and in-memory queue will be used[39m

[90mstdout[2m | src/tests/unit/dataIntegrity.test.js[2m > [22m[2mData Integrity & Business Logic (Client-Grade)[2m > [22m[2mcreate() - The Money Function[2m > [22m[2muses contract pricing when amount is 0
[22m[39m10:47:53 [[31merror[39m]: [31mPrisma error: [39m
[31mInvalid `tx.shipment.create()` invocation in[39m
[31mC:\Users\hp\OneDrive\Desktop\seahawk-full_stack\backend\src\services\shipment.service.js:331:40[39m

[31m  328   });[39m
[31m  329 }[39m
[31m  330 [39m
[31mΓåÆ 331 const shipment = await tx.shipment.create([39m
[31mForeign key constraint violated: `shipments_created_by_id_fkey (index)`[39m
  {
  "target": "shipment.create"
}

[90mstdout[2m | src/tests/unit/dataIntegrity.test.js[2m > [22m[2mData Integrity & Business Logic (Client-Grade)[2m > [22m[2mbulkImport()[2m > [22m[2mgracefully skips duplicate AWBs and returns correct success/fail counts
[22m[39m10:47:54 [[31merror[39m]: [31mPrisma error: [39m
[31mInvalid `prisma.shipment.createMany()` invocation in[39m
[31mC:\Users\hp\OneDrive\Desktop\seahawk-full_stack\backend\src\services\shipment.service.js:566:27[39m

[31m  563 [39m
[31m  564 // Insert new shipments in one transaction batch[39m
[31m  565 if (newShipmentsData.length > 0) {[39m
[31mΓåÆ 566   await prisma.shipment.createMany([39m
[31mForeign key constraint violated: `shipments_created_by_id_fkey (index)`[39m
  {
  "target": "shipment.createMany"
}

[90mstdout[2m | src/tests/unit/trackonService.test.js[2m > [22m[2mtrackon.service[2m > [22m[2mgetTracking[2m > [22m[2mthrows when not configured
[22m[39m10:47:54 [[33mwarn[39m]: [33m[Trackon] credentials not set[39m

 [32mΓ£ô[39m [30m[42m unit [49m[39m src/tests/unit/quote.service.test.js [2m([22m[2m3 tests[22m[2m)[22m[33m 1193[2mms[22m[39m
   [33m[2mΓ£ô[22m[39m quote.service[2m > [22mcreateQuote generates the next quote number and valid-until date [33m 1077[2mms[22m[39m
[90mstdout[2m | src/tests/unit/trackonService.test.js[2m > [22m[2mtrackon.service[2m > [22m[2mgetTracking[2m > [22m[2mreturns null on API error
[22m[39m10:47:54 [[31merror[39m]: [31m[Trackon] getTracking: timeout[39m

 [32mΓ£ô[39m [30m[42m unit [49m[39m src/tests/unit/trackonService.test.js [2m([22m[2m6 tests[22m[2m)[22m[33m 791[2mms[22m[39m
   [33m[2mΓ£ô[22m[39m trackon.service[2m > [22misConfigured[2m > [22mreturns false when key not set [33m 636[2mms[22m[39m
[90mstdout[2m | src/tests/unit/dtdcService.test.js[2m > [22m[2mdtdc.service[2m > [22m[2mgetTracking[2m > [22m[2mthrows when not configured
[22m[39m10:47:54 [[33mwarn[39m]: [33m[DTDC] tracking credentials not set[39m

[90mstdout[2m | src/tests/unit/emailService.test.js[2m > [22m[2memail.service[2m > [22m[2msendInvoice[2m > [22m[2mskips when not configured
[22m[39m10:47:54 [[33mwarn[39m]: [33m[Email] EMAIL_USER/EMAIL_PASS not set ΓÇö skipping email[39m

 [31mΓ¥»[39m [30m[42m unit [49m[39m src/tests/unit/dataIntegrity.test.js [2m([22m[2m9 tests[22m[2m | [22m[31m7 failed[39m[2m)[22m[33m 1383[2mms[22m[39m
[31m   [31m├ù[31m Data Integrity & Business Logic (Client-Grade)[2m > [22mcreate() - The Money Function[2m > [22msuccessfully creates a shipment and debits wallet atomically[39m[33m 507[2mms[22m[39m
[31m     ΓåÆ Insufficient wallet balance (available: Γé╣0.00, required: Γé╣500.00)[39m
[31m   [31m├ù[31m Data Integrity & Business Logic (Client-Grade)[2m > [22mcreate() - The Money Function[2m > [22mrejects duplicate AWB (P2002 Prisma error)[39m[32m 163[2mms[22m[39m
[31m     ΓåÆ expected [Function] to throw error matching /Unique constraint failed/ but got 'Insufficient wallet balance (availablΓÇª'[39m
   [32mΓ£ô[39m Data Integrity & Business Logic (Client-Grade)[2m > [22mcreate() - The Money Function[2m > [22mfails transaction entirely on insufficient wallet balance[32m 112[2mms[22m[39m
[31m   [31m├ù[31m Data Integrity & Business Logic (Client-Grade)[2m > [22mcreate() - The Money Function[2m > [22muses contract pricing when amount is 0[39m[32m 131[2mms[22m[39m
[31m     ΓåÆ 
Invalid `tx.shipment.create()` invocation in
C:\Users\hp\OneDrive\Desktop\seahawk-full_stack\backend\src\services\shipment.service.js:331:40

  328   });
  329 }
  330 
ΓåÆ 331 const shipment = await tx.shipment.create(
Foreign key constraint violated: `shipments_created_by_id_fkey (index)`[39m
[31m   [31m├ù[31m Data Integrity & Business Logic (Client-Grade)[2m > [22mcreate() - The Money Function[2m > [22mpreserves risk analysis score and AI pricing separation[39m[32m 71[2mms[22m[39m
[31m     ΓåÆ Insufficient wallet balance (available: Γé╣0.00, required: Γé╣200.00)[39m
[31m   [31m├ù[31m Data Integrity & Business Logic (Client-Grade)[2m > [22mbulkImport()[2m > [22mgracefully skips duplicate AWBs and returns correct success/fail counts[39m[32m 187[2mms[22m[39m
[31m     ΓåÆ 
Invalid `prisma.shipment.createMany()` invocation in
C:\Users\hp\OneDrive\Desktop\seahawk-full_stack\backend\src\services\shipment.service.js:566:27

  563 
  564 // Insert new shipments in one transaction batch
  565 if (newShipmentsData.length > 0) {
ΓåÆ 566   await prisma.shipment.createMany(
Foreign key constraint violated: `shipments_created_by_id_fkey (index)`[39m
   [32mΓ£ô[39m Data Integrity & Business Logic (Client-Grade)[2m > [22mbulkImport()[2m > [22mrejects empty or invalid AWBs entirely[32m 111[2mms[22m[39m
[31m   [31m├ù[31m Data Integrity & Business Logic (Client-Grade)[2m > [22mupdateStatus()[2m > [22menforces state machine transitions via API[39m[32m 55[2mms[22m[39m
[31m     ΓåÆ expected [Function] to throw error matching /transition/ but got 'Shipment not found.'[39m
[31m   [31m├ù[31m Data Integrity & Business Logic (Client-Grade)[2m > [22mupdateStatus()[2m > [22mcreates tracking event when status is updated[39m[32m 37[2mms[22m[39m
[31m     ΓåÆ Shipment not found.[39m
 [32mΓ£ô[39m [30m[42m unit [49m[39m src/tests/unit/emailService.test.js [2m([22m[2m3 tests[22m[2m)[22m[33m 1022[2mms[22m[39m
   [33m[2mΓ£ô[22m[39m email.service[2m > [22misConfigured[2m > [22mreturns false when EMAIL_USER/EMAIL_PASS not set [33m 780[2mms[22m[39m
[90mstdout[2m | src/tests/unit/configModules.test.js[2m > [22m[2mconfig helper modules[2m > [22m[2mloads redis config safely when REDIS_URL is not set
[22m[39m10:47:54 [[32minfo[39m]: [32mRedis not configured; skipping Redis client initialization[39m

[90mstdout[2m | src/tests/unit/dtdcService.test.js[2m > [22m[2mdtdc.service[2m > [22m[2mgetTracking[2m > [22m[2mreturns null on API error
[22m[39m10:47:54 [[31merror[39m]: [31m[DTDC] getTracking: timeout[39m

[90mstdout[2m | src/tests/unit/delhiveryService.test.js[2m > [22m[2mdelhivery.service[2m > [22m[2mgetTracking[2m > [22m[2mreturns null when not configured
[22m[39m10:47:54 [[33mwarn[39m]: [33m[Delhivery] API key not set[39m

 [32mΓ£ô[39m [30m[42m unit [49m[39m src/tests/unit/dtdcService.test.js [2m([22m[2m6 tests[22m[2m)[22m[33m 1064[2mms[22m[39m
   [33m[2mΓ£ô[22m[39m dtdc.service[2m > [22misConfigured[2m > [22mreturns false when keys not set [33m 783[2mms[22m[39m
[90mstdout[2m | src/tests/unit/delhiveryService.test.js[2m > [22m[2mdelhivery.service[2m > [22m[2mgetTracking[2m > [22m[2mreturns null on API error
[22m[39m10:47:54 [[31merror[39m]: [31m[Delhivery] getTracking: timeout[39m

 [32mΓ£ô[39m [30m[42m unit [49m[39m src/tests/unit/contract.service.test.js [2m([22m[2m5 tests[22m[2m)[22m[33m 1487[2mms[22m[39m
   [33m[2mΓ£ô[22m[39m contract.service[2m > [22mselectBestContract prefers exact courier and service match [33m 1211[2mms[22m[39m
 [32mΓ£ô[39m [30m[42m unit [49m[39m src/tests/unit/delhiveryService.test.js [2m([22m[2m12 tests[22m[2m)[22m[33m 1807[2mms[22m[39m
   [33m[2mΓ£ô[22m[39m delhivery.service[2m > [22mmapStatus[2m > [22mmaps Delhivery statuses to internal statuses [33m 796[2mms[22m[39m
   [33m[2mΓ£ô[22m[39m delhivery.service[2m > [22mcheckServiceability[2m > [22mreturns serviceable when API key not set [33m 646[2mms[22m[39m
 [32mΓ£ô[39m [30m[42m unit [49m[39m src/tests/unit/courierFactory.test.js [2m([22m[2m5 tests[22m[2m)[22m[33m 835[2mms[22m[39m
   [33m[2mΓ£ô[22m[39m CourierFactory[2m > [22mreturns empty configured list when no API keys set [33m 809[2mms[22m[39m
[90mstdout[2m | src/tests/unit/configModules.test.js[2m > [22m[2mconfig helper modules[2m > [22m[2mkeeps bull queue disabled when redis is unavailable
[22m[39m10:47:56 [[32minfo[39m]: [32mRedis not configured; skipping Redis client initialization[39m
10:47:56 [[32minfo[39m]: [32m[BullMQ] Redis disabled; bulk-scan queue not initialized[39m

[90mstdout[2m | src/tests/unit/rateEngine.test.js[2m > [22m[2mrateEngine ΓÇö stateToZones()[2m > [22m[2mreturns fallback for unknown states
[22m[39m10:47:56 [[33mwarn[39m]: [33m[RateEngine] Zone fallback triggered[39m
  {
  "state": "Atlantis",
  "district": "",
  "city": "",
  "fallback": "south_west / Rest of India",
  "note": "Check if state name is spelled correctly"
}

 [32mΓ£ô[39m [30m[42m unit [49m[39m src/tests/unit/configModules.test.js [2m([22m[2m6 tests[22m[2m)[22m[33m 3345[2mms[22m[39m
   [33m[2mΓ£ô[22m[39m config helper modules[2m > [22mloads redis config safely when REDIS_URL is not set [33m 1392[2mms[22m[39m
   [33m[2mΓ£ô[22m[39m config helper modules[2m > [22mkeeps bull queue disabled when redis is unavailable [33m 1893[2mms[22m[39m
 [32mΓ£ô[39m [30m[42m unit [49m[39m src/tests/unit/rateEngine.test.js [2m([22m[2m105 tests[22m[2m)[22m[32m 168[2mms[22m[39m
 [32mΓ£ô[39m [30m[42m unit [49m[39m src/tests/unit/pdfService.test.js [2m([22m[2m5 tests[22m[2m)[22m[32m 148[2mms[22m[39m
 [32mΓ£ô[39m [30m[42m unit [49m[39m src/tests/unit/pincodeService.test.js [2m([22m[2m5 tests[22m[2m)[22m[32m 179[2mms[22m[39m
[90mstdout[2m | src/tests/unit/agentSession.test.js[2m > [22m[2magentSession[2m > [22m[2mstartSession[2m > [22m[2mcreates a new session with correct initial state
[22m[39m10:47:57 [[32minfo[39m]: [32m[HawkAI Session] Started flow CREATE_CLIENT for session sess-1[39m

[90mstdout[2m | src/tests/unit/agentSession.test.js[2m > [22m[2magentSession[2m > [22m[2mstartSession[2m > [22m[2moverwrites existing session for same sessionId
[22m[39m10:47:57 [[32minfo[39m]: [32m[HawkAI Session] Started flow CREATE_CLIENT for session sess-1[39m
10:47:57 [[32minfo[39m]: [32m[HawkAI Session] Started flow WALLET_CREDIT for session sess-1[39m

[90mstdout[2m | src/tests/unit/agentSession.test.js[2m > [22m[2magentSession[2m > [22m[2mgetSession[2m > [22m[2mreturns active session
[22m[39m10:47:57 [[32minfo[39m]: [32m[HawkAI Session] Started flow TRACK_SHIPMENT for session sess-2[39m

[90mstdout[2m | src/tests/unit/agentSession.test.js[2m > [22m[2magentSession[2m > [22m[2mgetSession[2m > [22m[2mreturns null and cleans up an expired session
[22m[39m10:47:57 [[32minfo[39m]: [32m[HawkAI Session] Started flow GENERATE_INVOICE for session sess-timeout[39m
10:47:57 [[32minfo[39m]: [32m[HawkAI Session] Expired session sess-timeout[39m

[90mstdout[2m | src/tests/unit/agentSession.test.js[2m > [22m[2magentSession[2m > [22m[2mupdateSession[2m > [22m[2mmerges new data into existing session
[22m[39m10:47:57 [[32minfo[39m]: [32m[HawkAI Session] Started flow CREATE_CLIENT for session sess-1[39m

[90mstdout[2m | src/tests/unit/agentSession.test.js[2m > [22m[2magentSession[2m > [22m[2mupdateSession[2m > [22m[2mupdates lastActivity timestamp
[22m[39m10:47:57 [[32minfo[39m]: [32m[HawkAI Session] Started flow CREATE_CLIENT for session sess-1[39m

 [32mΓ£ô[39m [30m[42m unit [49m[39m src/tests/unit/validators.test.js [2m([22m[2m7 tests[22m[2m)[22m[32m 65[2mms[22m[39m
[90mstdout[2m | src/tests/unit/agentSession.test.js[2m > [22m[2magentSession[2m > [22m[2mclearSession[2m > [22m[2mremoves session so getSession returns null
[22m[39m10:47:57 [[32minfo[39m]: [32m[HawkAI Session] Started flow WALLET_CREDIT for session sess-1[39m

[90mstdout[2m | src/tests/unit/agentSession.test.js[2m > [22m[2magentSession[2m > [22m[2mgetActiveCount[2m > [22m[2mreturns correct count of active sessions
[22m[39m10:47:57 [[32minfo[39m]: [32m[HawkAI Session] Started flow SYSTEM_OVERVIEW for session sess-1[39m
10:47:57 [[32minfo[39m]: [32m[HawkAI Session] Started flow LIST_CLIENTS for session sess-2[39m

 [32mΓ£ô[39m [30m[42m unit [49m[39m src/tests/unit/agentSession.test.js [2m([22m[2m11 tests[22m[2m)[22m[32m 114[2mms[22m[39m
[90mstdout[2m | src/tests/unit/courierPrefill.service.test.js[2m > [22m[2mcourierPrefill.service[2m > [22m[2mprefers structured shipment details over tracking fallback
[22m[39m10:47:58 [[32minfo[39m]: [32m[Prefill] Delhivery AWB 1234567890123: mode=shipment_details dest=MYSORE consignee=Dipesh pin=571302 wt=1.25[39m

[90mstdout[2m | src/tests/unit/courierPrefill.service.test.js[2m > [22m[2mcourierPrefill.service[2m > [22m[2mfalls back to tracking data when shipment details are unavailable
[22m[39m10:47:58 [[32minfo[39m]: [32m[Prefill] Trackon AWB 500602752638: mode=tracking dest=LUDHIANA consignee=NA pin=NA wt=NA[39m

[90mstdout[2m | src/tests/unit/courierPrefill.service.test.js[2m > [22m[2mcourierPrefill.service[2m > [22m[2mtreats Primetrack hints as Trackon API lookups
[22m[39m10:47:58 [[32minfo[39m]: [32m[Prefill] Trackon AWB 200042724212: mode=tracking dest=CHANDIGARH consignee=NA pin=NA wt=NA[39m

 [32mΓ£ô[39m [30m[42m unit [49m[39m src/tests/unit/courierPrefill.service.test.js [2m([22m[2m5 tests[22m[2m)[22m[32m 124[2mms[22m[39m
 [32mΓ£ô[39m [30m[42m unit [49m[39m src/tests/unit/httpRetry.test.js [2m([22m[2m4 tests[22m[2m)[22m[32m 42[2mms[22m[39m
[90mstdout[2m | src/tests/unit/middleware.test.js[2m > [22m[2mmiddleware[2m > [22m[2mvalidateCsrf skips safe and bearer-token requests and rejects mismatches
[22m[39m10:47:59 [[33mwarn[39m]: [33mCSRF validation failed[39m
  {
  "ip": "[REDACTED]",
  "path": "/ops",
  "method": "POST"
}

 [32mΓ£ô[39m [30m[42m unit [49m[39m src/tests/unit/metricsMiddleware.test.js [2m([22m[2m3 tests[22m[2m)[22m[32m 34[2mms[22m[39m
[90mstdout[2m | src/tests/unit/middleware.test.js[2m > [22m[2mmiddleware[2m > [22m[2mglobalErrorHandler formats operational, prisma, jwt, zod, and unknown errors
[22m[39m10:47:59 [[31merror[39m]: [31mRequest error dup[39m
  {
  "method": "POST",
  "path": "/ops",
  "status": 500,
  "userId": 1,
  "ip": "[REDACTED]"
}
10:47:59 [[31merror[39m]: [31mRequest error Nope[39m
Error: Nope
    at C:\Users\hp\OneDrive\Desktop\seahawk-full_stack\backend\src\tests\unit\middleware.test.js:162:24
    at file:///C:/Users/hp/OneDrive/Desktop/seahawk-full_stack/backend/node_modules/@vitest/runner/dist/chunk-hooks.js:155:11
    at file:///C:/Users/hp/OneDrive/Desktop/seahawk-full_stack/backend/node_modules/@vitest/runner/dist/chunk-hooks.js:752:26
    at file:///C:/Users/hp/OneDrive/Desktop/seahawk-full_stack/backend/node_modules/@vitest/runner/dist/chunk-hooks.js:1897:20
    at new Promise (<anonymous>)
    at runWithTimeout (file:///C:/Users/hp/OneDrive/Desktop/seahawk-full_stack/backend/node_modules/@vitest/runner/dist/chunk-hooks.js:1863:10)
    at runTest (file:///C:/Users/hp/OneDrive/Desktop/seahawk-full_stack/backend/node_modules/@vitest/runner/dist/chunk-hooks.js:1574:12)
    at processTicksAndRejections (node:internal/process/task_queues:95:5)
    at runSuite (file:///C:/Users/hp/OneDrive/Desktop/seahawk-full_stack/backend/node_modules/@vitest/runner/dist/chunk-hooks.js:1729:8)
    at runSuite (file:///C:/Users/hp/OneDrive/Desktop/seahawk-full_stack/backend/node_modules/@vitest/runner/dist/chunk-hooks.js:1729:8)
  {
  "method": "POST",
  "path": "/ops",
  "status": 422,
  "userId": 1,
  "ip": "[REDACTED]"
}
10:47:59 [[31merror[39m]: [31mRequest error bad token[39m
  {
  "method": "POST",
  "path": "/ops",
  "status": 500,
  "userId": 1,
  "ip": "[REDACTED]"
}
10:47:59 [[31merror[39m]: [31mRequest error [[39m
[31m  {[39m
[31m    "code": "custom",[39m
[31m    "path": [[39m
[31m      "email"[39m
[31m    ],[39m
[31m    "message": "bad",[39m
[31m    "fatal": false[39m
[31m  }[39m
[31m][39m
ZodError: [
  {
    "code": "custom",
    "path": [
      "email"
    ],
    "message": "bad",
    "fatal": false
  }
]
    at C:\Users\hp\OneDrive\Desktop\seahawk-full_stack\backend\src\tests\unit\middleware.test.js:170:22
    at file:///C:/Users/hp/OneDrive/Desktop/seahawk-full_stack/backend/node_modules/@vitest/runner/dist/chunk-hooks.js:155:11
    at file:///C:/Users/hp/OneDrive/Desktop/seahawk-full_stack/backend/node_modules/@vitest/runner/dist/chunk-hooks.js:752:26
    at file:///C:/Users/hp/OneDrive/Desktop/seahawk-full_stack/backend/node_modules/@vitest/runner/dist/chunk-hooks.js:1897:20
    at new Promise (<anonymous>)
    at runWithTimeout (file:///C:/Users/hp/OneDrive/Desktop/seahawk-full_stack/backend/node_modules/@vitest/runner/dist/chunk-hooks.js:1863:10)
    at runTest (file:///C:/Users/hp/OneDrive/Desktop/seahawk-full_stack/backend/node_modules/@vitest/runner/dist/chunk-hooks.js:1574:12)
    at processTicksAndRejections (node:internal/process/task_queues:95:5)
    at runSuite (file:///C:/Users/hp/OneDrive/Desktop/seahawk-full_stack/backend/node_modules/@vitest/runner/dist/chunk-hooks.js:1729:8)
    at runSuite (file:///C:/Users/hp/OneDrive/Desktop/seahawk-full_stack/backend/node_modules/@vitest/runner/dist/chunk-hooks.js:1729:8)
  {
  "method": "POST",
  "path": "/ops",
  "status": 500,
  "userId": 1,
  "ip": "[REDACTED]"
}
10:47:59 [[31merror[39m]: [31mRequest error explode[39m
Error: explode
    at C:\Users\hp\OneDrive\Desktop\seahawk-full_stack\backend\src\tests\unit\middleware.test.js:175:24
    at file:///C:/Users/hp/OneDrive/Desktop/seahawk-full_stack/backend/node_modules/@vitest/runner/dist/chunk-hooks.js:155:11
    at file:///C:/Users/hp/OneDrive/Desktop/seahawk-full_stack/backend/node_modules/@vitest/runner/dist/chunk-hooks.js:752:26
    at file:///C:/Users/hp/OneDrive/Desktop/seahawk-full_stack/backend/node_modules/@vitest/runner/dist/chunk-hooks.js:1897:20
    at new Promise (<anonymous>)
    at runWithTimeout (file:///C:/Users/hp/OneDrive/Desktop/seahawk-full_stack/backend/node_modules/@vitest/runner/dist/chunk-hooks.js:1863:10)
    at runTest (file:///C:/Users/hp/OneDrive/Desktop/seahawk-full_stack/backend/node_modules/@vitest/runner/dist/chunk-hooks.js:1574:12)
    at processTicksAndRejections (node:internal/process/task_queues:95:5)
    at runSuite (file:///C:/Users/hp/OneDrive/Desktop/seahawk-full_stack/backend/node_modules/@vitest/runner/dist/chunk-hooks.js:1729:8)
    at runSuite (file:///C:/Users/hp/OneDrive/Desktop/seahawk-full_stack/backend/node_modules/@vitest/runner/dist/chunk-hooks.js:1729:8)
  {
  "method": "POST",
  "path": "/ops",
  "status": 500,
  "userId": 1,
  "ip": "[REDACTED]"
}

 [32mΓ£ô[39m [30m[42m unit [49m[39m src/tests/unit/middleware.test.js [2m([22m[2m8 tests[22m[2m)[22m[32m 159[2mms[22m[39m
 [32mΓ£ô[39m [30m[42m unit [49m[39m src/tests/unit/cache.test.js [2m([22m[2m4 tests[22m[2m)[22m[32m 78[2mms[22m[39m
[90mstdout[2m | src/tests/unit/clientPortalBooking.test.js
[22m[39m10:47:56 [[32minfo[39m]: [32mRedis not configured; skipping Redis client initialization[39m
10:47:59 [[32minfo[39m]: [32mRedis not configured; BullMQ disabled and in-memory queue will be used[39m

 [32mΓ£ô[39m [30m[42m unit [49m[39m src/tests/unit/scannerQuality.service.test.js [2m([22m[2m2 tests[22m[2m)[22m[32m 27[2mms[22m[39m
 [32mΓ£ô[39m [30m[42m unit [49m[39m src/tests/unit/clientPortalBooking.test.js [2m([22m[2m1 test[22m[2m)[22m[33m 329[2mms[22m[39m
   [33m[2mΓ£ô[22m[39m client portal booking controller[2m > [22mreturns a clear 503 when the client explicitly selects an inactive courier [33m 323[2mms[22m[39m
 [32mΓ£ô[39m [30m[42m unit [49m[39m src/tests/unit/stateMachine.test.js [2m([22m[2m14 tests[22m[2m)[22m[32m 36[2mms[22m[39m
 [32mΓ£ô[39m [30m[42m unit [49m[39m src/tests/unit/response.test.js [2m([22m[2m2 tests[22m[2m)[22m[32m 30[2mms[22m[39m
 [32mΓ£ô[39m [30m[42m unit [49m[39m src/tests/unit/walletRefund.test.js [2m([22m[2m2 tests[22m[2m)[22m[32m 64[2mms[22m[39m
 [32mΓ£ô[39m [30m[42m unit [49m[39m src/tests/unit/awbDetect.test.js [2m([22m[2m3 tests[22m[2m)[22m[32m 28[2mms[22m[39m
 [32mΓ£ô[39m [30m[42m unit [49m[39m src/tests/unit/reconciliation.intelligence.test.js [2m([22m[2m2 tests[22m[2m)[22m[32m 23[2mms[22m[39m
 [32mΓ£ô[39m [30m[42m unit [49m[39m src/tests/unit/shipment.test.js [2m([22m[2m5 tests[22m[2m)[22m[32m 21[2mms[22m[39m
 [32mΓ£ô[39m [30m[42m unit [49m[39m src/tests/unit/scannerFlow.service.test.js [2m([22m[2m7 tests[22m[2m)[22m[32m 34[2mms[22m[39m
[90mstdout[2m | src/tests/unit/agentFlows.test.js
[22m[39m10:47:59 [[32minfo[39m]: [32mRedis not configured; skipping Redis client initialization[39m
10:48:02 [[32minfo[39m]: [32mRedis not configured; BullMQ disabled and in-memory queue will be used[39m

 [32mΓ£ô[39m [30m[42m unit [49m[39m src/tests/unit/courierDecision.service.test.js [2m([22m[2m4 tests[22m[2m)[22m[32m 19[2mms[22m[39m
 [32mΓ£ô[39m [30m[42m unit [49m[39m src/tests/unit/agentFlows.test.js [2m([22m[2m35 tests[22m[2m)[22m[32m 52[2mms[22m[39m
 [32mΓ£ô[39m [30m[42m unit [49m[39m src/tests/unit/rateLimiter.test.js [2m([22m[2m4 tests[22m[2m)[22m[32m 16[2mms[22m[39m
 [32mΓ£ô[39m [30m[42m unit [49m[39m src/tests/unit/exceptionAutomation.service.test.js [2m([22m[2m2 tests[22m[2m)[22m[32m 22[2mms[22m[39m
 [32mΓ£ô[39m [30m[42m unit [49m[39m src/tests/unit/refreshToken.test.js [2m([22m[2m1 test[22m[2m)[22m[32m 11[2mms[22m[39m
[90mstdout[2m | src/tests/unit/queueService.test.js
[22m[39m10:48:04 [[32minfo[39m]: [32mRedis not configured; BullMQ disabled and in-memory queue will be used[39m

[90mstdout[2m | src/tests/unit/queueService.test.js[2m > [22m[2mqueue.service[2m > [22m[2msetupScheduledJobs[2m > [22m[2mschedules tasks
[22m[39m10:48:04 [[32minfo[39m]: [32mScheduled jobs set up[39m

 [32mΓ£ô[39m [30m[42m unit [49m[39m src/tests/unit/queueService.test.js [2m([22m[2m1 test[22m[2m)[22m[32m 23[2mms[22m[39m
[90mstdout[2m | src/tests/integration/scanner.e2e.test.js
[22m[39m10:48:06 [[32minfo[39m]: [32mRedis not configured; skipping Redis client initialization[39m
10:48:07 [[32minfo[39m]: [32mRedis not configured; BullMQ disabled and in-memory queue will be used[39m
10:48:10 [[32minfo[39m]: [32m[HawkAI NLP] Loaded trained local model from disk.[39m

[90mstderr[2m | src/tests/integration/scanner.e2e.test.js
[22m[39m[Sentry] @sentry/node not installed ΓÇö skipping. Run: npm install @sentry/node

[90mstdout[2m | src/tests/integration/scanner.e2e.test.js[2m > [22m[2mScanner API Integration Tests
[22m[39m10:48:11 [[32minfo[39m]: [32mLogin: [EMAIL] [ADMIN][39m

[90mstdout[2m | src/tests/integration/scanner.e2e.test.js[2m > [22m[2mScanner API Integration Tests
[22m[39m10:48:11 [[32mhttp[39m]: [32m[0mPOST /api/auth/login [32m200[0m 268.888 ms - 631[0m[39m

[90mstdout[2m | src/tests/integration/scanner.e2e.test.js[2m > [22m[2mScanner API Integration Tests
[22m[39m10:48:11 [[32minfo[39m]: [32mLogin: [EMAIL] [CLIENT][39m

[90mstdout[2m | src/tests/integration/scanner.e2e.test.js[2m > [22m[2mScanner API Integration Tests
[22m[39m10:48:11 [[32mhttp[39m]: [32m[0mPOST /api/auth/login [32m200[0m 163.420 ms - 652[0m[39m

[90mstdout[2m | src/tests/integration/scanner.e2e.test.js[2m > [22m[2mScanner API Integration Tests[2m > [22m[2mPOST /api/shipments/scan-mobile[2m > [22m[2mcreates a placeholder shipment if tracking fails or is unavailable
[22m[39m10:48:11 [[32mhttp[39m]: [32m[0mPOST /api/shipments/scan-mobile [32m200[0m 352.835 ms - -[0m[39m

[90mstdout[2m | src/tests/integration/scanner.e2e.test.js[2m > [22m[2mScanner API Integration Tests[2m > [22m[2mPOST /api/shipments/scan-mobile[2m > [22m[2massigns client automatically via fuzzy matching of trained alias
[22m[39m10:48:12 [[32mhttp[39m]: [32m[0mPOST /api/shipments/scan-mobile [32m200[0m 183.462 ms - -[0m[39m

[90mstdout[2m | src/tests/integration/scanner.e2e.test.js[2m > [22m[2mScanner API Integration Tests[2m > [22m[2mPOST /api/shipments/scan-mobile[2m > [22m[2mkeeps Trackon-format AWBs on the Trackon courier path
[22m[39m10:48:12 [[32minfo[39m]: [32m[Prefill] Trackon AWB 500602752638: mode=shipment_details dest=RUDRAPUR consignee=NA pin=263153 wt=NA[39m

[90mstdout[2m | src/tests/integration/scanner.e2e.test.js[2m > [22m[2mScanner API Integration Tests[2m > [22m[2mPOST /api/shipments/scan-mobile[2m > [22m[2mkeeps Trackon-format AWBs on the Trackon courier path
[22m[39m10:48:12 [[32mhttp[39m]: [32m[0mPOST /api/shipments/scan-mobile [32m200[0m 347.968 ms - -[0m[39m

[90mstdout[2m | src/tests/integration/scanner.e2e.test.js[2m > [22m[2mScanner API Integration Tests[2m > [22m[2mPOST /api/shipments/scan-mobile[2m > [22m[2mhandles an empty OCR payload elegantly
[22m[39m10:48:12 [[32mhttp[39m]: [32m[0mPOST /api/shipments/scan-mobile [32m200[0m 49.962 ms - 813[0m[39m

[90mstdout[2m | src/tests/integration/scanner.e2e.test.js[2m > [22m[2mScanner API Integration Tests[2m > [22m[2mPOST /api/shipments/scan-mobile[2m > [22m[2mprefills structured fields from import ledger data when OCR fails
[22m[39m10:48:12 [[32minfo[39m]: [32m[AWB Master] SCAN_TEST_IMPORT_1777785492546: client=IMPORTCL consignee=Ravi Kumar dest=Ludhiana pin=141001 wt=2.4 layers=import_ledger[39m

[90mstdout[2m | src/tests/integration/scanner.e2e.test.js[2m > [22m[2mScanner API Integration Tests[2m > [22m[2mPOST /api/shipments/scan-mobile[2m > [22m[2mprefills structured fields from import ledger data when OCR fails
[22m[39m10:48:12 [[32mhttp[39m]: [32m[0mPOST /api/shipments/scan-mobile [32m200[0m 59.776 ms - -[0m[39m

[90mstdout[2m | src/tests/integration/scanner.e2e.test.js[2m > [22m[2mScanner API Integration Tests[2m > [22m[2mPOST /api/shipments/scan-mobile[2m > [22m[2mskips photo capture when lookup data is already complete
[22m[39m10:48:12 [[32minfo[39m]: [32m[AWB Master] SCAN_TEST_LOOKUP_1777785492633: client=IMPORTCL consignee=Lookup Ready dest=Jaipur pin=302001 wt=1.8 layers=import_ledger[39m

[90mstdout[2m | src/tests/integration/scanner.e2e.test.js[2m > [22m[2mScanner API Integration Tests[2m > [22m[2mPOST /api/shipments/scan-mobile[2m > [22m[2mskips photo capture when lookup data is already complete
[22m[39m10:48:12 [[32mhttp[39m]: [32m[0mPOST /api/shipments/scan-mobile [32m200[0m 42.861 ms - -[0m[39m

[90mstdout[2m | src/tests/integration/scanner.e2e.test.js[2m > [22m[2mScanner API Integration Tests[2m > [22m[2mPOST /api/shipments/scan-mobile[2m > [22m[2mrequests photo capture when lookup data is incomplete
[22m[39m10:48:12 [[32mhttp[39m]: [32m[0mPOST /api/shipments/scan-mobile [32m200[0m 10.920 ms - 299[0m[39m

[90mstdout[2m | src/tests/integration/scanner.e2e.test.js[2m > [22m[2mScanner API Integration Tests[2m > [22m[2mPOST /api/shipments/scan-mobile[2m > [22m[2mupdates an existing imported shipment instead of creating a second shipment
[22m[39m10:48:12 [[32minfo[39m]: [32m[AWB Master] SCAN_TEST_EXISTING_1777785492722: client=IMPORTCL consignee=Merged Receiver dest=Amritsar pin=143001 wt=3.1 layers=shipment+import_ledger[39m

[90mstdout[2m | src/tests/integration/scanner.e2e.test.js[2m > [22m[2mScanner API Integration Tests[2m > [22m[2mPOST /api/shipments/scan-mobile[2m > [22m[2mupdates an existing imported shipment instead of creating a second shipment
[22m[39m10:48:12 [[32mhttp[39m]: [32m[0mPOST /api/shipments/scan-mobile [32m200[0m 38.301 ms - -[0m[39m

[90mstdout[2m | src/tests/integration/scanner.e2e.test.js[2m > [22m[2mScanner API Integration Tests[2m > [22m[2mPOST /api/shipments/scan-mobile[2m > [22m[2mmatches imported AWBs even when the scan comes in lowercase or mixed case
[22m[39m10:48:12 [[32minfo[39m]: [32m[AWB Master] SCAN_TEST_CASE_1777785492811: client=IMPORTCL consignee=Case Match dest=Chandigarh pin=160017 wt=1.4 layers=import_ledger[39m

[90mstdout[2m | src/tests/integration/scanner.e2e.test.js[2m > [22m[2mScanner API Integration Tests[2m > [22m[2mPOST /api/shipments/scan-mobile[2m > [22m[2mmatches imported AWBs even when the scan comes in lowercase or mixed case
[22m[39m10:48:12 [[32mhttp[39m]: [32m[0mPOST /api/shipments/scan-mobile [32m200[0m 40.962 ms - -[0m[39m

[90mstdout[2m | src/tests/integration/scanner.e2e.test.js[2m > [22m[2mScanner API Integration Tests[2m > [22m[2mscanner route access and client-safe shipment detail[2m > [22m[2mblocks client accounts from staff shipment routes
[22m[39m10:48:12 [[32mhttp[39m]: [32m[0mGET /api/shipments/31 [33m403[0m 8.928 ms - 93[0m[39m

[90mstdout[2m | src/tests/integration/scanner.e2e.test.js[2m > [22m[2mScanner API Integration Tests[2m > [22m[2mscanner route access and client-safe shipment detail[2m > [22m[2mblocks client accounts from staff shipment routes
[22m[39m10:48:12 [[32mhttp[39m]: [32m[0mGET /api/portal/shipments/31 [32m200[0m 16.386 ms - 288[0m[39m

 [31mΓ¥»[39m [30m[45m integration [49m[39m src/tests/integration/scanner.e2e.test.js [2m([22m[2m10 tests[22m[2m | [22m[31m1 failed[39m[2m)[22m[33m 2559[2mms[22m[39m
   [33m[2mΓ£ô[22m[39m Scanner API Integration Tests[2m > [22mPOST /api/shipments/scan-mobile[2m > [22mcreates a placeholder shipment if tracking fails or is unavailable [33m 382[2mms[22m[39m
   [32mΓ£ô[39m Scanner API Integration Tests[2m > [22mPOST /api/shipments/scan-mobile[2m > [22massigns client automatically via fuzzy matching of trained alias[32m 204[2mms[22m[39m
   [33m[2mΓ£ô[22m[39m Scanner API Integration Tests[2m > [22mPOST /api/shipments/scan-mobile[2m > [22mkeeps Trackon-format AWBs on the Trackon courier path [33m 365[2mms[22m[39m
   [32mΓ£ô[39m Scanner API Integration Tests[2m > [22mPOST /api/shipments/scan-mobile[2m > [22mhandles an empty OCR payload elegantly[32m 65[2mms[22m[39m
   [32mΓ£ô[39m Scanner API Integration Tests[2m > [22mPOST /api/shipments/scan-mobile[2m > [22mprefills structured fields from import ledger data when OCR fails[32m 87[2mms[22m[39m
   [32mΓ£ô[39m Scanner API Integration Tests[2m > [22mPOST /api/shipments/scan-mobile[2m > [22mskips photo capture when lookup data is already complete[32m 62[2mms[22m[39m
   [32mΓ£ô[39m Scanner API Integration Tests[2m > [22mPOST /api/shipments/scan-mobile[2m > [22mrequests photo capture when lookup data is incomplete[32m 25[2mms[22m[39m
[31m   [31m├ù[31m Scanner API Integration Tests[2m > [22mPOST /api/shipments/scan-mobile[2m > [22mupdates an existing imported shipment instead of creating a second shipment[39m[32m 90[2mms[22m[39m
[31m     ΓåÆ expected [ +0, 245 ] to include 0[39m
   [32mΓ£ô[39m Scanner API Integration Tests[2m > [22mPOST /api/shipments/scan-mobile[2m > [22mmatches imported AWBs even when the scan comes in lowercase or mixed case[32m 62[2mms[22m[39m
   [32mΓ£ô[39m Scanner API Integration Tests[2m > [22mscanner route access and client-safe shipment detail[2m > [22mblocks client accounts from staff shipment routes[32m 55[2mms[22m[39m
[90mstderr[2m | src/tests/integration/portalTenantIsolation.integration.test.js
[22m[39m[Sentry] @sentry/node not installed ΓÇö skipping. Run: npm install @sentry/node

[90mstdout[2m | src/tests/integration/portalTenantIsolation.integration.test.js[2m > [22m[2mPortal Tenant Isolation
[22m[39m10:48:13 [[32minfo[39m]: [32mLogin: [EMAIL] [CLIENT][39m

[90mstdout[2m | src/tests/integration/portalTenantIsolation.integration.test.js[2m > [22m[2mPortal Tenant Isolation
[22m[39m10:48:13 [[32mhttp[39m]: [32m[0mPOST /api/auth/login [32m200[0m 311.891 ms - 600[0m[39m

[90mstdout[2m | src/tests/integration/portalTenantIsolation.integration.test.js[2m > [22m[2mPortal Tenant Isolation
[22m[39m10:48:14 [[32minfo[39m]: [32mLogin: [EMAIL] [CLIENT][39m

[90mstdout[2m | src/tests/integration/portalTenantIsolation.integration.test.js[2m > [22m[2mPortal Tenant Isolation
[22m[39m10:48:14 [[32mhttp[39m]: [32m[0mPOST /api/auth/login [32m200[0m 191.346 ms - 600[0m[39m

[90mstdout[2m | src/tests/integration/portalTenantIsolation.integration.test.js[2m > [22m[2mPortal Tenant Isolation
[22m[39m10:48:14 [[32minfo[39m]: [32mLogin: [EMAIL] [ADMIN][39m

[90mstdout[2m | src/tests/integration/portalTenantIsolation.integration.test.js[2m > [22m[2mPortal Tenant Isolation
[22m[39m10:48:14 [[32mhttp[39m]: [32m[0mPOST /api/auth/login [32m200[0m 191.015 ms - 601[0m[39m

[90mstdout[2m | src/tests/integration/portalTenantIsolation.integration.test.js[2m > [22m[2mPortal Tenant Isolation[2m > [22m[2mClient A sees only their own shipments via portal
[22m[39m10:48:14 [[32mhttp[39m]: [32m[0mGET /api/portal/shipments [32m200[0m 109.844 ms - 588[0m[39m

[90mstdout[2m | src/tests/integration/portalTenantIsolation.integration.test.js[2m > [22m[2mPortal Tenant Isolation[2m > [22m[2mClient B sees only their own shipments via portal
[22m[39m10:48:14 [[32mhttp[39m]: [32m[0mGET /api/portal/shipments [32m200[0m 26.753 ms - 586[0m[39m

[90mstdout[2m | src/tests/integration/portalTenantIsolation.integration.test.js[2m > [22m[2mPortal Tenant Isolation[2m > [22m[2mClient A sees only their own wallet balance
[22m[39m10:48:14 [[32mhttp[39m]: [32m[0mGET /api/portal/wallet [32m200[0m 12.375 ms - 476[0m[39m

[90mstdout[2m | src/tests/integration/portalTenantIsolation.integration.test.js[2m > [22m[2mPortal Tenant Isolation[2m > [22m[2mClient A cannot view Client B shipment detail
[22m[39m10:48:14 [[32mhttp[39m]: [32m[0mGET /api/portal/shipments/34 [33m404[0m 6.885 ms - 59[0m[39m

[90mstdout[2m | src/tests/integration/portalTenantIsolation.integration.test.js[2m > [22m[2mPortal Tenant Isolation[2m > [22m[2mClient A stats reflect only their shipment counts
[22m[39m10:48:14 [[32mhttp[39m]: [32m[0mGET /api/portal/stats [32m200[0m 132.737 ms - 649[0m[39m

[90mstdout[2m | src/tests/integration/portalTenantIsolation.integration.test.js[2m > [22m[2mPortal Tenant Isolation[2m > [22m[2mAdmin can query shipments across clients
[22m[39m10:48:14 [[32mhttp[39m]: [32m[0mGET /api/portal/shipments?clientCode=ISO_A [32m200[0m 12.717 ms - 588[0m[39m

[90mstdout[2m | src/tests/integration/portalTenantIsolation.integration.test.js[2m > [22m[2mPortal Tenant Isolation[2m > [22m[2mAdmin can query shipments across clients
[22m[39m10:48:14 [[32mhttp[39m]: [32m[0mGET /api/portal/shipments?clientCode=ISO_B [32m200[0m 15.945 ms - 586[0m[39m

 [31mΓ¥»[39m [30m[45m integration [49m[39m src/tests/integration/portalTenantIsolation.integration.test.js [2m([22m[2m6 tests[22m[2m | [22m[31m1 failed[39m[2m)[22m[33m 1654[2mms[22m[39m
   [32mΓ£ô[39m Portal Tenant Isolation[2m > [22mClient A sees only their own shipments via portal[32m 120[2mms[22m[39m
   [32mΓ£ô[39m Portal Tenant Isolation[2m > [22mClient B sees only their own shipments via portal[32m 36[2mms[22m[39m
[31m   [31m├ù[31m Portal Tenant Isolation[2m > [22mClient A sees only their own wallet balance[39m[32m 28[2mms[22m[39m
[31m     ΓåÆ expected '1000' to be 1000 // Object.is equality[39m
   [32mΓ£ô[39m Portal Tenant Isolation[2m > [22mClient A cannot view Client B shipment detail[32m 21[2mms[22m[39m
   [32mΓ£ô[39m Portal Tenant Isolation[2m > [22mClient A stats reflect only their shipment counts[32m 145[2mms[22m[39m
   [32mΓ£ô[39m Portal Tenant Isolation[2m > [22mAdmin can query shipments across clients[32m 49[2mms[22m[39m
[90mstdout[2m | src/tests/integration/wallet-chaos.test.js[2m > [22m[2mWallet Chaos & Concurrency Tests[2m > [22m[2m5 concurrent credit adjustments all succeed and balance is correct
[22m[39m10:48:15 [[32mhttp[39m]: [32m[0mGET /api/wallet/CHAOSCL [32m200[0m 25.071 ms - 144[0m[39m

[90mstdout[2m | src/tests/integration/wallet-chaos.test.js[2m > [22m[2mWallet Chaos & Concurrency Tests[2m > [22m[2m5 concurrent credit adjustments all succeed and balance is correct
[22m[39m10:48:15 [[32mhttp[39m]: [32m[0mPOST /api/wallet/adjust [32m200[0m 48.479 ms - 103[0m[39m

[90mstdout[2m | src/tests/integration/wallet-chaos.test.js[2m > [22m[2mWallet Chaos & Concurrency Tests[2m > [22m[2m5 concurrent credit adjustments all succeed and balance is correct
[22m[39m10:48:15 [[32mhttp[39m]: [32m[0mPOST /api/wallet/adjust [32m200[0m 62.765 ms - 103[0m[39m

[90mstdout[2m | src/tests/integration/wallet-chaos.test.js[2m > [22m[2mWallet Chaos & Concurrency Tests[2m > [22m[2m5 concurrent credit adjustments all succeed and balance is correct
[22m[39m10:48:15 [[32mhttp[39m]: [32m[0mPOST /api/wallet/adjust [32m200[0m 67.844 ms - 103[0m[39m

[90mstdout[2m | src/tests/integration/wallet-chaos.test.js[2m > [22m[2mWallet Chaos & Concurrency Tests[2m > [22m[2m5 concurrent credit adjustments all succeed and balance is correct
[22m[39m10:48:15 [[32mhttp[39m]: [32m[0mPOST /api/wallet/adjust [32m200[0m 141.980 ms - 103[0m[39m

[90mstdout[2m | src/tests/integration/wallet-chaos.test.js[2m > [22m[2mWallet Chaos & Concurrency Tests[2m > [22m[2m5 concurrent credit adjustments all succeed and balance is correct
[22m[39m10:48:15 [[32mhttp[39m]: [32m[0mPOST /api/wallet/adjust [32m200[0m 159.307 ms - 103[0m[39m

[90mstdout[2m | src/tests/integration/wallet-chaos.test.js[2m > [22m[2mWallet Chaos & Concurrency Tests[2m > [22m[2m5 concurrent credit adjustments all succeed and balance is correct
[22m[39m10:48:15 [[32mhttp[39m]: [32m[0mGET /api/wallet/CHAOSCL [32m200[0m 14.053 ms - -[0m[39m

[90mstdout[2m | src/tests/integration/wallet-chaos.test.js[2m > [22m[2mWallet Chaos & Concurrency Tests[2m > [22m[2mconcurrent debits cannot create a negative balance
[22m[39m10:48:15 [[32mhttp[39m]: [32m[0mPOST /api/wallet/adjust [32m200[0m 15.460 ms - 104[0m[39m

[90mstdout[2m | src/tests/integration/wallet-chaos.test.js[2m > [22m[2mWallet Chaos & Concurrency Tests[2m > [22m[2mconcurrent debits cannot create a negative balance
[22m[39m10:48:15 [[32mhttp[39m]: [32m[0mGET /api/wallet/CHAOSCL [32m200[0m 8.122 ms - -[0m[39m

[90mstdout[2m | src/tests/integration/wallet-chaos.test.js[2m > [22m[2mWallet Chaos & Concurrency Tests[2m > [22m[2mconcurrent debits cannot create a negative balance
[22m[39m10:48:15 [[32mhttp[39m]: [32m[0mPOST /api/wallet/debit [32m200[0m 25.947 ms - 102[0m[39m

[90mstdout[2m | src/tests/integration/wallet-chaos.test.js[2m > [22m[2mWallet Chaos & Concurrency Tests[2m > [22m[2mconcurrent debits cannot create a negative balance
[22m[39m10:48:15 [[31merror[39m]: [31mRequest error Insufficient wallet balance (available: Γé╣0.00, required: Γé╣100.00)[39m
Error: Insufficient wallet balance (available: Γé╣0.00, required: Γé╣100.00)
    at C:\Users\hp\OneDrive\Desktop\seahawk-full_stack\backend\src\services\wallet.service.js:137:13
    at Proxy._transactionWithCallback (C:\Users\hp\OneDrive\Desktop\seahawk-full_stack\backend\node_modules\@prisma\client\runtime\library.js:130:8000)
    at C:\Users\hp\OneDrive\Desktop\seahawk-full_stack\backend\src\controllers\wallet.controller.js:283:22
  {
  "requestId": "a142f165-54c2-451b-a20e-56b646483887",
  "method": "POST",
  "path": "/api/wallet/debit",
  "status": 500,
  "userId": 6,
  "ip": "[REDACTED]"
}

[90mstdout[2m | src/tests/integration/wallet-chaos.test.js[2m > [22m[2mWallet Chaos & Concurrency Tests[2m > [22m[2mconcurrent debits cannot create a negative balance
[22m[39m10:48:15 [[32mhttp[39m]: [32m[0mPOST /api/wallet/debit [31m500[0m 38.080 ms - 630[0m[39m

[90mstdout[2m | src/tests/integration/wallet-chaos.test.js[2m > [22m[2mWallet Chaos & Concurrency Tests[2m > [22m[2mconcurrent debits cannot create a negative balance
[22m[39m10:48:15 [[31merror[39m]: [31mRequest error Insufficient wallet balance (available: Γé╣0.00, required: Γé╣100.00)[39m
Error: Insufficient wallet balance (available: Γé╣0.00, required: Γé╣100.00)
    at C:\Users\hp\OneDrive\Desktop\seahawk-full_stack\backend\src\services\wallet.service.js:137:13
    at Proxy._transactionWithCallback (C:\Users\hp\OneDrive\Desktop\seahawk-full_stack\backend\node_modules\@prisma\client\runtime\library.js:130:8000)
    at C:\Users\hp\OneDrive\Desktop\seahawk-full_stack\backend\src\controllers\wallet.controller.js:283:22
  {
  "requestId": "2ac1fa27-c6ca-46d4-a6db-20f0e5a7bc43",
  "method": "POST",
  "path": "/api/wallet/debit",
  "status": 500,
  "userId": 6,
  "ip": "[REDACTED]"
}

[90mstdout[2m | src/tests/integration/wallet-chaos.test.js[2m > [22m[2mWallet Chaos & Concurrency Tests[2m > [22m[2mconcurrent debits cannot create a negative balance
[22m[39m10:48:15 [[32mhttp[39m]: [32m[0mPOST /api/wallet/debit [31m500[0m 42.039 ms - 630[0m[39m

[90mstdout[2m | src/tests/integration/wallet-chaos.test.js[2m > [22m[2mWallet Chaos & Concurrency Tests[2m > [22m[2mconcurrent debits cannot create a negative balance
[22m[39m10:48:15 [[32mhttp[39m]: [32m[0mGET /api/wallet/CHAOSCL [32m200[0m 10.756 ms - -[0m[39m

[90mstdout[2m | src/tests/integration/wallet-chaos.test.js[2m > [22m[2mWallet Chaos & Concurrency Tests[2m > [22m[2mrapid interleaved credit/debit operations maintain consistency
[22m[39m10:48:15 [[32mhttp[39m]: [32m[0mGET /api/wallet/CHAOSCL [32m200[0m 8.737 ms - -[0m[39m

[90mstdout[2m | src/tests/integration/wallet-chaos.test.js[2m > [22m[2mWallet Chaos & Concurrency Tests[2m > [22m[2mrapid interleaved credit/debit operations maintain consistency
[22m[39m10:48:15 [[32mhttp[39m]: [32m[0mPOST /api/wallet/adjust [32m200[0m 14.906 ms - 105[0m[39m

[90mstdout[2m | src/tests/integration/wallet-chaos.test.js[2m > [22m[2mWallet Chaos & Concurrency Tests[2m > [22m[2mrapid interleaved credit/debit operations maintain consistency
[22m[39m10:48:15 [[32mhttp[39m]: [32m[0mPOST /api/wallet/debit [32m200[0m 15.295 ms - 102[0m[39m

[90mstdout[2m | src/tests/integration/wallet-chaos.test.js[2m > [22m[2mWallet Chaos & Concurrency Tests[2m > [22m[2mrapid interleaved credit/debit operations maintain consistency
[22m[39m10:48:15 [[32mhttp[39m]: [32m[0mPOST /api/wallet/adjust [32m200[0m 13.894 ms - 105[0m[39m

[90mstdout[2m | src/tests/integration/wallet-chaos.test.js[2m > [22m[2mWallet Chaos & Concurrency Tests[2m > [22m[2mrapid interleaved credit/debit operations maintain consistency
[22m[39m10:48:15 [[32mhttp[39m]: [32m[0mPOST /api/wallet/debit [32m200[0m 14.956 ms - 104[0m[39m

[90mstdout[2m | src/tests/integration/wallet-chaos.test.js[2m > [22m[2mWallet Chaos & Concurrency Tests[2m > [22m[2mrapid interleaved credit/debit operations maintain consistency
[22m[39m10:48:15 [[32mhttp[39m]: [32m[0mPOST /api/wallet/adjust [32m200[0m 16.354 ms - 104[0m[39m

[90mstdout[2m | src/tests/integration/wallet-chaos.test.js[2m > [22m[2mWallet Chaos & Concurrency Tests[2m > [22m[2mrapid interleaved credit/debit operations maintain consistency
[22m[39m10:48:15 [[32mhttp[39m]: [32m[0mGET /api/wallet/CHAOSCL [32m200[0m 8.878 ms - -[0m[39m

 [31mΓ¥»[39m [30m[45m integration [49m[39m src/tests/integration/wallet-chaos.test.js [2m([22m[2m3 tests[22m[2m | [22m[31m3 failed[39m[2m)[22m[33m 726[2mms[22m[39m
[31m   [31m├ù[31m Wallet Chaos & Concurrency Tests[2m > [22m5 concurrent credit adjustments all succeed and balance is correct[39m[32m 272[2mms[22m[39m
[31m     ΓåÆ expected '50' to be '050' // Object.is equality[39m
[31m   [31m├ù[31m Wallet Chaos & Concurrency Tests[2m > [22mconcurrent debits cannot create a negative balance[39m[32m 127[2mms[22m[39m
[31m     ΓåÆ actual value must be number or bigint, received "string"[39m
[31m   [31m├ù[31m Wallet Chaos & Concurrency Tests[2m > [22mrapid interleaved credit/debit operations maintain consistency[39m[32m 167[2mms[22m[39m
[31m     ΓåÆ expected '200' to be '0200' // Object.is equality[39m
[90mstderr[2m | src/tests/integration/shipmentLifecycle.integration.test.js
[22m[39m[Sentry] @sentry/node not installed ΓÇö skipping. Run: npm install @sentry/node

[90mstdout[2m | src/tests/integration/shipmentLifecycle.integration.test.js[2m > [22m[2mShipment Lifecycle Integration
[22m[39m10:48:16 [[32minfo[39m]: [32mLogin: [EMAIL] [ADMIN][39m

[90mstdout[2m | src/tests/integration/shipmentLifecycle.integration.test.js[2m > [22m[2mShipment Lifecycle Integration
[22m[39m10:48:16 [[32mhttp[39m]: [32m[0mPOST /api/auth/login [32m200[0m 155.076 ms - 609[0m[39m

[90mstdout[2m | src/tests/integration/shipmentLifecycle.integration.test.js[2m > [22m[2mShipment Lifecycle Integration[2m > [22m[2mFull Shipment Lifecycle (Booked -> InTransit -> Delivered -> Terminal Lock)
[22m[39m10:48:16 [[32mhttp[39m]: [32m[0mPOST /api/shipments [32m201[0m 40.201 ms - 751[0m[39m

 [31mΓ¥»[39m [30m[45m integration [49m[39m src/tests/integration/shipmentLifecycle.integration.test.js [2m([22m[2m1 test[22m[2m | [22m[31m1 failed[39m[2m)[22m[33m 649[2mms[22m[39m
[31m   [31m├ù[31m Shipment Lifecycle Integration[2m > [22mFull Shipment Lifecycle (Booked -> InTransit -> Delivered -> Terminal Lock)[39m[32m 92[2mms[22m[39m
[31m     ΓåÆ expected 150 to be 150 // Object.is equality[39m
[90mstderr[2m | src/tests/integration/trackingPipeline.integration.test.js
[22m[39m[Sentry] @sentry/node not installed ΓÇö skipping. Run: npm install @sentry/node

[90mstdout[2m | src/tests/integration/trackingPipeline.integration.test.js[2m > [22m[2mTracking Pipeline Integration
[22m[39m10:48:16 [[32minfo[39m]: [32mLogin: [EMAIL] [ADMIN][39m

[90mstdout[2m | src/tests/integration/trackingPipeline.integration.test.js[2m > [22m[2mTracking Pipeline Integration
[22m[39m10:48:16 [[32mhttp[39m]: [32m[0mPOST /api/auth/login [32m200[0m 200.180 ms - 606[0m[39m

[90mstdout[2m | src/tests/integration/trackingPipeline.integration.test.js[2m > [22m[2mTracking Pipeline Integration[2m > [22m[2mScan (captureOnly) creates a new placeholder shipment
[22m[39m10:48:17 [[32mhttp[39m]: [32m[0mPOST /api/shipments/scan [32m200[0m 396.750 ms - -[0m[39m

[90mstdout[2m | src/tests/integration/trackingPipeline.integration.test.js[2m > [22m[2mTracking Pipeline Integration[2m > [22m[2mRe-scanning an existing AWB updates instead of creating a duplicate
[22m[39m10:48:17 [[32mhttp[39m]: [32m[0mPOST /api/shipments/scan [32m200[0m 219.809 ms - -[0m[39m

[90mstdout[2m | src/tests/integration/trackingPipeline.integration.test.js[2m > [22m[2mTracking Pipeline Integration[2m > [22m[2mRe-scanning an existing AWB updates instead of creating a duplicate
[22m[39m10:48:17 [[32minfo[39m]: [32m[AWB Master] PIPE_DUPE_001: client=NA consignee=NA dest=NA pin=NA wt=0.5 layers=shipment[39m

[90mstdout[2m | src/tests/integration/trackingPipeline.integration.test.js[2m > [22m[2mTracking Pipeline Integration[2m > [22m[2mRe-scanning an existing AWB updates instead of creating a duplicate
[22m[39m10:48:17 [[32mhttp[39m]: [32m[0mPOST /api/shipments/scan [32m200[0m 233.670 ms - -[0m[39m

[90mstdout[2m | src/tests/integration/trackingPipeline.integration.test.js[2m > [22m[2mTracking Pipeline Integration[2m > [22m[2mAuto-detects courier when set to AUTO
[22m[39m10:48:17 [[32mhttp[39m]: [32m[0mPOST /api/shipments/scan [32m200[0m 40.081 ms - -[0m[39m

[90mstdout[2m | src/tests/integration/trackingPipeline.integration.test.js[2m > [22m[2mTracking Pipeline Integration[2m > [22m[2mScanned shipment can transition through the lifecycle
[22m[39m10:48:18 [[32mhttp[39m]: [32m[0mPOST /api/shipments/scan [32m200[0m 202.452 ms - -[0m[39m

[90mstdout[2m | src/tests/integration/trackingPipeline.integration.test.js[2m > [22m[2mTracking Pipeline Integration[2m > [22m[2mScanned shipment can transition through the lifecycle
[22m[39m10:48:18 [[32mhttp[39m]: [32m[0mPATCH /api/shipments/40/status [32m200[0m 50.733 ms - 751[0m[39m

[90mstdout[2m | src/tests/integration/trackingPipeline.integration.test.js[2m > [22m[2mTracking Pipeline Integration[2m > [22m[2mScanned shipment can transition through the lifecycle
[22m[39m10:48:18 [[32mhttp[39m]: [32m[0mPATCH /api/shipments/40/status [32m200[0m 53.889 ms - 752[0m[39m

[90mstdout[2m | src/tests/integration/trackingPipeline.integration.test.js[2m > [22m[2mTracking Pipeline Integration[2m > [22m[2mScanned shipment can transition through the lifecycle
[22m[39m10:48:18 [[32mhttp[39m]: [32m[0mPATCH /api/shipments/40/status [32m200[0m 32.959 ms - 757[0m[39m

[90mstdout[2m | src/tests/integration/trackingPipeline.integration.test.js[2m > [22m[2mTracking Pipeline Integration[2m > [22m[2mScanned shipment can transition through the lifecycle
[22m[39m10:48:18 [[32mhttp[39m]: [32m[0mPATCH /api/shipments/40/status [32m200[0m 44.344 ms - 752[0m[39m

[90mstdout[2m | src/tests/integration/trackingPipeline.integration.test.js[2m > [22m[2mTracking Pipeline Integration[2m > [22m[2mPre-existing shipment is enriched when re-scanned with new data
[22m[39m10:48:18 [[32minfo[39m]: [32m[AWB Master] PIPE_ENRICH_001: client=NA consignee=NA dest=NA pin=NA wt=NA layers=shipment[39m

[90mstdout[2m | src/tests/integration/trackingPipeline.integration.test.js[2m > [22m[2mTracking Pipeline Integration[2m > [22m[2mPre-existing shipment is enriched when re-scanned with new data
[22m[39m10:48:18 [[32mhttp[39m]: [32m[0mPOST /api/shipments/scan [32m200[0m 230.117 ms - -[0m[39m

 [32mΓ£ô[39m [30m[45m integration [49m[39m src/tests/integration/trackingPipeline.integration.test.js [2m([22m[2m5 tests[22m[2m)[22m[33m 2274[2mms[22m[39m
   [33m[2mΓ£ô[22m[39m Tracking Pipeline Integration[2m > [22mScan (captureOnly) creates a new placeholder shipment [33m 413[2mms[22m[39m
   [33m[2mΓ£ô[22m[39m Tracking Pipeline Integration[2m > [22mRe-scanning an existing AWB updates instead of creating a duplicate [33m 476[2mms[22m[39m
   [33m[2mΓ£ô[22m[39m Tracking Pipeline Integration[2m > [22mScanned shipment can transition through the lifecycle [33m 439[2mms[22m[39m
[90mstdout[2m | src/tests/integration/agent.e2e.test.js[2m > [22m[2mHawkAI Agent E2E Tests ΓÇö /api/ops/agent/*[2m > [22m[2mPOST /api/ops/agent/chat[2m > [22m[2mOWNER token ΓåÆ 200 with reply
[22m[39m10:48:20 [[32mhttp[39m]: [32m[0mPOST /api/ops/agent/chat [32m200[0m 1305.658 ms - 414[0m[39m

[90mstdout[2m | src/tests/integration/agent.e2e.test.js[2m > [22m[2mHawkAI Agent E2E Tests ΓÇö /api/ops/agent/*[2m > [22m[2mPOST /api/ops/agent/chat[2m > [22m[2mADMIN token ΓåÆ 403 Forbidden
[22m[39m10:48:20 [[32mhttp[39m]: [32m[0mPOST /api/ops/agent/chat [33m403[0m 17.430 ms - 52[0m[39m

[90mstdout[2m | src/tests/integration/agent.e2e.test.js[2m > [22m[2mHawkAI Agent E2E Tests ΓÇö /api/ops/agent/*[2m > [22m[2mPOST /api/ops/agent/chat[2m > [22m[2mSTAFF token ΓåÆ 403 Forbidden
[22m[39m10:48:20 [[32mhttp[39m]: [32m[0mPOST /api/ops/agent/chat [33m403[0m 4.863 ms - 52[0m[39m

[90mstdout[2m | src/tests/integration/agent.e2e.test.js[2m > [22m[2mHawkAI Agent E2E Tests ΓÇö /api/ops/agent/*[2m > [22m[2mPOST /api/ops/agent/chat[2m > [22m[2mCLIENT token ΓåÆ 403 Forbidden
[22m[39m10:48:20 [[32mhttp[39m]: [32m[0mPOST /api/ops/agent/chat [33m403[0m 5.541 ms - 52[0m[39m

[90mstdout[2m | src/tests/integration/agent.e2e.test.js[2m > [22m[2mHawkAI Agent E2E Tests ΓÇö /api/ops/agent/*[2m > [22m[2mPOST /api/ops/agent/chat[2m > [22m[2mNo auth ΓåÆ 401 Unauthorized
[22m[39m10:48:20 [[32mhttp[39m]: [32m[0mPOST /api/ops/agent/chat [33m401[0m 1.788 ms - 54[0m[39m

[90mstdout[2m | src/tests/integration/agent.e2e.test.js[2m > [22m[2mHawkAI Agent E2E Tests ΓÇö /api/ops/agent/*[2m > [22m[2mPOST /api/ops/agent/chat[2m > [22m[2mEmpty message ΓåÆ 400 Bad Request
[22m[39m10:48:20 [[32mhttp[39m]: [32m[0mPOST /api/ops/agent/chat [33m400[0m 2.764 ms - 49[0m[39m

[90mstdout[2m | src/tests/integration/agent.e2e.test.js[2m > [22m[2mHawkAI Agent E2E Tests ΓÇö /api/ops/agent/*[2m > [22m[2mPOST /api/ops/agent/chat[2m > [22m[2mMissing message field ΓåÆ 400 Bad Request
[22m[39m10:48:20 [[32mhttp[39m]: [32m[0mPOST /api/ops/agent/chat [33m400[0m 3.007 ms - 49[0m[39m

[90mstdout[2m | src/tests/integration/agent.e2e.test.js[2m > [22m[2mHawkAI Agent E2E Tests ΓÇö /api/ops/agent/*[2m > [22m[2mPOST /api/ops/agent/chat[2m > [22m[2mMessage exceeding 2000 chars ΓåÆ 400 Bad Request
[22m[39m10:48:20 [[32mhttp[39m]: [32m[0mPOST /api/ops/agent/chat [33m400[0m 3.100 ms - 46[0m[39m

[90mstdout[2m | src/tests/integration/agent.e2e.test.js[2m > [22m[2mHawkAI Agent E2E Tests ΓÇö /api/ops/agent/*[2m > [22m[2mPOST /api/ops/agent/chat[2m > [22m[2mreply includes suggestions array
[22m[39m10:48:20 [[32mhttp[39m]: [32m[0mPOST /api/ops/agent/chat [32m200[0m 39.583 ms - 414[0m[39m

[90mstdout[2m | src/tests/integration/agent.e2e.test.js[2m > [22m[2mHawkAI Agent E2E Tests ΓÇö /api/ops/agent/*[2m > [22m[2mPOST /api/ops/agent/chat[2m > [22m[2mmulti-turn: second message in same session continues flow
[22m[39m10:48:20 [[32mhttp[39m]: [32m[0mPOST /api/ops/agent/chat [32m200[0m 39.234 ms - 855[0m[39m

[90mstdout[2m | src/tests/integration/agent.e2e.test.js[2m > [22m[2mHawkAI Agent E2E Tests ΓÇö /api/ops/agent/*[2m > [22m[2mGET /api/ops/agent/memory[2m > [22m[2mOWNER ΓåÆ 200
[22m[39m10:48:20 [[32mhttp[39m]: [32m[0mGET /api/ops/agent/memory [32m200[0m 13.980 ms - 103[0m[39m

[90mstdout[2m | src/tests/integration/agent.e2e.test.js[2m > [22m[2mHawkAI Agent E2E Tests ΓÇö /api/ops/agent/*[2m > [22m[2mGET /api/ops/agent/memory[2m > [22m[2mADMIN ΓåÆ 403
[22m[39m10:48:20 [[32mhttp[39m]: [32m[0mGET /api/ops/agent/memory [33m403[0m 2.420 ms - 52[0m[39m

[90mstdout[2m | src/tests/integration/agent.e2e.test.js[2m > [22m[2mHawkAI Agent E2E Tests ΓÇö /api/ops/agent/*[2m > [22m[2mGET /api/ops/agent/memory[2m > [22m[2mSTAFF ΓåÆ 403
[22m[39m10:48:20 [[32mhttp[39m]: [32m[0mGET /api/ops/agent/memory [33m403[0m 1.962 ms - 52[0m[39m

[90mstdout[2m | src/tests/integration/agent.e2e.test.js[2m > [22m[2mHawkAI Agent E2E Tests ΓÇö /api/ops/agent/*[2m > [22m[2mGET /api/ops/agent/memory[2m > [22m[2mNo auth ΓåÆ 401
[22m[39m10:48:20 [[32mhttp[39m]: [32m[0mGET /api/ops/agent/memory [33m401[0m 1.103 ms - 54[0m[39m

[90mstdout[2m | src/tests/integration/agent.e2e.test.js[2m > [22m[2mHawkAI Agent E2E Tests ΓÇö /api/ops/agent/*[2m > [22m[2mGET /api/ops/agent/history[2m > [22m[2mOWNER ΓåÆ 200 with array data
[22m[39m10:48:20 [[32mhttp[39m]: [32m[0mGET /api/ops/agent/history [32m200[0m 13.774 ms - 46[0m[39m

[90mstdout[2m | src/tests/integration/agent.e2e.test.js[2m > [22m[2mHawkAI Agent E2E Tests ΓÇö /api/ops/agent/*[2m > [22m[2mGET /api/ops/agent/history[2m > [22m[2mSTAFF ΓåÆ 403
[22m[39m10:48:20 [[32mhttp[39m]: [32m[0mGET /api/ops/agent/history [33m403[0m 2.995 ms - 52[0m[39m

[90mstdout[2m | src/tests/integration/agent.e2e.test.js[2m > [22m[2mHawkAI Agent E2E Tests ΓÇö /api/ops/agent/*[2m > [22m[2mPOST /api/ops/agent/teach[2m > [22m[2mOWNER ΓåÆ 200
[22m[39m10:48:20 [[32mhttp[39m]: [32m[0mPOST /api/ops/agent/teach [32m200[0m 10.213 ms - 111[0m[39m

[90mstdout[2m | src/tests/integration/agent.e2e.test.js[2m > [22m[2mHawkAI Agent E2E Tests ΓÇö /api/ops/agent/*[2m > [22m[2mPOST /api/ops/agent/teach[2m > [22m[2mMissing required fields ΓåÆ 400
[22m[39m10:48:20 [[32mhttp[39m]: [32m[0mPOST /api/ops/agent/teach [33m400[0m 2.925 ms - 77[0m[39m

[90mstdout[2m | src/tests/integration/agent.e2e.test.js[2m > [22m[2mHawkAI Agent E2E Tests ΓÇö /api/ops/agent/*[2m > [22m[2mPOST /api/ops/agent/teach[2m > [22m[2mSTAFF ΓåÆ 403
[22m[39m10:48:20 [[32mhttp[39m]: [32m[0mPOST /api/ops/agent/teach [33m403[0m 3.253 ms - 52[0m[39m

 [32mΓ£ô[39m [30m[45m integration [49m[39m src/tests/integration/agent.e2e.test.js [2m([22m[2m19 tests[22m[2m)[22m[33m 1866[2mms[22m[39m
   [33m[2mΓ£ô[22m[39m HawkAI Agent E2E Tests ΓÇö /api/ops/agent/*[2m > [22mPOST /api/ops/agent/chat[2m > [22mOWNER token ΓåÆ 200 with reply [33m 1316[2mms[22m[39m
[90mstdout[2m | src/tests/integration/shipment.e2e.test.js[2m > [22m[2mShipment End-to-End Integration Tests
[22m[39m10:48:21 [[32minfo[39m]: [32mLogin: [EMAIL] [ADMIN][39m

[90mstdout[2m | src/tests/integration/shipment.e2e.test.js[2m > [22m[2mShipment End-to-End Integration Tests
[22m[39m10:48:21 [[32mhttp[39m]: [32m[0mPOST /api/auth/login [32m200[0m 169.439 ms - 620[0m[39m

[90mstdout[2m | src/tests/integration/shipment.e2e.test.js[2m > [22m[2mShipment End-to-End Integration Tests[2m > [22m[2mGET /api/shipments -> returns paginated shipment list
[22m[39m10:48:21 [[32mhttp[39m]: [32m[0mGET /api/shipments?page=1&limit=10 [32m200[0m 198.056 ms - 692[0m[39m

[90mstdout[2m | src/tests/integration/shipment.e2e.test.js[2m > [22m[2mShipment End-to-End Integration Tests[2m > [22m[2mPOST /api/shipments -> creates a new shipment
[22m[39m10:48:21 [[32mhttp[39m]: [32m[0mPOST /api/shipments [32m201[0m 57.679 ms - 755[0m[39m

[90mstdout[2m | src/tests/integration/shipment.e2e.test.js[2m > [22m[2mShipment End-to-End Integration Tests[2m > [22m[2mPOST /api/shipments?dryRun=1 -> simulates without writing to DB
[22m[39m10:48:21 [[32mhttp[39m]: [32m[0mPOST /api/shipments?dryRun=1 [32m200[0m 16.651 ms - 476[0m[39m

[90mstdout[2m | src/tests/integration/shipment.e2e.test.js[2m > [22m[2mShipment End-to-End Integration Tests[2m > [22m[2mGET /api/shipments/:id -> fetches a single shipment by ID
[22m[39m10:48:21 [[32mhttp[39m]: [32m[0mGET /api/shipments/43 [32m200[0m 17.216 ms - -[0m[39m

[90mstdout[2m | src/tests/integration/shipment.e2e.test.js[2m > [22m[2mShipment End-to-End Integration Tests[2m > [22m[2mPUT /api/shipments/:id -> updates shipment details
[22m[39m10:48:21 [[32mhttp[39m]: [32m[0mPUT /api/shipments/44 [32m200[0m 32.810 ms - 708[0m[39m

[90mstdout[2m | src/tests/integration/shipment.e2e.test.js[2m > [22m[2mShipment End-to-End Integration Tests[2m > [22m[2mPATCH /api/shipments/:id/manual-status -> force updates status and writes tracking event
[22m[39m10:48:21 [[32mhttp[39m]: [32m[0mPATCH /api/shipments/45/manual-status [32m200[0m 33.041 ms - 776[0m[39m

[90mstdout[2m | src/tests/integration/shipment.e2e.test.js[2m > [22m[2mShipment End-to-End Integration Tests[2m > [22m[2mPATCH /api/shipments/:id/status -> invalid transition returns 400, not 500
[22m[39m10:48:21 [[31merror[39m]: [31mRequest error Invalid status transition: "Booked" ΓåÆ "In Transit". Allowed: Picked Up, Cancelled[39m
Error: Invalid status transition: "Booked" ΓåÆ "In Transit". Allowed: Picked Up, Cancelled
    at Object.updateStatus (C:\Users\hp\OneDrive\Desktop\seahawk-full_stack\backend\src\services\shipment.service.js:364:13)
    at C:\Users\hp\OneDrive\Desktop\seahawk-full_stack\backend\src\controllers\shipment.controller.js:75:15
  {
  "requestId": "180b544a-0f3c-495c-908c-3c7275f21d10",
  "method": "PATCH",
  "path": "/api/shipments/46/status",
  "status": 400,
  "userId": 13,
  "ip": "[REDACTED]"
}

[90mstdout[2m | src/tests/integration/shipment.e2e.test.js[2m > [22m[2mShipment End-to-End Integration Tests[2m > [22m[2mPATCH /api/shipments/:id/status -> invalid transition returns 400, not 500
[22m[39m10:48:21 [[32mhttp[39m]: [32m[0mPATCH /api/shipments/46/status [33m400[0m 16.933 ms - 169[0m[39m

[90mstdout[2m | src/tests/integration/shipment.e2e.test.js[2m > [22m[2mShipment End-to-End Integration Tests[2m > [22m[2mPOST /api/ndr -> records NDR atomically even when notification hook is unavailable
[22m[39m10:48:21 [[33mwarn[39m]: [33m[NDR] Notification skipped: notify.ndrAlert is not configured[39m

[90mstdout[2m | src/tests/integration/shipment.e2e.test.js[2m > [22m[2mShipment End-to-End Integration Tests[2m > [22m[2mPOST /api/ndr -> records NDR atomically even when notification hook is unavailable
[22m[39m10:48:21 [[32mhttp[39m]: [32m[0mPOST /api/ndr [32m201[0m 28.733 ms - 305[0m[39m

[90mstdout[2m | src/tests/integration/shipment.e2e.test.js[2m > [22m[2mShipment End-to-End Integration Tests[2m > [22m[2mDELETE /api/shipments/:id -> deletes a shipment (ADMIN only)
[22m[39m10:48:21 [[32mhttp[39m]: [32m[0mDELETE /api/shipments/48 [32m200[0m 50.966 ms - 57[0m[39m

[90mstdout[2m | src/tests/integration/shipment.e2e.test.js[2m > [22m[2mShipment End-to-End Integration Tests[2m > [22m[2mGET /api/shipments/stats/today -> returns today stats
[22m[39m10:48:21 [[32mhttp[39m]: [32m[0mGET /api/shipments/stats/today [32m200[0m 15.292 ms - -[0m[39m

[90mstdout[2m | src/tests/integration/shipment.e2e.test.js[2m > [22m[2mShipment End-to-End Integration Tests[2m > [22m[2mGET /api/shipments/stats/monthly -> returns monthly stats
[22m[39m10:48:21 [[32mhttp[39m]: [32m[0mGET /api/shipments/stats/monthly [32m200[0m 10.413 ms - 537[0m[39m

[90mstdout[2m | src/tests/integration/shipment.e2e.test.js[2m > [22m[2mShipment End-to-End Integration Tests[2m > [22m[2mPOST /api/shipments -> rejects unauthenticated requests
[22m[39m10:48:21 [[32mhttp[39m]: [32m[0mPOST /api/shipments [33m401[0m 1.992 ms - 54[0m[39m

 [32mΓ£ô[39m [30m[45m integration [49m[39m src/tests/integration/shipment.e2e.test.js [2m([22m[2m12 tests[22m[2m)[22m[33m 1302[2mms[22m[39m
[90mstdout[2m | src/tests/integration/returns.e2e.test.js[2m > [22m[2mReturns End-to-End Integration Tests
[22m[39m10:48:22 [[32minfo[39m]: [32mLogin: [EMAIL] [ADMIN][39m

[90mstdout[2m | src/tests/integration/returns.e2e.test.js[2m > [22m[2mReturns End-to-End Integration Tests
[22m[39m10:48:22 [[32mhttp[39m]: [32m[0mPOST /api/auth/login [32m200[0m 164.804 ms - 643[0m[39m

[90mstdout[2m | src/tests/integration/returns.e2e.test.js[2m > [22m[2mReturns End-to-End Integration Tests
[22m[39m10:48:22 [[32minfo[39m]: [32mLogin: [EMAIL] [CLIENT][39m

[90mstdout[2m | src/tests/integration/returns.e2e.test.js[2m > [22m[2mReturns End-to-End Integration Tests
[22m[39m10:48:22 [[32mhttp[39m]: [32m[0mPOST /api/auth/login [32m200[0m 163.173 ms - 664[0m[39m

[90mstdout[2m | src/tests/integration/returns.e2e.test.js[2m > [22m[2mReturns End-to-End Integration Tests[2m > [22m[2mclient creates SELF_SHIP return and can view portal timeline
[22m[39m10:48:22 [[32minfo[39m]: [32mReturn request created: #1 for AWB RET-AWB-1777785501894[39m
  {
  "clientCode": "RET1777785501894"
}

[90mstdout[2m | src/tests/integration/returns.e2e.test.js[2m > [22m[2mReturns End-to-End Integration Tests[2m > [22m[2mclient creates SELF_SHIP return and can view portal timeline
[22m[39m10:48:22 [[32mhttp[39m]: [32m[0mPOST /api/portal/returns [32m200[0m 58.884 ms - -[0m[39m

[90mstdout[2m | src/tests/integration/returns.e2e.test.js[2m > [22m[2mReturns End-to-End Integration Tests[2m > [22m[2mclient creates SELF_SHIP return and can view portal timeline
[22m[39m10:48:22 [[32mhttp[39m]: [32m[0mGET /api/portal/returns/1/timeline?limit=20 [32m200[0m 26.042 ms - 361[0m[39m

[90mstdout[2m | src/tests/integration/returns.e2e.test.js[2m > [22m[2mReturns End-to-End Integration Tests[2m > [22m[2madmin approval enforces transition rules and captures timeline
[22m[39m10:48:22 [[32minfo[39m]: [32mReturn #1 approved[39m
  {
  "adminNotes": "Approved for processing"
}

[90mstdout[2m | src/tests/integration/returns.e2e.test.js[2m > [22m[2mReturns End-to-End Integration Tests[2m > [22m[2madmin approval enforces transition rules and captures timeline
[22m[39m10:48:22 [[32mhttp[39m]: [32m[0mPOST /api/returns/1/approve [32m200[0m 23.930 ms - -[0m[39m

[90mstdout[2m | src/tests/integration/returns.e2e.test.js[2m > [22m[2mReturns End-to-End Integration Tests[2m > [22m[2madmin approval enforces transition rules and captures timeline
[22m[39m10:48:22 [[31merror[39m]: [31mRequest error Invalid status transition: APPROVED -> IN_TRANSIT[39m
Error: Invalid status transition: APPROVED -> IN_TRANSIT
    at assertTransition (C:\Users\hp\OneDrive\Desktop\seahawk-full_stack\backend\src\services\return.service.js:95:11)
    at Object.updateReturnStatus (C:\Users\hp\OneDrive\Desktop\seahawk-full_stack\backend\src\services\return.service.js:547:3)
    at C:\Users\hp\OneDrive\Desktop\seahawk-full_stack\backend\src\routes\return.routes.js:88:15
  {
  "requestId": "eea8b9b6-f97c-48ee-ad46-75520384b7e8",
  "method": "PATCH",
  "path": "/api/returns/1/status",
  "status": 409,
  "userId": 14,
  "ip": "[REDACTED]"
}
10:48:22 [[32mhttp[39m]: [32m[0mPATCH /api/returns/1/status [33m409[0m 10.200 ms - 131[0m[39m

[90mstdout[2m | src/tests/integration/returns.e2e.test.js[2m > [22m[2mReturns End-to-End Integration Tests[2m > [22m[2madmin approval enforces transition rules and captures timeline
[22m[39m10:48:22 [[32minfo[39m]: [32mReturn #1 status updated to LABEL_READY[39m

[90mstdout[2m | src/tests/integration/returns.e2e.test.js[2m > [22m[2mReturns End-to-End Integration Tests[2m > [22m[2madmin approval enforces transition rules and captures timeline
[22m[39m10:48:22 [[32mhttp[39m]: [32m[0mPATCH /api/returns/1/status [32m200[0m 19.998 ms - -[0m[39m

[90mstdout[2m | src/tests/integration/returns.e2e.test.js[2m > [22m[2mReturns End-to-End Integration Tests[2m > [22m[2madmin approval enforces transition rules and captures timeline
[22m[39m10:48:22 [[32mhttp[39m]: [32m[0mGET /api/returns/1/timeline?limit=30 [32m200[0m 10.961 ms - 951[0m[39m

 [32mΓ£ô[39m [30m[45m integration [49m[39m src/tests/integration/returns.e2e.test.js [2m([22m[2m2 tests[22m[2m)[22m[33m 1187[2mms[22m[39m
[90mstderr[2m | src/tests/integration/dataConsistency.integration.test.js
[22m[39m[Sentry] @sentry/node not installed ΓÇö skipping. Run: npm install @sentry/node

[90mstdout[2m | src/tests/integration/dataConsistency.integration.test.js[2m > [22m[2mData Consistency & Integrity Integration
[22m[39m10:48:23 [[32minfo[39m]: [32mLogin: [EMAIL] [ADMIN][39m

[90mstdout[2m | src/tests/integration/dataConsistency.integration.test.js[2m > [22m[2mData Consistency & Integrity Integration
[22m[39m10:48:23 [[32mhttp[39m]: [32m[0mPOST /api/auth/login [32m200[0m 216.955 ms - 611[0m[39m

[90mstdout[2m | src/tests/integration/dataConsistency.integration.test.js[2m > [22m[2mData Consistency & Integrity Integration[2m > [22m[2mCreating a shipment generates a CREATE audit log
[22m[39m10:48:23 [[32mhttp[39m]: [32m[0mPOST /api/shipments [32m201[0m 60.110 ms - 738[0m[39m

[90mstdout[2m | src/tests/integration/dataConsistency.integration.test.js[2m > [22m[2mData Consistency & Integrity Integration[2m > [22m[2mCreating a shipment generates a CREATE audit log
[22m[39m10:48:23 [[32mhttp[39m]: [32m[0mGET /api/audit [32m200[0m 22.156 ms - -[0m[39m

[90mstdout[2m | src/tests/integration/dataConsistency.integration.test.js[2m > [22m[2mData Consistency & Integrity Integration[2m > [22m[2mUpdating a shipment generates an UPDATE audit log
[22m[39m10:48:23 [[32mhttp[39m]: [32m[0mPOST /api/shipments [32m201[0m 30.709 ms - 740[0m[39m

[90mstdout[2m | src/tests/integration/dataConsistency.integration.test.js[2m > [22m[2mData Consistency & Integrity Integration[2m > [22m[2mUpdating a shipment generates an UPDATE audit log
[22m[39m10:48:23 [[32mhttp[39m]: [32m[0mPUT /api/shipments/51 [32m200[0m 74.293 ms - 725[0m[39m

[90mstdout[2m | src/tests/integration/dataConsistency.integration.test.js[2m > [22m[2mData Consistency & Integrity Integration[2m > [22m[2mUpdating a shipment generates an UPDATE audit log
[22m[39m10:48:24 [[32mhttp[39m]: [32m[0mGET /api/audit [32m200[0m 34.501 ms - -[0m[39m

[90mstdout[2m | src/tests/integration/dataConsistency.integration.test.js[2m > [22m[2mData Consistency & Integrity Integration[2m > [22m[2mBulk import records correctly to the import ledger (via bulk endpoint)
[22m[39m10:48:24 [[32mhttp[39m]: [32m[0mPOST /api/shipments/import [32m200[0m 120.206 ms - 181[0m[39m

[90mstdout[2m | src/tests/integration/dataConsistency.integration.test.js[2m > [22m[2mData Consistency & Integrity Integration[2m > [22m[2mAPI normalizes AWB and text fields correctly
[22m[39m10:48:24 [[32mhttp[39m]: [32m[0mPOST /api/shipments [32m201[0m 35.707 ms - 756[0m[39m

[90mstdout[2m | src/tests/integration/dataConsistency.integration.test.js[2m > [22m[2mData Consistency & Integrity Integration
[22m[39m10:48:24 [[31merror[39m]: [31mPrisma error: [39m
[31mInvalid `prisma.$executeRawUnsafe()` invocation:[39m


[31mRaw query failed. Code: `42P01`. Message: `relation "import_ledger" does not exist`[39m
  {
  "target": "$executeRawUnsafe"
}

[90mstdout[2m | src/tests/integration/dataConsistency.integration.test.js[2m > [22m[2mData Consistency & Integrity Integration
[22m[39m10:48:24 [[31merror[39m]: [31mPrisma error: [39m
[31mInvalid `prisma.client.deleteMany()` invocation in[39m
[31mC:\Users\hp\OneDrive\Desktop\seahawk-full_stack\backend\src\tests\integration\dataConsistency.integration.test.js:63:31[39m

[31m  60 await prisma.shipment.deleteMany({ where: { awb: { startsWith: 'DATA_' } } });[39m
[31m  61 try { await prisma.$executeRawUnsafe(`DELETE FROM "import_ledger" WHERE "client_code" = 'DATA_CLIENT'`); } catch {}[39m
[31m  62 try { await prisma.shipmentImportRow.deleteMany({ where: { clientCode: 'DATA_CLIENT' } }); } catch {}[39m
[31mΓåÆ 63 try { await prisma.client.deleteMany([39m
[31mError occurred during query execution:[39m
[31mConnectorError(ConnectorError { user_facing_error: None, kind: QueryError(PostgresError { code: "23001", message: "update or delete on table \"clients\" violates RESTRICT setting of foreign key constraint \"wallet_transactions_client_code_fkey\" on table \"wallet_transactions\"", severity: "ERROR", detail: Some("Key (code)=(DATA_CLIENT) is referenced from table \"wallet_transactions\"."), column: None, hint: None }), transient: false })[39m
  {
  "target": "client.deleteMany"
}

 [32mΓ£ô[39m [30m[45m integration [49m[39m src/tests/integration/dataConsistency.integration.test.js [2m([22m[2m4 tests[22m[2m)[22m[33m 1236[2mms[22m[39m
[90mstdout[2m | src/tests/integration/ops.e2e.test.js[2m > [22m[2mOps Routes E2E Tests ΓÇö /api/ops[2m > [22m[2mGET /api/ops/dashboard[2m > [22m[2mADMIN gets full dashboard payload
[22m[39m10:48:25 [[32mhttp[39m]: [32m[0mGET /api/ops/dashboard [32m200[0m 526.148 ms - 941[0m[39m

[90mstdout[2m | src/tests/integration/ops.e2e.test.js[2m > [22m[2mOps Routes E2E Tests ΓÇö /api/ops[2m > [22m[2mGET /api/ops/dashboard[2m > [22m[2mCLIENT gets 403
[22m[39m10:48:25 [[32mhttp[39m]: [32m[0mGET /api/ops/dashboard [33m403[0m 19.293 ms - 44[0m[39m

[90mstdout[2m | src/tests/integration/ops.e2e.test.js[2m > [22m[2mOps Routes E2E Tests ΓÇö /api/ops[2m > [22m[2mGET /api/ops/pending-actions[2m > [22m[2mADMIN gets pending actions count
[22m[39m10:48:25 [[32mhttp[39m]: [32m[0mGET /api/ops/pending-actions [32m200[0m 16.914 ms - 144[0m[39m

[90mstdout[2m | src/tests/integration/ops.e2e.test.js[2m > [22m[2mOps Routes E2E Tests ΓÇö /api/ops[2m > [22m[2mPOST /api/ops/bulk-status[2m > [22m[2mADMIN rejects missing fields with 400
[22m[39m10:48:25 [[32mhttp[39m]: [32m[0mPOST /api/ops/bulk-status [33m400[0m 4.619 ms - 96[0m[39m

 [32mΓ£ô[39m [30m[45m integration [49m[39m src/tests/integration/ops.e2e.test.js [2m([22m[2m4 tests[22m[2m)[22m[33m 772[2mms[22m[39m
   [33m[2mΓ£ô[22m[39m Ops Routes E2E Tests ΓÇö /api/ops[2m > [22mGET /api/ops/dashboard[2m > [22mADMIN gets full dashboard payload [33m 536[2mms[22m[39m
[90mstdout[2m | src/tests/integration/auth.e2e.test.js[2m > [22m[2mAuth End-to-End Integration Tests[2m > [22m[2mPOST /api/auth/login -> rejects invalid passwords
[22m[39m10:48:25 [[31merror[39m]: [31mRequest error Invalid email or password.[39m
Error: Invalid email or password.
    at Object.login (C:\Users\hp\OneDrive\Desktop\seahawk-full_stack\backend\src\services\auth.service.js:104:11)
    at C:\Users\hp\OneDrive\Desktop\seahawk-full_stack\backend\src\controllers\auth.controller.js:32:47
  {
  "requestId": "4067b7df-c0fb-4971-983b-5065a753ba58",
  "method": "POST",
  "path": "/api/auth/login",
  "status": 401,
  "ip": "[REDACTED]"
}

[90mstdout[2m | src/tests/integration/auth.e2e.test.js[2m > [22m[2mAuth End-to-End Integration Tests[2m > [22m[2mPOST /api/auth/login -> rejects invalid passwords
[22m[39m10:48:25 [[32mhttp[39m]: [32m[0mPOST /api/auth/login [33m401[0m 207.000 ms - 108[0m[39m

[90mstdout[2m | src/tests/integration/auth.e2e.test.js[2m > [22m[2mAuth End-to-End Integration Tests[2m > [22m[2mPOST /api/auth/login -> accepts valid credentials and returns accessToken
[22m[39m10:48:26 [[32minfo[39m]: [32mLogin: [EMAIL] [CLIENT][39m

[90mstdout[2m | src/tests/integration/auth.e2e.test.js[2m > [22m[2mAuth End-to-End Integration Tests[2m > [22m[2mPOST /api/auth/login -> accepts valid credentials and returns accessToken
[22m[39m10:48:26 [[32mhttp[39m]: [32m[0mPOST /api/auth/login [32m200[0m 198.901 ms - 594[0m[39m

[90mstdout[2m | src/tests/integration/auth.e2e.test.js[2m > [22m[2mAuth End-to-End Integration Tests[2m > [22m[2mGET /api/auth/me -> returns user data with valid Bearer JWT
[22m[39m10:48:26 [[32minfo[39m]: [32mLogin: [EMAIL] [CLIENT][39m

[90mstdout[2m | src/tests/integration/auth.e2e.test.js[2m > [22m[2mAuth End-to-End Integration Tests[2m > [22m[2mGET /api/auth/me -> returns user data with valid Bearer JWT
[22m[39m10:48:26 [[32mhttp[39m]: [32m[0mPOST /api/auth/login [32m200[0m 189.087 ms - 594[0m[39m

[90mstdout[2m | src/tests/integration/auth.e2e.test.js[2m > [22m[2mAuth End-to-End Integration Tests[2m > [22m[2mGET /api/auth/me -> returns user data with valid Bearer JWT
[22m[39m10:48:26 [[32mhttp[39m]: [32m[0mGET /api/auth/me [32m200[0m 7.465 ms - 214[0m[39m

[90mstdout[2m | src/tests/integration/auth.e2e.test.js[2m > [22m[2mAuth End-to-End Integration Tests[2m > [22m[2mGET /api/auth/me -> rejects a fabricated/invalid token
[22m[39m10:48:26 [[31merror[39m]: [31mRequest error invalid token[39m
JsonWebTokenError: invalid token
    at Object.module.exports [as verify] (C:\Users\hp\OneDrive\Desktop\seahawk-full_stack\backend\node_modules\jsonwebtoken\verify.js:82:17)
    at protect (C:\Users\hp\OneDrive\Desktop\seahawk-full_stack\backend\src\middleware\auth.middleware.js:43:25)
    at Layer.handle [as handle_request] (C:\Users\hp\OneDrive\Desktop\seahawk-full_stack\backend\node_modules\express\lib\router\layer.js:95:5)
    at next (C:\Users\hp\OneDrive\Desktop\seahawk-full_stack\backend\node_modules\express\lib\router\route.js:149:13)
    at Route.dispatch (C:\Users\hp\OneDrive\Desktop\seahawk-full_stack\backend\node_modules\express\lib\router\route.js:119:3)
    at Layer.handle [as handle_request] (C:\Users\hp\OneDrive\Desktop\seahawk-full_stack\backend\node_modules\express\lib\router\layer.js:95:5)
    at C:\Users\hp\OneDrive\Desktop\seahawk-full_stack\backend\node_modules\express\lib\router\index.js:284:15
    at Function.process_params (C:\Users\hp\OneDrive\Desktop\seahawk-full_stack\backend\node_modules\express\lib\router\index.js:346:12)
    at next (C:\Users\hp\OneDrive\Desktop\seahawk-full_stack\backend\node_modules\express\lib\router\index.js:280:10)
    at Function.handle (C:\Users\hp\OneDrive\Desktop\seahawk-full_stack\backend\node_modules\express\lib\router\index.js:175:3)
  {
  "requestId": "7245e255-ac84-4f56-b0b9-b1330cb99560",
  "method": "GET",
  "path": "/api/auth/me",
  "status": 500,
  "ip": "[REDACTED]"
}

[90mstdout[2m | src/tests/integration/auth.e2e.test.js[2m > [22m[2mAuth End-to-End Integration Tests[2m > [22m[2mGET /api/auth/me -> rejects a fabricated/invalid token
[22m[39m10:48:26 [[32mhttp[39m]: [32m[0mGET /api/auth/me [33m401[0m 7.865 ms - 140[0m[39m

[90mstdout[2m | src/tests/integration/auth.e2e.test.js[2m > [22m[2mAuth End-to-End Integration Tests[2m > [22m[2mGET /api/auth/me -> rejects requests with no Authorization header
[22m[39m10:48:26 [[32mhttp[39m]: [32m[0mGET /api/auth/me [33m401[0m 1.010 ms - 54[0m[39m

 [32mΓ£ô[39m [30m[45m integration [49m[39m src/tests/integration/auth.e2e.test.js [2m([22m[2m5 tests[22m[2m)[22m[33m 1046[2mms[22m[39m
[90mstdout[2m | src/tests/integration/reconciliation.e2e.test.js[2m > [22m[2mReconciliation End-to-End Integration Tests
[22m[39m10:48:26 [[32minfo[39m]: [32mLogin: [EMAIL] [OWNER][39m

[90mstdout[2m | src/tests/integration/reconciliation.e2e.test.js[2m > [22m[2mReconciliation End-to-End Integration Tests
[22m[39m10:48:26 [[32mhttp[39m]: [32m[0mPOST /api/auth/login [32m200[0m 186.640 ms - 609[0m[39m

[90mstdout[2m | src/tests/integration/reconciliation.e2e.test.js[2m > [22m[2mReconciliation End-to-End Integration Tests[2m > [22m[2mPOST /api/reconciliation -> uploads invoice and flags discrepancies
[22m[39m10:48:27 [[32mhttp[39m]: [32m[0mPOST /api/reconciliation [32m201[0m 39.053 ms - 805[0m[39m

[90mstdout[2m | src/tests/integration/reconciliation.e2e.test.js[2m > [22m[2mReconciliation End-to-End Integration Tests[2m > [22m[2mGET /api/reconciliation -> lists invoices
[22m[39m10:48:27 [[32mhttp[39m]: [32m[0mGET /api/reconciliation?page=1&limit=10 [32m200[0m 113.043 ms - 447[0m[39m

[90mstdout[2m | src/tests/integration/reconciliation.e2e.test.js[2m > [22m[2mReconciliation End-to-End Integration Tests[2m > [22m[2mGET /api/reconciliation/:id -> returns details with summary
[22m[39m10:48:27 [[32mhttp[39m]: [32m[0mGET /api/reconciliation/1 [32m200[0m 29.633 ms - -[0m[39m

[90mstdout[2m | src/tests/integration/reconciliation.e2e.test.js[2m > [22m[2mReconciliation End-to-End Integration Tests[2m > [22m[2mGET /api/reconciliation/stats -> returns aggregated stats
[22m[39m10:48:27 [[32mhttp[39m]: [32m[0mGET /api/reconciliation/stats [32m200[0m 7.250 ms - 218[0m[39m

[90mstdout[2m | src/tests/integration/reconciliation.e2e.test.js[2m > [22m[2mReconciliation End-to-End Integration Tests[2m > [22m[2mPATCH /api/reconciliation/:id/status -> updates invoice status
[22m[39m10:48:27 [[32mhttp[39m]: [32m[0mPATCH /api/reconciliation/1/status [32m200[0m 50.046 ms - 340[0m[39m

[90mstdout[2m | src/tests/integration/reconciliation.e2e.test.js[2m > [22m[2mReconciliation End-to-End Integration Tests[2m > [22m[2mGET /api/reconciliation -> rejects unauthenticated
[22m[39m10:48:27 [[32mhttp[39m]: [32m[0mGET /api/reconciliation [33m401[0m 1.291 ms - 54[0m[39m

 [32mΓ£ô[39m [30m[45m integration [49m[39m src/tests/integration/reconciliation.e2e.test.js [2m([22m[2m6 tests[22m[2m)[22m[33m 909[2mms[22m[39m
[90mstdout[2m | src/tests/integration/developerHub.e2e.test.js[2m > [22m[2mDeveloper Hub End-to-End Integration Tests
[22m[39m10:48:27 [[32minfo[39m]: [32mLogin: [EMAIL] [CLIENT][39m

[90mstdout[2m | src/tests/integration/developerHub.e2e.test.js[2m > [22m[2mDeveloper Hub End-to-End Integration Tests
[22m[39m10:48:27 [[32mhttp[39m]: [32m[0mPOST /api/auth/login [32m200[0m 200.019 ms - 668[0m[39m

[90mstdout[2m | src/tests/integration/developerHub.e2e.test.js[2m > [22m[2mDeveloper Hub End-to-End Integration Tests[2m > [22m[2mconfigures provider mapping and creates a live developer API key
[22m[39m10:48:27 [[32mhttp[39m]: [32m[0mPOST /api/portal/developer/integrations/settings [32m200[0m 26.272 ms - 656[0m[39m

[90mstdout[2m | src/tests/integration/developerHub.e2e.test.js[2m > [22m[2mDeveloper Hub End-to-End Integration Tests[2m > [22m[2mconfigures provider mapping and creates a live developer API key
[22m[39m10:48:27 [[32mhttp[39m]: [32m[0mPOST /api/portal/developer/keys [32m200[0m 33.721 ms - 251[0m[39m

[90mstdout[2m | src/tests/integration/developerHub.e2e.test.js[2m > [22m[2mDeveloper Hub End-to-End Integration Tests[2m > [22m[2mconfigures provider mapping and creates a live developer API key
[22m[39m10:48:27 [[32mhttp[39m]: [32m[0mGET /api/portal/developer/keys [32m200[0m 11.305 ms - 289[0m[39m

[90mstdout[2m | src/tests/integration/developerHub.e2e.test.js[2m > [22m[2mDeveloper Hub End-to-End Integration Tests[2m > [22m[2mingests ecommerce webhook into draft queue and enforces idempotency replay
[22m[39m10:48:28 [[32minfo[39m]: [32m[ENV] production route hit[39m
  {
  "path": "/api/public/integrations/ecommerce/custom/DEV1777785507389",
  "method": "POST",
  "provider": "custom",
  "clientCode": "DEV1777785507389"
}

[90mstdout[2m | src/tests/integration/developerHub.e2e.test.js[2m > [22m[2mDeveloper Hub End-to-End Integration Tests[2m > [22m[2mingests ecommerce webhook into draft queue and enforces idempotency replay
[22m[39m10:48:28 [[32mhttp[39m]: [32m[0mPOST /api/public/integrations/ecommerce/custom/DEV1777785507389 [32m201[0m 163.015 ms - 214[0m[39m

[90mstdout[2m | src/tests/integration/developerHub.e2e.test.js[2m > [22m[2mDeveloper Hub End-to-End Integration Tests[2m > [22m[2mingests ecommerce webhook into draft queue and enforces idempotency replay
[22m[39m10:48:28 [[32minfo[39m]: [32m[ENV] production route hit[39m
  {
  "path": "/api/public/integrations/ecommerce/custom/DEV1777785507389",
  "method": "POST",
  "provider": "custom",
  "clientCode": "DEV1777785507389"
}

[90mstdout[2m | src/tests/integration/developerHub.e2e.test.js[2m > [22m[2mDeveloper Hub End-to-End Integration Tests[2m > [22m[2mingests ecommerce webhook into draft queue and enforces idempotency replay
[22m[39m10:48:28 [[32mhttp[39m]: [32m[0mPOST /api/public/integrations/ecommerce/custom/DEV1777785507389 [32m200[0m 8.480 ms - 164[0m[39m

[90mstdout[2m | src/tests/integration/developerHub.e2e.test.js[2m > [22m[2mDeveloper Hub End-to-End Integration Tests[2m > [22m[2mexposes developer hub events/logs with scoped key policy
[22m[39m10:48:28 [[32mhttp[39m]: [32m[0mGET /api/portal/developer/integrations/events?limit=50 [32m200[0m 21.737 ms - 383[0m[39m

[90mstdout[2m | src/tests/integration/developerHub.e2e.test.js[2m > [22m[2mDeveloper Hub End-to-End Integration Tests[2m > [22m[2mexposes developer hub events/logs with scoped key policy
[22m[39m10:48:28 [[32mhttp[39m]: [32m[0mGET /api/portal/developer/integrations/logs?provider=custom&limit=30 [32m200[0m 13.245 ms - 359[0m[39m

[90mstdout[2m | src/tests/integration/developerHub.e2e.test.js[2m > [22m[2mDeveloper Hub End-to-End Integration Tests[2m > [22m[2msupports sandbox mode where webhook is accepted without draft creation
[22m[39m10:48:28 [[32mhttp[39m]: [32m[0mPATCH /api/portal/developer/keys/1/policy [32m200[0m 24.377 ms - 155[0m[39m

[90mstdout[2m | src/tests/integration/developerHub.e2e.test.js[2m > [22m[2mDeveloper Hub End-to-End Integration Tests[2m > [22m[2msupports sandbox mode where webhook is accepted without draft creation
[22m[39m10:48:28 [[32minfo[39m]: [32m[ENV] production route hit[39m
  {
  "path": "/api/public/integrations/ecommerce/custom/DEV1777785507389",
  "method": "POST",
  "provider": "custom",
  "clientCode": "DEV1777785507389"
}

[90mstdout[2m | src/tests/integration/developerHub.e2e.test.js[2m > [22m[2mDeveloper Hub End-to-End Integration Tests[2m > [22m[2msupports sandbox mode where webhook is accepted without draft creation
[22m[39m10:48:28 [[32mhttp[39m]: [32m[0mPOST /api/public/integrations/ecommerce/custom/DEV1777785507389 [32m202[0m 7.925 ms - 229[0m[39m

 [32mΓ£ô[39m [30m[45m integration [49m[39m src/tests/integration/developerHub.e2e.test.js [2m([22m[2m4 tests[22m[2m)[22m[33m 1017[2mms[22m[39m
[90mstdout[2m | src/tests/integration/clientPortal.e2e.test.js[2m > [22m[2mClient Portal E2E Tests ΓÇö /api/portal
[22m[39m10:48:28 [[32minfo[39m]: [32mLogin: [EMAIL] [CLIENT][39m

[90mstdout[2m | src/tests/integration/clientPortal.e2e.test.js[2m > [22m[2mClient Portal E2E Tests ΓÇö /api/portal
[22m[39m10:48:28 [[32mhttp[39m]: [32m[0mPOST /api/auth/login [32m200[0m 198.177 ms - 642[0m[39m

[90mstdout[2m | src/tests/integration/clientPortal.e2e.test.js[2m > [22m[2mClient Portal E2E Tests ΓÇö /api/portal[2m > [22m[2mreturns client-safe tracking detail without weight or amount
[22m[39m10:48:29 [[32mhttp[39m]: [32m[0mGET /api/portal/tracking/PORTAL_AWB_1777785508714 [32m200[0m 26.877 ms - 422[0m[39m

[90mstdout[2m | src/tests/integration/clientPortal.e2e.test.js[2m > [22m[2mClient Portal E2E Tests ΓÇö /api/portal[2m > [22m[2mdoes not let a client read another client shipment through tracking detail
[22m[39m10:48:29 [[32mhttp[39m]: [32m[0mGET /api/portal/tracking/PORTAL_OTHER_AWB_1777785508722 [33m404[0m 5.529 ms - 59[0m[39m

[90mstdout[2m | src/tests/integration/clientPortal.e2e.test.js[2m > [22m[2mClient Portal E2E Tests ΓÇö /api/portal[2m > [22m[2mreturns invoice detail only for the linked client and includes items for preview
[22m[39m10:48:29 [[32mhttp[39m]: [32m[0mGET /api/portal/invoices/1 [32m200[0m 10.545 ms - 628[0m[39m

[90mstdout[2m | src/tests/integration/clientPortal.e2e.test.js[2m > [22m[2mClient Portal E2E Tests ΓÇö /api/portal[2m > [22m[2mblocks invoice detail access for invoices belonging to another client
[22m[39m10:48:29 [[32mhttp[39m]: [32m[0mGET /api/portal/invoices/2 [33m404[0m 6.628 ms - 47[0m[39m

[90mstdout[2m | src/tests/integration/clientPortal.e2e.test.js[2m > [22m[2mClient Portal E2E Tests ΓÇö /api/portal[2m > [22m[2mserves monthly invoice export through the dedicated route
[22m[39m10:48:29 [[32mhttp[39m]: [32m[0mGET /api/portal/invoices/monthly-export?month=2026-04&format=csv [32m200[0m 9.248 ms - 229[0m[39m

[90mstdout[2m | src/tests/integration/clientPortal.e2e.test.js[2m > [22m[2mClient Portal E2E Tests ΓÇö /api/portal[2m > [22m[2mpreserves existing notification-center settings when updating branding
[22m[39m10:48:29 [[32mhttp[39m]: [32m[0mPOST /api/portal/branding [32m200[0m 50.308 ms - 180[0m[39m

[90mstdout[2m | src/tests/integration/clientPortal.e2e.test.js[2m > [22m[2mClient Portal E2E Tests ΓÇö /api/portal[2m > [22m[2mrejects privileged fields when client tries create-and-book shipment
[22m[39m10:48:29 [[32mhttp[39m]: [32m[0mPOST /api/portal/shipments/create-and-book [33m400[0m 4.591 ms - 138[0m[39m

 [32mΓ£ô[39m [30m[45m integration [49m[39m src/tests/integration/clientPortal.e2e.test.js [2m([22m[2m7 tests[22m[2m)[22m[33m 824[2mms[22m[39m
[90mstdout[2m | src/tests/integration/wallet.e2e.test.js[2m > [22m[2mWallet E2E Tests ΓÇö /api/wallet[2m > [22m[2mGET /api/wallet/:code[2m > [22m[2mADMIN can view wallet
[22m[39m10:48:29 [[32mhttp[39m]: [32m[0mGET /api/wallet/WALE2E [32m200[0m 35.001 ms - 143[0m[39m

[90mstdout[2m | src/tests/integration/wallet.e2e.test.js[2m > [22m[2mWallet E2E Tests ΓÇö /api/wallet[2m > [22m[2mGET /api/wallet/:code/transactions[2m > [22m[2mADMIN can view transaction history
[22m[39m10:48:29 [[32mhttp[39m]: [32m[0mGET /api/wallet/WALE2E/transactions [32m200[0m 14.931 ms - 92[0m[39m

[90mstdout[2m | src/tests/integration/wallet.e2e.test.js[2m > [22m[2mWallet E2E Tests ΓÇö /api/wallet[2m > [22m[2mPOST /api/wallet/debit[2m > [22m[2mOWNER can debit wallet
[22m[39m10:48:29 [[32mhttp[39m]: [32m[0mPOST /api/wallet/debit [32m200[0m 35.633 ms - 105[0m[39m

[90mstdout[2m | src/tests/integration/wallet.e2e.test.js[2m > [22m[2mWallet E2E Tests ΓÇö /api/wallet[2m > [22m[2mPOST /api/wallet/debit[2m > [22m[2mOver-debiting triggers insufficient balance 400 or 500
[22m[39m10:48:29 [[31merror[39m]: [31mRequest error Insufficient wallet balance (available: Γé╣4800.00, required: Γé╣999999.00)[39m
Error: Insufficient wallet balance (available: Γé╣4800.00, required: Γé╣999999.00)
    at C:\Users\hp\OneDrive\Desktop\seahawk-full_stack\backend\src\services\wallet.service.js:137:13
    at Proxy._transactionWithCallback (C:\Users\hp\OneDrive\Desktop\seahawk-full_stack\backend\node_modules\@prisma\client\runtime\library.js:130:8000)
    at C:\Users\hp\OneDrive\Desktop\seahawk-full_stack\backend\src\controllers\wallet.controller.js:283:22
  {
  "requestId": "2fe093c0-dff1-402e-97c9-f7bb52d55e26",
  "method": "POST",
  "path": "/api/wallet/debit",
  "status": 500,
  "userId": 25,
  "ip": "[REDACTED]"
}

[90mstdout[2m | src/tests/integration/wallet.e2e.test.js[2m > [22m[2mWallet E2E Tests ΓÇö /api/wallet[2m > [22m[2mPOST /api/wallet/debit[2m > [22m[2mOver-debiting triggers insufficient balance 400 or 500
[22m[39m10:48:29 [[32mhttp[39m]: [32m[0mPOST /api/wallet/debit [31m500[0m 10.494 ms - 642[0m[39m

[90mstdout[2m | src/tests/integration/wallet.e2e.test.js[2m > [22m[2mWallet E2E Tests ΓÇö /api/wallet[2m > [22m[2mPOST /api/wallet/debit[2m > [22m[2mSTAFF gets 403 trying to debit
[22m[39m10:48:29 [[32mhttp[39m]: [32m[0mPOST /api/wallet/debit [33m403[0m 5.672 ms - 52[0m[39m

[90mstdout[2m | src/tests/integration/wallet.e2e.test.js[2m > [22m[2mWallet E2E Tests ΓÇö /api/wallet[2m > [22m[2mPOST /api/wallet/adjust[2m > [22m[2mOWNER can adjust wallet (CREDIT)
[22m[39m10:48:29 [[32mhttp[39m]: [32m[0mPOST /api/wallet/adjust [32m200[0m 18.912 ms - 105[0m[39m

[90mstdout[2m | src/tests/integration/wallet.e2e.test.js[2m > [22m[2mWallet E2E Tests ΓÇö /api/wallet[2m > [22m[2mPOST /api/wallet/adjust[2m > [22m[2mNegative amount triggers validation error
[22m[39m10:48:29 [[32mhttp[39m]: [32m[0mPOST /api/wallet/adjust [33m400[0m 5.097 ms - 120[0m[39m

 [32mΓ£ô[39m [30m[45m integration [49m[39m src/tests/integration/wallet.e2e.test.js [2m([22m[2m7 tests[22m[2m)[22m[33m 518[2mms[22m[39m
[90mstdout[2m | src/tests/integration/notifications.e2e.test.js[2m > [22m[2mNotifications E2E Tests ΓÇö /api/notifications[2m > [22m[2mGET /api/notifications/history[2m > [22m[2mADMIN gets notification history
[22m[39m10:48:30 [[32mhttp[39m]: [32m[0mGET /api/notifications/history [32m200[0m 21.664 ms - 46[0m[39m

[90mstdout[2m | src/tests/integration/notifications.e2e.test.js[2m > [22m[2mNotifications E2E Tests ΓÇö /api/notifications[2m > [22m[2mGET /api/notifications/stats[2m > [22m[2mADMIN gets delivery stats
[22m[39m10:48:30 [[32mhttp[39m]: [32m[0mGET /api/notifications/stats [32m200[0m 142.732 ms - 118[0m[39m

[90mstdout[2m | src/tests/integration/notifications.e2e.test.js[2m > [22m[2mNotifications E2E Tests ΓÇö /api/notifications[2m > [22m[2mPOST /api/notifications/send-update[2m > [22m[2mRequires awb field (400)
[22m[39m10:48:30 [[32mhttp[39m]: [32m[0mPOST /api/notifications/send-update [33m400[0m 4.253 ms - 45[0m[39m

[90mstdout[2m | src/tests/integration/notifications.e2e.test.js[2m > [22m[2mNotifications E2E Tests ΓÇö /api/notifications[2m > [22m[2mPOST /api/notifications/send-digest[2m > [22m[2mRequires clientCode and date (400)
[22m[39m10:48:30 [[32mhttp[39m]: [32m[0mPOST /api/notifications/send-digest [33m400[0m 2.663 ms - 62[0m[39m

 [32mΓ£ô[39m [30m[45m integration [49m[39m src/tests/integration/notifications.e2e.test.js [2m([22m[2m4 tests[22m[2m)[22m[33m 533[2mms[22m[39m
[90mstdout[2m | src/tests/integration/clients.e2e.test.js[2m > [22m[2mClient Management E2E ΓÇö /api/clients/*[2m > [22m[2mGET /api/clients (list)[2m > [22m[2mADMIN ΓåÆ 200 with array
[22m[39m10:48:31 [[32mhttp[39m]: [32m[0mGET /api/clients [32m200[0m 17.679 ms - -[0m[39m

[90mstdout[2m | src/tests/integration/clients.e2e.test.js[2m > [22m[2mClient Management E2E ΓÇö /api/clients/*[2m > [22m[2mGET /api/clients (list)[2m > [22m[2mSTAFF ΓåÆ 200 (read access)
[22m[39m10:48:31 [[32mhttp[39m]: [32m[0mGET /api/clients [32m200[0m 12.189 ms - -[0m[39m

[90mstdout[2m | src/tests/integration/clients.e2e.test.js[2m > [22m[2mClient Management E2E ΓÇö /api/clients/*[2m > [22m[2mGET /api/clients (list)[2m > [22m[2mNo auth ΓåÆ 401
[22m[39m10:48:31 [[32mhttp[39m]: [32m[0mGET /api/clients [33m401[0m 2.068 ms - 54[0m[39m

[90mstdout[2m | src/tests/integration/clients.e2e.test.js[2m > [22m[2mClient Management E2E ΓÇö /api/clients/*[2m > [22m[2mPOST /api/clients (create)[2m > [22m[2mADMIN ΓåÆ 200/201 creates client
[22m[39m10:48:31 [[32mhttp[39m]: [32m[0mPOST /api/clients [32m200[0m 23.229 ms - 422[0m[39m

[90mstdout[2m | src/tests/integration/clients.e2e.test.js[2m > [22m[2mClient Management E2E ΓÇö /api/clients/*[2m > [22m[2mPOST /api/clients (create)[2m > [22m[2mDuplicate code ΓåÆ upserts (200) or rejects (400/409)
[22m[39m10:48:31 [[32mhttp[39m]: [32m[0mPOST /api/clients [32m200[0m 13.820 ms - 396[0m[39m

[90mstdout[2m | src/tests/integration/clients.e2e.test.js[2m > [22m[2mClient Management E2E ΓÇö /api/clients/*[2m > [22m[2mPOST /api/clients (create)[2m > [22m[2mMissing required fields ΓåÆ 400
[22m[39m10:48:31 [[32mhttp[39m]: [32m[0mPOST /api/clients [33m400[0m 4.635 ms - 100[0m[39m

[90mstdout[2m | src/tests/integration/clients.e2e.test.js[2m > [22m[2mClient Management E2E ΓÇö /api/clients/*[2m > [22m[2mPOST /api/clients (create)[2m > [22m[2mCLIENT role ΓåÆ 403
[22m[39m10:48:31 [[32mhttp[39m]: [32m[0mPOST /api/clients [33m403[0m 7.019 ms - 93[0m[39m

[90mstdout[2m | src/tests/integration/clients.e2e.test.js[2m > [22m[2mClient Management E2E ΓÇö /api/clients/*[2m > [22m[2mPOST /api/clients (create)[2m > [22m[2mNo auth ΓåÆ 401
[22m[39m10:48:31 [[32mhttp[39m]: [32m[0mPOST /api/clients [33m401[0m 0.889 ms - 54[0m[39m

[90mstdout[2m | src/tests/integration/clients.e2e.test.js[2m > [22m[2mClient Management E2E ΓÇö /api/clients/*[2m > [22m[2mGET /api/clients/:code (single)[2m > [22m[2mADMIN ΓåÆ 200 with client data
[22m[39m10:48:31 [[32mhttp[39m]: [32m[0mGET /api/clients/T1E2S [32m200[0m 6.528 ms - 391[0m[39m

[90mstdout[2m | src/tests/integration/clients.e2e.test.js[2m > [22m[2mClient Management E2E ΓÇö /api/clients/*[2m > [22m[2mGET /api/clients/:code (single)[2m > [22m[2mNon-existent code ΓåÆ 404
[22m[39m10:48:31 [[31merror[39m]: [31mRequest error Client not found.[39m
Error: Client not found.
    at Object.getByCode (C:\Users\hp\OneDrive\Desktop\seahawk-full_stack\backend\src\services\client.service.js:18:22)
    at C:\Users\hp\OneDrive\Desktop\seahawk-full_stack\backend\src\controllers\client.controller.js:13:18
  {
  "requestId": "0554ff59-e19c-45ac-bf50-661c1c2f57d7",
  "method": "GET",
  "path": "/api/clients/ZZZNONE",
  "status": 404,
  "userId": 31,
  "ip": "[REDACTED]"
}

[90mstdout[2m | src/tests/integration/clients.e2e.test.js[2m > [22m[2mClient Management E2E ΓÇö /api/clients/*[2m > [22m[2mGET /api/clients/:code (single)[2m > [22m[2mNon-existent code ΓåÆ 404
[22m[39m10:48:31 [[32mhttp[39m]: [32m[0mGET /api/clients/ZZZNONE [33m404[0m 7.865 ms - 99[0m[39m

[90mstdout[2m | src/tests/integration/clients.e2e.test.js[2m > [22m[2mClient Management E2E ΓÇö /api/clients/*[2m > [22m[2mGET /api/clients/:code (single)[2m > [22m[2mCLIENT token without profile access ΓåÆ 403 or 200 own
[22m[39m10:48:31 [[32mhttp[39m]: [32m[0mGET /api/clients/T1E2S [33m403[0m 2.746 ms - 93[0m[39m

 [32mΓ£ô[39m [30m[45m integration [49m[39m src/tests/integration/clients.e2e.test.js [2m([22m[2m11 tests[22m[2m)[22m[33m 586[2mms[22m[39m
[90mstdout[2m | src/tests/integration/ndr.e2e.test.js[2m > [22m[2mNDR E2E Tests ΓÇö /api/ndr[2m > [22m[2mGET /api/ndr[2m > [22m[2mADMIN gets list of NDRs
[22m[39m10:48:31 [[32mhttp[39m]: [32m[0mGET /api/ndr [32m200[0m 24.111 ms - 95[0m[39m

[90mstdout[2m | src/tests/integration/ndr.e2e.test.js[2m > [22m[2mNDR E2E Tests ΓÇö /api/ndr[2m > [22m[2mGET /api/ndr/stats[2m > [22m[2mADMIN gets NDR statistics
[22m[39m10:48:31 [[32mhttp[39m]: [32m[0mGET /api/ndr/stats [32m200[0m 140.803 ms - 102[0m[39m

[90mstdout[2m | src/tests/integration/ndr.e2e.test.js[2m > [22m[2mNDR E2E Tests ΓÇö /api/ndr[2m > [22m[2mPATCH /api/ndr/:id[2m > [22m[2mInvalid NDR ID returns 400 or 404
[22m[39m10:48:31 [[31merror[39m]: [31mPrisma error: [39m
[31mInvalid `prisma.nDREvent.update()` invocation in[39m
[31mC:\Users\hp\OneDrive\Desktop\seahawk-full_stack\backend\src\controllers\ndr.controller.js:117:39[39m

[31m  114   return R.error(res, `Invalid action. Must be one of: ${validActions.join(', ')}`, 400);[39m
[31m  115 }[39m
[31m  116 [39m
[31mΓåÆ 117 const ndr = await prisma.nDREvent.update([39m
[31mAn operation failed because it depends on one or more records that were required but not found. Record to update not found.[39m
  {
  "target": "nDREvent.update"
}

[90mstdout[2m | src/tests/integration/ndr.e2e.test.js[2m > [22m[2mNDR E2E Tests ΓÇö /api/ndr[2m > [22m[2mPATCH /api/ndr/:id[2m > [22m[2mInvalid NDR ID returns 400 or 404
[22m[39m10:48:31 [[32mhttp[39m]: [32m[0mPATCH /api/ndr/999999 [33m400[0m 12.686 ms - 479[0m[39m

 [32mΓ£ô[39m [30m[45m integration [49m[39m src/tests/integration/ndr.e2e.test.js [2m([22m[2m3 tests[22m[2m)[22m[33m 531[2mms[22m[39m
[90mstdout[2m | src/tests/integration/rates.e2e.test.js[2m > [22m[2mRates E2E Tests ΓÇö /api/rates[2m > [22m[2mGET /api/rates/versions[2m > [22m[2mADMIN gets list of rate versions
[22m[39m10:48:32 [[32mhttp[39m]: [32m[0mGET /api/rates/versions [32m200[0m 22.209 ms - 46[0m[39m

[90mstdout[2m | src/tests/integration/rates.e2e.test.js[2m > [22m[2mRates E2E Tests ΓÇö /api/rates[2m > [22m[2mGET /api/rates/health[2m > [22m[2mADMIN gets rate health status
[22m[39m10:48:32 [[32mhttp[39m]: [32m[0mGET /api/rates/health [32m200[0m 2.591 ms - 964[0m[39m

[90mstdout[2m | src/tests/integration/rates.e2e.test.js[2m > [22m[2mRates E2E Tests ΓÇö /api/rates[2m > [22m[2mGET /api/rates/margin-rules[2m > [22m[2mreturns margin rules array
[22m[39m10:48:32 [[32mhttp[39m]: [32m[0mGET /api/rates/margin-rules [32m200[0m 8.251 ms - 46[0m[39m

[90mstdout[2m | src/tests/integration/rates.e2e.test.js[2m > [22m[2mRates E2E Tests ΓÇö /api/rates[2m > [22m[2mPOST /api/rates/calculate[2m > [22m[2mRejects missing state/weight with error
[22m[39m10:48:32 [[32mhttp[39m]: [32m[0mPOST /api/rates/calculate [33m400[0m 3.487 ms - 59[0m[39m

 [32mΓ£ô[39m [30m[45m integration [49m[39m src/tests/integration/rates.e2e.test.js [2m([22m[2m4 tests[22m[2m)[22m[33m 324[2mms[22m[39m
[90mstdout[2m | src/tests/integration/contracts.e2e.test.js[2m > [22m[2mContracts E2E Tests ΓÇö /api/contracts[2m > [22m[2mGET /api/contracts[2m > [22m[2mADMIN gets list of contracts
[22m[39m10:48:33 [[32mhttp[39m]: [32m[0mGET /api/contracts [32m200[0m 27.281 ms - 46[0m[39m

[90mstdout[2m | src/tests/integration/contracts.e2e.test.js[2m > [22m[2mContracts E2E Tests ΓÇö /api/contracts[2m > [22m[2mGET /api/contracts[2m > [22m[2mSTAFF gets list of contracts
[22m[39m10:48:33 [[32mhttp[39m]: [32m[0mGET /api/contracts [32m200[0m 9.973 ms - 46[0m[39m

[90mstdout[2m | src/tests/integration/contracts.e2e.test.js[2m > [22m[2mContracts E2E Tests ΓÇö /api/contracts[2m > [22m[2mPOST /api/contracts[2m > [22m[2mRequires OWNER or Admin
[22m[39m10:48:33 [[32mhttp[39m]: [32m[0mPOST /api/contracts [33m400[0m 8.179 ms - 141[0m[39m

[90mstdout[2m | src/tests/integration/contracts.e2e.test.js[2m > [22m[2mContracts E2E Tests ΓÇö /api/contracts[2m > [22m[2mPOST /api/contracts[2m > [22m[2mSTAFF also gets validation error (no RBAC on POST)
[22m[39m10:48:33 [[32mhttp[39m]: [32m[0mPOST /api/contracts [33m400[0m 2.801 ms - 141[0m[39m

[90mstdout[2m | src/tests/integration/contracts.e2e.test.js[2m > [22m[2mContracts E2E Tests ΓÇö /api/contracts[2m > [22m[2mGET /api/contracts/:id/calculate[2m > [22m[2mRejects calculation for invalid contract id
[22m[39m10:48:33 [[32mhttp[39m]: [32m[0mGET /api/contracts/99999/calculate?weight=1000&zone=A [33m404[0m 6.384 ms - 48[0m[39m

 [32mΓ£ô[39m [30m[45m integration [49m[39m src/tests/integration/contracts.e2e.test.js [2m([22m[2m5 tests[22m[2m)[22m[33m 395[2mms[22m[39m
[90mstdout[2m | src/tests/integration/invoices.e2e.test.js[2m > [22m[2mInvoices E2E Tests ΓÇö /api/invoices[2m > [22m[2mGET /api/invoices[2m > [22m[2mOWNER gets list of invoices
[22m[39m10:48:33 [[32mhttp[39m]: [32m[0mGET /api/invoices [32m200[0m 39.629 ms - 46[0m[39m

[90mstdout[2m | src/tests/integration/invoices.e2e.test.js[2m > [22m[2mInvoices E2E Tests ΓÇö /api/invoices[2m > [22m[2mGET /api/invoices[2m > [22m[2mADMIN gets 403 for owner-only invoice data
[22m[39m10:48:33 [[32mhttp[39m]: [32m[0mGET /api/invoices [33m403[0m 8.775 ms - 52[0m[39m

[90mstdout[2m | src/tests/integration/invoices.e2e.test.js[2m > [22m[2mInvoices E2E Tests ΓÇö /api/invoices[2m > [22m[2mPOST /api/invoices[2m > [22m[2mRequires validation (400) for missing fields
[22m[39m10:48:33 [[32mhttp[39m]: [32m[0mPOST /api/invoices [33m400[0m 4.902 ms - 185[0m[39m

[90mstdout[2m | src/tests/integration/invoices.e2e.test.js[2m > [22m[2mInvoices E2E Tests ΓÇö /api/invoices[2m > [22m[2mPOST /api/invoices[2m > [22m[2mCLIENT role ΓåÆ 403
[22m[39m10:48:33 [[32mhttp[39m]: [32m[0mPOST /api/invoices [33m403[0m 8.082 ms - 52[0m[39m

 [32mΓ£ô[39m [30m[45m integration [49m[39m src/tests/integration/invoices.e2e.test.js [2m([22m[2m4 tests[22m[2m)[22m[33m 460[2mms[22m[39m
[90mstdout[2m | src/tests/integration/pickups.e2e.test.js[2m > [22m[2mPickup E2E Tests ΓÇö /api/pickups[2m > [22m[2mGET /api/pickups[2m > [22m[2mADMIN gets list of pickups
[22m[39m10:48:34 [[32mhttp[39m]: [32m[0mGET /api/pickups [32m200[0m 23.913 ms - 87[0m[39m

[90mstdout[2m | src/tests/integration/pickups.e2e.test.js[2m > [22m[2mPickup E2E Tests ΓÇö /api/pickups[2m > [22m[2mPOST /api/pickups[2m > [22m[2mRequires validation (400) for missing fields
[22m[39m10:48:34 [[32mhttp[39m]: [32m[0mPOST /api/pickups [33m403[0m 14.183 ms - 84[0m[39m

 [32mΓ£ô[39m [30m[45m integration [49m[39m src/tests/integration/pickups.e2e.test.js [2m([22m[2m2 tests[22m[2m)[22m[33m 352[2mms[22m[39m
[90mstdout[2m | src/tests/integration/api.test.js[2m > [22m[2mAPI Health & Public Routes E2E[2m > [22m[2mGET /api/non-existent -> returns 404
[22m[39m10:48:34 [[32mhttp[39m]: [32m[0mGET /api/this-does-not-exist-xyz [33m404[0m 1.048 ms - 48[0m[39m

[90mstdout[2m | src/tests/integration/api.test.js[2m > [22m[2mAPI Health & Public Routes E2E[2m > [22m[2mPOST /api/auth/login -> rejects empty body
[22m[39m10:48:34 [[32mhttp[39m]: [32m[0mPOST /api/auth/login [33m400[0m 1.856 ms - 140[0m[39m

[90mstdout[2m | src/tests/integration/api.test.js[2m > [22m[2mAPI Health & Public Routes E2E[2m > [22m[2mPOST /api/auth/login -> rejects non-existent user
[22m[39m10:48:34 [[31merror[39m]: [31mRequest error Invalid email or password.[39m
Error: Invalid email or password.
    at Object.login (C:\Users\hp\OneDrive\Desktop\seahawk-full_stack\backend\src\services\auth.service.js:104:11)
    at C:\Users\hp\OneDrive\Desktop\seahawk-full_stack\backend\src\controllers\auth.controller.js:32:47
  {
  "requestId": "e20c3b4e-3d98-41ab-a40b-521e5a98fd06",
  "method": "POST",
  "path": "/api/auth/login",
  "status": 401,
  "ip": "[REDACTED]"
}

[90mstdout[2m | src/tests/integration/api.test.js[2m > [22m[2mAPI Health & Public Routes E2E[2m > [22m[2mPOST /api/auth/login -> rejects non-existent user
[22m[39m10:48:34 [[32mhttp[39m]: [32m[0mPOST /api/auth/login [33m401[0m 13.541 ms - 108[0m[39m

 [32mΓ£ô[39m [30m[45m integration [49m[39m src/tests/integration/api.test.js [2m([22m[2m4 tests[22m[2m)[22m[32m 144[2mms[22m[39m
[90mstderr[2m | src/tests/integration/load-performance.test.js[2m > [22m[2mLoad & Performance Tests
[22m[39mΓÜá∩╕Å Could not login ΓÇö skipping load tests. Is the backend running?

 [32mΓ£ô[39m [30m[45m integration [49m[39m src/tests/integration/load-performance.test.js [2m([22m[2m5 tests[22m[2m)[22m[32m 13[2mms[22m[39m

[31mΓÄ»ΓÄ»ΓÄ»ΓÄ»ΓÄ»ΓÄ»[39m[1m[41m Failed Tests 151 [49m[22m[31mΓÄ»ΓÄ»ΓÄ»ΓÄ»ΓÄ»ΓÄ»[39m

[41m[1m FAIL [22m[49m [30m[42m unit [49m[39m src/tests/unit/audit.test.js[2m > [22maudit utility[2m > 
[22mauditLog[2m > [22mcreates an audit log entry
[31m[1mAssertionError[22m: expected "spy" to be called with arguments: [ { data: ObjectContaining{ΓÇª} } ][90m

Number of calls: [1m0[22m
[31m[39m
[36m [2mΓ¥»[22m src/tests/unit/audit.test.js:[2m22:42[22m[39m
    [90m 20| [39m        ip[33m:[39m [32m'127.0.0.1'[39m[33m,[39m
    [90m 21| [39m      })[33m;[39m
    [90m 22| [39m      
[34mexpect[39m(mockPrisma[33m.[39mauditLog[33m.[39mcreate)[33m.[39m[34mtoHaveBeenCalledWith[39m({
    [90m   | [39m                                         [31m^[39m
    [90m 23| [39m        data[33m:[39m expect[33m.[39m[34mobjectContaining[39m({
    [90m 24| [39m          userId[33m:[39m [34m1[39m[33m,[39m

[31m[2mΓÄ»ΓÄ»ΓÄ»ΓÄ»ΓÄ»ΓÄ»ΓÄ»ΓÄ»ΓÄ»ΓÄ»ΓÄ»ΓÄ»ΓÄ»ΓÄ»ΓÄ»ΓÄ»ΓÄ»ΓÄ»ΓÄ»ΓÄ»ΓÄ»ΓÄ»[1/151]ΓÄ»[22m[39m

[41m[1m FAIL [22m[49m [30m[42m unit [49m[39m src/tests/unit/audit.test.js[2m > [22maudit utility[2m > 
[22mauditLog[2m > [22mhandles null values gracefully
[31m[1mAssertionError[22m: expected "spy" to be called with arguments: [ { data: ObjectContaining{ΓÇª} } ][90m

Number of calls: [1m0[22m
[31m[39m
[36m [2mΓ¥»[22m src/tests/unit/audit.test.js:[2m39:42[22m[39m
    [90m 37| [39m      mockPrisma[33m.[39mauditLog[33m.[39mcreate[33m.[39m[34mmockResolvedValue[39m({ 
id[33m:[39m [34m2[39m })[33m;[39m
    [90m 38| [39m      [35mawait[39m [34mauditLog[39m({ action[33m:[39m [32m'DELETE'[39m[33m,[39m 
entity[33m:[39m [32m'CLIENT'[39m })[33m;[39m
    [90m 39| [39m      
[34mexpect[39m(mockPrisma[33m.[39mauditLog[33m.[39mcreate)[33m.[39m[34mtoHaveBeenCalledWith[39m({
    [90m   | [39m                                         [31m^[39m
    [90m 40| [39m        data[33m:[39m expect[33m.[39m[34mobjectContaining[39m({
    [90m 41| [39m          userId[33m:[39m [35mnull[39m[33m,[39m

[31m[2mΓÄ»ΓÄ»ΓÄ»ΓÄ»ΓÄ»ΓÄ»ΓÄ»ΓÄ»ΓÄ»ΓÄ»ΓÄ»ΓÄ»ΓÄ»ΓÄ»ΓÄ»ΓÄ»ΓÄ»ΓÄ»ΓÄ»ΓÄ»ΓÄ»ΓÄ»[2/151]ΓÄ»[22m[39m

[41m[1m FAIL [22m[49m [30m[42m unit [49m[39m src/tests/unit/audit.test.js[2m > [22maudit utility[2m > 
[22mlogAudit[2m > [22mextracts user info from request
[31m[1mAssertionError[22m: expected "spy" to be called with arguments: [ { data: ObjectContaining{ΓÇª} } ][90m

Number of calls: [1m0[22m
[31m[39m
[36m [2mΓ¥»[22m src/tests/unit/audit.test.js:[2m55:42[22m[39m
    [90m 53| [39m      const req = { user: { id: 1, email: 'a@a.com' }, ip: '10.0.0.1' ΓÇª
    [90m 54| [39m      await logAudit({ req, action: 'UPDATE', entity: 'USER', entityIdΓÇª
    [90m 55| [39m      
[34mexpect[39m(mockPrisma[33m.[39mauditLog[33m.[39mcreate)[33m.[39m[34mtoHaveBeenCalledWith[39m({
    [90m   | [39m                                         [31m^[39m
    [90m 56| [39m        data[33m:[39m expect[33m.[39m[34mobjectContaining[39m({
    [90m 57| [39m          userId[33m:[39m [34m1[39m[33m,[39m

[31m[2mΓÄ»ΓÄ»ΓÄ»ΓÄ»ΓÄ»ΓÄ»ΓÄ»ΓÄ»ΓÄ»ΓÄ»ΓÄ»ΓÄ»ΓÄ»ΓÄ»ΓÄ»ΓÄ»ΓÄ»ΓÄ»ΓÄ»ΓÄ»ΓÄ»ΓÄ»[3/151]ΓÄ»[22m[39m

[41m[1m FAIL [22m[49m [30m[42m unit [49m[39m src/tests/unit/audit.test.js[2m > [22maudit utility[2m > 
[22mlogAudit[2m > [22mhandles missing request object
[31m[1mAssertionError[22m: expected "spy" to be called at least once[39m
[36m [2mΓ¥»[22m src/tests/unit/audit.test.js:[2m67:42[22m[39m
    [90m 65| [39m      mockPrisma[33m.[39mauditLog[33m.[39mcreate[33m.[39m[34mmockResolvedValue[39m({ 
id[33m:[39m [34m4[39m })[33m;[39m
    [90m 66| [39m      [35mawait[39m [34mlogAudit[39m({ action[33m:[39m [32m'IMPORT'[39m[33m,[39m 
entity[33m:[39m [32m'SHIPMENT'[39m })[33m;[39m
    [90m 67| [39m      
[34mexpect[39m(mockPrisma[33m.[39mauditLog[33m.[39mcreate)[33m.[39m[34mtoHaveBeenCalled[39m()[33m;[39m
    [90m   | [39m                                         [31m^[39m
    [90m 68| [39m    })[33m;[39m
    [90m 69| [39m  })[33m;[39m

[31m[2mΓÄ»ΓÄ»ΓÄ»ΓÄ»ΓÄ»ΓÄ»ΓÄ»ΓÄ»ΓÄ»ΓÄ»ΓÄ»ΓÄ»ΓÄ»ΓÄ»ΓÄ»ΓÄ»ΓÄ»ΓÄ»ΓÄ»ΓÄ»ΓÄ»ΓÄ»[4/151]ΓÄ»[22m[39m

[41m[1m FAIL [22m[49m [30m[42m unit [49m[39m src/tests/unit/auth.test.js[2m > [22mauth.service[2m > 
[22mlogin[2m > [22mreturns tokens and user on success
[31m[1mError[22m: Invalid email or password.[39m
[36m [2mΓ¥»[22m Module.login src/services/auth.service.js:[2m104:11[22m[39m
    [90m102| [39m      })[33m;[39m
    [90m103| [39m    }
    [90m104| [39m    [35mthrow[39m [35mnew[39m [33mAppError[39m([32m'Invalid email or 
password.'[39m[33m,[39m [34m401[39m)[33m;[39m
    [90m   | [39m          [31m^[39m
    [90m105| [39m  }
    [90m106| [39m
[90m [2mΓ¥»[22m src/tests/unit/auth.test.js:[2m80:22[22m[39m

[31m[2mΓÄ»ΓÄ»ΓÄ»ΓÄ»ΓÄ»ΓÄ»ΓÄ»ΓÄ»ΓÄ»ΓÄ»ΓÄ»ΓÄ»ΓÄ»ΓÄ»ΓÄ»ΓÄ»ΓÄ»ΓÄ»ΓÄ»ΓÄ»ΓÄ»ΓÄ»[5/151]ΓÄ»[22m[39m

[41m[1m FAIL [22m[49m [30m[42m unit [49m[39m src/tests/unit/auth.test.js[2m > [22mauth.service[2m > 
[22mrefreshAccessToken[2m > [22mreturns new access and rotated refresh token from DB-stored refresh token
[31m[1mError[22m: Invalid or expired refresh token.[39m
[36m [2mΓ¥»[22m Module.refreshAccessToken src/services/auth.service.js:[2m202:11[22m[39m
    [90m200| [39m    return { accessToken: signAccess(user), refreshToken: nextRefreshTΓÇª
    [90m201| [39m  } [35mcatch[39m {
    [90m202| [39m    [35mthrow[39m [35mnew[39m [33mAppError[39m([32m'Invalid or expired refresh 
token.'[39m[33m,[39m [34m401[39m)[33m;[39m
    [90m   | [39m          [31m^[39m
    [90m203| [39m  }
    [90m204| [39m}
[90m [2mΓ¥»[22m src/tests/unit/auth.test.js:[2m100:22[22m[39m

[31m[2mΓÄ»ΓÄ»ΓÄ»ΓÄ»ΓÄ»ΓÄ»ΓÄ»ΓÄ»ΓÄ»ΓÄ»ΓÄ»ΓÄ»ΓÄ»ΓÄ»ΓÄ»ΓÄ»ΓÄ»ΓÄ»ΓÄ»ΓÄ»ΓÄ»ΓÄ»[6/151]ΓÄ»[22m[39m

[41m[1m FAIL [22m[49m [30m[42m unit [49m[39m src/tests/unit/auth.test.js[2m > [22mauth.service[2m > 
[22mrefreshAccessToken[2m > [22mthrows for revoked token and revokes active token family
[31m[1mAssertionError[22m: expected "spy" to be called with arguments: [ ObjectContaining{ΓÇª} ][90m

Number of calls: [1m0[22m
[31m[39m
[36m [2mΓ¥»[22m src/tests/unit/auth.test.js:[2m115:58[22m[39m
    [90m113| [39m      mockPrisma._mockTx.refreshToken.updateMany.mockResolvedValue({ cΓÇª
    [90m114| [39m      await expect(authService.refreshAccessToken('revokedtoken')).rejΓÇª
    [90m115| [39m      expect(mockPrisma._mockTx.refreshToken.updateMany).toHaveBeenCalΓÇª
    [90m   | [39m                                                         [31m^[39m
    [90m116| [39m        expect.objectContaining({ where: { userId: 1, revokedAt: null ΓÇª
    [90m117| [39m      )[33m;[39m

[31m[2mΓÄ»ΓÄ»ΓÄ»ΓÄ»ΓÄ»ΓÄ»ΓÄ»ΓÄ»ΓÄ»ΓÄ»ΓÄ»ΓÄ»ΓÄ»ΓÄ»ΓÄ»ΓÄ»ΓÄ»ΓÄ»ΓÄ»ΓÄ»ΓÄ»ΓÄ»[7/151]ΓÄ»[22m[39m

[41m[1m FAIL [22m[49m [30m[42m unit [49m[39m src/tests/unit/auth.test.js[2m > [22mauth.service[2m > 
[22mrefreshAccessToken[2m > [22mupgrades legacy JWT refresh to rotated DB token
[31m[1mError[22m: Invalid or expired refresh token.[39m
[36m [2mΓ¥»[22m Module.refreshAccessToken src/services/auth.service.js:[2m202:11[22m[39m
    [90m200| [39m    return { accessToken: signAccess(user), refreshToken: nextRefreshTΓÇª
    [90m201| [39m  } [35mcatch[39m {
    [90m202| [39m    [35mthrow[39m [35mnew[39m [33mAppError[39m([32m'Invalid or expired refresh 
token.'[39m[33m,[39m [34m401[39m)[33m;[39m
    [90m   | [39m          [31m^[39m
    [90m203| [39m  }
    [90m204| [39m}
[90m [2mΓ¥»[22m src/tests/unit/auth.test.js:[2m133:22[22m[39m

[31m[2mΓÄ»ΓÄ»ΓÄ»ΓÄ»ΓÄ»ΓÄ»ΓÄ»ΓÄ»ΓÄ»ΓÄ»ΓÄ»ΓÄ»ΓÄ»ΓÄ»ΓÄ»ΓÄ»ΓÄ»ΓÄ»ΓÄ»ΓÄ»ΓÄ»ΓÄ»[8/151]ΓÄ»[22m[39m

[41m[1m FAIL [22m[49m [30m[42m unit [49m[39m src/tests/unit/auth.test.js[2m > [22mauth.service[2m > 
[22mrevokeRefreshToken[2m > [22mmarks token as revoked
[31m[1mAssertionError[22m: expected "spy" to be called with arguments: [ ObjectContaining{ΓÇª} ][90m

Number of calls: [1m0[22m
[31m[39m
[36m [2mΓ¥»[22m src/tests/unit/auth.test.js:[2m150:46[22m[39m
    [90m148| [39m      
mockPrisma[33m.[39mrefreshToken[33m.[39mupdate[33m.[39m[34mmockResolvedValue[39m({})[33m;[39m
    [90m149| [39m      [35mawait[39m 
authService[33m.[39m[34mrevokeRefreshToken[39m([32m'sometoken'[39m)[33m;[39m
    [90m150| [39m      
[34mexpect[39m(mockPrisma[33m.[39mrefreshToken[33m.[39mupdate)[33m.[39m[34mtoHaveBeenCalledWith[39m(
    [90m   | [39m                                             [31m^[39m
    [90m151| [39m        expect[33m.[39m[34mobjectContaining[39m({ where[33m:[39m { token[33m:[39m 
[32m'sometoken'[39m } })[33m,[39m
    [90m152| [39m      )[33m;[39m

[31m[2mΓÄ»ΓÄ»ΓÄ»ΓÄ»ΓÄ»ΓÄ»ΓÄ»ΓÄ»ΓÄ»ΓÄ»ΓÄ»ΓÄ»ΓÄ»ΓÄ»ΓÄ»ΓÄ»ΓÄ»ΓÄ»ΓÄ»ΓÄ»ΓÄ»ΓÄ»[9/151]ΓÄ»[22m[39m

[41m[1m FAIL [22m[49m [30m[42m unit [49m[39m src/tests/unit/auth.test.js[2m > [22mauth.service[2m > 
[22mrevokeAllUserTokens[2m > [22mrevokes all tokens for a user
[31m[1mAssertionError[22m: expected "spy" to be called with arguments: [ ObjectContaining{ΓÇª} ][90m

Number of calls: [1m0[22m
[31m[39m
[36m [2mΓ¥»[22m src/tests/unit/auth.test.js:[2m161:50[22m[39m
    [90m159| [39m      mockPrisma.refreshToken.updateMany.mockResolvedValue({ count: 3 ΓÇª
    [90m160| [39m      [35mawait[39m authService[33m.[39m[34mrevokeAllUserTokens[39m([34m1[39m)[33m;[39m
    [90m161| [39m      
[34mexpect[39m(mockPrisma[33m.[39mrefreshToken[33m.[39mupdateMany)[33m.[39m[34mtoHaveBeenCalledWith[39m(
    [90m   | [39m                                                 [31m^[39m
    [90m162| [39m        expect.objectContaining({ where: { userId: 1, revokedAt: null ΓÇª
    [90m163| [39m      )[33m;[39m

[31m[2mΓÄ»ΓÄ»ΓÄ»ΓÄ»ΓÄ»ΓÄ»ΓÄ»ΓÄ»ΓÄ»ΓÄ»ΓÄ»ΓÄ»ΓÄ»ΓÄ»ΓÄ»ΓÄ»ΓÄ»ΓÄ»ΓÄ»ΓÄ»ΓÄ»[10/151]ΓÄ»[22m[39m

[41m[1m FAIL [22m[49m [30m[42m unit [49m[39m src/tests/unit/auth.test.js[2m > [22mauth.service[2m > 
[22mcleanupExpiredTokens[2m > [22mdeletes expired and revoked tokens
[31m[1mAssertionError[22m: expected "spy" to be called at least once[39m
[36m [2mΓ¥»[22m src/tests/unit/auth.test.js:[2m172:50[22m[39m
    [90m170| [39m      mockPrisma.refreshToken.deleteMany.mockResolvedValue({ count: 5 ΓÇª
    [90m171| [39m      [35mawait[39m authService[33m.[39m[34mcleanupExpiredTokens[39m()[33m;[39m
    [90m172| [39m      [34mexpect[39m(mockPrisma[33m.[39mrefreshToken[33m.[39mdeleteMany)[33m.[39m[34mtoHave
BeenCalled[39m()[33m;[39m
    [90m   | [39m                                                 [31m^[39m
    [90m173| [39m    })[33m;[39m
    [90m174| [39m  })[33m;[39m

[31m[2mΓÄ»ΓÄ»ΓÄ»ΓÄ»ΓÄ»ΓÄ»ΓÄ»ΓÄ»ΓÄ»ΓÄ»ΓÄ»ΓÄ»ΓÄ»ΓÄ»ΓÄ»ΓÄ»ΓÄ»ΓÄ»ΓÄ»ΓÄ»ΓÄ»[11/151]ΓÄ»[22m[39m

[41m[1m FAIL [22m[49m [30m[42m unit [49m[39m src/tests/unit/auth.test.js[2m > [22mauth.service[2m > 
[22mcreateUser[2m > [22mthrows on duplicate email
[31m[1mAssertionError[22m: expected [Function] to throw error including 'Email already registered.' but got 
'Password must be at least 8 characterΓÇª'[39m

Expected: [32m"[7mEmail already registered[27m."[39m
Received: [31m"[7mPassword must be at least 8 characters long[27m."[39m

[36m [2mΓ¥»[22m src/tests/unit/auth.test.js:[2m180:7[22m[39m
    [90m178| [39m    [34mit[39m([32m'throws on duplicate email'[39m[33m,[39m [35masync[39m () [33m=>[39m {
    [90m179| [39m      mockPrisma[33m.[39muser[33m.[39mfindUnique[33m.[39m[34mmockResolvedValue[39m({ 
id[33m:[39m [34m1[39m })[33m;[39m
    [90m180| [39m      await expect(authService.createUser({ email: 'dup@x.com', passwoΓÇª
    [90m   | [39m      [31m^[39m
    [90m181| [39m        [33m.[39mrejects[33m.[39m[34mtoThrow[39m([32m'Email already 
registered.'[39m)[33m;[39m
    [90m182| [39m    })[33m;[39m

[31m[2mΓÄ»ΓÄ»ΓÄ»ΓÄ»ΓÄ»ΓÄ»ΓÄ»ΓÄ»ΓÄ»ΓÄ»ΓÄ»ΓÄ»ΓÄ»ΓÄ»ΓÄ»ΓÄ»ΓÄ»ΓÄ»ΓÄ»ΓÄ»ΓÄ»[12/151]ΓÄ»[22m[39m

[41m[1m FAIL [22m[49m [30m[42m unit [49m[39m src/tests/unit/auth.test.js[2m > [22mauth.service[2m > 
[22mcreateUser[2m > [22mcreates a user with hashed password
[31m[1mError[22m: Password must be at least 8 characters long.[39m
[36m [2mΓ¥»[22m validatePassword src/services/auth.service.js:[2m26:11[22m[39m
    [90m 24| [39m  }
    [90m 25| [39m  [35mif[39m (password[33m.[39mlength [33m<[39m [34m8[39m) {
    [90m 26| [39m    throw new AppError('Password must be at least 8 characters long.',ΓÇª
    [90m   | [39m          [31m^[39m
    [90m 27| [39m  }
    [90m 28| [39m  [35mif[39m ([33m![39m[36m/[A-Z]/[39m[33m.[39m[34mtest[39m(password)) {
[90m [2mΓ¥»[22m Module.createUser src/services/auth.service.js:[2m266:3[22m[39m
[90m [2mΓ¥»[22m src/tests/unit/auth.test.js:[2m201:20[22m[39m

[31m[2mΓÄ»ΓÄ»ΓÄ»ΓÄ»ΓÄ»ΓÄ»ΓÄ»ΓÄ»ΓÄ»ΓÄ»ΓÄ»ΓÄ»ΓÄ»ΓÄ»ΓÄ»ΓÄ»ΓÄ»ΓÄ»ΓÄ»ΓÄ»ΓÄ»[13/151]ΓÄ»[22m[39m

[41m[1m FAIL [22m[49m [30m[42m unit [49m[39m src/tests/unit/auth.test.js[2m > [22mauth.service[2m > 
[22mcreateUser[2m > [22mcreates CLIENT user with clientUser link
[31m[1mError[22m: Client with code "TEST" not found.[39m
[36m [2mΓ¥»[22m Module.createUser src/services/auth.service.js:[2m263:24[22m[39m
    [90m261| [39m    if (!normalizedClientCode) throw new AppError('clientCode is requiΓÇª
    [90m262| [39m    const client = await prisma.client.findUnique({ where: { code: norΓÇª
    [90m263| [39m    if (!client) throw new AppError(`Client with code "${normalizedCliΓÇª
    [90m   | [39m                       [31m^[39m
    [90m264| [39m  }
    [90m265| [39m
[90m [2mΓ¥»[22m src/tests/unit/auth.test.js:[2m215:20[22m[39m

[31m[2mΓÄ»ΓÄ»ΓÄ»ΓÄ»ΓÄ»ΓÄ»ΓÄ»ΓÄ»ΓÄ»ΓÄ»ΓÄ»ΓÄ»ΓÄ»ΓÄ»ΓÄ»ΓÄ»ΓÄ»ΓÄ»ΓÄ»ΓÄ»ΓÄ»[14/151]ΓÄ»[22m[39m

[41m[1m FAIL [22m[49m [30m[42m unit [49m[39m src/tests/unit/auth.test.js[2m > [22mauth.service[2m > 
[22mupdateUser[2m > [22mhashes password if provided
[31m[1mError[22m: User not found.[39m
[36m [2mΓ¥»[22m Module.updateUser src/services/auth.service.js:[2m298:24[22m[39m
    [90m296| [39m    select: { id: true, email: true, role: true, active: true, clientPΓÇª
    [90m297| [39m  })[33m;[39m
    [90m298| [39m  [35mif[39m ([33m![39mexisting) [35mthrow[39m [35mnew[39m [33mAppError[39m([32m'User 
not found.'[39m[33m,[39m [34m404[39m)[33m;[39m
    [90m   | [39m                       [31m^[39m
    [90m299| [39m
    [90m300| [39m  [35mconst[39m update [33m=[39m { [33m...[39mdata }[33m;[39m
[90m [2mΓ¥»[22m src/tests/unit/auth.test.js:[2m227:7[22m[39m

[31m[2mΓÄ»ΓÄ»ΓÄ»ΓÄ»ΓÄ»ΓÄ»ΓÄ»ΓÄ»ΓÄ»ΓÄ»ΓÄ»ΓÄ»ΓÄ»ΓÄ»ΓÄ»ΓÄ»ΓÄ»ΓÄ»ΓÄ»ΓÄ»ΓÄ»[15/151]ΓÄ»[22m[39m

[41m[1m FAIL [22m[49m [30m[42m unit [49m[39m src/tests/unit/auth.test.js[2m > [22mauth.service[2m > 
[22mupdateUser[2m > [22mlowercases email
[31m[1mError[22m: User not found.[39m
[36m [2mΓ¥»[22m Module.updateUser src/services/auth.service.js:[2m298:24[22m[39m
    [90m296| [39m    select: { id: true, email: true, role: true, active: true, clientPΓÇª
    [90m297| [39m  })[33m;[39m
    [90m298| [39m  [35mif[39m ([33m![39mexisting) [35mthrow[39m [35mnew[39m [33mAppError[39m([32m'User 
not found.'[39m[33m,[39m [34m404[39m)[33m;[39m
    [90m   | [39m                       [31m^[39m
    [90m299| [39m
    [90m300| [39m  [35mconst[39m update [33m=[39m { [33m...[39mdata }[33m;[39m
[90m [2mΓ¥»[22m src/tests/unit/auth.test.js:[2m238:7[22m[39m

[31m[2mΓÄ»ΓÄ»ΓÄ»ΓÄ»ΓÄ»ΓÄ»ΓÄ»ΓÄ»ΓÄ»ΓÄ»ΓÄ»ΓÄ»ΓÄ»ΓÄ»ΓÄ»ΓÄ»ΓÄ»ΓÄ»ΓÄ»ΓÄ»ΓÄ»[16/151]ΓÄ»[22m[39m

[41m[1m FAIL [22m[49m [30m[42m unit [49m[39m src/tests/unit/auth.test.js[2m > [22mauth.service[2m > 
[22mupdateUser[2m > [22mrevokes tokens when deactivating
[31m[1mError[22m: User not found.[39m
[36m [2mΓ¥»[22m Module.updateUser src/services/auth.service.js:[2m298:24[22m[39m
    [90m296| [39m    select: { id: true, email: true, role: true, active: true, clientPΓÇª
    [90m297| [39m  })[33m;[39m
    [90m298| [39m  [35mif[39m ([33m![39mexisting) [35mthrow[39m [35mnew[39m [33mAppError[39m([32m'User 
not found.'[39m[33m,[39m [34m404[39m)[33m;[39m
    [90m   | [39m                       [31m^[39m
    [90m299| [39m
    [90m300| [39m  [35mconst[39m update [33m=[39m { [33m...[39mdata }[33m;[39m
[90m [2mΓ¥»[22m src/tests/unit/auth.test.js:[2m248:7[22m[39m

[31m[2mΓÄ»ΓÄ»ΓÄ»ΓÄ»ΓÄ»ΓÄ»ΓÄ»ΓÄ»ΓÄ»ΓÄ»ΓÄ»ΓÄ»ΓÄ»ΓÄ»ΓÄ»ΓÄ»ΓÄ»ΓÄ»ΓÄ»ΓÄ»ΓÄ»[17/151]ΓÄ»[22m[39m

[41m[1m FAIL [22m[49m [30m[42m unit [49m[39m src/tests/unit/auth.test.js[2m > [22mauth.service[2m > 
[22mupdateUser[2m > [22mupserts client link when updating CLIENT user
[31m[1mError[22m: User not found.[39m
[36m [2mΓ¥»[22m Module.updateUser src/services/auth.service.js:[2m298:24[22m[39m
    [90m296| [39m    select: { id: true, email: true, role: true, active: true, clientPΓÇª
    [90m297| [39m  })[33m;[39m
    [90m298| [39m  [35mif[39m ([33m![39mexisting) [35mthrow[39m [35mnew[39m [33mAppError[39m([32m'User 
not found.'[39m[33m,[39m [34m404[39m)[33m;[39m
    [90m   | [39m                       [31m^[39m
    [90m299| [39m
    [90m300| [39m  [35mconst[39m update [33m=[39m { [33m...[39mdata }[33m;[39m
[90m [2mΓ¥»[22m src/tests/unit/auth.test.js:[2m258:7[22m[39m

[31m[2mΓÄ»ΓÄ»ΓÄ»ΓÄ»ΓÄ»ΓÄ»ΓÄ»ΓÄ»ΓÄ»ΓÄ»ΓÄ»ΓÄ»ΓÄ»ΓÄ»ΓÄ»ΓÄ»ΓÄ»ΓÄ»ΓÄ»ΓÄ»ΓÄ»[18/151]ΓÄ»[22m[39m

[41m[1m FAIL [22m[49m [30m[42m unit [49m[39m src/tests/unit/auth.test.js[2m > [22mauth.service[2m > 
[22mdeleteUser[2m > [22mdeletes a user account
[31m[1mError[22m: User not found.[39m
[36m [2mΓ¥»[22m Module.deleteUser src/services/auth.service.js:[2m367:24[22m[39m
    [90m365| [39m    select: { id: true, name: true, email: true, role: true, branch: tΓÇª
    [90m366| [39m  })[33m;[39m
    [90m367| [39m  [35mif[39m ([33m![39mexisting) [35mthrow[39m [35mnew[39m [33mAppError[39m([32m'User 
not found.'[39m[33m,[39m [34m404[39m)[33m;[39m
    [90m   | [39m                       [31m^[39m
    [90m368| [39m
    [90m369| [39m  [35mawait[39m prisma[33m.[39muser[33m.[39m[35mdelete[39m({ where[33m:[39m { 
id[33m:[39m userId } })[33m;[39m
[90m [2mΓ¥»[22m src/tests/unit/auth.test.js:[2m281:23[22m[39m

[31m[2mΓÄ»ΓÄ»ΓÄ»ΓÄ»ΓÄ»ΓÄ»ΓÄ»ΓÄ»ΓÄ»ΓÄ»ΓÄ»ΓÄ»ΓÄ»ΓÄ»ΓÄ»ΓÄ»ΓÄ»ΓÄ»ΓÄ»ΓÄ»ΓÄ»[19/151]ΓÄ»[22m[39m

[41m[1m FAIL [22m[49m [30m[42m unit [49m[39m src/tests/unit/auth.test.js[2m > [22mauth.service[2m > 
[22mchangePassword[2m > [22mthrows on wrong current password
[31m[1mAssertionError[22m: expected [Function] to throw error including 'Current password is incorrect.' but got 
'Cannot read properties of null (readiΓÇª'[39m

Expected: [32m"C[7murrent password is incorrect.[27m"[39m
Received: [31m"C[7mannot read properties of null (reading 'password')[27m"[39m

[36m [2mΓ¥»[22m src/tests/unit/auth.test.js:[2m297:7[22m[39m
    [90m295| [39m      [35mconst[39m hash [33m=[39m [35mawait[39m 
bcrypt[33m.[39m[34mhash[39m([32m'correct'[39m[33m,[39m [34m12[39m)[33m;[39m
    [90m296| [39m      mockPrisma.user.findUnique.mockResolvedValue({ id: 1, password: ΓÇª
    [90m297| [39m      await expect(authService.changePassword(1, 'wrong', 'newpass')).ΓÇª
    [90m   | [39m      [31m^[39m
    [90m298| [39m    })[33m;[39m
    [90m299| [39m

[31m[2mΓÄ»ΓÄ»ΓÄ»ΓÄ»ΓÄ»ΓÄ»ΓÄ»ΓÄ»ΓÄ»ΓÄ»ΓÄ»ΓÄ»ΓÄ»ΓÄ»ΓÄ»ΓÄ»ΓÄ»ΓÄ»ΓÄ»ΓÄ»ΓÄ»[20/151]ΓÄ»[22m[39m

[41m[1m FAIL [22m[49m [30m[42m unit [49m[39m src/tests/unit/auth.test.js[2m > [22mauth.service[2m > 
[22mchangePassword[2m > [22mupdates password and revokes tokens
[31m[1mTypeError[22m: Cannot read properties of null (reading 'password')[39m
[36m [2mΓ¥»[22m Module.changePassword src/services/auth.service.js:[2m386:60[22m[39m
    [90m384| [39m[35masync[39m [35mfunction[39m [34mchangePassword[39m(userId[33m,[39m 
currentPassword[33m,[39m newPassword) {
    [90m385| [39m  [35mconst[39m user [33m=[39m [35mawait[39m 
prisma[33m.[39muser[33m.[39m[34mfindUnique[39m({ where[33m:[39m { id[33m:[39m userId } })[33m;[39m
    [90m386| [39m  [35mconst[39m valid [33m=[39m [35mawait[39m 
bcrypt[33m.[39m[34mcompare[39m(currentPassword[33m,[39m user[33m.[39mpassword)[33m;[39m
    [90m   | [39m                                                           [31m^[39m
    [90m387| [39m  if (!valid) throw new AppError('Current password is incorrect.', 400ΓÇª
    [90m388| [39m  [34mvalidatePassword[39m(newPassword)[33m;[39m
[90m [2mΓ¥»[22m src/tests/unit/auth.test.js:[2m305:7[22m[39m

[31m[2mΓÄ»ΓÄ»ΓÄ»ΓÄ»ΓÄ»ΓÄ»ΓÄ»ΓÄ»ΓÄ»ΓÄ»ΓÄ»ΓÄ»ΓÄ»ΓÄ»ΓÄ»ΓÄ»ΓÄ»ΓÄ»ΓÄ»ΓÄ»ΓÄ»[21/151]ΓÄ»[22m[39m

[41m[1m FAIL [22m[49m [30m[42m unit [49m[39m src/tests/unit/auth.test.js[2m > [22mauth.service[2m > 
[22mgetAllUsers[2m > [22mreturns users with flattened clientCode
[31m[1mAssertionError[22m: expected [] to have a length of 2 but got +0[39m

[32m- Expected[39m
[31m+ Received[39m

[32m- 2[39m
[31m+ 0[39m

[36m [2mΓ¥»[22m src/tests/unit/auth.test.js:[2m319:21[22m[39m
    [90m317| [39m      ])[33m;[39m
    [90m318| [39m      [35mconst[39m users [33m=[39m [35mawait[39m 
authService[33m.[39m[34mgetAllUsers[39m()[33m;[39m
    [90m319| [39m      [34mexpect[39m(users)[33m.[39m[34mtoHaveLength[39m([34m2[39m)[33m;[39m
    [90m   | [39m                    [31m^[39m
    [90m320| [39m      
[34mexpect[39m(users[[34m0[39m][33m.[39mclientCode)[33m.[39m[34mtoBeNull[39m()[33m;[39m
    [90m321| [39m      
[34mexpect[39m(users[[34m1[39m][33m.[39mclientCode)[33m.[39m[34mtoBe[39m([32m'XYZ'[39m)[33m;[39m

[31m[2mΓÄ»ΓÄ»ΓÄ»ΓÄ»ΓÄ»ΓÄ»ΓÄ»ΓÄ»ΓÄ»ΓÄ»ΓÄ»ΓÄ»ΓÄ»ΓÄ»ΓÄ»ΓÄ»ΓÄ»ΓÄ»ΓÄ»ΓÄ»ΓÄ»[22/151]ΓÄ»[22m[39m

[41m[1m FAIL [22m[49m [30m[42m unit [49m[39m src/tests/unit/authMiddleware.test.js[2m > 
[22mauth.middleware[2m > [22mprotect[2m > [22mauthenticates with valid Bearer token
[31m[1mAssertionError[22m: expected "spy" to be called with arguments: [][90m

Received: 

[1m  1st spy call:

[22m[32m- [][90m
[31m+ [[90m
[31m+   PrismaClientInitializationError {[90m
[31m+     "message": "[90m
[31m+ Invalid `prisma.user.findUnique()` invocation in[90m
[31m+ C:\\Users\\hp\\OneDrive\\Desktop\\seahawk-full_stack\\backend\\src\\middleware\\auth.middleware.js:48:32[90m
[31m+[90m
[31m+   45 const cached = lruGet(cacheKey);[90m
[31m+   46 let user = cached && cached.expiresAt > Date.now() ? cached.user : null;[90m
[31m+   47 if (!user) {[90m
[31m+ ΓåÆ 48   user = await prisma.user.findUnique([90m
[31m+ Authentication failed against database server at `localhost`, the provided database credentials for `mock` are 
not valid.[90m
[31m+[90m
[31m+ Please make sure to provide valid database credentials for the database server at `localhost`.",[90m
[31m+     "name": "PrismaClientInitializationError",[90m
[31m+     "clientVersion": "5.22.0",[90m
[31m+     "errorCode": undefined,[90m
[31m+   },[90m
[31m+ ][90m
[31m[90m

Number of calls: [1m1[22m
[31m[39m
[36m [2mΓ¥»[22m src/tests/unit/authMiddleware.test.js:[2m62:20[22m[39m
    [90m 60| [39m      [35mconst[39m next [33m=[39m vi[33m.[39m[34mfn[39m()[33m;[39m
    [90m 61| [39m      [35mawait[39m authMiddleware[33m.[39m[34mprotect[39m(req[33m,[39m res[33m,[39m 
next)[33m;[39m
    [90m 62| [39m      [34mexpect[39m(next)[33m.[39m[34mtoHaveBeenCalledWith[39m()[33m;[39m
    [90m   | [39m                   [31m^[39m
    [90m 63| [39m      [34mexpect[39m(req[33m.[39muser)[33m.[39m[34mtoBeDefined[39m()[33m;[39m
    [90m 64| [39m    })[33m;[39m

[31m[2mΓÄ»ΓÄ»ΓÄ»ΓÄ»ΓÄ»ΓÄ»ΓÄ»ΓÄ»ΓÄ»ΓÄ»ΓÄ»ΓÄ»ΓÄ»ΓÄ»ΓÄ»ΓÄ»ΓÄ»ΓÄ»ΓÄ»ΓÄ»ΓÄ»[23/151]ΓÄ»[22m[39m

[41m[1m FAIL [22m[49m [30m[42m unit [49m[39m src/tests/unit/authMiddleware.test.js[2m > 
[22mauth.middleware[2m > [22mprotect[2m > [22mrejects deactivated user
[31m[1mAssertionError[22m: expected "unauthorized" to be called with arguments: [ ΓÇª(2) ][90m

Number of calls: [1m0[22m
[31m[39m
[36m [2mΓ¥»[22m src/tests/unit/authMiddleware.test.js:[2m75:41[22m[39m
    [90m 73| [39m      [35mconst[39m next [33m=[39m vi[33m.[39m[34mfn[39m()[33m;[39m
    [90m 74| [39m      [35mawait[39m authMiddleware[33m.[39m[34mprotect[39m(req[33m,[39m res[33m,[39m 
next)[33m;[39m
    [90m 75| [39m      expect(responseUtil.unauthorized).toHaveBeenCalledWith(res, expeΓÇª
    [90m   | [39m                                        [31m^[39m
    [90m 76| [39m    })[33m;[39m
    [90m 77| [39m

[31m[2mΓÄ»ΓÄ»ΓÄ»ΓÄ»ΓÄ»ΓÄ»ΓÄ»ΓÄ»ΓÄ»ΓÄ»ΓÄ»ΓÄ»ΓÄ»ΓÄ»ΓÄ»ΓÄ»ΓÄ»ΓÄ»ΓÄ»ΓÄ»ΓÄ»[24/151]ΓÄ»[22m[39m

[41m[1m FAIL [22m[49m [30m[42m unit [49m[39m src/tests/unit/authMiddleware.test.js[2m > 
[22mauth.middleware[2m > [22mprotect[2m > [22mrejects deleted user
[31m[1mAssertionError[22m: expected "unauthorized" to be called with arguments: [ ΓÇª(2) ][90m

Number of calls: [1m0[22m
[31m[39m
[36m [2mΓ¥»[22m src/tests/unit/authMiddleware.test.js:[2m85:41[22m[39m
    [90m 83| [39m      [35mconst[39m next [33m=[39m vi[33m.[39m[34mfn[39m()[33m;[39m
    [90m 84| [39m      [35mawait[39m authMiddleware[33m.[39m[34mprotect[39m(req[33m,[39m res[33m,[39m 
next)[33m;[39m
    [90m 85| [39m      expect(responseUtil.unauthorized).toHaveBeenCalledWith(res, 'UseΓÇª
    [90m   | [39m                                        [31m^[39m
    [90m 86| [39m    })[33m;[39m
    [90m 87| [39m

[31m[2mΓÄ»ΓÄ»ΓÄ»ΓÄ»ΓÄ»ΓÄ»ΓÄ»ΓÄ»ΓÄ»ΓÄ»ΓÄ»ΓÄ»ΓÄ»ΓÄ»ΓÄ»ΓÄ»ΓÄ»ΓÄ»ΓÄ»ΓÄ»ΓÄ»[25/151]ΓÄ»[22m[39m

[41m[1m FAIL [22m[49m [30m[42m unit [49m[39m src/tests/unit/authMiddleware.test.js[2m > 
[22mauth.middleware[2m > [22mprotect[2m > [22mattaches client details for CLIENT users
[31m[1mTypeError[22m: Cannot read properties of undefined (reading 'clientCode')[39m
[36m [2mΓ¥»[22m src/tests/unit/authMiddleware.test.js:[2m98:23[22m[39m
    [90m 96| [39m      [35mconst[39m next [33m=[39m vi[33m.[39m[34mfn[39m()[33m;[39m
    [90m 97| [39m      [35mawait[39m authMiddleware[33m.[39m[34mprotect[39m(req[33m,[39m res[33m,[39m 
next)[33m;[39m
    [90m 98| [39m      
[34mexpect[39m(req[33m.[39muser[33m.[39mclientCode)[33m.[39m[34mtoBe[39m([32m'SEA'[39m)[33m;[39m
    [90m   | [39m                      [31m^[39m
    [90m 99| [39m      
[34mexpect[39m(req[33m.[39muser[33m.[39mwalletBalance)[33m.[39m[34mtoBe[39m([34m500[39m)[33m;[39m
    [90m100| [39m    })[33m;[39m

[31m[2mΓÄ»ΓÄ»ΓÄ»ΓÄ»ΓÄ»ΓÄ»ΓÄ»ΓÄ»ΓÄ»ΓÄ»ΓÄ»ΓÄ»ΓÄ»ΓÄ»ΓÄ»ΓÄ»ΓÄ»ΓÄ»ΓÄ»ΓÄ»ΓÄ»[26/151]ΓÄ»[22m[39m

[41m[1m FAIL [22m[49m [30m[42m unit [49m[39m src/tests/unit/carrierService.test.js[2m > 
[22mcarrier.service[2m > [22msyncTrackingEvents[2m > [22mintegrates tracking events and updates shipment status
[31m[1mPrismaClientKnownRequestError[22m: 
Invalid `prisma.trackingEvent.createMany()` invocation in
C:\Users\hp\OneDrive\Desktop\seahawk-full_stack\backend\src\services\carrier.service.js:842:30

  839   return 0;
  840 }
  841 
ΓåÆ 842 await prisma.trackingEvent.createMany(
Foreign key constraint violated: `tracking_events_shipment_id_fkey (index)`[39m
[90m [2mΓ¥»[22m $n.handleRequestError node_modules/@prisma/client/runtime/library.js:[2m121:7315[22m[39m
[90m [2mΓ¥»[22m $n.handleAndLogRequestError node_modules/@prisma/client/runtime/library.js:[2m121:6623[22m[39m
[90m [2mΓ¥»[22m $n.request node_modules/@prisma/client/runtime/library.js:[2m121:6307[22m[39m
[90m [2mΓ¥»[22m l node_modules/@prisma/client/runtime/library.js:[2m130:9633[22m[39m
[90m [2mΓ¥»[22m Object.syncTrackingEvents src/services/carrier.service.js:[2m842:3[22m[39m
[36m [2mΓ¥»[22m src/tests/unit/carrierService.test.js:[2m194:21[22m[39m
    [90m192| [39m      mockPrisma[33m.[39mshipment[33m.[39mupdate[33m.[39m[34mmockResolvedValueOnce[39m({ 
id[33m:[39m [34m1[39m })[33m;[39m
    [90m193| [39m
    [90m194| [39m      const count = await carrierService.syncTrackingEvents(1, 'AWB123ΓÇª
    [90m   | [39m                    [31m^[39m
    [90m195| [39m      [34mexpect[39m(count)[33m.[39m[34mtoBe[39m([34m1[39m)[33m;[39m
    [90m196| [39m    })[33m;[39m

[31m[2mΓÄ»ΓÄ»ΓÄ»ΓÄ»ΓÄ»ΓÄ»ΓÄ»ΓÄ»ΓÄ»ΓÄ»ΓÄ»ΓÄ»ΓÄ»ΓÄ»ΓÄ»ΓÄ»ΓÄ»ΓÄ»ΓÄ»ΓÄ»ΓÄ»[27/151]ΓÄ»[22m[39m

[41m[1m FAIL [22m[49m [30m[42m unit [49m[39m src/tests/unit/carrierService.test.js[2m > 
[22mcarrier.service[2m > [22msyncTrackingEvents[2m > [22mcreates an NDR event even when the failed scan already 
exists
[31m[1mPrismaClientKnownRequestError[22m: 
Invalid `prisma.trackingEvent.createMany()` invocation in
C:\Users\hp\OneDrive\Desktop\seahawk-full_stack\backend\src\services\carrier.service.js:842:30

  839   return 0;
  840 }
  841 
ΓåÆ 842 await prisma.trackingEvent.createMany(
Foreign key constraint violated: `tracking_events_shipment_id_fkey (index)`[39m
[90m [2mΓ¥»[22m $n.handleRequestError node_modules/@prisma/client/runtime/library.js:[2m121:7315[22m[39m
[90m [2mΓ¥»[22m $n.handleAndLogRequestError node_modules/@prisma/client/runtime/library.js:[2m121:6623[22m[39m
[90m [2mΓ¥»[22m $n.request node_modules/@prisma/client/runtime/library.js:[2m121:6307[22m[39m
[90m [2mΓ¥»[22m l node_modules/@prisma/client/runtime/library.js:[2m130:9633[22m[39m
[90m [2mΓ¥»[22m Object.syncTrackingEvents src/services/carrier.service.js:[2m842:3[22m[39m
[36m [2mΓ¥»[22m src/tests/unit/carrierService.test.js:[2m224:21[22m[39m
    [90m222| [39m      mockPrisma[33m.[39mnDREvent[33m.[39mcreate[33m.[39m[34mmockResolvedValueOnce[39m({ 
id[33m:[39m [34m10[39m })[33m;[39m
    [90m223| [39m
    [90m224| [39m      const count = await carrierService.syncTrackingEvents(1, 'AWB123ΓÇª
    [90m   | [39m                    [31m^[39m
    [90m225| [39m      [34mexpect[39m(count)[33m.[39m[34mtoBe[39m([34m0[39m)[33m;[39m
    [90m226| [39m      expect(mockPrisma.nDREvent.create).toHaveBeenCalledWith(expect.oΓÇª

[31m[2mΓÄ»ΓÄ»ΓÄ»ΓÄ»ΓÄ»ΓÄ»ΓÄ»ΓÄ»ΓÄ»ΓÄ»ΓÄ»ΓÄ»ΓÄ»ΓÄ»ΓÄ»ΓÄ»ΓÄ»ΓÄ»ΓÄ»ΓÄ»ΓÄ»[28/151]ΓÄ»[22m[39m

[41m[1m FAIL [22m[49m [30m[42m unit [49m[39m src/tests/unit/clientService.test.js[2m > 
[22mclient.service[2m > [22mgetAll[2m > [22mreturns all clients ordered by code
[31m[1mAssertionError[22m: expected [ ΓÇª(4) ] to have a length of 2 but got 4[39m

[32m- Expected[39m
[31m+ Received[39m

[32m- 2[39m
[31m+ 4[39m

[36m [2mΓ¥»[22m src/tests/unit/clientService.test.js:[2m22:22[22m[39m
    [90m 20| [39m      ])[33m;[39m
    [90m 21| [39m      [35mconst[39m result [33m=[39m [35mawait[39m 
clientService[33m.[39m[34mgetAll[39m()[33m;[39m
    [90m 22| [39m      [34mexpect[39m(result)[33m.[39m[34mtoHaveLength[39m([34m2[39m)[33m;[39m
    [90m   | [39m                     [31m^[39m
    [90m 23| [39m      
[34mexpect[39m(result[[34m0[39m][33m.[39mcode)[33m.[39m[34mtoBe[39m([32m'AAA'[39m)[33m;[39m
    [90m 24| [39m    })[33m;[39m

[31m[2mΓÄ»ΓÄ»ΓÄ»ΓÄ»ΓÄ»ΓÄ»ΓÄ»ΓÄ»ΓÄ»ΓÄ»ΓÄ»ΓÄ»ΓÄ»ΓÄ»ΓÄ»ΓÄ»ΓÄ»ΓÄ»ΓÄ»ΓÄ»ΓÄ»[29/151]ΓÄ»[22m[39m

[41m[1m FAIL [22m[49m [30m[42m unit [49m[39m src/tests/unit/clientService.test.js[2m > 
[22mclient.service[2m > [22mgetByCode[2m > [22mreturns client when found
[31m[1mError[22m: Client not found.[39m
[36m [2mΓ¥»[22m Module.getByCode src/services/client.service.js:[2m18:22[22m[39m
    [90m 16| [39m[35masync[39m [35mfunction[39m [34mgetByCode[39m(code) {
    [90m 17| [39m  const client = await prisma.client.findUnique({ where: { code: code.ΓÇª
    [90m 18| [39m  [35mif[39m ([33m![39mclient) [35mthrow[39m [35mnew[39m [33mAppError[39m([32m'Client 
not found.'[39m[33m,[39m [34m404[39m)[33m;[39m
    [90m   | [39m                     [31m^[39m
    [90m 19| [39m  [35mreturn[39m client[33m;[39m
    [90m 20| [39m}
[90m [2mΓ¥»[22m src/tests/unit/clientService.test.js:[2m30:22[22m[39m

[31m[2mΓÄ»ΓÄ»ΓÄ»ΓÄ»ΓÄ»ΓÄ»ΓÄ»ΓÄ»ΓÄ»ΓÄ»ΓÄ»ΓÄ»ΓÄ»ΓÄ»ΓÄ»ΓÄ»ΓÄ»ΓÄ»ΓÄ»ΓÄ»ΓÄ»[30/151]ΓÄ»[22m[39m

[41m[1m FAIL [22m[49m [30m[42m unit [49m[39m src/tests/unit/clientService.test.js[2m > 
[22mclient.service[2m > [22mremove[2m > [22mdeletes client with no shipments
[31m[1mPrismaClientKnownRequestError[22m: 
Invalid `prisma.client.delete()` invocation in
C:\Users\hp\OneDrive\Desktop\seahawk-full_stack\backend\src\services\client.service.js:66:30

  63 const shipmentCount = await prisma.shipment.count({ where: { clientCode: code } });
  64 if (shipmentCount > 0)
  65   throw new AppError(`Cannot delete: client has ${shipmentCount} shipments. Deactivate instead.`, 400);
ΓåÆ 66 return prisma.client.delete(
An operation failed because it depends on one or more records that were required but not found. Record to delete does 
not exist.[39m
[90m [2mΓ¥»[22m $n.handleRequestError node_modules/@prisma/client/runtime/library.js:[2m121:7315[22m[39m
[90m [2mΓ¥»[22m $n.handleAndLogRequestError node_modules/@prisma/client/runtime/library.js:[2m121:6623[22m[39m
[90m [2mΓ¥»[22m $n.request node_modules/@prisma/client/runtime/library.js:[2m121:6307[22m[39m
[90m [2mΓ¥»[22m l node_modules/@prisma/client/runtime/library.js:[2m130:9633[22m[39m
[36m [2mΓ¥»[22m src/tests/unit/clientService.test.js:[2m52:22[22m[39m
    [90m 50| [39m      
mockPrisma[33m.[39mshipment[33m.[39mcount[33m.[39m[34mmockResolvedValue[39m([34m0[39m)[33m;[39m
    [90m 51| [39m      
mockPrisma[33m.[39mclient[33m.[39m[35mdelete[39m[33m.[39m[34mmockResolvedValue[39m({ code[33m:[39m 
[32m'DEL'[39m })[33m;[39m
    [90m 52| [39m      [35mconst[39m result [33m=[39m [35mawait[39m 
clientService[33m.[39m[34mremove[39m([32m'DEL'[39m)[33m;[39m
    [90m   | [39m                     [31m^[39m
    [90m 53| [39m      [34mexpect[39m(result[33m.[39mcode)[33m.[39m[34mtoBe[39m([32m'DEL'[39m)[33m;[39m
    [90m 54| [39m    })[33m;[39m

[31m[2mΓÄ»ΓÄ»ΓÄ»ΓÄ»ΓÄ»ΓÄ»ΓÄ»ΓÄ»ΓÄ»ΓÄ»ΓÄ»ΓÄ»ΓÄ»ΓÄ»ΓÄ»ΓÄ»ΓÄ»ΓÄ»ΓÄ»ΓÄ»ΓÄ»[31/151]ΓÄ»[22m[39m

[41m[1m FAIL [22m[49m [30m[42m unit [49m[39m src/tests/unit/clientService.test.js[2m > 
[22mclient.service[2m > [22mgetClientStats[2m > [22mreturns stats with totals aggregated
[31m[1mAssertionError[22m: expected +0 to be 13 // Object.is equality[39m

[32m- Expected[39m
[31m+ Received[39m

[32m- 13[39m
[31m+ 0[39m

[36m [2mΓ¥»[22m src/tests/unit/clientService.test.js:[2m72:34[22m[39m
    [90m 70| [39m      ])[33m;[39m
    [90m 71| [39m      [35mconst[39m result [33m=[39m [35mawait[39m 
clientService[33m.[39m[34mgetClientStats[39m([32m'SEA'[39m)[33m;[39m
    [90m 72| [39m      
[34mexpect[39m(result[33m.[39mstats[33m.[39mtotal)[33m.[39m[34mtoBe[39m([34m13[39m)[33m;[39m
    [90m   | [39m                                 [31m^[39m
    [90m 73| [39m      
[34mexpect[39m(result[33m.[39mstats[33m.[39mamount)[33m.[39m[34mtoBe[39m([34m1300[39m)[33m;[39m
    [90m 74| [39m      
[34mexpect[39m(result[33m.[39mstats[33m.[39mweight)[33m.[39m[34mtoBe[39m([34m65[39m)[33m;[39m

[31m[2mΓÄ»ΓÄ»ΓÄ»ΓÄ»ΓÄ»ΓÄ»ΓÄ»ΓÄ»ΓÄ»ΓÄ»ΓÄ»ΓÄ»ΓÄ»ΓÄ»ΓÄ»ΓÄ»ΓÄ»ΓÄ»ΓÄ»ΓÄ»ΓÄ»[32/151]ΓÄ»[22m[39m

[41m[1m FAIL [22m[49m [30m[42m unit [49m[39m src/tests/unit/configIndex.test.js[2m > [22mconfig/index[2m > 
[22mbuilds validated config with defaults and parsed values
[31m[1mError[22m: [CONFIG] OWNER_EMAILS must be set in production. Example: OWNER_EMAILS=you@yourdomain.com[39m
[36m [2mΓ¥»[22m src/config/index.js:[2m26:11[22m[39m
    [90m 24| [39m  [35mconst[39m { getOwnerEmails } [33m=[39m 
[34mrequire[39m([32m'../utils/owner'[39m)[33m;[39m
    [90m 25| [39m  [35mif[39m ([33m![39m[34mgetOwnerEmails[39m()[33m.[39mlength) {
    [90m 26| [39m    [35mthrow[39m [35mnew[39m [33mError[39m(
    [90m   | [39m          [31m^[39m
    [90m 27| [39m      [32m'[CONFIG] OWNER_EMAILS must be set in production. '[39m [33m+[39m
    [90m 28| [39m      [32m'Example: OWNER_EMAILS=you@yourdomain.com'[39m
[90m [2mΓ¥»[22m src/tests/unit/configIndex.test.js:[2m48:21[22m[39m

[31m[2mΓÄ»ΓÄ»ΓÄ»ΓÄ»ΓÄ»ΓÄ»ΓÄ»ΓÄ»ΓÄ»ΓÄ»ΓÄ»ΓÄ»ΓÄ»ΓÄ»ΓÄ»ΓÄ»ΓÄ»ΓÄ»ΓÄ»ΓÄ»ΓÄ»[33/151]ΓÄ»[22m[39m

[41m[1m FAIL [22m[49m [30m[42m unit [49m[39m src/tests/unit/dataConsistency.test.js[2m > [22mData 
Consistency & Integrity Verification[2m > [22mAWB normalization ΓÇö Unicode, whitespace, casing[2m > [22mstrips 
zero-width characters and normalizes to uppercase
[31m[1mError[22m: Client not found: TESTCL[39m
[36m [2mΓ¥»[22m src/services/shipment.service.js:[2m307:28[22m[39m
    [90m305| [39m          select[33m:[39m { walletBalance[33m:[39m [35mtrue[39m }[33m,[39m
    [90m306| [39m        })[33m;[39m
    [90m307| [39m        if (!client) throw new AppError(`Client not found: ${payload.cΓÇª
    [90m   | [39m                           [31m^[39m
    [90m308| [39m        throw new AppError(`Insufficient wallet balance (available: Γé╣$ΓÇª
    [90m309| [39m      }
[90m [2mΓ¥»[22m Proxy._transactionWithCallback node_modules/@prisma/client/runtime/library.js:[2m130:8000[22m[39m
[90m [2mΓ¥»[22m Module.create src/services/shipment.service.js:[2m273:20[22m[39m
[90m [2mΓ¥»[22m src/tests/unit/dataConsistency.test.js:[2m68:7[22m[39m

[31m[2mΓÄ»ΓÄ»ΓÄ»ΓÄ»ΓÄ»ΓÄ»ΓÄ»ΓÄ»ΓÄ»ΓÄ»ΓÄ»ΓÄ»ΓÄ»ΓÄ»ΓÄ»ΓÄ»ΓÄ»ΓÄ»ΓÄ»ΓÄ»ΓÄ»[34/151]ΓÄ»[22m[39m

[41m[1m FAIL [22m[49m [30m[42m unit [49m[39m src/tests/unit/dataConsistency.test.js[2m > [22mData 
Consistency & Integrity Verification[2m > [22mAWB normalization ΓÇö Unicode, whitespace, casing[2m > [22mstrips 
leading/trailing whitespace from AWB
[31m[1mError[22m: Client not found: TESTCL[39m
[36m [2mΓ¥»[22m src/services/shipment.service.js:[2m307:28[22m[39m
    [90m305| [39m          select[33m:[39m { walletBalance[33m:[39m [35mtrue[39m }[33m,[39m
    [90m306| [39m        })[33m;[39m
    [90m307| [39m        if (!client) throw new AppError(`Client not found: ${payload.cΓÇª
    [90m   | [39m                           [31m^[39m
    [90m308| [39m        throw new AppError(`Insufficient wallet balance (available: Γé╣$ΓÇª
    [90m309| [39m      }
[90m [2mΓ¥»[22m Proxy._transactionWithCallback node_modules/@prisma/client/runtime/library.js:[2m130:8000[22m[39m
[90m [2mΓ¥»[22m Module.create src/services/shipment.service.js:[2m273:20[22m[39m
[90m [2mΓ¥»[22m src/tests/unit/dataConsistency.test.js:[2m87:7[22m[39m

[31m[2mΓÄ»ΓÄ»ΓÄ»ΓÄ»ΓÄ»ΓÄ»ΓÄ»ΓÄ»ΓÄ»ΓÄ»ΓÄ»ΓÄ»ΓÄ»ΓÄ»ΓÄ»ΓÄ»ΓÄ»ΓÄ»ΓÄ»ΓÄ»ΓÄ»[35/151]ΓÄ»[22m[39m

[41m[1m FAIL [22m[49m [30m[42m unit [49m[39m src/tests/unit/dataConsistency.test.js[2m > [22mData 
Consistency & Integrity Verification[2m > [22mAWB normalization ΓÇö Unicode, whitespace, casing[2m > 
[22mnormalizes full-width characters (NFKC)
[31m[1mError[22m: Client not found: TESTCL[39m
[36m [2mΓ¥»[22m src/services/shipment.service.js:[2m307:28[22m[39m
    [90m305| [39m          select[33m:[39m { walletBalance[33m:[39m [35mtrue[39m }[33m,[39m
    [90m306| [39m        })[33m;[39m
    [90m307| [39m        if (!client) throw new AppError(`Client not found: ${payload.cΓÇª
    [90m   | [39m                           [31m^[39m
    [90m308| [39m        throw new AppError(`Insufficient wallet balance (available: Γé╣$ΓÇª
    [90m309| [39m      }
[90m [2mΓ¥»[22m Proxy._transactionWithCallback node_modules/@prisma/client/runtime/library.js:[2m130:8000[22m[39m
[90m [2mΓ¥»[22m Module.create src/services/shipment.service.js:[2m273:20[22m[39m
[90m [2mΓ¥»[22m src/tests/unit/dataConsistency.test.js:[2m107:7[22m[39m

[31m[2mΓÄ»ΓÄ»ΓÄ»ΓÄ»ΓÄ»ΓÄ»ΓÄ»ΓÄ»ΓÄ»ΓÄ»ΓÄ»ΓÄ»ΓÄ»ΓÄ»ΓÄ»ΓÄ»ΓÄ»ΓÄ»ΓÄ»ΓÄ»ΓÄ»[36/151]ΓÄ»[22m[39m

[41m[1m FAIL [22m[49m [30m[42m unit [49m[39m src/tests/unit/dataConsistency.test.js[2m > [22mData 
Consistency & Integrity Verification[2m > [22mField normalization ΓÇö consignee & destination[2m > [22muppercases 
consignee and destination on create()
[31m[1mError[22m: Client not found: TESTCL[39m
[36m [2mΓ¥»[22m src/services/shipment.service.js:[2m307:28[22m[39m
    [90m305| [39m          select[33m:[39m { walletBalance[33m:[39m [35mtrue[39m }[33m,[39m
    [90m306| [39m        })[33m;[39m
    [90m307| [39m        if (!client) throw new AppError(`Client not found: ${payload.cΓÇª
    [90m   | [39m                           [31m^[39m
    [90m308| [39m        throw new AppError(`Insufficient wallet balance (available: Γé╣$ΓÇª
    [90m309| [39m      }
[90m [2mΓ¥»[22m Proxy._transactionWithCallback node_modules/@prisma/client/runtime/library.js:[2m130:8000[22m[39m
[90m [2mΓ¥»[22m Module.create src/services/shipment.service.js:[2m273:20[22m[39m
[90m [2mΓ¥»[22m src/tests/unit/dataConsistency.test.js:[2m129:7[22m[39m

[31m[2mΓÄ»ΓÄ»ΓÄ»ΓÄ»ΓÄ»ΓÄ»ΓÄ»ΓÄ»ΓÄ»ΓÄ»ΓÄ»ΓÄ»ΓÄ»ΓÄ»ΓÄ»ΓÄ»ΓÄ»ΓÄ»ΓÄ»ΓÄ»ΓÄ»[37/151]ΓÄ»[22m[39m

[41m[1m FAIL [22m[49m [30m[42m unit [49m[39m src/tests/unit/dataConsistency.test.js[2m > [22mData 
Consistency & Integrity Verification[2m > [22mField normalization ΓÇö consignee & destination[2m > [22muppercases 
consignee and destination on update()
[31m[1mPrismaClientKnownRequestError[22m: 
Invalid `prisma.shipment.update()` invocation in
C:\Users\hp\OneDrive\Desktop\seahawk-full_stack\backend\src\services\shipment.service.js:351:41

  348 if (data.awb)          u.awb          = normalizeAwb(data.awb);
  349 if (data.consignee)   u.consignee   = data.consignee.toUpperCase();
  350 if (data.destination) u.destination = data.destination.toUpperCase();
ΓåÆ 351 const updated = await prisma.shipment.update(
An operation failed because it depends on one or more records that were required but not found. Record to update not 
found.[39m
[90m [2mΓ¥»[22m $n.handleRequestError node_modules/@prisma/client/runtime/library.js:[2m121:7315[22m[39m
[90m [2mΓ¥»[22m $n.handleAndLogRequestError node_modules/@prisma/client/runtime/library.js:[2m121:6623[22m[39m
[90m [2mΓ¥»[22m $n.request node_modules/@prisma/client/runtime/library.js:[2m121:6307[22m[39m
[90m [2mΓ¥»[22m l node_modules/@prisma/client/runtime/library.js:[2m130:9633[22m[39m
[36m [2mΓ¥»[22m Module.update src/services/shipment.service.js:[2m351:19[22m[39m
    [90m349| [39m  [35mif[39m (data[33m.[39mconsignee)   u[33m.[39mconsignee   [33m=[39m 
data[33m.[39mconsignee[33m.[39m[34mtoUpperCase[39m()[33m;[39m
    [90m350| [39m  [35mif[39m (data[33m.[39mdestination) u[33m.[39mdestination [33m=[39m 
data[33m.[39mdestination[33m.[39m[34mtoUpperCase[39m()[33m;[39m
    [90m351| [39m  const updated = await prisma.shipment.update({ where: { id: parseIntΓÇª
    [90m   | [39m                  [31m^[39m
    [90m352| [39m  [34mclearCache[39m()[33m;[39m
    [90m353| [39m  [34memitShipmentStatusUpdated[39m(updated)[33m;[39m
[90m [2mΓ¥»[22m src/tests/unit/dataConsistency.test.js:[2m148:7[22m[39m

[31m[2mΓÄ»ΓÄ»ΓÄ»ΓÄ»ΓÄ»ΓÄ»ΓÄ»ΓÄ»ΓÄ»ΓÄ»ΓÄ»ΓÄ»ΓÄ»ΓÄ»ΓÄ»ΓÄ»ΓÄ»ΓÄ»ΓÄ»ΓÄ»ΓÄ»[38/151]ΓÄ»[22m[39m

[41m[1m FAIL [22m[49m [30m[42m unit [49m[39m src/tests/unit/dataConsistency.test.js[2m > [22mData 
Consistency & Integrity Verification[2m > [22mField normalization ΓÇö consignee & destination[2m > [22muppercases 
in bulkImport() as well
[31m[1mPrismaClientKnownRequestError[22m: 
Invalid `prisma.shipment.createMany()` invocation in
C:\Users\hp\OneDrive\Desktop\seahawk-full_stack\backend\src\services\shipment.service.js:566:27

  563 
  564 // Insert new shipments in one transaction batch
  565 if (newShipmentsData.length > 0) {
ΓåÆ 566   await prisma.shipment.createMany(
Foreign key constraint violated: `shipments_created_by_id_fkey (index)`[39m
[90m [2mΓ¥»[22m $n.handleRequestError node_modules/@prisma/client/runtime/library.js:[2m121:7315[22m[39m
[90m [2mΓ¥»[22m $n.handleAndLogRequestError node_modules/@prisma/client/runtime/library.js:[2m121:6623[22m[39m
[90m [2mΓ¥»[22m $n.request node_modules/@prisma/client/runtime/library.js:[2m121:6307[22m[39m
[90m [2mΓ¥»[22m l node_modules/@prisma/client/runtime/library.js:[2m130:9633[22m[39m
[36m [2mΓ¥»[22m Module.bulkImport src/services/shipment.service.js:[2m566:5[22m[39m
    [90m564| [39m  [90m// Insert new shipments in one transaction batch[39m
    [90m565| [39m  [35mif[39m (newShipmentsData[33m.[39mlength [33m>[39m [34m0[39m) {
    [90m566| [39m    await prisma.shipment.createMany({ data: newShipmentsData, skipDupΓÇª
    [90m   | [39m    [31m^[39m
    [90m567| [39m    [35mconst[39m createdShipments [33m=[39m [35mawait[39m 
prisma[33m.[39mshipment[33m.[39m[34mfindMany[39m({
    [90m568| [39m      where[33m:[39m { awb[33m:[39m { [35min[39m[33m:[39m 
newShipmentsData[33m.[39m[34mmap[39m(s [33m=>[39m s[33m.[39mawb) } }[33m,[39m
[90m [2mΓ¥»[22m src/tests/unit/dataConsistency.test.js:[2m163:7[22m[39m

[31m[2mΓÄ»ΓÄ»ΓÄ»ΓÄ»ΓÄ»ΓÄ»ΓÄ»ΓÄ»ΓÄ»ΓÄ»ΓÄ»ΓÄ»ΓÄ»ΓÄ»ΓÄ»ΓÄ»ΓÄ»ΓÄ»ΓÄ»ΓÄ»ΓÄ»[39/151]ΓÄ»[22m[39m

[41m[1m FAIL [22m[49m [30m[42m unit [49m[39m src/tests/unit/dataConsistency.test.js[2m > [22mData 
Consistency & Integrity Verification[2m > [22mAudit log ΓÇö never crashes, always records[2m > [22mauditLog 
records userId, action, entity, and entityId
[31m[1mAssertionError[22m: expected "spy" to be called with arguments: [ { data: ObjectContaining{ΓÇª} } ][90m

Number of calls: [1m0[22m
[31m[39m
[36m [2mΓ¥»[22m src/tests/unit/dataConsistency.test.js:[2m186:42[22m[39m
    [90m184| [39m      })[33m;[39m
    [90m185| [39m
    [90m186| [39m      
[34mexpect[39m(mockPrisma[33m.[39mauditLog[33m.[39mcreate)[33m.[39m[34mtoHaveBeenCalledWith[39m({
    [90m   | [39m                                         [31m^[39m
    [90m187| [39m        data[33m:[39m expect[33m.[39m[34mobjectContaining[39m({
    [90m188| [39m          userId[33m:[39m [34m42[39m[33m,[39m

[31m[2mΓÄ»ΓÄ»ΓÄ»ΓÄ»ΓÄ»ΓÄ»ΓÄ»ΓÄ»ΓÄ»ΓÄ»ΓÄ»ΓÄ»ΓÄ»ΓÄ»ΓÄ»ΓÄ»ΓÄ»ΓÄ»ΓÄ»ΓÄ»ΓÄ»[40/151]ΓÄ»[22m[39m

[41m[1m FAIL [22m[49m [30m[42m unit [49m[39m src/tests/unit/dataConsistency.test.js[2m > [22mData 
Consistency & Integrity Verification[2m > [22mAudit log ΓÇö never crashes, always records[2m > [22mauditLog 
handles null userId and missing fields gracefully
[31m[1mAssertionError[22m: expected "spy" to be called with arguments: [ { data: ObjectContaining{ΓÇª} } ][90m

Number of calls: [1m0[22m
[31m[39m
[36m [2mΓ¥»[22m src/tests/unit/dataConsistency.test.js:[2m213:42[22m[39m
    [90m211| [39m      })[33m;[39m
    [90m212| [39m
    [90m213| [39m      
[34mexpect[39m(mockPrisma[33m.[39mauditLog[33m.[39mcreate)[33m.[39m[34mtoHaveBeenCalledWith[39m({
    [90m   | [39m                                         [31m^[39m
    [90m214| [39m        data[33m:[39m expect[33m.[39m[34mobjectContaining[39m({
    [90m215| [39m          userId[33m:[39m [35mnull[39m[33m,[39m

[31m[2mΓÄ»ΓÄ»ΓÄ»ΓÄ»ΓÄ»ΓÄ»ΓÄ»ΓÄ»ΓÄ»ΓÄ»ΓÄ»ΓÄ»ΓÄ»ΓÄ»ΓÄ»ΓÄ»ΓÄ»ΓÄ»ΓÄ»ΓÄ»ΓÄ»[41/151]ΓÄ»[22m[39m

[41m[1m FAIL [22m[49m [30m[42m unit [49m[39m src/tests/unit/dataConsistency.test.js[2m > [22mData 
Consistency & Integrity Verification[2m > [22mImport ledger ΓÇö records every row from bulkImport[2m > [22mcalls 
insertRow for each imported shipment with correct fields
[31m[1mPrismaClientKnownRequestError[22m: 
Invalid `prisma.shipment.createMany()` invocation in
C:\Users\hp\OneDrive\Desktop\seahawk-full_stack\backend\src\services\shipment.service.js:566:27

  563 
  564 // Insert new shipments in one transaction batch
  565 if (newShipmentsData.length > 0) {
ΓåÆ 566   await prisma.shipment.createMany(
Foreign key constraint violated: `shipments_created_by_id_fkey (index)`[39m
[90m [2mΓ¥»[22m $n.handleRequestError node_modules/@prisma/client/runtime/library.js:[2m121:7315[22m[39m
[90m [2mΓ¥»[22m $n.handleAndLogRequestError node_modules/@prisma/client/runtime/library.js:[2m121:6623[22m[39m
[90m [2mΓ¥»[22m $n.request node_modules/@prisma/client/runtime/library.js:[2m121:6307[22m[39m
[90m [2mΓ¥»[22m l node_modules/@prisma/client/runtime/library.js:[2m130:9633[22m[39m
[36m [2mΓ¥»[22m Module.bulkImport src/services/shipment.service.js:[2m566:5[22m[39m
    [90m564| [39m  [90m// Insert new shipments in one transaction batch[39m
    [90m565| [39m  [35mif[39m (newShipmentsData[33m.[39mlength [33m>[39m [34m0[39m) {
    [90m566| [39m    await prisma.shipment.createMany({ data: newShipmentsData, skipDupΓÇª
    [90m   | [39m    [31m^[39m
    [90m567| [39m    [35mconst[39m createdShipments [33m=[39m [35mawait[39m 
prisma[33m.[39mshipment[33m.[39m[34mfindMany[39m({
    [90m568| [39m      where[33m:[39m { awb[33m:[39m { [35min[39m[33m:[39m 
newShipmentsData[33m.[39m[34mmap[39m(s [33m=>[39m s[33m.[39mawb) } }[33m,[39m
[90m [2mΓ¥»[22m src/tests/unit/dataConsistency.test.js:[2m238:7[22m[39m

[31m[2mΓÄ»ΓÄ»ΓÄ»ΓÄ»ΓÄ»ΓÄ»ΓÄ»ΓÄ»ΓÄ»ΓÄ»ΓÄ»ΓÄ»ΓÄ»ΓÄ»ΓÄ»ΓÄ»ΓÄ»ΓÄ»ΓÄ»ΓÄ»ΓÄ»[42/151]ΓÄ»[22m[39m

[41m[1m FAIL [22m[49m [30m[42m unit [49m[39m src/tests/unit/dataConsistency.test.js[2m > [22mData 
Consistency & Integrity Verification[2m > [22mImport ledger ΓÇö records every row from bulkImport[2m > [22mrecords 
batchKey consistently across all rows in a batch
[31m[1mPrismaClientKnownRequestError[22m: 
Invalid `prisma.shipment.createMany()` invocation in
C:\Users\hp\OneDrive\Desktop\seahawk-full_stack\backend\src\services\shipment.service.js:566:27

  563 
  564 // Insert new shipments in one transaction batch
  565 if (newShipmentsData.length > 0) {
ΓåÆ 566   await prisma.shipment.createMany(
Foreign key constraint violated: `shipments_created_by_id_fkey (index)`[39m
[90m [2mΓ¥»[22m $n.handleRequestError node_modules/@prisma/client/runtime/library.js:[2m121:7315[22m[39m
[90m [2mΓ¥»[22m $n.handleAndLogRequestError node_modules/@prisma/client/runtime/library.js:[2m121:6623[22m[39m
[90m [2mΓ¥»[22m $n.request node_modules/@prisma/client/runtime/library.js:[2m121:6307[22m[39m
[90m [2mΓ¥»[22m l node_modules/@prisma/client/runtime/library.js:[2m130:9633[22m[39m
[36m [2mΓ¥»[22m Module.bulkImport src/services/shipment.service.js:[2m566:5[22m[39m
    [90m564| [39m  [90m// Insert new shipments in one transaction batch[39m
    [90m565| [39m  [35mif[39m (newShipmentsData[33m.[39mlength [33m>[39m [34m0[39m) {
    [90m566| [39m    await prisma.shipment.createMany({ data: newShipmentsData, skipDupΓÇª
    [90m   | [39m    [31m^[39m
    [90m567| [39m    [35mconst[39m createdShipments [33m=[39m [35mawait[39m 
prisma[33m.[39mshipment[33m.[39m[34mfindMany[39m({
    [90m568| [39m      where[33m:[39m { awb[33m:[39m { [35min[39m[33m:[39m 
newShipmentsData[33m.[39m[34mmap[39m(s [33m=>[39m s[33m.[39mawb) } }[33m,[39m
[90m [2mΓ¥»[22m src/tests/unit/dataConsistency.test.js:[2m270:7[22m[39m

[31m[2mΓÄ»ΓÄ»ΓÄ»ΓÄ»ΓÄ»ΓÄ»ΓÄ»ΓÄ»ΓÄ»ΓÄ»ΓÄ»ΓÄ»ΓÄ»ΓÄ»ΓÄ»ΓÄ»ΓÄ»ΓÄ»ΓÄ»ΓÄ»ΓÄ»[43/151]ΓÄ»[22m[39m

[41m[1m FAIL [22m[49m [30m[42m unit [49m[39m src/tests/unit/dataConsistency.test.js[2m > [22mData 
Consistency & Integrity Verification[2m > [22mImport ledger ΓÇö records every row from bulkImport[2m > [22mrecords 
auto-priced flag when contract pricing applies
[31m[1mPrismaClientKnownRequestError[22m: 
Invalid `prisma.shipment.createMany()` invocation in
C:\Users\hp\OneDrive\Desktop\seahawk-full_stack\backend\src\services\shipment.service.js:566:27

  563 
  564 // Insert new shipments in one transaction batch
  565 if (newShipmentsData.length > 0) {
ΓåÆ 566   await prisma.shipment.createMany(
Foreign key constraint violated: `shipments_created_by_id_fkey (index)`[39m
[90m [2mΓ¥»[22m $n.handleRequestError node_modules/@prisma/client/runtime/library.js:[2m121:7315[22m[39m
[90m [2mΓ¥»[22m $n.handleAndLogRequestError node_modules/@prisma/client/runtime/library.js:[2m121:6623[22m[39m
[90m [2mΓ¥»[22m $n.request node_modules/@prisma/client/runtime/library.js:[2m121:6307[22m[39m
[90m [2mΓ¥»[22m l node_modules/@prisma/client/runtime/library.js:[2m130:9633[22m[39m
[36m [2mΓ¥»[22m Module.bulkImport src/services/shipment.service.js:[2m566:5[22m[39m
    [90m564| [39m  [90m// Insert new shipments in one transaction batch[39m
    [90m565| [39m  [35mif[39m (newShipmentsData[33m.[39mlength [33m>[39m [34m0[39m) {
    [90m566| [39m    await prisma.shipment.createMany({ data: newShipmentsData, skipDupΓÇª
    [90m   | [39m    [31m^[39m
    [90m567| [39m    [35mconst[39m createdShipments [33m=[39m [35mawait[39m 
prisma[33m.[39mshipment[33m.[39m[34mfindMany[39m({
    [90m568| [39m      where[33m:[39m { awb[33m:[39m { [35min[39m[33m:[39m 
newShipmentsData[33m.[39m[34mmap[39m(s [33m=>[39m s[33m.[39mawb) } }[33m,[39m
[90m [2mΓ¥»[22m src/tests/unit/dataConsistency.test.js:[2m298:7[22m[39m

[31m[2mΓÄ»ΓÄ»ΓÄ»ΓÄ»ΓÄ»ΓÄ»ΓÄ»ΓÄ»ΓÄ»ΓÄ»ΓÄ»ΓÄ»ΓÄ»ΓÄ»ΓÄ»ΓÄ»ΓÄ»ΓÄ»ΓÄ»ΓÄ»ΓÄ»[44/151]ΓÄ»[22m[39m

[41m[1m FAIL [22m[49m [30m[42m unit [49m[39m src/tests/unit/dataConsistency.test.js[2m > [22mData 
Consistency & Integrity Verification[2m > [22mStatus transition ΓÇö tracking event creation[2m > [22mcreates a 
trackingEvent when status is updated
[31m[1mError[22m: Shipment not found.[39m
[36m [2mΓ¥»[22m getById src/services/shipment.service.js:[2m253:17[22m[39m
    [90m251| [39m    include: { client: true, createdBy: { select: { name: true } }, upΓÇª
    [90m252| [39m  })[33m;[39m
    [90m253| [39m  [35mif[39m ([33m![39ms) [35mthrow[39m [35mnew[39m [33mAppError[39m([32m'Shipment not 
found.'[39m[33m,[39m [34m404[39m)[33m;[39m
    [90m   | [39m                [31m^[39m
    [90m254| [39m  [35mreturn[39m s[33m;[39m
    [90m255| [39m}
[90m [2mΓ¥»[22m Module.updateStatus src/services/shipment.service.js:[2m358:20[22m[39m
[90m [2mΓ¥»[22m src/tests/unit/dataConsistency.test.js:[2m322:7[22m[39m

[31m[2mΓÄ»ΓÄ»ΓÄ»ΓÄ»ΓÄ»ΓÄ»ΓÄ»ΓÄ»ΓÄ»ΓÄ»ΓÄ»ΓÄ»ΓÄ»ΓÄ»ΓÄ»ΓÄ»ΓÄ»ΓÄ»ΓÄ»ΓÄ»ΓÄ»[45/151]ΓÄ»[22m[39m

[41m[1m FAIL [22m[49m [30m[42m unit [49m[39m src/tests/unit/dataConsistency.test.js[2m > [22mData 
Consistency & Integrity Verification[2m > [22mStatus transition ΓÇö tracking event creation[2m > [22mtracking 
event failure does not crash the status update
[31m[1mError[22m: Shipment not found.[39m
[36m [2mΓ¥»[22m getById src/services/shipment.service.js:[2m253:17[22m[39m
    [90m251| [39m    include: { client: true, createdBy: { select: { name: true } }, upΓÇª
    [90m252| [39m  })[33m;[39m
    [90m253| [39m  [35mif[39m ([33m![39ms) [35mthrow[39m [35mnew[39m [33mAppError[39m([32m'Shipment not 
found.'[39m[33m,[39m [34m404[39m)[33m;[39m
    [90m   | [39m                [31m^[39m
    [90m254| [39m  [35mreturn[39m s[33m;[39m
    [90m255| [39m}
[90m [2mΓ¥»[22m Module.updateStatus src/services/shipment.service.js:[2m358:20[22m[39m
[90m [2mΓ¥»[22m src/tests/unit/dataConsistency.test.js:[2m346:22[22m[39m

[31m[2mΓÄ»ΓÄ»ΓÄ»ΓÄ»ΓÄ»ΓÄ»ΓÄ»ΓÄ»ΓÄ»ΓÄ»ΓÄ»ΓÄ»ΓÄ»ΓÄ»ΓÄ»ΓÄ»ΓÄ»ΓÄ»ΓÄ»ΓÄ»ΓÄ»[46/151]ΓÄ»[22m[39m

[41m[1m FAIL [22m[49m [30m[42m unit [49m[39m src/tests/unit/dataConsistency.test.js[2m > [22mData 
Consistency & Integrity Verification[2m > [22mWallet transactions ΓÇö balance reference accuracy[2m > [22mwallet 
transaction stores the POST-debit balance, not pre-debit
[31m[1mError[22m: Insufficient wallet balance (available: Γé╣0.00, required: Γé╣300.00)[39m
[36m [2mΓ¥»[22m src/services/shipment.service.js:[2m308:15[22m[39m
    [90m306| [39m        })[33m;[39m
    [90m307| [39m        if (!client) throw new AppError(`Client not found: ${payload.cΓÇª
    [90m308| [39m        throw new AppError(`Insufficient wallet balance (available: Γé╣$ΓÇª
    [90m   | [39m              [31m^[39m
    [90m309| [39m      }
    [90m310| [39m
[90m [2mΓ¥»[22m Proxy._transactionWithCallback node_modules/@prisma/client/runtime/library.js:[2m130:8000[22m[39m
[90m [2mΓ¥»[22m Module.create src/services/shipment.service.js:[2m273:20[22m[39m
[90m [2mΓ¥»[22m src/tests/unit/dataConsistency.test.js:[2m359:7[22m[39m

[31m[2mΓÄ»ΓÄ»ΓÄ»ΓÄ»ΓÄ»ΓÄ»ΓÄ»ΓÄ»ΓÄ»ΓÄ»ΓÄ»ΓÄ»ΓÄ»ΓÄ»ΓÄ»ΓÄ»ΓÄ»ΓÄ»ΓÄ»ΓÄ»ΓÄ»[47/151]ΓÄ»[22m[39m

[41m[1m FAIL [22m[49m [30m[42m unit [49m[39m src/tests/unit/dataConsistency.test.js[2m > [22mData 
Consistency & Integrity Verification[2m > [22mRisk analysis ΓÇö score persists to shipment record[2m > [22mstores 
riskScore and riskFactors from analyzeShipment()
[31m[1mError[22m: Insufficient wallet balance (available: Γé╣0.00, required: Γé╣5000.00)[39m
[36m [2mΓ¥»[22m src/services/shipment.service.js:[2m308:15[22m[39m
    [90m306| [39m        })[33m;[39m
    [90m307| [39m        if (!client) throw new AppError(`Client not found: ${payload.cΓÇª
    [90m308| [39m        throw new AppError(`Insufficient wallet balance (available: Γé╣$ΓÇª
    [90m   | [39m              [31m^[39m
    [90m309| [39m      }
    [90m310| [39m
[90m [2mΓ¥»[22m Proxy._transactionWithCallback node_modules/@prisma/client/runtime/library.js:[2m130:8000[22m[39m
[90m [2mΓ¥»[22m Module.create src/services/shipment.service.js:[2m273:20[22m[39m
[90m [2mΓ¥»[22m src/tests/unit/dataConsistency.test.js:[2m385:7[22m[39m

[31m[2mΓÄ»ΓÄ»ΓÄ»ΓÄ»ΓÄ»ΓÄ»ΓÄ»ΓÄ»ΓÄ»ΓÄ»ΓÄ»ΓÄ»ΓÄ»ΓÄ»ΓÄ»ΓÄ»ΓÄ»ΓÄ»ΓÄ»ΓÄ»ΓÄ»[48/151]ΓÄ»[22m[39m

[41m[1m FAIL [22m[49m [30m[42m unit [49m[39m src/tests/unit/dataConsistency.test.js[2m > [22mData 
Consistency & Integrity Verification[2m > [22mBulk import ΓÇö invalid data rejection[2m > [22mskips rows with 
empty AWBs and records them as errors
[31m[1mPrismaClientKnownRequestError[22m: 
Invalid `prisma.shipment.createMany()` invocation in
C:\Users\hp\OneDrive\Desktop\seahawk-full_stack\backend\src\services\shipment.service.js:566:27

  563 
  564 // Insert new shipments in one transaction batch
  565 if (newShipmentsData.length > 0) {
ΓåÆ 566   await prisma.shipment.createMany(
Foreign key constraint violated: `shipments_created_by_id_fkey (index)`[39m
[90m [2mΓ¥»[22m $n.handleRequestError node_modules/@prisma/client/runtime/library.js:[2m121:7315[22m[39m
[90m [2mΓ¥»[22m $n.handleAndLogRequestError node_modules/@prisma/client/runtime/library.js:[2m121:6623[22m[39m
[90m [2mΓ¥»[22m $n.request node_modules/@prisma/client/runtime/library.js:[2m121:6307[22m[39m
[90m [2mΓ¥»[22m l node_modules/@prisma/client/runtime/library.js:[2m130:9633[22m[39m
[36m [2mΓ¥»[22m Module.bulkImport src/services/shipment.service.js:[2m566:5[22m[39m
    [90m564| [39m  [90m// Insert new shipments in one transaction batch[39m
    [90m565| [39m  [35mif[39m (newShipmentsData[33m.[39mlength [33m>[39m [34m0[39m) {
    [90m566| [39m    await prisma.shipment.createMany({ data: newShipmentsData, skipDupΓÇª
    [90m   | [39m    [31m^[39m
    [90m567| [39m    [35mconst[39m createdShipments [33m=[39m [35mawait[39m 
prisma[33m.[39mshipment[33m.[39m[34mfindMany[39m({
    [90m568| [39m      where[33m:[39m { awb[33m:[39m { [35min[39m[33m:[39m 
newShipmentsData[33m.[39m[34mmap[39m(s [33m=>[39m s[33m.[39mawb) } }[33m,[39m
[90m [2mΓ¥»[22m src/tests/unit/dataConsistency.test.js:[2m403:22[22m[39m

[31m[2mΓÄ»ΓÄ»ΓÄ»ΓÄ»ΓÄ»ΓÄ»ΓÄ»ΓÄ»ΓÄ»ΓÄ»ΓÄ»ΓÄ»ΓÄ»ΓÄ»ΓÄ»ΓÄ»ΓÄ»ΓÄ»ΓÄ»ΓÄ»ΓÄ»[49/151]ΓÄ»[22m[39m

[41m[1m FAIL [22m[49m [30m[42m unit [49m[39m src/tests/unit/dataIntegrity.test.js[2m > [22mData Integrity & 
Business Logic (Client-Grade)[2m > [22mcreate() - The Money Function[2m > [22msuccessfully creates a shipment and 
debits wallet atomically
[31m[1mError[22m: Insufficient wallet balance (available: Γé╣0.00, required: Γé╣500.00)[39m
[36m [2mΓ¥»[22m src/services/shipment.service.js:[2m308:15[22m[39m
    [90m306| [39m        })[33m;[39m
    [90m307| [39m        if (!client) throw new AppError(`Client not found: ${payload.cΓÇª
    [90m308| [39m        throw new AppError(`Insufficient wallet balance (available: Γé╣$ΓÇª
    [90m   | [39m              [31m^[39m
    [90m309| [39m      }
    [90m310| [39m
[90m [2mΓ¥»[22m Proxy._transactionWithCallback node_modules/@prisma/client/runtime/library.js:[2m130:8000[22m[39m
[90m [2mΓ¥»[22m Module.create src/services/shipment.service.js:[2m273:20[22m[39m
[90m [2mΓ¥»[22m src/tests/unit/dataIntegrity.test.js:[2m130:22[22m[39m

[31m[2mΓÄ»ΓÄ»ΓÄ»ΓÄ»ΓÄ»ΓÄ»ΓÄ»ΓÄ»ΓÄ»ΓÄ»ΓÄ»ΓÄ»ΓÄ»ΓÄ»ΓÄ»ΓÄ»ΓÄ»ΓÄ»ΓÄ»ΓÄ»ΓÄ»[50/151]ΓÄ»[22m[39m

[41m[1m FAIL [22m[49m [30m[42m unit [49m[39m src/tests/unit/dataIntegrity.test.js[2m > [22mData Integrity & 
Business Logic (Client-Grade)[2m > [22mcreate() - The Money Function[2m > [22mrejects duplicate AWB (P2002 Prisma 
error)
[31m[1mAssertionError[22m: expected [Function] to throw error matching /Unique constraint failed/ but got 
'Insufficient wallet balance (availablΓÇª'[39m

[32m- Expected:[39m 
/Unique constraint failed/

[31m+ Received:[39m 
"Insufficient wallet balance (available: Γé╣0.00, required: Γé╣500.00)"

[36m [2mΓ¥»[22m src/tests/unit/dataIntegrity.test.js:[2m176:7[22m[39m
    [90m174| [39m      mockTx[33m.[39mshipment[33m.[39mcreate [33m=[39m 
vi[33m.[39m[34mfn[39m()[33m.[39m[34mmockRejectedValue[39m(p2002Error)[33m;[39m
    [90m175| [39m
    [90m176| [39m      await expect(shipmentService.create(payload, 99)).rejects.toThroΓÇª
    [90m   | [39m      [31m^[39m
    [90m177| [39m    })[33m;[39m
    [90m178| [39m

[31m[2mΓÄ»ΓÄ»ΓÄ»ΓÄ»ΓÄ»ΓÄ»ΓÄ»ΓÄ»ΓÄ»ΓÄ»ΓÄ»ΓÄ»ΓÄ»ΓÄ»ΓÄ»ΓÄ»ΓÄ»ΓÄ»ΓÄ»ΓÄ»ΓÄ»[51/151]ΓÄ»[22m[39m

[41m[1m FAIL [22m[49m [30m[42m unit [49m[39m src/tests/unit/dataIntegrity.test.js[2m > [22mData Integrity & 
Business Logic (Client-Grade)[2m > [22mcreate() - The Money Function[2m > [22muses contract pricing when amount is 
0
[31m[1mPrismaClientKnownRequestError[22m: 
Invalid `tx.shipment.create()` invocation in
C:\Users\hp\OneDrive\Desktop\seahawk-full_stack\backend\src\services\shipment.service.js:331:40

  328   });
  329 }
  330 
ΓåÆ 331 const shipment = await tx.shipment.create(
Foreign key constraint violated: `shipments_created_by_id_fkey (index)`[39m
[90m [2mΓ¥»[22m $n.handleRequestError node_modules/@prisma/client/runtime/library.js:[2m121:7315[22m[39m
[90m [2mΓ¥»[22m $n.handleAndLogRequestError node_modules/@prisma/client/runtime/library.js:[2m121:6623[22m[39m
[90m [2mΓ¥»[22m $n.request node_modules/@prisma/client/runtime/library.js:[2m121:6307[22m[39m
[90m [2mΓ¥»[22m l node_modules/@prisma/client/runtime/library.js:[2m130:9633[22m[39m
[36m [2mΓ¥»[22m src/services/shipment.service.js:[2m331:22[22m[39m
    [90m329| [39m    }
    [90m330| [39m
    [90m331| [39m    [35mconst[39m shipment [33m=[39m [35mawait[39m 
tx[33m.[39mshipment[33m.[39m[34mcreate[39m({
    [90m   | [39m                     [31m^[39m
    [90m332| [39m      data[33m:[39m payload[33m,[39m
    [90m333| [39m      include[33m:[39m { client[33m:[39m { select[33m:[39m { company[33m:[39m 
[35mtrue[39m[33m,[39m phone[33m:[39m [35mtrue[39m } } }[33m,[39m
[90m [2mΓ¥»[22m Proxy._transactionWithCallback node_modules/@prisma/client/runtime/library.js:[2m130:8000[22m[39m
[90m [2mΓ¥»[22m Module.create src/services/shipment.service.js:[2m273:20[22m[39m
[90m [2mΓ¥»[22m src/tests/unit/dataIntegrity.test.js:[2m233:7[22m[39m

[31m[2mΓÄ»ΓÄ»ΓÄ»ΓÄ»ΓÄ»ΓÄ»ΓÄ»ΓÄ»ΓÄ»ΓÄ»ΓÄ»ΓÄ»ΓÄ»ΓÄ»ΓÄ»ΓÄ»ΓÄ»ΓÄ»ΓÄ»ΓÄ»ΓÄ»[52/151]ΓÄ»[22m[39m

[41m[1m FAIL [22m[49m [30m[42m unit [49m[39m src/tests/unit/dataIntegrity.test.js[2m > [22mData Integrity & 
Business Logic (Client-Grade)[2m > [22mcreate() - The Money Function[2m > [22mpreserves risk analysis score and AI 
pricing separation
[31m[1mError[22m: Insufficient wallet balance (available: Γé╣0.00, required: Γé╣200.00)[39m
[36m [2mΓ¥»[22m src/services/shipment.service.js:[2m308:15[22m[39m
    [90m306| [39m        })[33m;[39m
    [90m307| [39m        if (!client) throw new AppError(`Client not found: ${payload.cΓÇª
    [90m308| [39m        throw new AppError(`Insufficient wallet balance (available: Γé╣$ΓÇª
    [90m   | [39m              [31m^[39m
    [90m309| [39m      }
    [90m310| [39m
[90m [2mΓ¥»[22m Proxy._transactionWithCallback node_modules/@prisma/client/runtime/library.js:[2m130:8000[22m[39m
[90m [2mΓ¥»[22m Module.create src/services/shipment.service.js:[2m273:20[22m[39m
[90m [2mΓ¥»[22m src/tests/unit/dataIntegrity.test.js:[2m256:7[22m[39m

[31m[2mΓÄ»ΓÄ»ΓÄ»ΓÄ»ΓÄ»ΓÄ»ΓÄ»ΓÄ»ΓÄ»ΓÄ»ΓÄ»ΓÄ»ΓÄ»ΓÄ»ΓÄ»ΓÄ»ΓÄ»ΓÄ»ΓÄ»ΓÄ»ΓÄ»[53/151]ΓÄ»[22m[39m

[41m[1m FAIL [22m[49m [30m[42m unit [49m[39m src/tests/unit/dataIntegrity.test.js[2m > [22mData Integrity & 
Business Logic (Client-Grade)[2m > [22mbulkImport()[2m > [22mgracefully skips duplicate AWBs and returns correct 
success/fail counts
[31m[1mPrismaClientKnownRequestError[22m: 
Invalid `prisma.shipment.createMany()` invocation in
C:\Users\hp\OneDrive\Desktop\seahawk-full_stack\backend\src\services\shipment.service.js:566:27

  563 
  564 // Insert new shipments in one transaction batch
  565 if (newShipmentsData.length > 0) {
ΓåÆ 566   await prisma.shipment.createMany(
Foreign key constraint violated: `shipments_created_by_id_fkey (index)`[39m
[90m [2mΓ¥»[22m $n.handleRequestError node_modules/@prisma/client/runtime/library.js:[2m121:7315[22m[39m
[90m [2mΓ¥»[22m $n.handleAndLogRequestError node_modules/@prisma/client/runtime/library.js:[2m121:6623[22m[39m
[90m [2mΓ¥»[22m $n.request node_modules/@prisma/client/runtime/library.js:[2m121:6307[22m[39m
[90m [2mΓ¥»[22m l node_modules/@prisma/client/runtime/library.js:[2m130:9633[22m[39m
[36m [2mΓ¥»[22m Module.bulkImport src/services/shipment.service.js:[2m566:5[22m[39m
    [90m564| [39m  [90m// Insert new shipments in one transaction batch[39m
    [90m565| [39m  [35mif[39m (newShipmentsData[33m.[39mlength [33m>[39m [34m0[39m) {
    [90m566| [39m    await prisma.shipment.createMany({ data: newShipmentsData, skipDupΓÇª
    [90m   | [39m    [31m^[39m
    [90m567| [39m    [35mconst[39m createdShipments [33m=[39m [35mawait[39m 
prisma[33m.[39mshipment[33m.[39m[34mfindMany[39m({
    [90m568| [39m      where[33m:[39m { awb[33m:[39m { [35min[39m[33m:[39m 
newShipmentsData[33m.[39m[34mmap[39m(s [33m=>[39m s[33m.[39mawb) } }[33m,[39m
[90m [2mΓ¥»[22m src/tests/unit/dataIntegrity.test.js:[2m285:22[22m[39m

[31m[2mΓÄ»ΓÄ»ΓÄ»ΓÄ»ΓÄ»ΓÄ»ΓÄ»ΓÄ»ΓÄ»ΓÄ»ΓÄ»ΓÄ»ΓÄ»ΓÄ»ΓÄ»ΓÄ»ΓÄ»ΓÄ»ΓÄ»ΓÄ»ΓÄ»[54/151]ΓÄ»[22m[39m

[41m[1m FAIL [22m[49m [30m[42m unit [49m[39m src/tests/unit/dataIntegrity.test.js[2m > [22mData Integrity & 
Business Logic (Client-Grade)[2m > [22mupdateStatus()[2m > [22menforces state machine transitions via API
[31m[1mAssertionError[22m: expected [Function] to throw error matching /transition/ but got 'Shipment not 
found.'[39m

[32m- Expected:[39m 
/transition/

[31m+ Received:[39m 
"Shipment not found."

[36m [2mΓ¥»[22m src/tests/unit/dataIntegrity.test.js:[2m313:7[22m[39m
    [90m311| [39m      })[33m;[39m
    [90m312| [39m
    [90m313| [39m      [35mawait[39m 
[34mexpect[39m(shipmentService[33m.[39m[34mupdateStatus[39m([34m1[39m[33m,[39m 
[32m'Delivered'[39m[33m,[39m [34m99[39m))
    [90m   | [39m      [31m^[39m
    [90m314| [39m        [33m.[39mrejects[33m.[39m[34mtoThrow[39m([36m/transition/[39m)[33m;[39m
    [90m315| [39m      

[31m[2mΓÄ»ΓÄ»ΓÄ»ΓÄ»ΓÄ»ΓÄ»ΓÄ»ΓÄ»ΓÄ»ΓÄ»ΓÄ»ΓÄ»ΓÄ»ΓÄ»ΓÄ»ΓÄ»ΓÄ»ΓÄ»ΓÄ»ΓÄ»ΓÄ»[55/151]ΓÄ»[22m[39m

[41m[1m FAIL [22m[49m [30m[42m unit [49m[39m src/tests/unit/dataIntegrity.test.js[2m > [22mData Integrity & 
Business Logic (Client-Grade)[2m > [22mupdateStatus()[2m > [22mcreates tracking event when status is updated
[31m[1mError[22m: Shipment not found.[39m
[36m [2mΓ¥»[22m getById src/services/shipment.service.js:[2m253:17[22m[39m
    [90m251| [39m    include: { client: true, createdBy: { select: { name: true } }, upΓÇª
    [90m252| [39m  })[33m;[39m
    [90m253| [39m  [35mif[39m ([33m![39ms) [35mthrow[39m [35mnew[39m [33mAppError[39m([32m'Shipment not 
found.'[39m[33m,[39m [34m404[39m)[33m;[39m
    [90m   | [39m                [31m^[39m
    [90m254| [39m  [35mreturn[39m s[33m;[39m
    [90m255| [39m}
[90m [2mΓ¥»[22m Module.updateStatus src/services/shipment.service.js:[2m358:20[22m[39m
[90m [2mΓ¥»[22m src/tests/unit/dataIntegrity.test.js:[2m331:7[22m[39m

[31m[2mΓÄ»ΓÄ»ΓÄ»ΓÄ»ΓÄ»ΓÄ»ΓÄ»ΓÄ»ΓÄ»ΓÄ»ΓÄ»ΓÄ»ΓÄ»ΓÄ»ΓÄ»ΓÄ»ΓÄ»ΓÄ»ΓÄ»ΓÄ»ΓÄ»[56/151]ΓÄ»[22m[39m

[41m[1m FAIL [22m[49m [30m[42m unit [49m[39m src/tests/unit/integrationIngest.service.test.js[2m > 
[22mintegration-ingest.service[2m > [22mcreates a draft on live ingest and writes idempotency/audit artifacts
[31m[1mAssertionError[22m: expected "spy" to be called with arguments: [ ObjectContaining{ΓÇª} ][90m

Number of calls: [1m0[22m
[31m[39m
[36m [2mΓ¥»[22m src/tests/unit/integrationIngest.service.test.js:[2m94:40[22m[39m
    [90m 92| [39m    }))[33m;[39m
    [90m 93| [39m    expect(cache.set).toHaveBeenCalledWith(expect.stringMatching(/^intΓÇª
    [90m 94| [39m    expect(mockPrisma.auditLog.create).toHaveBeenCalledWith(expect.objΓÇª
    [90m   | [39m                                       [31m^[39m
    [90m 95| [39m      data[33m:[39m expect[33m.[39m[34mobjectContaining[39m({
    [90m 96| [39m        action[33m:[39m [32m'INTEGRATION_DRAFT_CREATED'[39m[33m,[39m

[31m[2mΓÄ»ΓÄ»ΓÄ»ΓÄ»ΓÄ»ΓÄ»ΓÄ»ΓÄ»ΓÄ»ΓÄ»ΓÄ»ΓÄ»ΓÄ»ΓÄ»ΓÄ»ΓÄ»ΓÄ»ΓÄ»ΓÄ»ΓÄ»ΓÄ»[57/151]ΓÄ»[22m[39m

[41m[1m FAIL [22m[49m [30m[42m unit [49m[39m src/tests/unit/integrationIngest.service.test.js[2m > 
[22mintegration-ingest.service[2m > [22mreturns duplicate when existing draft exists and logs duplicate audit
[31m[1mAssertionError[22m: expected { duplicate: false, ΓÇª(4) } to deeply equal ObjectContaining{ΓÇª}[39m

[32m- Expected[39m
[31m+ Received[39m

[32m- ObjectContaining {[39m
[32m-   "draftId": 88,[39m
[32m-   "duplicate": true,[39m
[31m+ {[39m
[31m+   "draftId": 321,[39m
[31m+   "duplicate": false,[39m
[2m    "idempotencyReplay": false,[22m
[31m+   "orderId": "ORD-1001",[39m
[31m+   "referenceId": "ORD-1001",[39m
[2m  }[22m

[36m [2mΓ¥»[22m src/tests/unit/integrationIngest.service.test.js:[2m140:20[22m[39m
    [90m138| [39m    })[33m;[39m
    [90m139| [39m
    [90m140| [39m    
[34mexpect[39m(result)[33m.[39m[34mtoEqual[39m(expect[33m.[39m[34mobjectContaining[39m({
    [90m   | [39m                   [31m^[39m
    [90m141| [39m      duplicate[33m:[39m [35mtrue[39m[33m,[39m
    [90m142| [39m      idempotencyReplay[33m:[39m [35mfalse[39m[33m,[39m

[31m[2mΓÄ»ΓÄ»ΓÄ»ΓÄ»ΓÄ»ΓÄ»ΓÄ»ΓÄ»ΓÄ»ΓÄ»ΓÄ»ΓÄ»ΓÄ»ΓÄ»ΓÄ»ΓÄ»ΓÄ»ΓÄ»ΓÄ»ΓÄ»ΓÄ»[58/151]ΓÄ»[22m[39m

[41m[1m FAIL [22m[49m [30m[42m unit [49m[39m src/tests/unit/integrationIngest.service.test.js[2m > 
[22mintegration-ingest.service[2m > [22mqueues dead-letter jobs with failed status metadata
[31m[1mAssertionError[22m: expected { id: 1, ΓÇª(10) } to deeply equal { id: 9 }[39m

[32m- Expected[39m
[31m+ Received[39m

[2m  {[22m
[32m-   "id": 9,[39m
[31m+   "attempts": 3,[39m
[31m+   "completedAt": 2026-05-03T05:17:45.611Z,[39m
[31m+   "createdAt": 2026-05-03T05:17:45.615Z,[39m
[31m+   "error": "mapping-failed",[39m
[31m+   "id": 1,[39m
[31m+   "maxAttempts": 3,[39m
[31m+   "payload": {[39m
[31m+     "body": {[39m
[31m+       "hello": "world",[39m
[31m+     },[39m
[31m+     "clientCode": "SEA",[39m
[31m+     "provider": "custom",[39m
[31m+     "reason": "mapping-failed",[39m
[31m+     "requestId": "req-5",[39m
[31m+     "sourceIp": "10.0.0.1",[39m
[31m+   },[39m
[31m+   "runAfter": 2026-05-03T05:17:45.611Z,[39m
[31m+   "startedAt": null,[39m
[31m+   "status": "FAILED",[39m
[31m+   "type": "INTEGRATION_DEAD_LETTER",[39m
[2m  }[22m

[36m [2mΓ¥»[22m src/tests/unit/integrationIngest.service.test.js:[2m182:20[22m[39m
    [90m180| [39m    })[33m;[39m
    [90m181| [39m
    [90m182| [39m    [34mexpect[39m(result)[33m.[39m[34mtoEqual[39m({ id[33m:[39m [34m9[39m })[33m;[39m
    [90m   | [39m                   [31m^[39m
    [90m183| [39m    expect(mockPrisma.jobQueue.create).toHaveBeenCalledWith(expect.objΓÇª
    [90m184| [39m      data[33m:[39m expect[33m.[39m[34mobjectContaining[39m({

[31m[2mΓÄ»ΓÄ»ΓÄ»ΓÄ»ΓÄ»ΓÄ»ΓÄ»ΓÄ»ΓÄ»ΓÄ»ΓÄ»ΓÄ»ΓÄ»ΓÄ»ΓÄ»ΓÄ»ΓÄ»ΓÄ»ΓÄ»ΓÄ»ΓÄ»[59/151]ΓÄ»[22m[39m

[41m[1m FAIL [22m[49m [30m[42m unit [49m[39m src/tests/unit/invoice.service.test.js[2m > 
[22minvoice.service[2m > [22mcreate[2m > [22mthrows AppError if no unbilled shipments found
[31m[1mAssertionError[22m: expected [Function] to throw error including 'No unbilled shipments found' but got 
'Client not found'[39m

Expected: [32m"[7mNo unbilled shipments[27m found"[39m
Received: [31m"[7mClient not[27m found"[39m

[36m [2mΓ¥»[22m src/tests/unit/invoice.service.test.js:[2m27:7[22m[39m
    [90m 25| [39m      mockPrisma.client.findUnique.mockResolvedValue({ code: 'CLI-1', ΓÇª
    [90m 26| [39m      
mockPrisma[33m.[39mshipment[33m.[39mfindMany[33m.[39m[34mmockResolvedValue[39m([])[33m;[39m
    [90m 27| [39m      [35mawait[39m [34mexpect[39m(
    [90m   | [39m      [31m^[39m
    [90m 28| [39m        invoiceService.create({ clientCode: 'CLI-1', fromDate: '2023-0ΓÇª
    [90m 29| [39m      )[33m.[39mrejects[33m.[39m[34mtoThrow[39m([32m'No unbilled shipments 
found'[39m)[33m;[39m

[31m[2mΓÄ»ΓÄ»ΓÄ»ΓÄ»ΓÄ»ΓÄ»ΓÄ»ΓÄ»ΓÄ»ΓÄ»ΓÄ»ΓÄ»ΓÄ»ΓÄ»ΓÄ»ΓÄ»ΓÄ»ΓÄ»ΓÄ»ΓÄ»ΓÄ»[60/151]ΓÄ»[22m[39m

[41m[1m FAIL [22m[49m [30m[42m unit [49m[39m src/tests/unit/invoice.service.test.js[2m > 
[22minvoice.service[2m > [22mcreate[2m > [22mgenerates invoice successfully with intra-state GST (Haryana)
[31m[1mError[22m: Client not found[39m
[36m [2mΓ¥»[22m Module.create src/services/invoice.service.js:[2m29:22[22m[39m
    [90m 27| [39masync function create({ clientCode, fromDate, toDate, gstPercent = 18,ΓÇª
    [90m 28| [39m  const client = await db.client.findUnique({ where: { code: clientCodΓÇª
    [90m 29| [39m  [35mif[39m ([33m![39mclient) [35mthrow[39m [35mnew[39m [33mAppError[39m([32m'Client 
not found'[39m[33m,[39m [34m404[39m)[33m;[39m
    [90m   | [39m                     [31m^[39m
    [90m 30| [39m
    [90m 31| [39m  [90m// Get unbilled shipments for this client and date range[39m
[90m [2mΓ¥»[22m src/tests/unit/invoice.service.test.js:[2m41:23[22m[39m

[31m[2mΓÄ»ΓÄ»ΓÄ»ΓÄ»ΓÄ»ΓÄ»ΓÄ»ΓÄ»ΓÄ»ΓÄ»ΓÄ»ΓÄ»ΓÄ»ΓÄ»ΓÄ»ΓÄ»ΓÄ»ΓÄ»ΓÄ»ΓÄ»ΓÄ»[61/151]ΓÄ»[22m[39m

[41m[1m FAIL [22m[49m [30m[42m unit [49m[39m src/tests/unit/invoice.service.test.js[2m > 
[22minvoice.service[2m > [22mcreate[2m > [22mgenerates invoice successfully with inter-state GST
[31m[1mError[22m: Client not found[39m
[36m [2mΓ¥»[22m Module.create src/services/invoice.service.js:[2m29:22[22m[39m
    [90m 27| [39masync function create({ clientCode, fromDate, toDate, gstPercent = 18,ΓÇª
    [90m 28| [39m  const client = await db.client.findUnique({ where: { code: clientCodΓÇª
    [90m 29| [39m  [35mif[39m ([33m![39mclient) [35mthrow[39m [35mnew[39m [33mAppError[39m([32m'Client 
not found'[39m[33m,[39m [34m404[39m)[33m;[39m
    [90m   | [39m                     [31m^[39m
    [90m 30| [39m
    [90m 31| [39m  [90m// Get unbilled shipments for this client and date range[39m
[90m [2mΓ¥»[22m src/tests/unit/invoice.service.test.js:[2m61:23[22m[39m

[31m[2mΓÄ»ΓÄ»ΓÄ»ΓÄ»ΓÄ»ΓÄ»ΓÄ»ΓÄ»ΓÄ»ΓÄ»ΓÄ»ΓÄ»ΓÄ»ΓÄ»ΓÄ»ΓÄ»ΓÄ»ΓÄ»ΓÄ»ΓÄ»ΓÄ»[62/151]ΓÄ»[22m[39m

[41m[1m FAIL [22m[49m [30m[42m unit [49m[39m src/tests/unit/invoice.service.test.js[2m > 
[22minvoice.service[2m > [22mgetAll[2m > [22mreturns invoices with items count
[31m[1mAssertionError[22m: expected "spy" to be called with arguments: [ ObjectContaining{ΓÇª} ][90m

Number of calls: [1m0[22m
[31m[39m
[36m [2mΓ¥»[22m src/tests/unit/invoice.service.test.js:[2m78:43[22m[39m
    [90m 76| [39m      
mockPrisma[33m.[39minvoice[33m.[39mfindMany[33m.[39m[34mmockResolvedValue[39m(mockResult)[33m;[39m
    [90m 77| [39m      [35mconst[39m res [33m=[39m [35mawait[39m 
invoiceService[33m.[39m[34mgetAll[39m([32m'CLI'[39m)[33m;[39m
    [90m 78| [39m      expect(mockPrisma.invoice.findMany).toHaveBeenCalledWith(expect.ΓÇª
    [90m   | [39m                                          [31m^[39m
    [90m 79| [39m        where[33m:[39m { clientCode[33m:[39m [32m'CLI'[39m }
    [90m 80| [39m      }))[33m;[39m

[31m[2mΓÄ»ΓÄ»ΓÄ»ΓÄ»ΓÄ»ΓÄ»ΓÄ»ΓÄ»ΓÄ»ΓÄ»ΓÄ»ΓÄ»ΓÄ»ΓÄ»ΓÄ»ΓÄ»ΓÄ»ΓÄ»ΓÄ»ΓÄ»ΓÄ»[63/151]ΓÄ»[22m[39m

[41m[1m FAIL [22m[49m [30m[42m unit [49m[39m src/tests/unit/invoice.service.test.js[2m > 
[22minvoice.service[2m > [22mgetById[2m > [22mreturns invoice if found
[31m[1mError[22m: Invoice not found[39m
[36m [2mΓ¥»[22m Module.getById src/services/invoice.service.js:[2m117:19[22m[39m
    [90m115| [39m    }[33m,[39m
    [90m116| [39m  })[33m;[39m
    [90m117| [39m  [35mif[39m ([33m![39minv) [35mthrow[39m [35mnew[39m [33mAppError[39m([32m'Invoice not 
found'[39m[33m,[39m [34m404[39m)[33m;[39m
    [90m   | [39m                  [31m^[39m
    [90m118| [39m  [35mreturn[39m inv[33m;[39m
    [90m119| [39m}
[90m [2mΓ¥»[22m src/tests/unit/invoice.service.test.js:[2m88:19[22m[39m

[31m[2mΓÄ»ΓÄ»ΓÄ»ΓÄ»ΓÄ»ΓÄ»ΓÄ»ΓÄ»ΓÄ»ΓÄ»ΓÄ»ΓÄ»ΓÄ»ΓÄ»ΓÄ»ΓÄ»ΓÄ»ΓÄ»ΓÄ»ΓÄ»ΓÄ»[64/151]ΓÄ»[22m[39m

[41m[1m FAIL [22m[49m [30m[42m unit [49m[39m src/tests/unit/invoice.service.test.js[2m > 
[22minvoice.service[2m > [22mupdateStatus[2m > [22mupdates and returns invoice
[31m[1mPrismaClientKnownRequestError[22m: 
Invalid `db.invoice.update()` invocation in
C:\Users\hp\OneDrive\Desktop\seahawk-full_stack\backend\src\services\invoice.service.js:123:21

  120 
  121 // Update status
  122 async function updateStatus(id, status, db = prisma) {
ΓåÆ 123   return db.invoice.update(
An operation failed because it depends on one or more records that were required but not found. Record to update not 
found.[39m
[90m [2mΓ¥»[22m $n.handleRequestError node_modules/@prisma/client/runtime/library.js:[2m121:7315[22m[39m
[90m [2mΓ¥»[22m $n.handleAndLogRequestError node_modules/@prisma/client/runtime/library.js:[2m121:6623[22m[39m
[90m [2mΓ¥»[22m $n.request node_modules/@prisma/client/runtime/library.js:[2m121:6307[22m[39m
[90m [2mΓ¥»[22m l node_modules/@prisma/client/runtime/library.js:[2m130:9633[22m[39m
[36m [2mΓ¥»[22m src/tests/unit/invoice.service.test.js:[2m101:19[22m[39m
    [90m 99| [39m    [34mit[39m([32m'updates and returns invoice'[39m[33m,[39m [35masync[39m () [33m=>[39m 
{
    [90m100| [39m      mockPrisma.invoice.update.mockResolvedValue({ id: 1, status: 'PAΓÇª
    [90m101| [39m      [35mconst[39m res [33m=[39m [35mawait[39m 
invoiceService[33m.[39m[34mupdateStatus[39m([34m1[39m[33m,[39m [32m'PAID'[39m)[33m;[39m
    [90m   | [39m                  [31m^[39m
    [90m102| [39m      [34mexpect[39m(res[33m.[39mstatus)[33m.[39m[34mtoBe[39m([32m'PAID'[39m)[33m;[39m
    [90m103| [39m    })[33m;[39m

[31m[2mΓÄ»ΓÄ»ΓÄ»ΓÄ»ΓÄ»ΓÄ»ΓÄ»ΓÄ»ΓÄ»ΓÄ»ΓÄ»ΓÄ»ΓÄ»ΓÄ»ΓÄ»ΓÄ»ΓÄ»ΓÄ»ΓÄ»ΓÄ»ΓÄ»[65/151]ΓÄ»[22m[39m

[41m[1m FAIL [22m[49m [30m[42m unit [49m[39m src/tests/unit/invoice.service.test.js[2m > 
[22minvoice.service[2m > [22mremove[2m > [22mdeletes invoice
[31m[1mPrismaClientKnownRequestError[22m: 
Invalid `db.invoice.delete()` invocation in
C:\Users\hp\OneDrive\Desktop\seahawk-full_stack\backend\src\services\invoice.service.js:128:27

  125 
  126 // Delete invoice (restores shipments to unbilled)
  127 async function remove(id, db = prisma) {
ΓåÆ 128   return db.invoice.delete(
An operation failed because it depends on one or more records that were required but not found. Record to delete does 
not exist.[39m
[90m [2mΓ¥»[22m $n.handleRequestError node_modules/@prisma/client/runtime/library.js:[2m121:7315[22m[39m
[90m [2mΓ¥»[22m $n.handleAndLogRequestError node_modules/@prisma/client/runtime/library.js:[2m121:6623[22m[39m
[90m [2mΓ¥»[22m $n.request node_modules/@prisma/client/runtime/library.js:[2m121:6307[22m[39m
[90m [2mΓ¥»[22m l node_modules/@prisma/client/runtime/library.js:[2m130:9633[22m[39m
[36m [2mΓ¥»[22m src/tests/unit/invoice.service.test.js:[2m109:19[22m[39m
    [90m107| [39m    [34mit[39m([32m'deletes invoice'[39m[33m,[39m [35masync[39m () [33m=>[39m {
    [90m108| [39m      
mockPrisma[33m.[39minvoice[33m.[39m[35mdelete[39m[33m.[39m[34mmockResolvedValue[39m({ id[33m:[39m 
[34m1[39m })[33m;[39m
    [90m109| [39m      [35mconst[39m res [33m=[39m [35mawait[39m 
invoiceService[33m.[39m[34mremove[39m([34m1[39m)[33m;[39m
    [90m   | [39m                  [31m^[39m
    [90m110| [39m      [34mexpect[39m(res[33m.[39mid)[33m.[39m[34mtoBe[39m([34m1[39m)[33m;[39m
    [90m111| [39m    })[33m;[39m

[31m[2mΓÄ»ΓÄ»ΓÄ»ΓÄ»ΓÄ»ΓÄ»ΓÄ»ΓÄ»ΓÄ»ΓÄ»ΓÄ»ΓÄ»ΓÄ»ΓÄ»ΓÄ»ΓÄ»ΓÄ»ΓÄ»ΓÄ»ΓÄ»ΓÄ»[66/151]ΓÄ»[22m[39m

[41m[1m FAIL [22m[49m [30m[42m unit [49m[39m src/tests/unit/ndrService.test.js[2m > [22mndr.service[2m > 
[22mgetAll[2m > [22mreturns paginated NDR events
[31m[1mAssertionError[22m: expected [] to have a length of 1 but got +0[39m

[32m- Expected[39m
[31m+ Received[39m

[32m- 1[39m
[31m+ 0[39m

[36m [2mΓ¥»[22m src/tests/unit/ndrService.test.js:[2m21:28[22m[39m
    [90m 19| [39m
    [90m 20| [39m      const result = await ndrService.getAll({ status: undefined, pageΓÇª
    [90m 21| [39m      
[34mexpect[39m(result[33m.[39mitems)[33m.[39m[34mtoHaveLength[39m([34m1[39m)[33m;[39m
    [90m   | [39m                           [31m^[39m
    [90m 22| [39m      [34mexpect[39m(result[33m.[39mtotal)[33m.[39m[34mtoBe[39m([34m1[39m)[33m;[39m
    [90m 23| [39m    })[33m;[39m

[31m[2mΓÄ»ΓÄ»ΓÄ»ΓÄ»ΓÄ»ΓÄ»ΓÄ»ΓÄ»ΓÄ»ΓÄ»ΓÄ»ΓÄ»ΓÄ»ΓÄ»ΓÄ»ΓÄ»ΓÄ»ΓÄ»ΓÄ»ΓÄ»ΓÄ»[67/151]ΓÄ»[22m[39m

[41m[1m FAIL [22m[49m [30m[42m unit [49m[39m src/tests/unit/ndrService.test.js[2m > [22mndr.service[2m > 
[22mgetAll[2m > [22mfilters by PENDING status (adminAction is null)
[31m[1mPrismaClientValidationError[22m: 
Invalid `prisma.nDREvent.count()` invocation in
C:\Users\hp\OneDrive\Desktop\seahawk-full_stack\backend\src\services\ndr.service.js:14:21

  11   skip: (page - 1) * limit,
  12   take: limit,
  13 }),
ΓåÆ 14 prisma.nDREvent.count({
       select: {
         _count: {
           select: {
             _all: true
           }
         }
       },
       where: {
         adminAction: null,
         ~~~~~~~~~~~
     ?   AND?: NDREventWhereInput | NDREventWhereInput[],
     ?   OR?: NDREventWhereInput[],
     ?   NOT?: NDREventWhereInput | NDREventWhereInput[],
     ?   id?: IntFilter | Int,
     ?   shipmentId?: IntFilter | Int,
     ?   awb?: StringFilter | String,
     ?   reason?: StringFilter | String,
     ?   description?: StringNullableFilter | String | Null,
     ?   attemptNo?: IntFilter | Int,
     ?   action?: StringFilter | String,
     ?   newAddress?: StringNullableFilter | String | Null,
     ?   resolvedAt?: DateTimeNullableFilter | DateTime | Null,
     ?   createdAt?: DateTimeFilter | DateTime,
     ?   updatedAt?: DateTimeFilter | DateTime,
     ?   shipment?: ShipmentRelationFilter | ShipmentWhereInput
       }
     })

Unknown argument `adminAction`. Available options are marked with ?.[39m
[90m [2mΓ¥»[22m wn node_modules/@prisma/client/runtime/library.js:[2m29:1363[22m[39m
[90m [2mΓ¥»[22m $n.handleRequestError node_modules/@prisma/client/runtime/library.js:[2m121:6958[22m[39m
[90m [2mΓ¥»[22m $n.handleAndLogRequestError node_modules/@prisma/client/runtime/library.js:[2m121:6623[22m[39m
[90m [2mΓ¥»[22m $n.request node_modules/@prisma/client/runtime/library.js:[2m121:6307[22m[39m
[90m [2mΓ¥»[22m l node_modules/@prisma/client/runtime/library.js:[2m130:9633[22m[39m
[36m [2mΓ¥»[22m Module.getAll src/services/ndr.service.js:[2m7:26[22m[39m
    [90m  5| [39m  [35mconst[39m where [33m=[39m {}[33m;[39m
    [90m  6| [39m  [35mif[39m (status) where[33m.[39madminAction [33m=[39m status [33m===[39m 
[32m'PENDING'[39m [33m?[39m [35mnull[39m [33m:[39m status[33m;[39m
    [90m  7| [39m  [35mconst[39m [items[33m,[39m total] [33m=[39m [35mawait[39m 
[33mPromise[39m[33m.[39m[34mall[39m([
    [90m   | [39m                         [31m^[39m
    [90m  8| [39m    prisma[33m.[39mnDREvent[33m.[39m[34mfindMany[39m({
    [90m  9| [39m      where[33m,[39m
[90m [2mΓ¥»[22m src/tests/unit/ndrService.test.js:[2m28:7[22m[39m

[31m[2mΓÄ»ΓÄ»ΓÄ»ΓÄ»ΓÄ»ΓÄ»ΓÄ»ΓÄ»ΓÄ»ΓÄ»ΓÄ»ΓÄ»ΓÄ»ΓÄ»ΓÄ»ΓÄ»ΓÄ»ΓÄ»ΓÄ»ΓÄ»ΓÄ»[68/151]ΓÄ»[22m[39m

[41m[1m FAIL [22m[49m [30m[42m unit [49m[39m src/tests/unit/ndrService.test.js[2m > [22mndr.service[2m > 
[22mgetAll[2m > [22mfilters by resolved status
[31m[1mPrismaClientValidationError[22m: 
Invalid `prisma.nDREvent.findMany()` invocation in
C:\Users\hp\OneDrive\Desktop\seahawk-full_stack\backend\src\services\ndr.service.js:8:21

  5 const where = {};
  6 if (status) where.adminAction = status === 'PENDING' ? null : status;
  7 const [items, total] = await Promise.all([
ΓåÆ 8   prisma.nDREvent.findMany({
        where: {
          adminAction: "REATTEMPT",
          ~~~~~~~~~~~
      ?   AND?: NDREventWhereInput | NDREventWhereInput[],
      ?   OR?: NDREventWhereInput[],
      ?   NOT?: NDREventWhereInput | NDREventWhereInput[],
      ?   id?: IntFilter | Int,
      ?   shipmentId?: IntFilter | Int,
      ?   awb?: StringFilter | String,
      ?   reason?: StringFilter | String,
      ?   description?: StringNullableFilter | String | Null,
      ?   attemptNo?: IntFilter | Int,
      ?   action?: StringFilter | String,
      ?   newAddress?: StringNullableFilter | String | Null,
      ?   resolvedAt?: DateTimeNullableFilter | DateTime | Null,
      ?   createdAt?: DateTimeFilter | DateTime,
      ?   updatedAt?: DateTimeFilter | DateTime,
      ?   shipment?: ShipmentRelationFilter | ShipmentWhereInput
        },
        orderBy: {
          createdAt: "desc"
        },
        skip: 0,
        take: 50
      })

Unknown argument `adminAction`. Available options are marked with ?.[39m
[90m [2mΓ¥»[22m wn node_modules/@prisma/client/runtime/library.js:[2m29:1363[22m[39m
[90m [2mΓ¥»[22m $n.handleRequestError node_modules/@prisma/client/runtime/library.js:[2m121:6958[22m[39m
[90m [2mΓ¥»[22m $n.handleAndLogRequestError node_modules/@prisma/client/runtime/library.js:[2m121:6623[22m[39m
[90m [2mΓ¥»[22m $n.request node_modules/@prisma/client/runtime/library.js:[2m121:6307[22m[39m
[90m [2mΓ¥»[22m l node_modules/@prisma/client/runtime/library.js:[2m130:9633[22m[39m
[36m [2mΓ¥»[22m Module.getAll src/services/ndr.service.js:[2m7:26[22m[39m
    [90m  5| [39m  [35mconst[39m where [33m=[39m {}[33m;[39m
    [90m  6| [39m  [35mif[39m (status) where[33m.[39madminAction [33m=[39m status [33m===[39m 
[32m'PENDING'[39m [33m?[39m [35mnull[39m [33m:[39m status[33m;[39m
    [90m  7| [39m  [35mconst[39m [items[33m,[39m total] [33m=[39m [35mawait[39m 
[33mPromise[39m[33m.[39m[34mall[39m([
    [90m   | [39m                         [31m^[39m
    [90m  8| [39m    prisma[33m.[39mnDREvent[33m.[39m[34mfindMany[39m({
    [90m  9| [39m      where[33m,[39m
[90m [2mΓ¥»[22m src/tests/unit/ndrService.test.js:[2m37:7[22m[39m

[31m[2mΓÄ»ΓÄ»ΓÄ»ΓÄ»ΓÄ»ΓÄ»ΓÄ»ΓÄ»ΓÄ»ΓÄ»ΓÄ»ΓÄ»ΓÄ»ΓÄ»ΓÄ»ΓÄ»ΓÄ»ΓÄ»ΓÄ»ΓÄ»ΓÄ»[69/151]ΓÄ»[22m[39m

[41m[1m FAIL [22m[49m [30m[42m unit [49m[39m src/tests/unit/ndrService.test.js[2m > [22mndr.service[2m > 
[22mcreate[2m > [22mcreates an NDR event
[31m[1mPrismaClientKnownRequestError[22m: 
Invalid `prisma.nDREvent.create()` invocation in
C:\Users\hp\OneDrive\Desktop\seahawk-full_stack\backend\src\services\ndr.service.js:20:26

  17 }
  18 
  19 async function create({ shipmentId, awb, reason, notes, createdById }) {
ΓåÆ 20   return prisma.nDREvent.create(
Foreign key constraint violated: `ndr_events_shipment_id_fkey (index)`[39m
[90m [2mΓ¥»[22m $n.handleRequestError node_modules/@prisma/client/runtime/library.js:[2m121:7315[22m[39m
[90m [2mΓ¥»[22m $n.handleAndLogRequestError node_modules/@prisma/client/runtime/library.js:[2m121:6623[22m[39m
[90m [2mΓ¥»[22m $n.request node_modules/@prisma/client/runtime/library.js:[2m121:6307[22m[39m
[90m [2mΓ¥»[22m l node_modules/@prisma/client/runtime/library.js:[2m130:9633[22m[39m
[36m [2mΓ¥»[22m src/tests/unit/ndrService.test.js:[2m47:22[22m[39m
    [90m 45| [39m    [34mit[39m([32m'creates an NDR event'[39m[33m,[39m [35masync[39m () [33m=>[39m {
    [90m 46| [39m      mockPrisma.nDREvent.create.mockResolvedValue({ id: 1, awb: 'AWB1ΓÇª
    [90m 47| [39m      const result = await ndrService.create({ shipmentId: 1, awb: 'AWΓÇª
    [90m   | [39m                     [31m^[39m
    [90m 48| [39m      [34mexpect[39m(result[33m.[39mawb)[33m.[39m[34mtoBe[39m([32m'AWB1'[39m)[33m;[39m
    [90m 49| [39m    })[33m;[39m

[31m[2mΓÄ»ΓÄ»ΓÄ»ΓÄ»ΓÄ»ΓÄ»ΓÄ»ΓÄ»ΓÄ»ΓÄ»ΓÄ»ΓÄ»ΓÄ»ΓÄ»ΓÄ»ΓÄ»ΓÄ»ΓÄ»ΓÄ»ΓÄ»ΓÄ»[70/151]ΓÄ»[22m[39m

[41m[1m FAIL [22m[49m [30m[42m unit [49m[39m src/tests/unit/ndrService.test.js[2m > [22mndr.service[2m > 
[22mresolve[2m > [22mresolves with REATTEMPT and sets resolvedAt
[31m[1mPrismaClientValidationError[22m: 
Invalid `prisma.nDREvent.update()` invocation in
C:\Users\hp\OneDrive\Desktop\seahawk-full_stack\backend\src\services\ndr.service.js:26:26

  23 }
  24 
  25 async function resolve(id, { adminAction, newAddress, notes }) {
ΓåÆ 26   return prisma.nDREvent.update({
         where: {
           id: 1
         },
         data: {
           adminAction: "REATTEMPT",
           ~~~~~~~~~~~
           newAddress: null,
           notes: "Try again",
           resolvedAt: new Date("2026-05-03T05:17:45.391Z"),
       ?   awb?: String | StringFieldUpdateOperationsInput,
       ?   reason?: String | StringFieldUpdateOperationsInput,
       ?   description?: String | NullableStringFieldUpdateOperationsInput | Null,
       ?   attemptNo?: Int | IntFieldUpdateOperationsInput,
       ?   action?: String | StringFieldUpdateOperationsInput,
       ?   createdAt?: DateTime | DateTimeFieldUpdateOperationsInput,
       ?   updatedAt?: DateTime | DateTimeFieldUpdateOperationsInput,
       ?   shipment?: ShipmentUpdateOneRequiredWithoutNdrEventsNestedInput
         }
       })

Unknown argument `adminAction`. Available options are marked with ?.[39m
[90m [2mΓ¥»[22m wn node_modules/@prisma/client/runtime/library.js:[2m29:1363[22m[39m
[90m [2mΓ¥»[22m $n.handleRequestError node_modules/@prisma/client/runtime/library.js:[2m121:6958[22m[39m
[90m [2mΓ¥»[22m $n.handleAndLogRequestError node_modules/@prisma/client/runtime/library.js:[2m121:6623[22m[39m
[90m [2mΓ¥»[22m $n.request node_modules/@prisma/client/runtime/library.js:[2m121:6307[22m[39m
[90m [2mΓ¥»[22m l node_modules/@prisma/client/runtime/library.js:[2m130:9633[22m[39m
[36m [2mΓ¥»[22m src/tests/unit/ndrService.test.js:[2m55:22[22m[39m
    [90m 53| [39m    [34mit[39m([32m'resolves with REATTEMPT and sets resolvedAt'[39m[33m,[39m [35masync[39m 
() [33m=>[39m {
    [90m 54| [39m      mockPrisma.nDREvent.update.mockResolvedValue({ id: 1, adminActioΓÇª
    [90m 55| [39m      const result = await ndrService.resolve(1, { adminAction: 'REATTΓÇª
    [90m   | [39m                     [31m^[39m
    [90m 56| [39m      
[34mexpect[39m(result[33m.[39madminAction)[33m.[39m[34mtoBe[39m([32m'REATTEMPT'[39m)[33m;[39m
    [90m 57| [39m    })[33m;[39m

[31m[2mΓÄ»ΓÄ»ΓÄ»ΓÄ»ΓÄ»ΓÄ»ΓÄ»ΓÄ»ΓÄ»ΓÄ»ΓÄ»ΓÄ»ΓÄ»ΓÄ»ΓÄ»ΓÄ»ΓÄ»ΓÄ»ΓÄ»ΓÄ»ΓÄ»[71/151]ΓÄ»[22m[39m

[41m[1m FAIL [22m[49m [30m[42m unit [49m[39m src/tests/unit/ndrService.test.js[2m > [22mndr.service[2m > 
[22mresolve[2m > [22mresolves with RTO and sets resolvedAt
[31m[1mPrismaClientValidationError[22m: 
Invalid `prisma.nDREvent.update()` invocation in
C:\Users\hp\OneDrive\Desktop\seahawk-full_stack\backend\src\services\ndr.service.js:26:26

  23 }
  24 
  25 async function resolve(id, { adminAction, newAddress, notes }) {
ΓåÆ 26   return prisma.nDREvent.update({
         where: {
           id: 1
         },
         data: {
           adminAction: "RTO",
           ~~~~~~~~~~~
           newAddress: undefined,
           notes: undefined,
           resolvedAt: new Date("2026-05-03T05:17:45.435Z"),
       ?   awb?: String | StringFieldUpdateOperationsInput,
       ?   reason?: String | StringFieldUpdateOperationsInput,
       ?   description?: String | NullableStringFieldUpdateOperationsInput | Null,
       ?   attemptNo?: Int | IntFieldUpdateOperationsInput,
       ?   action?: String | StringFieldUpdateOperationsInput,
       ?   createdAt?: DateTime | DateTimeFieldUpdateOperationsInput,
       ?   updatedAt?: DateTime | DateTimeFieldUpdateOperationsInput,
       ?   shipment?: ShipmentUpdateOneRequiredWithoutNdrEventsNestedInput
         }
       })

Unknown argument `adminAction`. Available options are marked with ?.[39m
[90m [2mΓ¥»[22m wn node_modules/@prisma/client/runtime/library.js:[2m29:1363[22m[39m
[90m [2mΓ¥»[22m $n.handleRequestError node_modules/@prisma/client/runtime/library.js:[2m121:6958[22m[39m
[90m [2mΓ¥»[22m $n.handleAndLogRequestError node_modules/@prisma/client/runtime/library.js:[2m121:6623[22m[39m
[90m [2mΓ¥»[22m $n.request node_modules/@prisma/client/runtime/library.js:[2m121:6307[22m[39m
[90m [2mΓ¥»[22m l node_modules/@prisma/client/runtime/library.js:[2m130:9633[22m[39m
[36m [2mΓ¥»[22m src/tests/unit/ndrService.test.js:[2m61:22[22m[39m
    [90m 59| [39m    [34mit[39m([32m'resolves with RTO and sets resolvedAt'[39m[33m,[39m [35masync[39m () 
[33m=>[39m {
    [90m 60| [39m      mockPrisma.nDREvent.update.mockResolvedValue({ id: 1, adminActioΓÇª
    [90m 61| [39m      const result = await ndrService.resolve(1, { adminAction: 'RTO' ΓÇª
    [90m   | [39m                     [31m^[39m
    [90m 62| [39m      
[34mexpect[39m(result[33m.[39madminAction)[33m.[39m[34mtoBe[39m([32m'RTO'[39m)[33m;[39m
    [90m 63| [39m    })[33m;[39m

[31m[2mΓÄ»ΓÄ»ΓÄ»ΓÄ»ΓÄ»ΓÄ»ΓÄ»ΓÄ»ΓÄ»ΓÄ»ΓÄ»ΓÄ»ΓÄ»ΓÄ»ΓÄ»ΓÄ»ΓÄ»ΓÄ»ΓÄ»ΓÄ»ΓÄ»[72/151]ΓÄ»[22m[39m

[41m[1m FAIL [22m[49m [30m[42m unit [49m[39m src/tests/unit/ndrService.test.js[2m > [22mndr.service[2m > 
[22mincrementAttempts[2m > [22mincrements attempt count
[31m[1mPrismaClientValidationError[22m: 
Invalid `prisma.nDREvent.update()` invocation in
C:\Users\hp\OneDrive\Desktop\seahawk-full_stack\backend\src\services\ndr.service.js:38:26

  35 }
  36 
  37 async function incrementAttempts(id) {
ΓåÆ 38   return prisma.nDREvent.update({
         where: {
           id: 1
         },
         data: {
           attempts: {
           ~~~~~~~~
             increment: 1
           },
       ?   awb?: String | StringFieldUpdateOperationsInput,
       ?   reason?: String | StringFieldUpdateOperationsInput,
       ?   description?: String | NullableStringFieldUpdateOperationsInput | Null,
       ?   attemptNo?: Int | IntFieldUpdateOperationsInput,
       ?   action?: String | StringFieldUpdateOperationsInput,
       ?   newAddress?: String | NullableStringFieldUpdateOperationsInput | Null,
       ?   resolvedAt?: DateTime | NullableDateTimeFieldUpdateOperationsInput | Null,
       ?   createdAt?: DateTime | DateTimeFieldUpdateOperationsInput,
       ?   updatedAt?: DateTime | DateTimeFieldUpdateOperationsInput,
       ?   shipment?: ShipmentUpdateOneRequiredWithoutNdrEventsNestedInput
         }
       })

Unknown argument `attempts`. Did you mean `attemptNo`? Available options are marked with ?.[39m
[90m [2mΓ¥»[22m wn node_modules/@prisma/client/runtime/library.js:[2m29:1363[22m[39m
[90m [2mΓ¥»[22m $n.handleRequestError node_modules/@prisma/client/runtime/library.js:[2m121:6958[22m[39m
[90m [2mΓ¥»[22m $n.handleAndLogRequestError node_modules/@prisma/client/runtime/library.js:[2m121:6623[22m[39m
[90m [2mΓ¥»[22m $n.request node_modules/@prisma/client/runtime/library.js:[2m121:6307[22m[39m
[90m [2mΓ¥»[22m l node_modules/@prisma/client/runtime/library.js:[2m130:9633[22m[39m
[36m [2mΓ¥»[22m src/tests/unit/ndrService.test.js:[2m69:22[22m[39m
    [90m 67| [39m    [34mit[39m([32m'increments attempt count'[39m[33m,[39m [35masync[39m () [33m=>[39m {
    [90m 68| [39m      mockPrisma.nDREvent.update.mockResolvedValue({ id: 1, attempts: ΓÇª
    [90m 69| [39m      [35mconst[39m result [33m=[39m [35mawait[39m 
ndrService[33m.[39m[34mincrementAttempts[39m([34m1[39m)[33m;[39m
    [90m   | [39m                     [31m^[39m
    [90m 70| [39m      [34mexpect[39m(result[33m.[39mattempts)[33m.[39m[34mtoBe[39m([34m3[39m)[33m;[39m
    [90m 71| [39m    })[33m;[39m

[31m[2mΓÄ»ΓÄ»ΓÄ»ΓÄ»ΓÄ»ΓÄ»ΓÄ»ΓÄ»ΓÄ»ΓÄ»ΓÄ»ΓÄ»ΓÄ»ΓÄ»ΓÄ»ΓÄ»ΓÄ»ΓÄ»ΓÄ»ΓÄ»ΓÄ»[73/151]ΓÄ»[22m[39m

[41m[1m FAIL [22m[49m [30m[42m unit [49m[39m src/tests/unit/otpService.test.js[2m > [22motp.service[2m > 
[22msendLoginOTP[2m > [22mfalls back to console in non-production environments
[31m[1mPrismaClientKnownRequestError[22m: 
Invalid `prisma.$executeRaw()` invocation:


Raw query failed. Code: `42P01`. Message: `relation "login_otps" does not exist`[39m
[90m [2mΓ¥»[22m $n.handleRequestError node_modules/@prisma/client/runtime/library.js:[2m121:7315[22m[39m
[90m [2mΓ¥»[22m $n.handleAndLogRequestError node_modules/@prisma/client/runtime/library.js:[2m121:6623[22m[39m
[90m [2mΓ¥»[22m $n.request node_modules/@prisma/client/runtime/library.js:[2m121:6307[22m[39m
[90m [2mΓ¥»[22m l node_modules/@prisma/client/runtime/library.js:[2m130:9633[22m[39m
[90m [2mΓ¥»[22m Object.sendLoginOTP src/services/otp.service.js:[2m21:3[22m[39m
[36m [2mΓ¥»[22m src/tests/unit/otpService.test.js:[2m38:22[22m[39m
    [90m 36| [39m      
mockEmailService[33m.[39misConfigured[33m.[39m[34mmockReturnValue[39m([35mfalse[39m)[33m;[39m
    [90m 37| [39m      
    [90m 38| [39m      [35mconst[39m result [33m=[39m [35mawait[39m 
otpService[33m.[39m[34msendLoginOTP[39m(email[33m,[39m userName)[33m;[39m
    [90m   | [39m                     [31m^[39m
    [90m 39| [39m      [34mexpect[39m(result[33m.[39msent)[33m.[39m[34mtoBe[39m([35mtrue[39m)[33m;[39m
    [90m 40| [39m      
[34mexpect[39m(result[33m.[39mmethod)[33m.[39m[34mtoBe[39m([32m'console'[39m)[33m;[39m

[31m[2mΓÄ»ΓÄ»ΓÄ»ΓÄ»ΓÄ»ΓÄ»ΓÄ»ΓÄ»ΓÄ»ΓÄ»ΓÄ»ΓÄ»ΓÄ»ΓÄ»ΓÄ»ΓÄ»ΓÄ»ΓÄ»ΓÄ»ΓÄ»ΓÄ»[74/151]ΓÄ»[22m[39m

[41m[1m FAIL [22m[49m [30m[42m unit [49m[39m src/tests/unit/otpService.test.js[2m > [22motp.service[2m > 
[22msendLoginOTP[2m > [22minvalidates existing OTPs and creates a new one via SMTP
[31m[1mPrismaClientKnownRequestError[22m: 
Invalid `prisma.$executeRaw()` invocation:


Raw query failed. Code: `42P01`. Message: `relation "login_otps" does not exist`[39m
[90m [2mΓ¥»[22m $n.handleRequestError node_modules/@prisma/client/runtime/library.js:[2m121:7315[22m[39m
[90m [2mΓ¥»[22m $n.handleAndLogRequestError node_modules/@prisma/client/runtime/library.js:[2m121:6623[22m[39m
[90m [2mΓ¥»[22m $n.request node_modules/@prisma/client/runtime/library.js:[2m121:6307[22m[39m
[90m [2mΓ¥»[22m l node_modules/@prisma/client/runtime/library.js:[2m130:9633[22m[39m
[90m [2mΓ¥»[22m Object.sendLoginOTP src/services/otp.service.js:[2m21:3[22m[39m
[36m [2mΓ¥»[22m src/tests/unit/otpService.test.js:[2m50:22[22m[39m
    [90m 48| [39m      
mockEmailService[33m.[39misConfigured[33m.[39m[34mmockReturnValue[39m([35mtrue[39m)[33m;[39m
    [90m 49| [39m      
    [90m 50| [39m      [35mconst[39m result [33m=[39m [35mawait[39m 
otpService[33m.[39m[34msendLoginOTP[39m(email[33m,[39m userName)[33m;[39m
    [90m   | [39m                     [31m^[39m
    [90m 51| [39m      
    [90m 52| [39m      
[34mexpect[39m(mockPrisma[33m.[39m$executeRaw)[33m.[39m[34mtoHaveBeenCalled[39m()[33m;[39m

[31m[2mΓÄ»ΓÄ»ΓÄ»ΓÄ»ΓÄ»ΓÄ»ΓÄ»ΓÄ»ΓÄ»ΓÄ»ΓÄ»ΓÄ»ΓÄ»ΓÄ»ΓÄ»ΓÄ»ΓÄ»ΓÄ»ΓÄ»ΓÄ»ΓÄ»[75/151]ΓÄ»[22m[39m

[41m[1m FAIL [22m[49m [30m[42m unit [49m[39m src/tests/unit/otpService.test.js[2m > [22motp.service[2m > 
[22mverifyOTP[2m > [22mverifies correctly and marks as used
[31m[1mPrismaClientKnownRequestError[22m: 
Invalid `prisma.$queryRaw()` invocation:


Raw query failed. Code: `42P01`. Message: `relation "login_otps" does not exist`[39m
[90m [2mΓ¥»[22m $n.handleRequestError node_modules/@prisma/client/runtime/library.js:[2m121:7315[22m[39m
[90m [2mΓ¥»[22m $n.handleAndLogRequestError node_modules/@prisma/client/runtime/library.js:[2m121:6623[22m[39m
[90m [2mΓ¥»[22m $n.request node_modules/@prisma/client/runtime/library.js:[2m121:6307[22m[39m
[90m [2mΓ¥»[22m l node_modules/@prisma/client/runtime/library.js:[2m130:9633[22m[39m
[90m [2mΓ¥»[22m Object.verifyOTP src/services/otp.service.js:[2m83:16[22m[39m
[36m [2mΓ¥»[22m src/tests/unit/otpService.test.js:[2m70:22[22m[39m
    [90m 68| [39m      mockPrisma[33m.[39m$executeRaw[33m.[39m[34mmockResolvedValue[39m([34m1[39m)[33m;[39m
    [90m 69| [39m
    [90m 70| [39m      [35mconst[39m result [33m=[39m [35mawait[39m 
otpService[33m.[39m[34mverifyOTP[39m(email[33m,[39m [32m'123456'[39m)[33m;[39m
    [90m   | [39m                     [31m^[39m
    [90m 71| [39m      [34mexpect[39m(result)[33m.[39m[34mtoBe[39m([35mtrue[39m)[33m;[39m
    [90m 72| [39m      
[34mexpect[39m(mockPrisma[33m.[39m$executeRaw)[33m.[39m[34mtoHaveBeenCalled[39m()[33m;[39m

[31m[2mΓÄ»ΓÄ»ΓÄ»ΓÄ»ΓÄ»ΓÄ»ΓÄ»ΓÄ»ΓÄ»ΓÄ»ΓÄ»ΓÄ»ΓÄ»ΓÄ»ΓÄ»ΓÄ»ΓÄ»ΓÄ»ΓÄ»ΓÄ»ΓÄ»[76/151]ΓÄ»[22m[39m

[41m[1m FAIL [22m[49m [30m[42m unit [49m[39m src/tests/unit/otpService.test.js[2m > [22motp.service[2m > 
[22mverifyOTP[2m > [22mrejects incorrect OTP
[31m[1mAssertionError[22m: expected [Function] to throw error including 'Incorrect OTP' but got '\nInvalid 
`prisma.$queryRaw()` invocaΓÇª'[39m

[32m- Expected[39m
[31m+ Received[39m

[32m- In[7mcorrect OTP[27m[39m
[31m+[39m
[31m+ In[7mvalid `prisma.$queryRaw()` invocation:[27m[39m
[31m+[39m
[31m+[39m
[31m+ Raw query failed. Code: `42P01`. Message: `relation "login_otps" does not exist`[39m

[36m [2mΓ¥»[22m src/tests/unit/otpService.test.js:[2m84:7[22m[39m
    [90m 82| [39m      
mockPrisma[33m.[39m$queryRaw[33m.[39m[34mmockResolvedValue[39m([mockOtpRecord])[33m;[39m
    [90m 83| [39m      
    [90m 84| [39m      await expect(otpService.verifyOTP(email, '000000')).rejects.toThΓÇª
    [90m   | [39m      [31m^[39m
    [90m 85| [39m    })[33m;[39m
    [90m 86| [39m

[31m[2mΓÄ»ΓÄ»ΓÄ»ΓÄ»ΓÄ»ΓÄ»ΓÄ»ΓÄ»ΓÄ»ΓÄ»ΓÄ»ΓÄ»ΓÄ»ΓÄ»ΓÄ»ΓÄ»ΓÄ»ΓÄ»ΓÄ»ΓÄ»ΓÄ»[77/151]ΓÄ»[22m[39m

[41m[1m FAIL [22m[49m [30m[42m unit [49m[39m src/tests/unit/otpService.test.js[2m > [22motp.service[2m > 
[22mverifyOTP[2m > [22mrejects expired or missing OTP
[31m[1mAssertionError[22m: expected [Function] to throw error including 'OTP expired or not found' but got 
'\nInvalid `prisma.$queryRaw()` invocaΓÇª'[39m

[32m- Expected[39m
[31m+ Received[39m

[32m- OTP expired or not found[39m
[31m+[39m
[31m+ Invalid `prisma.$queryRaw()` invocation:[39m
[31m+[39m
[31m+[39m
[31m+ Raw query failed. Code: `42P01`. Message: `relation "login_otps" does not exist`[39m

[36m [2mΓ¥»[22m src/tests/unit/otpService.test.js:[2m89:7[22m[39m
    [90m 87| [39m    [34mit[39m([32m'rejects expired or missing OTP'[39m[33m,[39m [35masync[39m () 
[33m=>[39m {
    [90m 88| [39m      mockPrisma[33m.[39m$queryRaw[33m.[39m[34mmockResolvedValue[39m([])[33m;[39m
    [90m 89| [39m      await expect(otpService.verifyOTP(email, '123456')).rejects.toThΓÇª
    [90m   | [39m      [31m^[39m
    [90m 90| [39m    })[33m;[39m
    [90m 91| [39m  })[33m;[39m

[31m[2mΓÄ»ΓÄ»ΓÄ»ΓÄ»ΓÄ»ΓÄ»ΓÄ»ΓÄ»ΓÄ»ΓÄ»ΓÄ»ΓÄ»ΓÄ»ΓÄ»ΓÄ»ΓÄ»ΓÄ»ΓÄ»ΓÄ»ΓÄ»ΓÄ»[78/151]ΓÄ»[22m[39m

[41m[1m FAIL [22m[49m [30m[42m unit [49m[39m src/tests/unit/ownerUtils.test.js[2m > [22mgetOwnerEmails[2m > 
[22mfalls back to DEFAULT_OWNER_EMAIL when neither env var set
[31m[1mAssertionError[22m: expected [] to include undefined[39m
[36m [2mΓ¥»[22m src/tests/unit/ownerUtils.test.js:[2m76:30[22m[39m
    [90m 74| [39m    [35mdelete[39m process[33m.[39menv[33m.[39m[33mOWNER_EMAIL[39m[33m;[39m
    [90m 75| [39m    const { getOwnerEmails, DEFAULT_OWNER_EMAIL } = await import('../.ΓÇª
    [90m 76| [39m    
[34mexpect[39m([34mgetOwnerEmails[39m())[33m.[39m[34mtoContain[39m([33mDEFAULT_OWNER_EMAIL[39m)[33m;[39m
    [90m   | [39m                             [31m^[39m
    [90m 77| [39m  })[33m;[39m
    [90m 78| [39m})[33m;[39m

[31m[2mΓÄ»ΓÄ»ΓÄ»ΓÄ»ΓÄ»ΓÄ»ΓÄ»ΓÄ»ΓÄ»ΓÄ»ΓÄ»ΓÄ»ΓÄ»ΓÄ»ΓÄ»ΓÄ»ΓÄ»ΓÄ»ΓÄ»ΓÄ»ΓÄ»[79/151]ΓÄ»[22m[39m

[41m[1m FAIL [22m[49m [30m[42m unit [49m[39m src/tests/unit/pickupService.test.js[2m > 
[22mpickup.service[2m > [22mcreate[2m > [22mcreates a pickup request with unique refNo
[31m[1mPrismaClientValidationError[22m: 
Invalid `prisma.pickupRequest.findUnique()` invocation in
C:\Users\hp\OneDrive\Desktop\seahawk-full_stack\backend\src\services\pickup.service.js:13:37

  10 async function create(data) {
  11   let refNo = genRef();
  12   // Ensure uniqueness
ΓåÆ 13   while (await prisma.pickupRequest.findUnique({
         where: {
           refNo: "SHK-2026-8485",
           ~~~~~
       ?   id?: Int,
       ?   requestNo?: String,
       ?   AND?: PickupRequestWhereInput | PickupRequestWhereInput[],
       ?   OR?: PickupRequestWhereInput[],
       ?   NOT?: PickupRequestWhereInput | PickupRequestWhereInput[],
       ?   clientCode?: StringNullableFilter | String | Null,
       ?   contactName?: StringFilter | String,
       ?   contactPhone?: StringFilter | String,
       ?   contactEmail?: StringNullableFilter | String | Null,
       ?   pickupAddress?: StringFilter | String,
       ?   pickupCity?: StringFilter | String,
       ?   pickupPin?: StringFilter | String,
       ?   deliveryAddress?: StringNullableFilter | String | Null,
       ?   deliveryCity?: StringNullableFilter | String | Null,
       ?   deliveryState?: StringNullableFilter | String | Null,
       ?   deliveryCountry?: StringFilter | String,
       ?   packageType?: StringFilter | String,
       ?   weightGrams?: DecimalFilter | Decimal,
       ?   pieces?: IntFilter | Int,
       ?   service?: StringFilter | String,
       ?   declaredValue?: DecimalNullableFilter | Decimal | Null,
       ?   notes?: StringNullableFilter | String | Null,
       ?   source?: StringFilter | String,
       ?   preferredCarrier?: StringNullableFilter | String | Null,
       ?   scheduledDate?: StringFilter | String,
       ?   timeSlot?: StringFilter | String,
       ?   assignedAgentId?: IntNullableFilter | Int | Null,
       ?   assignedAt?: DateTimeNullableFilter | DateTime | Null,
       ?   completedAt?: DateTimeNullableFilter | DateTime | Null,
       ?   status?: StringFilter | String,
       ?   createdAt?: DateTimeFilter | DateTime,
       ?   updatedAt?: DateTimeFilter | DateTime,
       ?   client?: ClientNullableRelationFilter | ClientWhereInput | Null,
       ?   assignedAgent?: UserNullableRelationFilter | UserWhereInput | Null
         }
       })

Unknown argument `refNo`. Available options are marked with ?.[39m
[90m [2mΓ¥»[22m wn node_modules/@prisma/client/runtime/library.js:[2m29:1363[22m[39m
[90m [2mΓ¥»[22m $n.handleRequestError node_modules/@prisma/client/runtime/library.js:[2m121:6958[22m[39m
[90m [2mΓ¥»[22m $n.handleAndLogRequestError node_modules/@prisma/client/runtime/library.js:[2m121:6623[22m[39m
[90m [2mΓ¥»[22m $n.request node_modules/@prisma/client/runtime/library.js:[2m121:6307[22m[39m
[90m [2mΓ¥»[22m l node_modules/@prisma/client/runtime/library.js:[2m130:9633[22m[39m
[36m [2mΓ¥»[22m Module.create src/services/pickup.service.js:[2m13:10[22m[39m
    [90m 11| [39m  [35mlet[39m refNo [33m=[39m [34mgenRef[39m()[33m;[39m
    [90m 12| [39m  [90m// Ensure uniqueness[39m
    [90m 13| [39m  [35mwhile[39m ([35mawait[39m prisma[33m.[39mpickupRequest[33m.[39m[34mfindUnique[39m({ 
where[33m:[39m { refNo } })) {
    [90m   | [39m         [31m^[39m
    [90m 14| [39m    refNo [33m=[39m [34mgenRef[39m()[33m;[39m
    [90m 15| [39m  }
[90m [2mΓ¥»[22m src/tests/unit/pickupService.test.js:[2m14:22[22m[39m

[31m[2mΓÄ»ΓÄ»ΓÄ»ΓÄ»ΓÄ»ΓÄ»ΓÄ»ΓÄ»ΓÄ»ΓÄ»ΓÄ»ΓÄ»ΓÄ»ΓÄ»ΓÄ»ΓÄ»ΓÄ»ΓÄ»ΓÄ»ΓÄ»ΓÄ»[80/151]ΓÄ»[22m[39m

[41m[1m FAIL [22m[49m [30m[42m unit [49m[39m src/tests/unit/pickupService.test.js[2m > 
[22mpickup.service[2m > [22mcreate[2m > [22mretries on refNo collision
[31m[1mPrismaClientValidationError[22m: 
Invalid `prisma.pickupRequest.findUnique()` invocation in
C:\Users\hp\OneDrive\Desktop\seahawk-full_stack\backend\src\services\pickup.service.js:13:37

  10 async function create(data) {
  11   let refNo = genRef();
  12   // Ensure uniqueness
ΓåÆ 13   while (await prisma.pickupRequest.findUnique({
         where: {
           refNo: "SHK-2026-2630",
           ~~~~~
       ?   id?: Int,
       ?   requestNo?: String,
       ?   AND?: PickupRequestWhereInput | PickupRequestWhereInput[],
       ?   OR?: PickupRequestWhereInput[],
       ?   NOT?: PickupRequestWhereInput | PickupRequestWhereInput[],
       ?   clientCode?: StringNullableFilter | String | Null,
       ?   contactName?: StringFilter | String,
       ?   contactPhone?: StringFilter | String,
       ?   contactEmail?: StringNullableFilter | String | Null,
       ?   pickupAddress?: StringFilter | String,
       ?   pickupCity?: StringFilter | String,
       ?   pickupPin?: StringFilter | String,
       ?   deliveryAddress?: StringNullableFilter | String | Null,
       ?   deliveryCity?: StringNullableFilter | String | Null,
       ?   deliveryState?: StringNullableFilter | String | Null,
       ?   deliveryCountry?: StringFilter | String,
       ?   packageType?: StringFilter | String,
       ?   weightGrams?: DecimalFilter | Decimal,
       ?   pieces?: IntFilter | Int,
       ?   service?: StringFilter | String,
       ?   declaredValue?: DecimalNullableFilter | Decimal | Null,
       ?   notes?: StringNullableFilter | String | Null,
       ?   source?: StringFilter | String,
       ?   preferredCarrier?: StringNullableFilter | String | Null,
       ?   scheduledDate?: StringFilter | String,
       ?   timeSlot?: StringFilter | String,
       ?   assignedAgentId?: IntNullableFilter | Int | Null,
       ?   assignedAt?: DateTimeNullableFilter | DateTime | Null,
       ?   completedAt?: DateTimeNullableFilter | DateTime | Null,
       ?   status?: StringFilter | String,
       ?   createdAt?: DateTimeFilter | DateTime,
       ?   updatedAt?: DateTimeFilter | DateTime,
       ?   client?: ClientNullableRelationFilter | ClientWhereInput | Null,
       ?   assignedAgent?: UserNullableRelationFilter | UserWhereInput | Null
         }
       })

Unknown argument `refNo`. Available options are marked with ?.[39m
[90m [2mΓ¥»[22m wn node_modules/@prisma/client/runtime/library.js:[2m29:1363[22m[39m
[90m [2mΓ¥»[22m $n.handleRequestError node_modules/@prisma/client/runtime/library.js:[2m121:6958[22m[39m
[90m [2mΓ¥»[22m $n.handleAndLogRequestError node_modules/@prisma/client/runtime/library.js:[2m121:6623[22m[39m
[90m [2mΓ¥»[22m $n.request node_modules/@prisma/client/runtime/library.js:[2m121:6307[22m[39m
[90m [2mΓ¥»[22m l node_modules/@prisma/client/runtime/library.js:[2m130:9633[22m[39m
[36m [2mΓ¥»[22m Module.create src/services/pickup.service.js:[2m13:10[22m[39m
    [90m 11| [39m  [35mlet[39m refNo [33m=[39m [34mgenRef[39m()[33m;[39m
    [90m 12| [39m  [90m// Ensure uniqueness[39m
    [90m 13| [39m  [35mwhile[39m ([35mawait[39m prisma[33m.[39mpickupRequest[33m.[39m[34mfindUnique[39m({ 
where[33m:[39m { refNo } })) {
    [90m   | [39m         [31m^[39m
    [90m 14| [39m    refNo [33m=[39m [34mgenRef[39m()[33m;[39m
    [90m 15| [39m  }
[90m [2mΓ¥»[22m src/tests/unit/pickupService.test.js:[2m25:22[22m[39m

[31m[2mΓÄ»ΓÄ»ΓÄ»ΓÄ»ΓÄ»ΓÄ»ΓÄ»ΓÄ»ΓÄ»ΓÄ»ΓÄ»ΓÄ»ΓÄ»ΓÄ»ΓÄ»ΓÄ»ΓÄ»ΓÄ»ΓÄ»ΓÄ»ΓÄ»[81/151]ΓÄ»[22m[39m

[41m[1m FAIL [22m[49m [30m[42m unit [49m[39m src/tests/unit/pickupService.test.js[2m > 
[22mpickup.service[2m > [22mgetAll[2m > [22mreturns paginated results
[31m[1mAssertionError[22m: expected [] to have a length of 1 but got +0[39m

[32m- Expected[39m
[31m+ Received[39m

[32m- 1[39m
[31m+ 0[39m

[36m [2mΓ¥»[22m src/tests/unit/pickupService.test.js:[2m36:28[22m[39m
    [90m 34| [39m      mockPrisma.pickupRequest.count.mockReturnValue(Promise.resolve(1ΓÇª
    [90m 35| [39m      const result = await pickupService.getAll({ page: 1, limit: 50 }ΓÇª
    [90m 36| [39m      
[34mexpect[39m(result[33m.[39mitems)[33m.[39m[34mtoHaveLength[39m([34m1[39m)[33m;[39m
    [90m   | [39m                           [31m^[39m
    [90m 37| [39m      [34mexpect[39m(result[33m.[39mtotal)[33m.[39m[34mtoBe[39m([34m1[39m)[33m;[39m
    [90m 38| [39m    })[33m;[39m

[31m[2mΓÄ»ΓÄ»ΓÄ»ΓÄ»ΓÄ»ΓÄ»ΓÄ»ΓÄ»ΓÄ»ΓÄ»ΓÄ»ΓÄ»ΓÄ»ΓÄ»ΓÄ»ΓÄ»ΓÄ»ΓÄ»ΓÄ»ΓÄ»ΓÄ»[82/151]ΓÄ»[22m[39m

[41m[1m FAIL [22m[49m [30m[42m unit [49m[39m src/tests/unit/pickupService.test.js[2m > 
[22mpickup.service[2m > [22mgetAll[2m > [22mfilters by status
[31m[1mAssertionError[22m: expected "spy" to be called with arguments: [ ObjectContaining{ΓÇª} ][90m

Number of calls: [1m0[22m
[31m[39m
[36m [2mΓ¥»[22m src/tests/unit/pickupService.test.js:[2m44:49[22m[39m
    [90m 42| [39m      mockPrisma.pickupRequest.count.mockReturnValue(Promise.resolve(0ΓÇª
    [90m 43| [39m      await pickupService.getAll({ status: 'ASSIGNED', page: 1, limit:ΓÇª
    [90m 44| [39m      
[34mexpect[39m(mockPrisma[33m.[39mpickupRequest[33m.[39mfindMany)[33m.[39m[34mtoHaveBeenCalledWith[39m(
    [90m   | [39m                                                [31m^[39m
    [90m 45| [39m        expect.objectContaining({ where: expect.objectContaining({ staΓÇª
    [90m 46| [39m      )[33m;[39m

[31m[2mΓÄ»ΓÄ»ΓÄ»ΓÄ»ΓÄ»ΓÄ»ΓÄ»ΓÄ»ΓÄ»ΓÄ»ΓÄ»ΓÄ»ΓÄ»ΓÄ»ΓÄ»ΓÄ»ΓÄ»ΓÄ»ΓÄ»ΓÄ»ΓÄ»[83/151]ΓÄ»[22m[39m

[41m[1m FAIL [22m[49m [30m[42m unit [49m[39m src/tests/unit/pickupService.test.js[2m > 
[22mpickup.service[2m > [22mgetAll[2m > [22mfilters by date
[31m[1mPrismaClientValidationError[22m: 
Invalid `prisma.pickupRequest.findMany()` invocation in
C:\Users\hp\OneDrive\Desktop\seahawk-full_stack\backend\src\services\pickup.service.js:24:26

  21 if (status) where.status = status;
  22 if (date)   where.pickupDate = date;
  23 const [items, total] = await Promise.all([
ΓåÆ 24   prisma.pickupRequest.findMany({
         where: {
           pickupDate: "2026-04-05",
           ~~~~~~~~~~
       ?   AND?: PickupRequestWhereInput | PickupRequestWhereInput[],
       ?   OR?: PickupRequestWhereInput[],
       ?   NOT?: PickupRequestWhereInput | PickupRequestWhereInput[],
       ?   id?: IntFilter | Int,
       ?   requestNo?: StringFilter | String,
       ?   clientCode?: StringNullableFilter | String | Null,
       ?   contactName?: StringFilter | String,
       ?   contactPhone?: StringFilter | String,
       ?   contactEmail?: StringNullableFilter | String | Null,
       ?   pickupAddress?: StringFilter | String,
       ?   pickupCity?: StringFilter | String,
       ?   pickupPin?: StringFilter | String,
       ?   deliveryAddress?: StringNullableFilter | String | Null,
       ?   deliveryCity?: StringNullableFilter | String | Null,
       ?   deliveryState?: StringNullableFilter | String | Null,
       ?   deliveryCountry?: StringFilter | String,
       ?   packageType?: StringFilter | String,
       ?   weightGrams?: DecimalFilter | Decimal,
       ?   pieces?: IntFilter | Int,
       ?   service?: StringFilter | String,
       ?   declaredValue?: DecimalNullableFilter | Decimal | Null,
       ?   notes?: StringNullableFilter | String | Null,
       ?   source?: StringFilter | String,
       ?   preferredCarrier?: StringNullableFilter | String | Null,
       ?   scheduledDate?: StringFilter | String,
       ?   timeSlot?: StringFilter | String,
       ?   assignedAgentId?: IntNullableFilter | Int | Null,
       ?   assignedAt?: DateTimeNullableFilter | DateTime | Null,
       ?   completedAt?: DateTimeNullableFilter | DateTime | Null,
       ?   status?: StringFilter | String,
       ?   createdAt?: DateTimeFilter | DateTime,
       ?   updatedAt?: DateTimeFilter | DateTime,
       ?   client?: ClientNullableRelationFilter | ClientWhereInput | Null,
       ?   assignedAgent?: UserNullableRelationFilter | UserWhereInput | Null
         },
         orderBy: {
           createdAt: "desc"
         },
         skip: 0,
         take: 50
       })

Unknown argument `pickupDate`. Did you mean `pickupCity`? Available options are marked with ?.[39m
[90m [2mΓ¥»[22m wn node_modules/@prisma/client/runtime/library.js:[2m29:1363[22m[39m
[90m [2mΓ¥»[22m $n.handleRequestError node_modules/@prisma/client/runtime/library.js:[2m121:6958[22m[39m
[90m [2mΓ¥»[22m $n.handleAndLogRequestError node_modules/@prisma/client/runtime/library.js:[2m121:6623[22m[39m
[90m [2mΓ¥»[22m $n.request node_modules/@prisma/client/runtime/library.js:[2m121:6307[22m[39m
[90m [2mΓ¥»[22m l node_modules/@prisma/client/runtime/library.js:[2m130:9633[22m[39m
[36m [2mΓ¥»[22m Module.getAll src/services/pickup.service.js:[2m23:26[22m[39m
    [90m 21| [39m  [35mif[39m (status) where[33m.[39mstatus [33m=[39m status[33m;[39m
    [90m 22| [39m  [35mif[39m (date)   where[33m.[39mpickupDate [33m=[39m date[33m;[39m
    [90m 23| [39m  [35mconst[39m [items[33m,[39m total] [33m=[39m [35mawait[39m 
[33mPromise[39m[33m.[39m[34mall[39m([
    [90m   | [39m                         [31m^[39m
    [90m 24| [39m    prisma[33m.[39mpickupRequest[33m.[39m[34mfindMany[39m({
    [90m 25| [39m      where[33m,[39m orderBy[33m:[39m { createdAt[33m:[39m [32m'desc'[39m }[33m,[39m
[90m [2mΓ¥»[22m src/tests/unit/pickupService.test.js:[2m52:7[22m[39m

[31m[2mΓÄ»ΓÄ»ΓÄ»ΓÄ»ΓÄ»ΓÄ»ΓÄ»ΓÄ»ΓÄ»ΓÄ»ΓÄ»ΓÄ»ΓÄ»ΓÄ»ΓÄ»ΓÄ»ΓÄ»ΓÄ»ΓÄ»ΓÄ»ΓÄ»[84/151]ΓÄ»[22m[39m

[41m[1m FAIL [22m[49m [30m[42m unit [49m[39m src/tests/unit/pickupService.test.js[2m > 
[22mpickup.service[2m > [22mgetOne[2m > [22mreturns a single pickup request
[31m[1mTypeError[22m: Cannot read properties of null (reading 'refNo')[39m
[36m [2mΓ¥»[22m src/tests/unit/pickupService.test.js:[2m63:21[22m[39m
    [90m 61| [39m      mockPrisma.pickupRequest.findUnique.mockResolvedValue({ id: 1, rΓÇª
    [90m 62| [39m      [35mconst[39m result [33m=[39m [35mawait[39m 
pickupService[33m.[39m[34mgetOne[39m([34m1[39m)[33m;[39m
    [90m 63| [39m      
[34mexpect[39m(result[33m.[39mrefNo)[33m.[39m[34mtoBe[39m([32m'SHK-2026-1234'[39m)[33m;[39m
    [90m   | [39m                    [31m^[39m
    [90m 64| [39m    })[33m;[39m
    [90m 65| [39m  })[33m;[39m

[31m[2mΓÄ»ΓÄ»ΓÄ»ΓÄ»ΓÄ»ΓÄ»ΓÄ»ΓÄ»ΓÄ»ΓÄ»ΓÄ»ΓÄ»ΓÄ»ΓÄ»ΓÄ»ΓÄ»ΓÄ»ΓÄ»ΓÄ»ΓÄ»ΓÄ»[85/151]ΓÄ»[22m[39m

[41m[1m FAIL [22m[49m [30m[42m unit [49m[39m src/tests/unit/pickupService.test.js[2m > 
[22mpickup.service[2m > [22massign[2m > [22massigns agent and marks as ASSIGNED
[31m[1mPrismaClientKnownRequestError[22m: 
Invalid `prisma.pickupRequest.update()` invocation in
C:\Users\hp\OneDrive\Desktop\seahawk-full_stack\backend\src\services\pickup.service.js:38:31

  35 }
  36 
  37 async function assign(id, agentId) {
ΓåÆ 38   return prisma.pickupRequest.update(
An operation failed because it depends on one or more records that were required but not found. Record to update not 
found.[39m
[90m [2mΓ¥»[22m $n.handleRequestError node_modules/@prisma/client/runtime/library.js:[2m121:7315[22m[39m
[90m [2mΓ¥»[22m $n.handleAndLogRequestError node_modules/@prisma/client/runtime/library.js:[2m121:6623[22m[39m
[90m [2mΓ¥»[22m $n.request node_modules/@prisma/client/runtime/library.js:[2m121:6307[22m[39m
[90m [2mΓ¥»[22m l node_modules/@prisma/client/runtime/library.js:[2m130:9633[22m[39m
[36m [2mΓ¥»[22m src/tests/unit/pickupService.test.js:[2m70:22[22m[39m
    [90m 68| [39m    [34mit[39m([32m'assigns agent and marks as ASSIGNED'[39m[33m,[39m [35masync[39m () 
[33m=>[39m {
    [90m 69| [39m      mockPrisma.pickupRequest.update.mockResolvedValue({ id: 1, statuΓÇª
    [90m 70| [39m      [35mconst[39m result [33m=[39m [35mawait[39m 
pickupService[33m.[39m[34massign[39m([34m1[39m[33m,[39m [34m5[39m)[33m;[39m
    [90m   | [39m                     [31m^[39m
    [90m 71| [39m      
[34mexpect[39m(result[33m.[39mstatus)[33m.[39m[34mtoBe[39m([32m'ASSIGNED'[39m)[33m;[39m
    [90m 72| [39m      
[34mexpect[39m(result[33m.[39massignedAgentId)[33m.[39m[34mtoBe[39m([34m5[39m)[33m;[39m

[31m[2mΓÄ»ΓÄ»ΓÄ»ΓÄ»ΓÄ»ΓÄ»ΓÄ»ΓÄ»ΓÄ»ΓÄ»ΓÄ»ΓÄ»ΓÄ»ΓÄ»ΓÄ»ΓÄ»ΓÄ»ΓÄ»ΓÄ»ΓÄ»ΓÄ»[86/151]ΓÄ»[22m[39m

[41m[1m FAIL [22m[49m [30m[42m unit [49m[39m src/tests/unit/pickupService.test.js[2m > 
[22mpickup.service[2m > [22mupdateStatus[2m > [22mupdates status to COMPLETED
[31m[1mPrismaClientKnownRequestError[22m: 
Invalid `prisma.pickupRequest.update()` invocation in
C:\Users\hp\OneDrive\Desktop\seahawk-full_stack\backend\src\services\pickup.service.js:47:31

  44 async function updateStatus(id, status) {
  45   const data = { status };
  46   if (status === 'COMPLETED') data.completedAt = new Date();
ΓåÆ 47   return prisma.pickupRequest.update(
An operation failed because it depends on one or more records that were required but not found. Record to update not 
found.[39m
[90m [2mΓ¥»[22m $n.handleRequestError node_modules/@prisma/client/runtime/library.js:[2m121:7315[22m[39m
[90m [2mΓ¥»[22m $n.handleAndLogRequestError node_modules/@prisma/client/runtime/library.js:[2m121:6623[22m[39m
[90m [2mΓ¥»[22m $n.request node_modules/@prisma/client/runtime/library.js:[2m121:6307[22m[39m
[90m [2mΓ¥»[22m l node_modules/@prisma/client/runtime/library.js:[2m130:9633[22m[39m
[36m [2mΓ¥»[22m src/tests/unit/pickupService.test.js:[2m79:22[22m[39m
    [90m 77| [39m    [34mit[39m([32m'updates status to COMPLETED'[39m[33m,[39m [35masync[39m () [33m=>[39m 
{
    [90m 78| [39m      mockPrisma.pickupRequest.update.mockResolvedValue({ id: 1, statuΓÇª
    [90m 79| [39m      [35mconst[39m result [33m=[39m [35mawait[39m 
pickupService[33m.[39m[34mupdateStatus[39m([34m1[39m[33m,[39m [32m'COMPLETED'[39m)[33m;[39m
    [90m   | [39m                     [31m^[39m
    [90m 80| [39m      
[34mexpect[39m(result[33m.[39mstatus)[33m.[39m[34mtoBe[39m([32m'COMPLETED'[39m)[33m;[39m
    [90m 81| [39m    })[33m;[39m

[31m[2mΓÄ»ΓÄ»ΓÄ»ΓÄ»ΓÄ»ΓÄ»ΓÄ»ΓÄ»ΓÄ»ΓÄ»ΓÄ»ΓÄ»ΓÄ»ΓÄ»ΓÄ»ΓÄ»ΓÄ»ΓÄ»ΓÄ»ΓÄ»ΓÄ»[87/151]ΓÄ»[22m[39m

[41m[1m FAIL [22m[49m [30m[42m unit [49m[39m src/tests/unit/pickupService.test.js[2m > 
[22mpickup.service[2m > [22mupdateStatus[2m > [22mupdates status to IN_PROGRESS without completedAt
[31m[1mPrismaClientKnownRequestError[22m: 
Invalid `prisma.pickupRequest.update()` invocation in
C:\Users\hp\OneDrive\Desktop\seahawk-full_stack\backend\src\services\pickup.service.js:47:31

  44 async function updateStatus(id, status) {
  45   const data = { status };
  46   if (status === 'COMPLETED') data.completedAt = new Date();
ΓåÆ 47   return prisma.pickupRequest.update(
An operation failed because it depends on one or more records that were required but not found. Record to update not 
found.[39m
[90m [2mΓ¥»[22m $n.handleRequestError node_modules/@prisma/client/runtime/library.js:[2m121:7315[22m[39m
[90m [2mΓ¥»[22m $n.handleAndLogRequestError node_modules/@prisma/client/runtime/library.js:[2m121:6623[22m[39m
[90m [2mΓ¥»[22m $n.request node_modules/@prisma/client/runtime/library.js:[2m121:6307[22m[39m
[90m [2mΓ¥»[22m l node_modules/@prisma/client/runtime/library.js:[2m130:9633[22m[39m
[36m [2mΓ¥»[22m src/tests/unit/pickupService.test.js:[2m85:22[22m[39m
    [90m 83| [39m    it('updates status to IN_PROGRESS without completedAt', async () =ΓÇª
    [90m 84| [39m      mockPrisma.pickupRequest.update.mockResolvedValue({ id: 1, statuΓÇª
    [90m 85| [39m      const result = await pickupService.updateStatus(1, 'IN_PROGRESS'ΓÇª
    [90m   | [39m                     [31m^[39m
    [90m 86| [39m      
[34mexpect[39m(result[33m.[39mstatus)[33m.[39m[34mtoBe[39m([32m'IN_PROGRESS'[39m)[33m;[39m
    [90m 87| [39m    })[33m;[39m

[31m[2mΓÄ»ΓÄ»ΓÄ»ΓÄ»ΓÄ»ΓÄ»ΓÄ»ΓÄ»ΓÄ»ΓÄ»ΓÄ»ΓÄ»ΓÄ»ΓÄ»ΓÄ»ΓÄ»ΓÄ»ΓÄ»ΓÄ»ΓÄ»ΓÄ»[88/151]ΓÄ»[22m[39m

[41m[1m FAIL [22m[49m [30m[42m unit [49m[39m src/tests/unit/pickupService.test.js[2m > 
[22mpickup.service[2m > [22mlinkShipment[2m > [22mlinks shipment and marks as COMPLETED
[31m[1mPrismaClientValidationError[22m: 
Invalid `prisma.pickupRequest.update()` invocation in
C:\Users\hp\OneDrive\Desktop\seahawk-full_stack\backend\src\services\pickup.service.js:51:31

  48 }
  49 
  50 async function linkShipment(id, shipmentId) {
ΓåÆ 51   return prisma.pickupRequest.update({
         where: {
           id: 1
         },
         data: {
           shipmentId: 100,
           ~~~~~~~~~~
           status: "COMPLETED",
       ?   requestNo?: String | StringFieldUpdateOperationsInput,
       ?   contactName?: String | StringFieldUpdateOperationsInput,
       ?   contactPhone?: String | StringFieldUpdateOperationsInput,
       ?   contactEmail?: String | NullableStringFieldUpdateOperationsInput | Null,
       ?   pickupAddress?: String | StringFieldUpdateOperationsInput,
       ?   pickupCity?: String | StringFieldUpdateOperationsInput,
       ?   pickupPin?: String | StringFieldUpdateOperationsInput,
       ?   deliveryAddress?: String | NullableStringFieldUpdateOperationsInput | Null,
       ?   deliveryCity?: String | NullableStringFieldUpdateOperationsInput | Null,
       ?   deliveryState?: String | NullableStringFieldUpdateOperationsInput | Null,
       ?   deliveryCountry?: String | StringFieldUpdateOperationsInput,
       ?   packageType?: String | StringFieldUpdateOperationsInput,
       ?   weightGrams?: Decimal | DecimalFieldUpdateOperationsInput,
       ?   pieces?: Int | IntFieldUpdateOperationsInput,
       ?   service?: String | StringFieldUpdateOperationsInput,
       ?   declaredValue?: Decimal | NullableDecimalFieldUpdateOperationsInput | Null,
       ?   notes?: String | NullableStringFieldUpdateOperationsInput | Null,
       ?   source?: String | StringFieldUpdateOperationsInput,
       ?   preferredCarrier?: String | NullableStringFieldUpdateOperationsInput | Null,
       ?   scheduledDate?: String | StringFieldUpdateOperationsInput,
       ?   timeSlot?: String | StringFieldUpdateOperationsInput,
       ?   assignedAt?: DateTime | NullableDateTimeFieldUpdateOperationsInput | Null,
       ?   completedAt?: DateTime | NullableDateTimeFieldUpdateOperationsInput | Null,
       ?   createdAt?: DateTime | DateTimeFieldUpdateOperationsInput,
       ?   updatedAt?: DateTime | DateTimeFieldUpdateOperationsInput,
       ?   client?: ClientUpdateOneWithoutPickupsNestedInput,
       ?   assignedAgent?: UserUpdateOneWithoutPickupAssignmentsNestedInput
         }
       })

Unknown argument `shipmentId`. Available options are marked with ?.[39m
[90m [2mΓ¥»[22m wn node_modules/@prisma/client/runtime/library.js:[2m29:1363[22m[39m
[90m [2mΓ¥»[22m $n.handleRequestError node_modules/@prisma/client/runtime/library.js:[2m121:6958[22m[39m
[90m [2mΓ¥»[22m $n.handleAndLogRequestError node_modules/@prisma/client/runtime/library.js:[2m121:6623[22m[39m
[90m [2mΓ¥»[22m $n.request node_modules/@prisma/client/runtime/library.js:[2m121:6307[22m[39m
[90m [2mΓ¥»[22m l node_modules/@prisma/client/runtime/library.js:[2m130:9633[22m[39m
[36m [2mΓ¥»[22m src/tests/unit/pickupService.test.js:[2m93:22[22m[39m
    [90m 91| [39m    [34mit[39m([32m'links shipment and marks as COMPLETED'[39m[33m,[39m [35masync[39m () 
[33m=>[39m {
    [90m 92| [39m      mockPrisma.pickupRequest.update.mockResolvedValue({ id: 1, shipmΓÇª
    [90m 93| [39m      [35mconst[39m result [33m=[39m [35mawait[39m 
pickupService[33m.[39m[34mlinkShipment[39m([34m1[39m[33m,[39m [34m100[39m)[33m;[39m
    [90m   | [39m                     [31m^[39m
    [90m 94| [39m      
[34mexpect[39m(result[33m.[39mshipmentId)[33m.[39m[34mtoBe[39m([34m100[39m)[33m;[39m
    [90m 95| [39m    })[33m;[39m

[31m[2mΓÄ»ΓÄ»ΓÄ»ΓÄ»ΓÄ»ΓÄ»ΓÄ»ΓÄ»ΓÄ»ΓÄ»ΓÄ»ΓÄ»ΓÄ»ΓÄ»ΓÄ»ΓÄ»ΓÄ»ΓÄ»ΓÄ»ΓÄ»ΓÄ»[89/151]ΓÄ»[22m[39m

[41m[1m FAIL [22m[49m [30m[42m unit [49m[39m src/tests/unit/pickupService.test.js[2m > 
[22mpickup.service[2m > [22mgetTodayCount[2m > [22mreturns count of today pickups
[31m[1mPrismaClientValidationError[22m: 
Invalid `prisma.pickupRequest.count()` invocation in
C:\Users\hp\OneDrive\Desktop\seahawk-full_stack\backend\src\services\pickup.service.js:56:31

  53 
  54 async function getTodayCount() {
  55   const today = new Date().toISOString().split('T')[0];
ΓåÆ 56   return prisma.pickupRequest.count({
         select: {
           _count: {
             select: {
               _all: true
             }
           }
         },
         where: {
           pickupDate: "2026-05-03",
           ~~~~~~~~~~
       ?   AND?: PickupRequestWhereInput | PickupRequestWhereInput[],
       ?   OR?: PickupRequestWhereInput[],
       ?   NOT?: PickupRequestWhereInput | PickupRequestWhereInput[],
       ?   id?: IntFilter | Int,
       ?   requestNo?: StringFilter | String,
       ?   clientCode?: StringNullableFilter | String | Null,
       ?   contactName?: StringFilter | String,
       ?   contactPhone?: StringFilter | String,
       ?   contactEmail?: StringNullableFilter | String | Null,
       ?   pickupAddress?: StringFilter | String,
       ?   pickupCity?: StringFilter | String,
       ?   pickupPin?: StringFilter | String,
       ?   deliveryAddress?: StringNullableFilter | String | Null,
       ?   deliveryCity?: StringNullableFilter | String | Null,
       ?   deliveryState?: StringNullableFilter | String | Null,
       ?   deliveryCountry?: StringFilter | String,
       ?   packageType?: StringFilter | String,
       ?   weightGrams?: DecimalFilter | Decimal,
       ?   pieces?: IntFilter | Int,
       ?   service?: StringFilter | String,
       ?   declaredValue?: DecimalNullableFilter | Decimal | Null,
       ?   notes?: StringNullableFilter | String | Null,
       ?   source?: StringFilter | String,
       ?   preferredCarrier?: StringNullableFilter | String | Null,
       ?   scheduledDate?: StringFilter | String,
       ?   timeSlot?: StringFilter | String,
       ?   assignedAgentId?: IntNullableFilter | Int | Null,
       ?   assignedAt?: DateTimeNullableFilter | DateTime | Null,
       ?   completedAt?: DateTimeNullableFilter | DateTime | Null,
       ?   status?: StringFilter | String,
       ?   createdAt?: DateTimeFilter | DateTime,
       ?   updatedAt?: DateTimeFilter | DateTime,
       ?   client?: ClientNullableRelationFilter | ClientWhereInput | Null,
       ?   assignedAgent?: UserNullableRelationFilter | UserWhereInput | Null
         }
       })

Unknown argument `pickupDate`. Did you mean `pickupCity`? Available options are marked with ?.[39m
[90m [2mΓ¥»[22m wn node_modules/@prisma/client/runtime/library.js:[2m29:1363[22m[39m
[90m [2mΓ¥»[22m $n.handleRequestError node_modules/@prisma/client/runtime/library.js:[2m121:6958[22m[39m
[90m [2mΓ¥»[22m $n.handleAndLogRequestError node_modules/@prisma/client/runtime/library.js:[2m121:6623[22m[39m
[90m [2mΓ¥»[22m $n.request node_modules/@prisma/client/runtime/library.js:[2m121:6307[22m[39m
[90m [2mΓ¥»[22m l node_modules/@prisma/client/runtime/library.js:[2m130:9633[22m[39m
[36m [2mΓ¥»[22m src/tests/unit/pickupService.test.js:[2m101:22[22m[39m
    [90m 99| [39m    [34mit[39m([32m'returns count of today pickups'[39m[33m,[39m [35masync[39m () 
[33m=>[39m {
    [90m100| [39m      
mockPrisma[33m.[39mpickupRequest[33m.[39mcount[33m.[39m[34mmockResolvedValue[39m([34m7[39m)[33m;[39m
    [90m101| [39m      [35mconst[39m result [33m=[39m [35mawait[39m 
pickupService[33m.[39m[34mgetTodayCount[39m()[33m;[39m
    [90m   | [39m                     [31m^[39m
    [90m102| [39m      [34mexpect[39m(result)[33m.[39m[34mtoBe[39m([34m7[39m)[33m;[39m
    [90m103| [39m    })[33m;[39m

[31m[2mΓÄ»ΓÄ»ΓÄ»ΓÄ»ΓÄ»ΓÄ»ΓÄ»ΓÄ»ΓÄ»ΓÄ»ΓÄ»ΓÄ»ΓÄ»ΓÄ»ΓÄ»ΓÄ»ΓÄ»ΓÄ»ΓÄ»ΓÄ»ΓÄ»[90/151]ΓÄ»[22m[39m

[41m[1m FAIL [22m[49m [30m[42m unit [49m[39m src/tests/unit/rateCompareService.test.js[2m > 
[22mrateCompare.service[2m > [22mcompareRates[2m > [22mreturns sorted domestic rates for standard zone
[31m[1mPrismaClientValidationError[22m: 
Invalid `prisma.rateVersion.findMany()` invocation in
C:\Users\hp\OneDrive\Desktop\seahawk-full_stack\backend\src\services\rateCompare.service.js:105:51

  102 if (!zone) throw new Error('Zone is required');
  103 
  104 // Fetch dynamic rates from database
ΓåÆ 105 const activeVersions = await prisma.rateVersion.findMany({
        where: {
          active: true,
          ~~~~~~
      ?   AND?: RateVersionWhereInput | RateVersionWhereInput[],
      ?   OR?: RateVersionWhereInput[],
      ?   NOT?: RateVersionWhereInput | RateVersionWhereInput[],
      ?   id?: IntFilter | Int,
      ?   courier?: StringFilter | String,
      ?   effectiveDate?: StringFilter | String,
      ?   uploadedById?: IntNullableFilter | Int | Null,
      ?   notes?: StringNullableFilter | String | Null,
      ?   dataJson?: JsonFilter,
      ?   createdAt?: DateTimeFilter | DateTime,
      ?   uploadedBy?: UserNullableRelationFilter | UserWhereInput | Null
        }
      })

Unknown argument `active`. Available options are marked with ?.[39m
[90m [2mΓ¥»[22m wn node_modules/@prisma/client/runtime/library.js:[2m29:1363[22m[39m
[90m [2mΓ¥»[22m $n.handleRequestError node_modules/@prisma/client/runtime/library.js:[2m121:6958[22m[39m
[90m [2mΓ¥»[22m $n.handleAndLogRequestError node_modules/@prisma/client/runtime/library.js:[2m121:6623[22m[39m
[90m [2mΓ¥»[22m $n.request node_modules/@prisma/client/runtime/library.js:[2m121:6307[22m[39m
[90m [2mΓ¥»[22m l node_modules/@prisma/client/runtime/library.js:[2m130:9633[22m[39m
[36m [2mΓ¥»[22m Module.compareRates src/services/rateCompare.service.js:[2m105:26[22m[39m
    [90m103| [39m
    [90m104| [39m  [90m// Fetch dynamic rates from database[39m
    [90m105| [39m  const activeVersions = await prisma.rateVersion.findMany({ where: { ΓÇª
    [90m   | [39m                         [31m^[39m
    [90m106| [39m  [35mconst[39m dynamicRates [33m=[39m { [33m...[39m[33mCARRIER_RATES[39m }[33m;[39m
    [90m107| [39m  [35mfor[39m ([35mconst[39m rv [35mof[39m activeVersions) {
[90m [2mΓ¥»[22m src/tests/unit/rateCompareService.test.js:[2m11:22[22m[39m

[31m[2mΓÄ»ΓÄ»ΓÄ»ΓÄ»ΓÄ»ΓÄ»ΓÄ»ΓÄ»ΓÄ»ΓÄ»ΓÄ»ΓÄ»ΓÄ»ΓÄ»ΓÄ»ΓÄ»ΓÄ»ΓÄ»ΓÄ»ΓÄ»ΓÄ»[91/151]ΓÄ»[22m[39m

[41m[1m FAIL [22m[49m [30m[42m unit [49m[39m src/tests/unit/rateCompareService.test.js[2m > 
[22mrateCompare.service[2m > [22mcompareRates[2m > [22mreturns multiple modes per carrier
[31m[1mPrismaClientValidationError[22m: 
Invalid `prisma.rateVersion.findMany()` invocation in
C:\Users\hp\OneDrive\Desktop\seahawk-full_stack\backend\src\services\rateCompare.service.js:105:51

  102 if (!zone) throw new Error('Zone is required');
  103 
  104 // Fetch dynamic rates from database
ΓåÆ 105 const activeVersions = await prisma.rateVersion.findMany({
        where: {
          active: true,
          ~~~~~~
      ?   AND?: RateVersionWhereInput | RateVersionWhereInput[],
      ?   OR?: RateVersionWhereInput[],
      ?   NOT?: RateVersionWhereInput | RateVersionWhereInput[],
      ?   id?: IntFilter | Int,
      ?   courier?: StringFilter | String,
      ?   effectiveDate?: StringFilter | String,
      ?   uploadedById?: IntNullableFilter | Int | Null,
      ?   notes?: StringNullableFilter | String | Null,
      ?   dataJson?: JsonFilter,
      ?   createdAt?: DateTimeFilter | DateTime,
      ?   uploadedBy?: UserNullableRelationFilter | UserWhereInput | Null
        }
      })

Unknown argument `active`. Available options are marked with ?.[39m
[90m [2mΓ¥»[22m wn node_modules/@prisma/client/runtime/library.js:[2m29:1363[22m[39m
[90m [2mΓ¥»[22m $n.handleRequestError node_modules/@prisma/client/runtime/library.js:[2m121:6958[22m[39m
[90m [2mΓ¥»[22m $n.handleAndLogRequestError node_modules/@prisma/client/runtime/library.js:[2m121:6623[22m[39m
[90m [2mΓ¥»[22m $n.request node_modules/@prisma/client/runtime/library.js:[2m121:6307[22m[39m
[90m [2mΓ¥»[22m l node_modules/@prisma/client/runtime/library.js:[2m130:9633[22m[39m
[36m [2mΓ¥»[22m Module.compareRates src/services/rateCompare.service.js:[2m105:26[22m[39m
    [90m103| [39m
    [90m104| [39m  [90m// Fetch dynamic rates from database[39m
    [90m105| [39m  const activeVersions = await prisma.rateVersion.findMany({ where: { ΓÇª
    [90m   | [39m                         [31m^[39m
    [90m106| [39m  [35mconst[39m dynamicRates [33m=[39m { [33m...[39m[33mCARRIER_RATES[39m }[33m;[39m
    [90m107| [39m  [35mfor[39m ([35mconst[39m rv [35mof[39m activeVersions) {
[90m [2mΓ¥»[22m src/tests/unit/rateCompareService.test.js:[2m23:22[22m[39m

[31m[2mΓÄ»ΓÄ»ΓÄ»ΓÄ»ΓÄ»ΓÄ»ΓÄ»ΓÄ»ΓÄ»ΓÄ»ΓÄ»ΓÄ»ΓÄ»ΓÄ»ΓÄ»ΓÄ»ΓÄ»ΓÄ»ΓÄ»ΓÄ»ΓÄ»[92/151]ΓÄ»[22m[39m

[41m[1m FAIL [22m[49m [30m[42m unit [49m[39m src/tests/unit/rateCompareService.test.js[2m > 
[22mrateCompare.service[2m > [22mcompareRates[2m > [22mflags cheapest, fastest, and bestValue
[31m[1mPrismaClientValidationError[22m: 
Invalid `prisma.rateVersion.findMany()` invocation in
C:\Users\hp\OneDrive\Desktop\seahawk-full_stack\backend\src\services\rateCompare.service.js:105:51

  102 if (!zone) throw new Error('Zone is required');
  103 
  104 // Fetch dynamic rates from database
ΓåÆ 105 const activeVersions = await prisma.rateVersion.findMany({
        where: {
          active: true,
          ~~~~~~
      ?   AND?: RateVersionWhereInput | RateVersionWhereInput[],
      ?   OR?: RateVersionWhereInput[],
      ?   NOT?: RateVersionWhereInput | RateVersionWhereInput[],
      ?   id?: IntFilter | Int,
      ?   courier?: StringFilter | String,
      ?   effectiveDate?: StringFilter | String,
      ?   uploadedById?: IntNullableFilter | Int | Null,
      ?   notes?: StringNullableFilter | String | Null,
      ?   dataJson?: JsonFilter,
      ?   createdAt?: DateTimeFilter | DateTime,
      ?   uploadedBy?: UserNullableRelationFilter | UserWhereInput | Null
        }
      })

Unknown argument `active`. Available options are marked with ?.[39m
[90m [2mΓ¥»[22m wn node_modules/@prisma/client/runtime/library.js:[2m29:1363[22m[39m
[90m [2mΓ¥»[22m $n.handleRequestError node_modules/@prisma/client/runtime/library.js:[2m121:6958[22m[39m
[90m [2mΓ¥»[22m $n.handleAndLogRequestError node_modules/@prisma/client/runtime/library.js:[2m121:6623[22m[39m
[90m [2mΓ¥»[22m $n.request node_modules/@prisma/client/runtime/library.js:[2m121:6307[22m[39m
[90m [2mΓ¥»[22m l node_modules/@prisma/client/runtime/library.js:[2m130:9633[22m[39m
[36m [2mΓ¥»[22m Module.compareRates src/services/rateCompare.service.js:[2m105:26[22m[39m
    [90m103| [39m
    [90m104| [39m  [90m// Fetch dynamic rates from database[39m
    [90m105| [39m  const activeVersions = await prisma.rateVersion.findMany({ where: { ΓÇª
    [90m   | [39m                         [31m^[39m
    [90m106| [39m  [35mconst[39m dynamicRates [33m=[39m { [33m...[39m[33mCARRIER_RATES[39m }[33m;[39m
    [90m107| [39m  [35mfor[39m ([35mconst[39m rv [35mof[39m activeVersions) {
[90m [2mΓ¥»[22m src/tests/unit/rateCompareService.test.js:[2m30:22[22m[39m

[31m[2mΓÄ»ΓÄ»ΓÄ»ΓÄ»ΓÄ»ΓÄ»ΓÄ»ΓÄ»ΓÄ»ΓÄ»ΓÄ»ΓÄ»ΓÄ»ΓÄ»ΓÄ»ΓÄ»ΓÄ»ΓÄ»ΓÄ»ΓÄ»ΓÄ»[93/151]ΓÄ»[22m[39m

[41m[1m FAIL [22m[49m [30m[42m unit [49m[39m src/tests/unit/rateCompareService.test.js[2m > 
[22mrateCompare.service[2m > [22mcompareRates[2m > [22mreturns international carriers only for international 
shipments
[31m[1mPrismaClientValidationError[22m: 
Invalid `prisma.rateVersion.findMany()` invocation in
C:\Users\hp\OneDrive\Desktop\seahawk-full_stack\backend\src\services\rateCompare.service.js:105:51

  102 if (!zone) throw new Error('Zone is required');
  103 
  104 // Fetch dynamic rates from database
ΓåÆ 105 const activeVersions = await prisma.rateVersion.findMany({
        where: {
          active: true,
          ~~~~~~
      ?   AND?: RateVersionWhereInput | RateVersionWhereInput[],
      ?   OR?: RateVersionWhereInput[],
      ?   NOT?: RateVersionWhereInput | RateVersionWhereInput[],
      ?   id?: IntFilter | Int,
      ?   courier?: StringFilter | String,
      ?   effectiveDate?: StringFilter | String,
      ?   uploadedById?: IntNullableFilter | Int | Null,
      ?   notes?: StringNullableFilter | String | Null,
      ?   dataJson?: JsonFilter,
      ?   createdAt?: DateTimeFilter | DateTime,
      ?   uploadedBy?: UserNullableRelationFilter | UserWhereInput | Null
        }
      })

Unknown argument `active`. Available options are marked with ?.[39m
[90m [2mΓ¥»[22m wn node_modules/@prisma/client/runtime/library.js:[2m29:1363[22m[39m
[90m [2mΓ¥»[22m $n.handleRequestError node_modules/@prisma/client/runtime/library.js:[2m121:6958[22m[39m
[90m [2mΓ¥»[22m $n.handleAndLogRequestError node_modules/@prisma/client/runtime/library.js:[2m121:6623[22m[39m
[90m [2mΓ¥»[22m $n.request node_modules/@prisma/client/runtime/library.js:[2m121:6307[22m[39m
[90m [2mΓ¥»[22m l node_modules/@prisma/client/runtime/library.js:[2m130:9633[22m[39m
[36m [2mΓ¥»[22m Module.compareRates src/services/rateCompare.service.js:[2m105:26[22m[39m
    [90m103| [39m
    [90m104| [39m  [90m// Fetch dynamic rates from database[39m
    [90m105| [39m  const activeVersions = await prisma.rateVersion.findMany({ where: { ΓÇª
    [90m   | [39m                         [31m^[39m
    [90m106| [39m  [35mconst[39m dynamicRates [33m=[39m { [33m...[39m[33mCARRIER_RATES[39m }[33m;[39m
    [90m107| [39m  [35mfor[39m ([35mconst[39m rv [35mof[39m activeVersions) {
[90m [2mΓ¥»[22m src/tests/unit/rateCompareService.test.js:[2m39:22[22m[39m

[31m[2mΓÄ»ΓÄ»ΓÄ»ΓÄ»ΓÄ»ΓÄ»ΓÄ»ΓÄ»ΓÄ»ΓÄ»ΓÄ»ΓÄ»ΓÄ»ΓÄ»ΓÄ»ΓÄ»ΓÄ»ΓÄ»ΓÄ»ΓÄ»ΓÄ»[94/151]ΓÄ»[22m[39m

[41m[1m FAIL [22m[49m [30m[42m unit [49m[39m src/tests/unit/rateCompareService.test.js[2m > 
[22mrateCompare.service[2m > [22mcompareRates[2m > [22mexcludes international carriers for domestic shipments
[31m[1mPrismaClientValidationError[22m: 
Invalid `prisma.rateVersion.findMany()` invocation in
C:\Users\hp\OneDrive\Desktop\seahawk-full_stack\backend\src\services\rateCompare.service.js:105:51

  102 if (!zone) throw new Error('Zone is required');
  103 
  104 // Fetch dynamic rates from database
ΓåÆ 105 const activeVersions = await prisma.rateVersion.findMany({
        where: {
          active: true,
          ~~~~~~
      ?   AND?: RateVersionWhereInput | RateVersionWhereInput[],
      ?   OR?: RateVersionWhereInput[],
      ?   NOT?: RateVersionWhereInput | RateVersionWhereInput[],
      ?   id?: IntFilter | Int,
      ?   courier?: StringFilter | String,
      ?   effectiveDate?: StringFilter | String,
      ?   uploadedById?: IntNullableFilter | Int | Null,
      ?   notes?: StringNullableFilter | String | Null,
      ?   dataJson?: JsonFilter,
      ?   createdAt?: DateTimeFilter | DateTime,
      ?   uploadedBy?: UserNullableRelationFilter | UserWhereInput | Null
        }
      })

Unknown argument `active`. Available options are marked with ?.[39m
[90m [2mΓ¥»[22m wn node_modules/@prisma/client/runtime/library.js:[2m29:1363[22m[39m
[90m [2mΓ¥»[22m $n.handleRequestError node_modules/@prisma/client/runtime/library.js:[2m121:6958[22m[39m
[90m [2mΓ¥»[22m $n.handleAndLogRequestError node_modules/@prisma/client/runtime/library.js:[2m121:6623[22m[39m
[90m [2mΓ¥»[22m $n.request node_modules/@prisma/client/runtime/library.js:[2m121:6307[22m[39m
[90m [2mΓ¥»[22m l node_modules/@prisma/client/runtime/library.js:[2m130:9633[22m[39m
[36m [2mΓ¥»[22m Module.compareRates src/services/rateCompare.service.js:[2m105:26[22m[39m
    [90m103| [39m
    [90m104| [39m  [90m// Fetch dynamic rates from database[39m
    [90m105| [39m  const activeVersions = await prisma.rateVersion.findMany({ where: { ΓÇª
    [90m   | [39m                         [31m^[39m
    [90m106| [39m  [35mconst[39m dynamicRates [33m=[39m { [33m...[39m[33mCARRIER_RATES[39m }[33m;[39m
    [90m107| [39m  [35mfor[39m ([35mconst[39m rv [35mof[39m activeVersions) {
[90m [2mΓ¥»[22m src/tests/unit/rateCompareService.test.js:[2m46:22[22m[39m

[31m[2mΓÄ»ΓÄ»ΓÄ»ΓÄ»ΓÄ»ΓÄ»ΓÄ»ΓÄ»ΓÄ»ΓÄ»ΓÄ»ΓÄ»ΓÄ»ΓÄ»ΓÄ»ΓÄ»ΓÄ»ΓÄ»ΓÄ»ΓÄ»ΓÄ»[95/151]ΓÄ»[22m[39m

[41m[1m FAIL [22m[49m [30m[42m unit [49m[39m src/tests/unit/rateCompareService.test.js[2m > 
[22mrateCompare.service[2m > [22mcompareRates[2m > [22mapplies zone multipliers correctly
[31m[1mPrismaClientValidationError[22m: 
Invalid `prisma.rateVersion.findMany()` invocation in
C:\Users\hp\OneDrive\Desktop\seahawk-full_stack\backend\src\services\rateCompare.service.js:105:51

  102 if (!zone) throw new Error('Zone is required');
  103 
  104 // Fetch dynamic rates from database
ΓåÆ 105 const activeVersions = await prisma.rateVersion.findMany({
        where: {
          active: true,
          ~~~~~~
      ?   AND?: RateVersionWhereInput | RateVersionWhereInput[],
      ?   OR?: RateVersionWhereInput[],
      ?   NOT?: RateVersionWhereInput | RateVersionWhereInput[],
      ?   id?: IntFilter | Int,
      ?   courier?: StringFilter | String,
      ?   effectiveDate?: StringFilter | String,
      ?   uploadedById?: IntNullableFilter | Int | Null,
      ?   notes?: StringNullableFilter | String | Null,
      ?   dataJson?: JsonFilter,
      ?   createdAt?: DateTimeFilter | DateTime,
      ?   uploadedBy?: UserNullableRelationFilter | UserWhereInput | Null
        }
      })

Unknown argument `active`. Available options are marked with ?.[39m
[90m [2mΓ¥»[22m wn node_modules/@prisma/client/runtime/library.js:[2m29:1363[22m[39m
[90m [2mΓ¥»[22m $n.handleRequestError node_modules/@prisma/client/runtime/library.js:[2m121:6958[22m[39m
[90m [2mΓ¥»[22m $n.handleAndLogRequestError node_modules/@prisma/client/runtime/library.js:[2m121:6623[22m[39m
[90m [2mΓ¥»[22m $n.request node_modules/@prisma/client/runtime/library.js:[2m121:6307[22m[39m
[90m [2mΓ¥»[22m l node_modules/@prisma/client/runtime/library.js:[2m130:9633[22m[39m
[36m [2mΓ¥»[22m Module.compareRates src/services/rateCompare.service.js:[2m105:26[22m[39m
    [90m103| [39m
    [90m104| [39m  [90m// Fetch dynamic rates from database[39m
    [90m105| [39m  const activeVersions = await prisma.rateVersion.findMany({ where: { ΓÇª
    [90m   | [39m                         [31m^[39m
    [90m106| [39m  [35mconst[39m dynamicRates [33m=[39m { [33m...[39m[33mCARRIER_RATES[39m }[33m;[39m
    [90m107| [39m  [35mfor[39m ([35mconst[39m rv [35mof[39m activeVersions) {
[90m [2mΓ¥»[22m src/tests/unit/rateCompareService.test.js:[2m64:21[22m[39m

[31m[2mΓÄ»ΓÄ»ΓÄ»ΓÄ»ΓÄ»ΓÄ»ΓÄ»ΓÄ»ΓÄ»ΓÄ»ΓÄ»ΓÄ»ΓÄ»ΓÄ»ΓÄ»ΓÄ»ΓÄ»ΓÄ»ΓÄ»ΓÄ»ΓÄ»[96/151]ΓÄ»[22m[39m

[41m[1m FAIL [22m[49m [30m[42m unit [49m[39m src/tests/unit/rateCompareService.test.js[2m > 
[22mrateCompare.service[2m > [22mcompareRates[2m > [22mrespects minimum weight
[31m[1mPrismaClientValidationError[22m: 
Invalid `prisma.rateVersion.findMany()` invocation in
C:\Users\hp\OneDrive\Desktop\seahawk-full_stack\backend\src\services\rateCompare.service.js:105:51

  102 if (!zone) throw new Error('Zone is required');
  103 
  104 // Fetch dynamic rates from database
ΓåÆ 105 const activeVersions = await prisma.rateVersion.findMany({
        where: {
          active: true,
          ~~~~~~
      ?   AND?: RateVersionWhereInput | RateVersionWhereInput[],
      ?   OR?: RateVersionWhereInput[],
      ?   NOT?: RateVersionWhereInput | RateVersionWhereInput[],
      ?   id?: IntFilter | Int,
      ?   courier?: StringFilter | String,
      ?   effectiveDate?: StringFilter | String,
      ?   uploadedById?: IntNullableFilter | Int | Null,
      ?   notes?: StringNullableFilter | String | Null,
      ?   dataJson?: JsonFilter,
      ?   createdAt?: DateTimeFilter | DateTime,
      ?   uploadedBy?: UserNullableRelationFilter | UserWhereInput | Null
        }
      })

Unknown argument `active`. Available options are marked with ?.[39m
[90m [2mΓ¥»[22m wn node_modules/@prisma/client/runtime/library.js:[2m29:1363[22m[39m
[90m [2mΓ¥»[22m $n.handleRequestError node_modules/@prisma/client/runtime/library.js:[2m121:6958[22m[39m
[90m [2mΓ¥»[22m $n.handleAndLogRequestError node_modules/@prisma/client/runtime/library.js:[2m121:6623[22m[39m
[90m [2mΓ¥»[22m $n.request node_modules/@prisma/client/runtime/library.js:[2m121:6307[22m[39m
[90m [2mΓ¥»[22m l node_modules/@prisma/client/runtime/library.js:[2m130:9633[22m[39m
[36m [2mΓ¥»[22m Module.compareRates src/services/rateCompare.service.js:[2m105:26[22m[39m
    [90m103| [39m
    [90m104| [39m  [90m// Fetch dynamic rates from database[39m
    [90m105| [39m  const activeVersions = await prisma.rateVersion.findMany({ where: { ΓÇª
    [90m   | [39m                         [31m^[39m
    [90m106| [39m  [35mconst[39m dynamicRates [33m=[39m { [33m...[39m[33mCARRIER_RATES[39m }[33m;[39m
    [90m107| [39m  [35mfor[39m ([35mconst[39m rv [35mof[39m activeVersions) {
[90m [2mΓ¥»[22m src/tests/unit/rateCompareService.test.js:[2m74:22[22m[39m

[31m[2mΓÄ»ΓÄ»ΓÄ»ΓÄ»ΓÄ»ΓÄ»ΓÄ»ΓÄ»ΓÄ»ΓÄ»ΓÄ»ΓÄ»ΓÄ»ΓÄ»ΓÄ»ΓÄ»ΓÄ»ΓÄ»ΓÄ»ΓÄ»ΓÄ»[97/151]ΓÄ»[22m[39m

[41m[1m FAIL [22m[49m [30m[42m unit [49m[39m src/tests/unit/rateCompareService.test.js[2m > 
[22mrateCompare.service[2m > [22mgetSingleRate[2m > [22mreturns specific carrier+mode rate
[31m[1mPrismaClientValidationError[22m: 
Invalid `prisma.rateVersion.findMany()` invocation in
C:\Users\hp\OneDrive\Desktop\seahawk-full_stack\backend\src\services\rateCompare.service.js:105:51

  102 if (!zone) throw new Error('Zone is required');
  103 
  104 // Fetch dynamic rates from database
ΓåÆ 105 const activeVersions = await prisma.rateVersion.findMany({
        where: {
          active: true,
          ~~~~~~
      ?   AND?: RateVersionWhereInput | RateVersionWhereInput[],
      ?   OR?: RateVersionWhereInput[],
      ?   NOT?: RateVersionWhereInput | RateVersionWhereInput[],
      ?   id?: IntFilter | Int,
      ?   courier?: StringFilter | String,
      ?   effectiveDate?: StringFilter | String,
      ?   uploadedById?: IntNullableFilter | Int | Null,
      ?   notes?: StringNullableFilter | String | Null,
      ?   dataJson?: JsonFilter,
      ?   createdAt?: DateTimeFilter | DateTime,
      ?   uploadedBy?: UserNullableRelationFilter | UserWhereInput | Null
        }
      })

Unknown argument `active`. Available options are marked with ?.[39m
[90m [2mΓ¥»[22m wn node_modules/@prisma/client/runtime/library.js:[2m29:1363[22m[39m
[90m [2mΓ¥»[22m $n.handleRequestError node_modules/@prisma/client/runtime/library.js:[2m121:6958[22m[39m
[90m [2mΓ¥»[22m $n.handleAndLogRequestError node_modules/@prisma/client/runtime/library.js:[2m121:6623[22m[39m
[90m [2mΓ¥»[22m $n.request node_modules/@prisma/client/runtime/library.js:[2m121:6307[22m[39m
[90m [2mΓ¥»[22m l node_modules/@prisma/client/runtime/library.js:[2m130:9633[22m[39m
[36m [2mΓ¥»[22m compareRates src/services/rateCompare.service.js:[2m105:26[22m[39m
    [90m103| [39m
    [90m104| [39m  [90m// Fetch dynamic rates from database[39m
    [90m105| [39m  const activeVersions = await prisma.rateVersion.findMany({ where: { ΓÇª
    [90m   | [39m                         [31m^[39m
    [90m106| [39m  [35mconst[39m dynamicRates [33m=[39m { [33m...[39m[33mCARRIER_RATES[39m }[33m;[39m
    [90m107| [39m  [35mfor[39m ([35mconst[39m rv [35mof[39m activeVersions) {
[90m [2mΓ¥»[22m Module.getSingleRate src/services/rateCompare.service.js:[2m242:15[22m[39m
[90m [2mΓ¥»[22m src/tests/unit/rateCompareService.test.js:[2m85:22[22m[39m

[31m[2mΓÄ»ΓÄ»ΓÄ»ΓÄ»ΓÄ»ΓÄ»ΓÄ»ΓÄ»ΓÄ»ΓÄ»ΓÄ»ΓÄ»ΓÄ»ΓÄ»ΓÄ»ΓÄ»ΓÄ»ΓÄ»ΓÄ»ΓÄ»ΓÄ»[98/151]ΓÄ»[22m[39m

[41m[1m FAIL [22m[49m [30m[42m unit [49m[39m src/tests/unit/rateCompareService.test.js[2m > 
[22mrateCompare.service[2m > [22mgetSingleRate[2m > [22mreturns null for unknown carrier+mode
[31m[1mPrismaClientValidationError[22m: 
Invalid `prisma.rateVersion.findMany()` invocation in
C:\Users\hp\OneDrive\Desktop\seahawk-full_stack\backend\src\services\rateCompare.service.js:105:51

  102 if (!zone) throw new Error('Zone is required');
  103 
  104 // Fetch dynamic rates from database
ΓåÆ 105 const activeVersions = await prisma.rateVersion.findMany({
        where: {
          active: true,
          ~~~~~~
      ?   AND?: RateVersionWhereInput | RateVersionWhereInput[],
      ?   OR?: RateVersionWhereInput[],
      ?   NOT?: RateVersionWhereInput | RateVersionWhereInput[],
      ?   id?: IntFilter | Int,
      ?   courier?: StringFilter | String,
      ?   effectiveDate?: StringFilter | String,
      ?   uploadedById?: IntNullableFilter | Int | Null,
      ?   notes?: StringNullableFilter | String | Null,
      ?   dataJson?: JsonFilter,
      ?   createdAt?: DateTimeFilter | DateTime,
      ?   uploadedBy?: UserNullableRelationFilter | UserWhereInput | Null
        }
      })

Unknown argument `active`. Available options are marked with ?.[39m
[90m [2mΓ¥»[22m wn node_modules/@prisma/client/runtime/library.js:[2m29:1363[22m[39m
[90m [2mΓ¥»[22m $n.handleRequestError node_modules/@prisma/client/runtime/library.js:[2m121:6958[22m[39m
[90m [2mΓ¥»[22m $n.handleAndLogRequestError node_modules/@prisma/client/runtime/library.js:[2m121:6623[22m[39m
[90m [2mΓ¥»[22m $n.request node_modules/@prisma/client/runtime/library.js:[2m121:6307[22m[39m
[90m [2mΓ¥»[22m l node_modules/@prisma/client/runtime/library.js:[2m130:9633[22m[39m
[36m [2mΓ¥»[22m compareRates src/services/rateCompare.service.js:[2m105:26[22m[39m
    [90m103| [39m
    [90m104| [39m  [90m// Fetch dynamic rates from database[39m
    [90m105| [39m  const activeVersions = await prisma.rateVersion.findMany({ where: { ΓÇª
    [90m   | [39m                         [31m^[39m
    [90m106| [39m  [35mconst[39m dynamicRates [33m=[39m { [33m...[39m[33mCARRIER_RATES[39m }[33m;[39m
    [90m107| [39m  [35mfor[39m ([35mconst[39m rv [35mof[39m activeVersions) {
[90m [2mΓ¥»[22m Module.getSingleRate src/services/rateCompare.service.js:[2m242:15[22m[39m
[90m [2mΓ¥»[22m src/tests/unit/rateCompareService.test.js:[2m93:22[22m[39m

[31m[2mΓÄ»ΓÄ»ΓÄ»ΓÄ»ΓÄ»ΓÄ»ΓÄ»ΓÄ»ΓÄ»ΓÄ»ΓÄ»ΓÄ»ΓÄ»ΓÄ»ΓÄ»ΓÄ»ΓÄ»ΓÄ»ΓÄ»ΓÄ»ΓÄ»[99/151]ΓÄ»[22m[39m

[41m[1m FAIL [22m[49m [30m[42m unit [49m[39m src/tests/unit/returnService.test.js[2m > 
[22mreturn.service[2m > [22mbooks reverse pickup using fallback carrier when primary fails
[31m[1mError[22m: Return request not found[39m
[36m [2mΓ¥»[22m Module.bookReversePickup src/services/return.service.js:[2m441:19[22m[39m
    [90m439| [39m  })[33m;[39m
    [90m440| [39m
    [90m441| [39m  [35mif[39m ([33m![39mret) [35mthrow[39m [35mnew[39m [33mAppError[39m([32m'Return 
request not found'[39m[33m,[39m [34m404[39m)[33m;[39m
    [90m   | [39m                  [31m^[39m
    [90m442| [39m  [35mconst[39m returnMethod [33m=[39m 
[34mnormalizeReturnMethod[39m(ret[33m.[39mreturnMethod)[33m;[39m
    [90m443| [39m  const allowedStatuses = returnMethod === 'SELF_SHIP' ? ['APPROVED', ΓÇª
[90m [2mΓ¥»[22m src/tests/unit/returnService.test.js:[2m55:20[22m[39m

[31m[2mΓÄ»ΓÄ»ΓÄ»ΓÄ»ΓÄ»ΓÄ»ΓÄ»ΓÄ»ΓÄ»ΓÄ»ΓÄ»ΓÄ»ΓÄ»ΓÄ»ΓÄ»ΓÄ»ΓÄ»ΓÄ»ΓÄ»ΓÄ»[100/151]ΓÄ»[22m[39m

[41m[1m FAIL [22m[49m [30m[42m unit [49m[39m src/tests/unit/returnService.test.js[2m > 
[22mreturn.service[2m > [22msyncs reverse tracking and moves status to IN_TRANSIT
[31m[1mError[22m: Return request not found[39m
[36m [2mΓ¥»[22m Module.syncReverseTracking src/services/return.service.js:[2m576:19[22m[39m
    [90m574| [39m    }[33m,[39m
    [90m575| [39m  })[33m;[39m
    [90m576| [39m  [35mif[39m ([33m![39mret) [35mthrow[39m [35mnew[39m [33mAppError[39m([32m'Return 
request not found'[39m[33m,[39m [34m404[39m)[33m;[39m
    [90m   | [39m                  [31m^[39m
    [90m577| [39m  [35mif[39m ([33m![39mret[33m.[39mreverseAwb [33m||[39m 
[33m![39mret[33m.[39mreverseCourier) {
    [90m578| [39m    throw new AppError('Reverse shipment details are missing for this ΓÇª
[90m [2mΓ¥»[22m src/tests/unit/returnService.test.js:[2m92:20[22m[39m

[31m[2mΓÄ»ΓÄ»ΓÄ»ΓÄ»ΓÄ»ΓÄ»ΓÄ»ΓÄ»ΓÄ»ΓÄ»ΓÄ»ΓÄ»ΓÄ»ΓÄ»ΓÄ»ΓÄ»ΓÄ»ΓÄ»ΓÄ»ΓÄ»[101/151]ΓÄ»[22m[39m

[41m[1m FAIL [22m[49m [30m[42m unit [49m[39m src/tests/unit/returnService.test.js[2m > 
[22mreturn.service[2m > [22mcreates self-ship return requests with returnMethod
[31m[1mError[22m: Shipment not found or does not belong to your account[39m
[36m [2mΓ¥»[22m Module.createReturnRequest src/services/return.service.js:[2m233:24[22m[39m
    [90m231| [39m  })[33m;[39m
    [90m232| [39m
    [90m233| [39m  if (!shipment) throw new AppError('Shipment not found or does not beΓÇª
    [90m   | [39m                       [31m^[39m
    [90m234| [39m  [35mif[39m (shipment[33m.[39mstatus [33m!==[39m [32m'Delivered'[39m) {
    [90m235| [39m    throw new AppError(`Returns can only be requested for delivered shΓÇª
[90m [2mΓ¥»[22m src/tests/unit/returnService.test.js:[2m123:20[22m[39m

[31m[2mΓÄ»ΓÄ»ΓÄ»ΓÄ»ΓÄ»ΓÄ»ΓÄ»ΓÄ»ΓÄ»ΓÄ»ΓÄ»ΓÄ»ΓÄ»ΓÄ»ΓÄ»ΓÄ»ΓÄ»ΓÄ»ΓÄ»ΓÄ»[102/151]ΓÄ»[22m[39m

[41m[1m FAIL [22m[49m [30m[42m unit [49m[39m src/tests/unit/returnService.test.js[2m > 
[22mreturn.service[2m > [22mgenerates prepaid label for SELF_SHIP returns
[31m[1mError[22m: Return request not found[39m
[36m [2mΓ¥»[22m Module.generateSelfShipLabel src/services/return.service.js:[2m528:19[22m[39m
    [90m526| [39m    select[33m:[39m { id[33m:[39m [35mtrue[39m[33m,[39m returnMethod[33m:[39m 
[35mtrue[39m }[33m,[39m
    [90m527| [39m  })[33m;[39m
    [90m528| [39m  [35mif[39m ([33m![39mret) [35mthrow[39m [35mnew[39m [33mAppError[39m([32m'Return 
request not found'[39m[33m,[39m [34m404[39m)[33m;[39m
    [90m   | [39m                  [31m^[39m
    [90m529| [39m  [35mif[39m ([34mnormalizeReturnMethod[39m(ret[33m.[39mreturnMethod) [33m!==[39m 
[32m'SELF_SHIP'[39m) {
    [90m530| [39m    throw new AppError('Label generation is only available for SELF_SHΓÇª
[90m [2mΓ¥»[22m src/tests/unit/returnService.test.js:[2m180:20[22m[39m

[31m[2mΓÄ»ΓÄ»ΓÄ»ΓÄ»ΓÄ»ΓÄ»ΓÄ»ΓÄ»ΓÄ»ΓÄ»ΓÄ»ΓÄ»ΓÄ»ΓÄ»ΓÄ»ΓÄ»ΓÄ»ΓÄ»ΓÄ»ΓÄ»[103/151]ΓÄ»[22m[39m

[41m[1m FAIL [22m[49m [30m[42m unit [49m[39m src/tests/unit/returnService.test.js[2m > 
[22mreturn.service[2m > [22mkeeps eligible-shipment filter aligned with active return statuses
[31m[1mAssertionError[22m: expected "spy" to be called with arguments: [ ObjectContaining{ΓÇª} ][90m

Number of calls: [1m0[22m
[31m[39m
[36m [2mΓ¥»[22m src/tests/unit/returnService.test.js:[2m197:39[22m[39m
    [90m195| [39m    await returnService.getEligibleShipments('SEA', { page: 1, limit: ΓÇª
    [90m196| [39m
    [90m197| [39m    expect(mockPrisma.shipment.count).toHaveBeenCalledWith(expect.objeΓÇª
    [90m   | [39m                                      [31m^[39m
    [90m198| [39m      where[33m:[39m expect[33m.[39m[34mobjectContaining[39m({
    [90m199| [39m        returnRequests[33m:[39m {

[31m[2mΓÄ»ΓÄ»ΓÄ»ΓÄ»ΓÄ»ΓÄ»ΓÄ»ΓÄ»ΓÄ»ΓÄ»ΓÄ»ΓÄ»ΓÄ»ΓÄ»ΓÄ»ΓÄ»ΓÄ»ΓÄ»ΓÄ»ΓÄ»[104/151]ΓÄ»[22m[39m

[41m[1m FAIL [22m[49m [30m[42m unit [49m[39m src/tests/unit/returnService.test.js[2m > 
[22mreturn.service[2m > [22mblocks invalid manual status transition without force
[31m[1mAssertionError[22m: expected [Function] to throw error including 'Invalid status transition: PENDING ->ΓÇª' 
but got 'Return request not found'[39m

Expected: [32m"Invalid status transition: PENDING -> IN_TRANSIT"[39m
Received: [31m"Return request not found"[39m

[36m [2mΓ¥»[22m src/tests/unit/returnService.test.js:[2m215:5[22m[39m
    [90m213| [39m    })[33m;[39m
    [90m214| [39m
    [90m215| [39m    await expect(returnService.updateReturnStatus(51, 'IN_TRANSIT')).rΓÇª
    [90m   | [39m    [31m^[39m
    [90m216| [39m    [34mexpect[39m(mockPrisma[33m.[39mreturnRequest[33m.[39mupdate)[33m.[39mnot[33m.[39m[
34mtoHaveBeenCalled[39m()[33m;[39m
    [90m217| [39m  })[33m;[39m

[31m[2mΓÄ»ΓÄ»ΓÄ»ΓÄ»ΓÄ»ΓÄ»ΓÄ»ΓÄ»ΓÄ»ΓÄ»ΓÄ»ΓÄ»ΓÄ»ΓÄ»ΓÄ»ΓÄ»ΓÄ»ΓÄ»ΓÄ»ΓÄ»[105/151]ΓÄ»[22m[39m

[41m[1m FAIL [22m[49m [30m[42m unit [49m[39m src/tests/unit/returnService.test.js[2m > 
[22mreturn.service[2m > [22mreturns return timeline entries from audit logs
[31m[1mError[22m: Return request not found[39m
[36m [2mΓ¥»[22m getReturn src/services/return.service.js:[2m362:19[22m[39m
    [90m360| [39m    }[33m,[39m
    [90m361| [39m  })[33m;[39m
    [90m362| [39m  [35mif[39m ([33m![39mret) [35mthrow[39m [35mnew[39m [33mAppError[39m([32m'Return 
request not found'[39m[33m,[39m [34m404[39m)[33m;[39m
    [90m   | [39m                  [31m^[39m
    [90m363| [39m  return { ...ret, returnMethod: normalizeReturnMethod(ret.returnMethoΓÇª
    [90m364| [39m}
[90m [2mΓ¥»[22m Module.getReturnTimeline src/services/return.service.js:[2m729:3[22m[39m
[90m [2mΓ¥»[22m src/tests/unit/returnService.test.js:[2m236:20[22m[39m

[31m[2mΓÄ»ΓÄ»ΓÄ»ΓÄ»ΓÄ»ΓÄ»ΓÄ»ΓÄ»ΓÄ»ΓÄ»ΓÄ»ΓÄ»ΓÄ»ΓÄ»ΓÄ»ΓÄ»ΓÄ»ΓÄ»ΓÄ»ΓÄ»[106/151]ΓÄ»[22m[39m

[41m[1m FAIL [22m[49m [30m[42m unit [49m[39m src/tests/unit/shipmentService.test.js[2m > 
[22mshipment.service[2m > [22mgetAll[2m > [22mreturns paginated shipments
[31m[1mAssertionError[22m: expected +0 to be 100 // Object.is equality[39m

[32m- Expected[39m
[31m+ Received[39m

[32m- 100[39m
[31m+ 0[39m

[36m [2mΓ¥»[22m src/tests/unit/shipmentService.test.js:[2m85:21[22m[39m
    [90m 83| [39m      [35mconst[39m result [33m=[39m [35mawait[39m 
shipmentService[33m.[39m[34mgetAll[39m({}[33m,[39m [34m1[39m[33m,[39m [34m50[39m)[33m;[39m
    [90m 84| [39m      [34mexpect[39m(result[33m.[39mtotal)[33m.[39m[34mtoBe[39m([34m100[39m)[33m;[39m
    [90m 85| [39m      
[34mexpect[39m(result[33m.[39mshipments)[33m.[39m[34mtoHaveLength[39m([34m1[39m)[33m;[39m
    [90m   | [39m                    [31m^[39m
    [90m 86| [39m      
[34mexpect[39m(result[33m.[39mstats[33m.[39mrevenue)[33m.[39m[34mtoBe[39m([34m1200[39m)[33m;[39m
    [90m 87| [39m    })[33m;[39m

[31m[2mΓÄ»ΓÄ»ΓÄ»ΓÄ»ΓÄ»ΓÄ»ΓÄ»ΓÄ»ΓÄ»ΓÄ»ΓÄ»ΓÄ»ΓÄ»ΓÄ»ΓÄ»ΓÄ»ΓÄ»ΓÄ»ΓÄ»ΓÄ»[107/151]ΓÄ»[22m[39m

[41m[1m FAIL [22m[49m [30m[42m unit [49m[39m src/tests/unit/shipmentService.test.js[2m > 
[22mshipment.service[2m > [22mgetById[2m > [22mreturns shipment when found
[31m[1mError[22m: Shipment not found.[39m
[36m [2mΓ¥»[22m Module.getById src/services/shipment.service.js:[2m253:17[22m[39m
    [90m251| [39m    include: { client: true, createdBy: { select: { name: true } }, upΓÇª
    [90m252| [39m  })[33m;[39m
    [90m253| [39m  [35mif[39m ([33m![39ms) [35mthrow[39m [35mnew[39m [33mAppError[39m([32m'Shipment not 
found.'[39m[33m,[39m [34m404[39m)[33m;[39m
    [90m   | [39m                [31m^[39m
    [90m254| [39m  [35mreturn[39m s[33m;[39m
    [90m255| [39m}
[90m [2mΓ¥»[22m src/tests/unit/shipmentService.test.js:[2m104:7[22m[39m

[31m[2mΓÄ»ΓÄ»ΓÄ»ΓÄ»ΓÄ»ΓÄ»ΓÄ»ΓÄ»ΓÄ»ΓÄ»ΓÄ»ΓÄ»ΓÄ»ΓÄ»ΓÄ»ΓÄ»ΓÄ»ΓÄ»ΓÄ»ΓÄ»[108/151]ΓÄ»[22m[39m

[41m[1m FAIL [22m[49m [30m[42m unit [49m[39m src/tests/unit/shipmentService.test.js[2m > 
[22mshipment.service[2m > [22mupdate[2m > [22muppercases consignee and destination
[31m[1mPrismaClientKnownRequestError[22m: 
Invalid `prisma.shipment.update()` invocation in
C:\Users\hp\OneDrive\Desktop\seahawk-full_stack\backend\src\services\shipment.service.js:351:41

  348 if (data.awb)          u.awb          = normalizeAwb(data.awb);
  349 if (data.consignee)   u.consignee   = data.consignee.toUpperCase();
  350 if (data.destination) u.destination = data.destination.toUpperCase();
ΓåÆ 351 const updated = await prisma.shipment.update(
An operation failed because it depends on one or more records that were required but not found. Record to update not 
found.[39m
[90m [2mΓ¥»[22m $n.handleRequestError node_modules/@prisma/client/runtime/library.js:[2m121:7315[22m[39m
[90m [2mΓ¥»[22m $n.handleAndLogRequestError node_modules/@prisma/client/runtime/library.js:[2m121:6623[22m[39m
[90m [2mΓ¥»[22m $n.request node_modules/@prisma/client/runtime/library.js:[2m121:6307[22m[39m
[90m [2mΓ¥»[22m l node_modules/@prisma/client/runtime/library.js:[2m130:9633[22m[39m
[36m [2mΓ¥»[22m Module.update src/services/shipment.service.js:[2m351:19[22m[39m
    [90m349| [39m  [35mif[39m (data[33m.[39mconsignee)   u[33m.[39mconsignee   [33m=[39m 
data[33m.[39mconsignee[33m.[39m[34mtoUpperCase[39m()[33m;[39m
    [90m350| [39m  [35mif[39m (data[33m.[39mdestination) u[33m.[39mdestination [33m=[39m 
data[33m.[39mdestination[33m.[39m[34mtoUpperCase[39m()[33m;[39m
    [90m351| [39m  const updated = await prisma.shipment.update({ where: { id: parseIntΓÇª
    [90m   | [39m                  [31m^[39m
    [90m352| [39m  [34mclearCache[39m()[33m;[39m
    [90m353| [39m  [34memitShipmentStatusUpdated[39m(updated)[33m;[39m
[90m [2mΓ¥»[22m src/tests/unit/shipmentService.test.js:[2m118:7[22m[39m

[31m[2mΓÄ»ΓÄ»ΓÄ»ΓÄ»ΓÄ»ΓÄ»ΓÄ»ΓÄ»ΓÄ»ΓÄ»ΓÄ»ΓÄ»ΓÄ»ΓÄ»ΓÄ»ΓÄ»ΓÄ»ΓÄ»ΓÄ»ΓÄ»[109/151]ΓÄ»[22m[39m

[41m[1m FAIL [22m[49m [30m[42m unit [49m[39m src/tests/unit/shipmentService.test.js[2m > 
[22mshipment.service[2m > [22mupdate[2m > [22mnormalizes AWB casing on update
[31m[1mPrismaClientKnownRequestError[22m: 
Invalid `prisma.shipment.update()` invocation in
C:\Users\hp\OneDrive\Desktop\seahawk-full_stack\backend\src\services\shipment.service.js:351:41

  348 if (data.awb)          u.awb          = normalizeAwb(data.awb);
  349 if (data.consignee)   u.consignee   = data.consignee.toUpperCase();
  350 if (data.destination) u.destination = data.destination.toUpperCase();
ΓåÆ 351 const updated = await prisma.shipment.update(
An operation failed because it depends on one or more records that were required but not found. Record to update not 
found.[39m
[90m [2mΓ¥»[22m $n.handleRequestError node_modules/@prisma/client/runtime/library.js:[2m121:7315[22m[39m
[90m [2mΓ¥»[22m $n.handleAndLogRequestError node_modules/@prisma/client/runtime/library.js:[2m121:6623[22m[39m
[90m [2mΓ¥»[22m $n.request node_modules/@prisma/client/runtime/library.js:[2m121:6307[22m[39m
[90m [2mΓ¥»[22m l node_modules/@prisma/client/runtime/library.js:[2m130:9633[22m[39m
[36m [2mΓ¥»[22m Module.update src/services/shipment.service.js:[2m351:19[22m[39m
    [90m349| [39m  [35mif[39m (data[33m.[39mconsignee)   u[33m.[39mconsignee   [33m=[39m 
data[33m.[39mconsignee[33m.[39m[34mtoUpperCase[39m()[33m;[39m
    [90m350| [39m  [35mif[39m (data[33m.[39mdestination) u[33m.[39mdestination [33m=[39m 
data[33m.[39mdestination[33m.[39m[34mtoUpperCase[39m()[33m;[39m
    [90m351| [39m  const updated = await prisma.shipment.update({ where: { id: parseIntΓÇª
    [90m   | [39m                  [31m^[39m
    [90m352| [39m  [34mclearCache[39m()[33m;[39m
    [90m353| [39m  [34memitShipmentStatusUpdated[39m(updated)[33m;[39m
[90m [2mΓ¥»[22m src/tests/unit/shipmentService.test.js:[2m124:6[22m[39m

[31m[2mΓÄ»ΓÄ»ΓÄ»ΓÄ»ΓÄ»ΓÄ»ΓÄ»ΓÄ»ΓÄ»ΓÄ»ΓÄ»ΓÄ»ΓÄ»ΓÄ»ΓÄ»ΓÄ»ΓÄ»ΓÄ»ΓÄ»ΓÄ»[110/151]ΓÄ»[22m[39m

[41m[1m FAIL [22m[49m [30m[42m unit [49m[39m src/tests/unit/shipmentService.test.js[2m > 
[22mshipment.service[2m > [22mremove[2m > [22mdeletes shipment by id
[31m[1mPrismaClientKnownRequestError[22m: 
Invalid `prisma.shipment.delete()` invocation in
C:\Users\hp\OneDrive\Desktop\seahawk-full_stack\backend\src\services\shipment.service.js:468:43

  465 }
  466 
  467 async function remove(id) { 
ΓåÆ 468   const res = await prisma.shipment.delete(
An operation failed because it depends on one or more records that were required but not found. Record to delete does 
not exist.[39m
[90m [2mΓ¥»[22m $n.handleRequestError node_modules/@prisma/client/runtime/library.js:[2m121:7315[22m[39m
[90m [2mΓ¥»[22m $n.handleAndLogRequestError node_modules/@prisma/client/runtime/library.js:[2m121:6623[22m[39m
[90m [2mΓ¥»[22m $n.request node_modules/@prisma/client/runtime/library.js:[2m121:6307[22m[39m
[90m [2mΓ¥»[22m l node_modules/@prisma/client/runtime/library.js:[2m130:9633[22m[39m
[36m [2mΓ¥»[22m Module.remove src/services/shipment.service.js:[2m468:15[22m[39m
    [90m466| [39m
    [90m467| [39m[35masync[39m [35mfunction[39m [34mremove[39m(id) { 
    [90m468| [39m  const res = await prisma.shipment.delete({ where: { id: parseInt(id)ΓÇª
    [90m   | [39m              [31m^[39m
    [90m469| [39m  [34mclearCache[39m()[33m;[39m
    [90m470| [39m  [35mreturn[39m res[33m;[39m
[90m [2mΓ¥»[22m src/tests/unit/shipmentService.test.js:[2m135:7[22m[39m

[31m[2mΓÄ»ΓÄ»ΓÄ»ΓÄ»ΓÄ»ΓÄ»ΓÄ»ΓÄ»ΓÄ»ΓÄ»ΓÄ»ΓÄ»ΓÄ»ΓÄ»ΓÄ»ΓÄ»ΓÄ»ΓÄ»ΓÄ»ΓÄ»[111/151]ΓÄ»[22m[39m

[41m[1m FAIL [22m[49m [30m[42m unit [49m[39m src/tests/unit/shipmentService.test.js[2m > 
[22mshipment.service[2m > [22mbulkImport[2m > [22mauto-detects courier and queues tracking sync for imported 
active shipments
[31m[1mPrismaClientKnownRequestError[22m: 
Invalid `prisma.shipment.createMany()` invocation in
C:\Users\hp\OneDrive\Desktop\seahawk-full_stack\backend\src\services\shipment.service.js:566:27

  563 
  564 // Insert new shipments in one transaction batch
  565 if (newShipmentsData.length > 0) {
ΓåÆ 566   await prisma.shipment.createMany(
Foreign key constraint violated: `shipments_created_by_id_fkey (index)`[39m
[90m [2mΓ¥»[22m $n.handleRequestError node_modules/@prisma/client/runtime/library.js:[2m121:7315[22m[39m
[90m [2mΓ¥»[22m $n.handleAndLogRequestError node_modules/@prisma/client/runtime/library.js:[2m121:6623[22m[39m
[90m [2mΓ¥»[22m $n.request node_modules/@prisma/client/runtime/library.js:[2m121:6307[22m[39m
[90m [2mΓ¥»[22m l node_modules/@prisma/client/runtime/library.js:[2m130:9633[22m[39m
[36m [2mΓ¥»[22m Module.bulkImport src/services/shipment.service.js:[2m566:5[22m[39m
    [90m564| [39m  [90m// Insert new shipments in one transaction batch[39m
    [90m565| [39m  [35mif[39m (newShipmentsData[33m.[39mlength [33m>[39m [34m0[39m) {
    [90m566| [39m    await prisma.shipment.createMany({ data: newShipmentsData, skipDupΓÇª
    [90m   | [39m    [31m^[39m
    [90m567| [39m    [35mconst[39m createdShipments [33m=[39m [35mawait[39m 
prisma[33m.[39mshipment[33m.[39m[34mfindMany[39m({
    [90m568| [39m      where[33m:[39m { awb[33m:[39m { [35min[39m[33m:[39m 
newShipmentsData[33m.[39m[34mmap[39m(s [33m=>[39m s[33m.[39mawb) } }[33m,[39m
[90m [2mΓ¥»[22m src/tests/unit/shipmentService.test.js:[2m151:10[22m[39m

[31m[2mΓÄ»ΓÄ»ΓÄ»ΓÄ»ΓÄ»ΓÄ»ΓÄ»ΓÄ»ΓÄ»ΓÄ»ΓÄ»ΓÄ»ΓÄ»ΓÄ»ΓÄ»ΓÄ»ΓÄ»ΓÄ»ΓÄ»ΓÄ»[112/151]ΓÄ»[22m[39m

[41m[1m FAIL [22m[49m [30m[42m unit [49m[39m src/tests/unit/shipmentService.test.js[2m > 
[22mshipment.service[2m > [22mscanAwbAndUpdate[2m > [22mcreates a placeholder capture when live tracking is 
unavailable in capture mode
[31m[1mPrismaClientKnownRequestError[22m: 
Invalid `prisma.shipment.create()` invocation in
C:\Users\hp\OneDrive\Desktop\seahawk-full_stack\backend\src\services\shipment.service.js:908:49

  905   };
  906 }
  907 
ΓåÆ 908 const createdShipment = await prisma.shipment.create(
Foreign key constraint violated: `shipments_client_code_fkey (index)`[39m
[90m [2mΓ¥»[22m $n.handleRequestError node_modules/@prisma/client/runtime/library.js:[2m121:7315[22m[39m
[90m [2mΓ¥»[22m $n.handleAndLogRequestError node_modules/@prisma/client/runtime/library.js:[2m121:6623[22m[39m
[90m [2mΓ¥»[22m $n.request node_modules/@prisma/client/runtime/library.js:[2m121:6307[22m[39m
[90m [2mΓ¥»[22m l node_modules/@prisma/client/runtime/library.js:[2m130:9633[22m[39m
[36m [2mΓ¥»[22m createOrReuseCapturedShipment src/services/shipment.service.js:[2m908:27[22m[39m
    [90m906| [39m  }
    [90m907| [39m
    [90m908| [39m  [35mconst[39m createdShipment [33m=[39m [35mawait[39m 
prisma[33m.[39mshipment[33m.[39m[34mcreate[39m({
    [90m   | [39m                          [31m^[39m
    [90m909| [39m    data[33m:[39m {
    [90m910| [39m      ...buildCapturedShipmentPayload(normalizedAwb, courier, userId, ΓÇª
[90m [2mΓ¥»[22m Module.scanAwbAndUpdate src/services/shipment.service.js:[2m971:22[22m[39m
[90m [2mΓ¥»[22m src/tests/unit/shipmentService.test.js:[2m188:22[22m[39m

[31m[2mΓÄ»ΓÄ»ΓÄ»ΓÄ»ΓÄ»ΓÄ»ΓÄ»ΓÄ»ΓÄ»ΓÄ»ΓÄ»ΓÄ»ΓÄ»ΓÄ»ΓÄ»ΓÄ»ΓÄ»ΓÄ»ΓÄ»ΓÄ»[113/151]ΓÄ»[22m[39m

[41m[1m FAIL [22m[49m [30m[42m unit [49m[39m src/tests/unit/shipmentService.test.js[2m > 
[22mshipment.service[2m > [22mscanAwbAndUpdate[2m > [22mreuses an existing shipment in capture mode when tracking 
is unavailable
[31m[1mPrismaClientKnownRequestError[22m: 
Invalid `prisma.shipment.create()` invocation in
C:\Users\hp\OneDrive\Desktop\seahawk-full_stack\backend\src\services\shipment.service.js:908:49

  905   };
  906 }
  907 
ΓåÆ 908 const createdShipment = await prisma.shipment.create(
Foreign key constraint violated: `shipments_client_code_fkey (index)`[39m
[90m [2mΓ¥»[22m $n.handleRequestError node_modules/@prisma/client/runtime/library.js:[2m121:7315[22m[39m
[90m [2mΓ¥»[22m $n.handleAndLogRequestError node_modules/@prisma/client/runtime/library.js:[2m121:6623[22m[39m
[90m [2mΓ¥»[22m $n.request node_modules/@prisma/client/runtime/library.js:[2m121:6307[22m[39m
[90m [2mΓ¥»[22m l node_modules/@prisma/client/runtime/library.js:[2m130:9633[22m[39m
[36m [2mΓ¥»[22m createOrReuseCapturedShipment src/services/shipment.service.js:[2m908:27[22m[39m
    [90m906| [39m  }
    [90m907| [39m
    [90m908| [39m  [35mconst[39m createdShipment [33m=[39m [35mawait[39m 
prisma[33m.[39mshipment[33m.[39m[34mcreate[39m({
    [90m   | [39m                          [31m^[39m
    [90m909| [39m    data[33m:[39m {
    [90m910| [39m      ...buildCapturedShipmentPayload(normalizedAwb, courier, userId, ΓÇª
[90m [2mΓ¥»[22m Module.scanAwbAndUpdate src/services/shipment.service.js:[2m971:22[22m[39m
[90m [2mΓ¥»[22m src/tests/unit/shipmentService.test.js:[2m222:22[22m[39m

[31m[2mΓÄ»ΓÄ»ΓÄ»ΓÄ»ΓÄ»ΓÄ»ΓÄ»ΓÄ»ΓÄ»ΓÄ»ΓÄ»ΓÄ»ΓÄ»ΓÄ»ΓÄ»ΓÄ»ΓÄ»ΓÄ»ΓÄ»ΓÄ»[114/151]ΓÄ»[22m[39m

[41m[1m FAIL [22m[49m [30m[42m unit [49m[39m src/tests/unit/shipmentService.test.js[2m > 
[22mshipment.service[2m > [22mscanAwbAndUpdate[2m > [22mkeeps the original date when reusing an existing shipment 
in capture mode
[31m[1mPrismaClientKnownRequestError[22m: 
Invalid `prisma.shipment.create()` invocation in
C:\Users\hp\OneDrive\Desktop\seahawk-full_stack\backend\src\services\shipment.service.js:908:49

  905   };
  906 }
  907 
ΓåÆ 908 const createdShipment = await prisma.shipment.create(
Foreign key constraint violated: `shipments_client_code_fkey (index)`[39m
[90m [2mΓ¥»[22m $n.handleRequestError node_modules/@prisma/client/runtime/library.js:[2m121:7315[22m[39m
[90m [2mΓ¥»[22m $n.handleAndLogRequestError node_modules/@prisma/client/runtime/library.js:[2m121:6623[22m[39m
[90m [2mΓ¥»[22m $n.request node_modules/@prisma/client/runtime/library.js:[2m121:6307[22m[39m
[90m [2mΓ¥»[22m l node_modules/@prisma/client/runtime/library.js:[2m130:9633[22m[39m
[36m [2mΓ¥»[22m createOrReuseCapturedShipment src/services/shipment.service.js:[2m908:27[22m[39m
    [90m906| [39m  }
    [90m907| [39m
    [90m908| [39m  [35mconst[39m createdShipment [33m=[39m [35mawait[39m 
prisma[33m.[39mshipment[33m.[39m[34mcreate[39m({
    [90m   | [39m                          [31m^[39m
    [90m909| [39m    data[33m:[39m {
    [90m910| [39m      ...buildCapturedShipmentPayload(normalizedAwb, courier, userId, ΓÇª
[90m [2mΓ¥»[22m Module.scanAwbAndUpdate src/services/shipment.service.js:[2m971:22[22m[39m
[90m [2mΓ¥»[22m src/tests/unit/shipmentService.test.js:[2m268:7[22m[39m

[31m[2mΓÄ»ΓÄ»ΓÄ»ΓÄ»ΓÄ»ΓÄ»ΓÄ»ΓÄ»ΓÄ»ΓÄ»ΓÄ»ΓÄ»ΓÄ»ΓÄ»ΓÄ»ΓÄ»ΓÄ»ΓÄ»ΓÄ»ΓÄ»[115/151]ΓÄ»[22m[39m

[41m[1m FAIL [22m[49m [30m[42m unit [49m[39m src/tests/unit/shipmentService.test.js[2m > 
[22mshipment.service[2m > [22mscanAwbAndUpdate[2m > [22mfills placeholder fields without overwriting meaningful 
existing data in capture mode
[31m[1mPrismaClientKnownRequestError[22m: 
Invalid `prisma.shipment.create()` invocation in
C:\Users\hp\OneDrive\Desktop\seahawk-full_stack\backend\src\services\shipment.service.js:908:49

  905   };
  906 }
  907 
ΓåÆ 908 const createdShipment = await prisma.shipment.create(
Foreign key constraint violated: `shipments_client_code_fkey (index)`[39m
[90m [2mΓ¥»[22m $n.handleRequestError node_modules/@prisma/client/runtime/library.js:[2m121:7315[22m[39m
[90m [2mΓ¥»[22m $n.handleAndLogRequestError node_modules/@prisma/client/runtime/library.js:[2m121:6623[22m[39m
[90m [2mΓ¥»[22m $n.request node_modules/@prisma/client/runtime/library.js:[2m121:6307[22m[39m
[90m [2mΓ¥»[22m l node_modules/@prisma/client/runtime/library.js:[2m130:9633[22m[39m
[36m [2mΓ¥»[22m createOrReuseCapturedShipment src/services/shipment.service.js:[2m908:27[22m[39m
    [90m906| [39m  }
    [90m907| [39m
    [90m908| [39m  [35mconst[39m createdShipment [33m=[39m [35mawait[39m 
prisma[33m.[39mshipment[33m.[39m[34mcreate[39m({
    [90m   | [39m                          [31m^[39m
    [90m909| [39m    data[33m:[39m {
    [90m910| [39m      ...buildCapturedShipmentPayload(normalizedAwb, courier, userId, ΓÇª
[90m [2mΓ¥»[22m Module.scanAwbAndUpdate src/services/shipment.service.js:[2m971:22[22m[39m
[90m [2mΓ¥»[22m src/tests/unit/shipmentService.test.js:[2m316:7[22m[39m

[31m[2mΓÄ»ΓÄ»ΓÄ»ΓÄ»ΓÄ»ΓÄ»ΓÄ»ΓÄ»ΓÄ»ΓÄ»ΓÄ»ΓÄ»ΓÄ»ΓÄ»ΓÄ»ΓÄ»ΓÄ»ΓÄ»ΓÄ»ΓÄ»[116/151]ΓÄ»[22m[39m

[41m[1m FAIL [22m[49m [30m[42m unit [49m[39m src/tests/unit/shipmentService.test.js[2m > 
[22mshipment.service[2m > [22mscanAwbAndUpdate[2m > [22mnormalizes whitespace inside scanned AWBs before matching 
existing shipments
[31m[1mPrismaClientKnownRequestError[22m: 
Invalid `prisma.shipment.create()` invocation in
C:\Users\hp\OneDrive\Desktop\seahawk-full_stack\backend\src\services\shipment.service.js:908:49

  905   };
  906 }
  907 
ΓåÆ 908 const createdShipment = await prisma.shipment.create(
Foreign key constraint violated: `shipments_client_code_fkey (index)`[39m
[90m [2mΓ¥»[22m $n.handleRequestError node_modules/@prisma/client/runtime/library.js:[2m121:7315[22m[39m
[90m [2mΓ¥»[22m $n.handleAndLogRequestError node_modules/@prisma/client/runtime/library.js:[2m121:6623[22m[39m
[90m [2mΓ¥»[22m $n.request node_modules/@prisma/client/runtime/library.js:[2m121:6307[22m[39m
[90m [2mΓ¥»[22m l node_modules/@prisma/client/runtime/library.js:[2m130:9633[22m[39m
[36m [2mΓ¥»[22m createOrReuseCapturedShipment src/services/shipment.service.js:[2m908:27[22m[39m
    [90m906| [39m  }
    [90m907| [39m
    [90m908| [39m  [35mconst[39m createdShipment [33m=[39m [35mawait[39m 
prisma[33m.[39mshipment[33m.[39m[34mcreate[39m({
    [90m   | [39m                          [31m^[39m
    [90m909| [39m    data[33m:[39m {
    [90m910| [39m      ...buildCapturedShipmentPayload(normalizedAwb, courier, userId, ΓÇª
[90m [2mΓ¥»[22m Module.scanAwbAndUpdate src/services/shipment.service.js:[2m971:22[22m[39m
[90m [2mΓ¥»[22m src/tests/unit/shipmentService.test.js:[2m364:7[22m[39m

[31m[2mΓÄ»ΓÄ»ΓÄ»ΓÄ»ΓÄ»ΓÄ»ΓÄ»ΓÄ»ΓÄ»ΓÄ»ΓÄ»ΓÄ»ΓÄ»ΓÄ»ΓÄ»ΓÄ»ΓÄ»ΓÄ»ΓÄ»ΓÄ»[117/151]ΓÄ»[22m[39m

[41m[1m FAIL [22m[49m [30m[42m unit [49m[39m src/tests/unit/tenantScoping.test.js[2m > [22mTenant Scoping & 
Cross-Client Isolation[2m > [22mgetAll() ΓÇö client filter enforcement[2m > [22mreturns ONLY Client A shipments 
when filtered by client=ALPHA
[31m[1mAssertionError[22m: expected [] to have a length of 2 but got +0[39m

[32m- Expected[39m
[31m+ Received[39m

[32m- 2[39m
[31m+ 0[39m

[36m [2mΓ¥»[22m src/tests/unit/tenantScoping.test.js:[2m71:32[22m[39m
    [90m 69| [39m      const result = await shipmentService.getAll({ client: 'ALPHA' },ΓÇª
    [90m 70| [39m
    [90m 71| [39m      
[34mexpect[39m(result[33m.[39mshipments)[33m.[39m[34mtoHaveLength[39m([34m2[39m)[33m;[39m
    [90m   | [39m                               [31m^[39m
    [90m 72| [39m      expect(result.shipments.every(s => s.clientCode === 'ALPHA')).toΓÇª
    [90m 73| [39m      expect(result.shipments.some(s => s.clientCode === 'BETA')).toBeΓÇª

[31m[2mΓÄ»ΓÄ»ΓÄ»ΓÄ»ΓÄ»ΓÄ»ΓÄ»ΓÄ»ΓÄ»ΓÄ»ΓÄ»ΓÄ»ΓÄ»ΓÄ»ΓÄ»ΓÄ»ΓÄ»ΓÄ»ΓÄ»ΓÄ»[118/151]ΓÄ»[22m[39m

[41m[1m FAIL [22m[49m [30m[42m unit [49m[39m src/tests/unit/tenantScoping.test.js[2m > [22mTenant Scoping & 
Cross-Client Isolation[2m > [22mgetAll() ΓÇö client filter enforcement[2m > [22mreturns ONLY Client B shipments 
when filtered by client=BETA
[31m[1mAssertionError[22m: expected [] to have a length of 2 but got +0[39m

[32m- Expected[39m
[31m+ Received[39m

[32m- 2[39m
[31m+ 0[39m

[36m [2mΓ¥»[22m src/tests/unit/tenantScoping.test.js:[2m89:32[22m[39m
    [90m 87| [39m      const result = await shipmentService.getAll({ client: 'BETA' }, ΓÇª
    [90m 88| [39m
    [90m 89| [39m      
[34mexpect[39m(result[33m.[39mshipments)[33m.[39m[34mtoHaveLength[39m([34m2[39m)[33m;[39m
    [90m   | [39m                               [31m^[39m
    [90m 90| [39m      expect(result.shipments.every(s => s.clientCode === 'BETA')).toBΓÇª
    [90m 91| [39m      expect(result.shipments.some(s => s.clientCode === 'ALPHA')).toBΓÇª

[31m[2mΓÄ»ΓÄ»ΓÄ»ΓÄ»ΓÄ»ΓÄ»ΓÄ»ΓÄ»ΓÄ»ΓÄ»ΓÄ»ΓÄ»ΓÄ»ΓÄ»ΓÄ»ΓÄ»ΓÄ»ΓÄ»ΓÄ»ΓÄ»[119/151]ΓÄ»[22m[39m

[41m[1m FAIL [22m[49m [30m[42m unit [49m[39m src/tests/unit/tenantScoping.test.js[2m > [22mTenant Scoping & 
Cross-Client Isolation[2m > [22mgetAll() ΓÇö client filter enforcement[2m > [22mreturns ALL shipments when no 
client filter is provided (admin view)
[31m[1mAssertionError[22m: expected [] to have a length of 4 but got +0[39m

[32m- Expected[39m
[31m+ Received[39m

[32m- 4[39m
[31m+ 0[39m

[36m [2mΓ¥»[22m src/tests/unit/tenantScoping.test.js:[2m100:32[22m[39m
    [90m 98| [39m      [35mconst[39m result [33m=[39m [35mawait[39m 
shipmentService[33m.[39m[34mgetAll[39m({}[33m,[39m [34m1[39m[33m,[39m [34m50[39m)[33m;[39m
    [90m 99| [39m
    [90m100| [39m      
[34mexpect[39m(result[33m.[39mshipments)[33m.[39m[34mtoHaveLength[39m([34m4[39m)[33m;[39m
    [90m   | [39m                               [31m^[39m
    [90m101| [39m      [90m// Verify no clientCode filter was applied[39m
    [90m102| [39m      [35mconst[39m countCall [33m=[39m 
mockPrisma[33m.[39mshipment[33m.[39mcount[33m.[39mmock[33m.[39mcalls[[34m0[39m][[34m0[39m][33m;[39m

[31m[2mΓÄ»ΓÄ»ΓÄ»ΓÄ»ΓÄ»ΓÄ»ΓÄ»ΓÄ»ΓÄ»ΓÄ»ΓÄ»ΓÄ»ΓÄ»ΓÄ»ΓÄ»ΓÄ»ΓÄ»ΓÄ»ΓÄ»ΓÄ»[120/151]ΓÄ»[22m[39m

[41m[1m FAIL [22m[49m [30m[42m unit [49m[39m src/tests/unit/tenantScoping.test.js[2m > [22mTenant Scoping & 
Cross-Client Isolation[2m > [22mgetMyShipments() ΓÇö client portal isolation[2m > [22mClient A portal sees only 
its own shipments
[31m[1mAssertionError[22m: expected [] to have a length of 2 but got +0[39m

[32m- Expected[39m
[31m+ Received[39m

[32m- 2[39m
[31m+ 0[39m

[36m [2mΓ¥»[22m src/tests/unit/tenantScoping.test.js:[2m116:32[22m[39m
    [90m114| [39m      const result = await shipmentService.getMyShipments('ALPHA', { pΓÇª
    [90m115| [39m
    [90m116| [39m      
[34mexpect[39m(result[33m.[39mshipments)[33m.[39m[34mtoHaveLength[39m([34m2[39m)[33m;[39m
    [90m   | [39m                               [31m^[39m
    [90m117| [39m      expect(result.shipments.every(s => s.clientCode === 'ALPHA')).toΓÇª
    [90m118| [39m

[31m[2mΓÄ»ΓÄ»ΓÄ»ΓÄ»ΓÄ»ΓÄ»ΓÄ»ΓÄ»ΓÄ»ΓÄ»ΓÄ»ΓÄ»ΓÄ»ΓÄ»ΓÄ»ΓÄ»ΓÄ»ΓÄ»ΓÄ»ΓÄ»[121/151]ΓÄ»[22m[39m

[41m[1m FAIL [22m[49m [30m[42m unit [49m[39m src/tests/unit/tenantScoping.test.js[2m > [22mTenant Scoping & 
Cross-Client Isolation[2m > [22mgetMyShipments() ΓÇö client portal isolation[2m > [22mClient B portal cannot see 
Client A shipments by searching for ALPHA AWBs
[31m[1mTypeError[22m: Cannot read properties of undefined (reading '0')[39m
[36m [2mΓ¥»[22m src/tests/unit/tenantScoping.test.js:[2m134:70[22m[39m
    [90m132| [39m
    [90m133| [39m      [90m// Verify BOTH clientCode AND search are in the where clause[39m
    [90m134| [39m      const findManyCall = mockPrisma.shipment.findMany.mock.calls[0][ΓÇª
    [90m   | [39m                                                                     [31m^[39m
    [90m135| [39m      [34mexpect[39m(findManyCall[33m.[39mwhere[33m.[39mclientCode)[33m.[39m[34mtoBe[39m(
[32m'BETA'[39m)[33m;[39m
    [90m136| [39m      
[34mexpect[39m(findManyCall[33m.[39mwhere[33m.[39m[33mOR[39m)[33m.[39m[34mtoBeDefined[39m()[33m;[39m

[31m[2mΓÄ»ΓÄ»ΓÄ»ΓÄ»ΓÄ»ΓÄ»ΓÄ»ΓÄ»ΓÄ»ΓÄ»ΓÄ»ΓÄ»ΓÄ»ΓÄ»ΓÄ»ΓÄ»ΓÄ»ΓÄ»ΓÄ»ΓÄ»[122/151]ΓÄ»[22m[39m

[41m[1m FAIL [22m[49m [30m[42m unit [49m[39m src/tests/unit/tenantScoping.test.js[2m > [22mTenant Scoping & 
Cross-Client Isolation[2m > [22mgetMyShipments() ΓÇö client portal isolation[2m > [22mpagination stays within 
tenant boundary
[31m[1mTypeError[22m: Cannot read properties of undefined (reading '0')[39m
[36m [2mΓ¥»[22m src/tests/unit/tenantScoping.test.js:[2m146:70[22m[39m
    [90m144| [39m      await shipmentService.getMyShipments('ALPHA', { page: 2, limit: ΓÇª
    [90m145| [39m
    [90m146| [39m      const findManyCall = mockPrisma.shipment.findMany.mock.calls[0][ΓÇª
    [90m   | [39m                                                                     [31m^[39m
    [90m147| [39m      [34mexpect[39m(findManyCall[33m.[39mwhere[33m.[39mclientCode)[33m.[39m[34mtoBe[39m(
[32m'ALPHA'[39m)[33m;[39m
    [90m148| [39m      
[34mexpect[39m(findManyCall[33m.[39mskip)[33m.[39m[34mtoBe[39m([34m25[39m)[33m;[39m

[31m[2mΓÄ»ΓÄ»ΓÄ»ΓÄ»ΓÄ»ΓÄ»ΓÄ»ΓÄ»ΓÄ»ΓÄ»ΓÄ»ΓÄ»ΓÄ»ΓÄ»ΓÄ»ΓÄ»ΓÄ»ΓÄ»ΓÄ»ΓÄ»[123/151]ΓÄ»[22m[39m

[41m[1m FAIL [22m[49m [30m[42m unit [49m[39m src/tests/unit/tenantScoping.test.js[2m > [22mTenant Scoping & 
Cross-Client Isolation[2m > [22mgetMyShipments() ΓÇö client portal isolation[2m > [22mstatus filter combines with 
client scoping (not replaces)
[31m[1mTypeError[22m: Cannot read properties of undefined (reading '0')[39m
[36m [2mΓ¥»[22m src/tests/unit/tenantScoping.test.js:[2m157:70[22m[39m
    [90m155| [39m      const result = await shipmentService.getMyShipments('ALPHA', { sΓÇª
    [90m156| [39m
    [90m157| [39m      const findManyCall = mockPrisma.shipment.findMany.mock.calls[0][ΓÇª
    [90m   | [39m                                                                     [31m^[39m
    [90m158| [39m      [34mexpect[39m(findManyCall[33m.[39mwhere[33m.[39mclientCode)[33m.[39m[34mtoBe[39m(
[32m'ALPHA'[39m)[33m;[39m
    [90m159| [39m      
[34mexpect[39m(findManyCall[33m.[39mwhere[33m.[39mstatus)[33m.[39m[34mtoBe[39m([32m'Booked'[39m)[33m;[39m

[31m[2mΓÄ»ΓÄ»ΓÄ»ΓÄ»ΓÄ»ΓÄ»ΓÄ»ΓÄ»ΓÄ»ΓÄ»ΓÄ»ΓÄ»ΓÄ»ΓÄ»ΓÄ»ΓÄ»ΓÄ»ΓÄ»ΓÄ»ΓÄ»[124/151]ΓÄ»[22m[39m

[41m[1m FAIL [22m[49m [30m[42m unit [49m[39m src/tests/unit/tenantScoping.test.js[2m > [22mTenant Scoping & 
Cross-Client Isolation[2m > [22mgetById() ΓÇö admin access scope[2m > [22mreturns a shipment regardless of client 
(admin function)
[31m[1mError[22m: Shipment not found.[39m
[36m [2mΓ¥»[22m Module.getById src/services/shipment.service.js:[2m253:17[22m[39m
    [90m251| [39m    include: { client: true, createdBy: { select: { name: true } }, upΓÇª
    [90m252| [39m  })[33m;[39m
    [90m253| [39m  [35mif[39m ([33m![39ms) [35mthrow[39m [35mnew[39m [33mAppError[39m([32m'Shipment not 
found.'[39m[33m,[39m [34m404[39m)[33m;[39m
    [90m   | [39m                [31m^[39m
    [90m254| [39m  [35mreturn[39m s[33m;[39m
    [90m255| [39m}
[90m [2mΓ¥»[22m src/tests/unit/tenantScoping.test.js:[2m168:22[22m[39m

[31m[2mΓÄ»ΓÄ»ΓÄ»ΓÄ»ΓÄ»ΓÄ»ΓÄ»ΓÄ»ΓÄ»ΓÄ»ΓÄ»ΓÄ»ΓÄ»ΓÄ»ΓÄ»ΓÄ»ΓÄ»ΓÄ»ΓÄ»ΓÄ»[125/151]ΓÄ»[22m[39m

[41m[1m FAIL [22m[49m [30m[42m unit [49m[39m src/tests/unit/tenantScoping.test.js[2m > [22mTenant Scoping & 
Cross-Client Isolation[2m > [22mcreate() ΓÇö wallet isolation between tenants[2m > [22mdebits Client A wallet for 
Client A shipment, not Client B
[31m[1mError[22m: Client not found: ALPHA[39m
[36m [2mΓ¥»[22m src/services/shipment.service.js:[2m307:28[22m[39m
    [90m305| [39m          select[33m:[39m { walletBalance[33m:[39m [35mtrue[39m }[33m,[39m
    [90m306| [39m        })[33m;[39m
    [90m307| [39m        if (!client) throw new AppError(`Client not found: ${payload.cΓÇª
    [90m   | [39m                           [31m^[39m
    [90m308| [39m        throw new AppError(`Insufficient wallet balance (available: Γé╣$ΓÇª
    [90m309| [39m      }
[90m [2mΓ¥»[22m Proxy._transactionWithCallback node_modules/@prisma/client/runtime/library.js:[2m130:8000[22m[39m
[90m [2mΓ¥»[22m Module.create src/services/shipment.service.js:[2m273:20[22m[39m
[90m [2mΓ¥»[22m src/tests/unit/tenantScoping.test.js:[2m188:7[22m[39m

[31m[2mΓÄ»ΓÄ»ΓÄ»ΓÄ»ΓÄ»ΓÄ»ΓÄ»ΓÄ»ΓÄ»ΓÄ»ΓÄ»ΓÄ»ΓÄ»ΓÄ»ΓÄ»ΓÄ»ΓÄ»ΓÄ»ΓÄ»ΓÄ»[126/151]ΓÄ»[22m[39m

[41m[1m FAIL [22m[49m [30m[42m unit [49m[39m src/tests/unit/tenantScoping.test.js[2m > [22mTenant Scoping & 
Cross-Client Isolation[2m > [22mcreate() ΓÇö wallet isolation between tenants[2m > [22mcreating a Client B 
shipment does not touch Client A wallet
[31m[1mError[22m: Client not found: BETA[39m
[36m [2mΓ¥»[22m src/services/shipment.service.js:[2m307:28[22m[39m
    [90m305| [39m          select[33m:[39m { walletBalance[33m:[39m [35mtrue[39m }[33m,[39m
    [90m306| [39m        })[33m;[39m
    [90m307| [39m        if (!client) throw new AppError(`Client not found: ${payload.cΓÇª
    [90m   | [39m                           [31m^[39m
    [90m308| [39m        throw new AppError(`Insufficient wallet balance (available: Γé╣$ΓÇª
    [90m309| [39m      }
[90m [2mΓ¥»[22m Proxy._transactionWithCallback node_modules/@prisma/client/runtime/library.js:[2m130:8000[22m[39m
[90m [2mΓ¥»[22m Module.create src/services/shipment.service.js:[2m273:20[22m[39m
[90m [2mΓ¥»[22m src/tests/unit/tenantScoping.test.js:[2m212:7[22m[39m

[31m[2mΓÄ»ΓÄ»ΓÄ»ΓÄ»ΓÄ»ΓÄ»ΓÄ»ΓÄ»ΓÄ»ΓÄ»ΓÄ»ΓÄ»ΓÄ»ΓÄ»ΓÄ»ΓÄ»ΓÄ»ΓÄ»ΓÄ»ΓÄ»[127/151]ΓÄ»[22m[39m

[41m[1m FAIL [22m[49m [30m[42m unit [49m[39m src/tests/unit/tenantScoping.test.js[2m > [22mTenant Scoping & 
Cross-Client Isolation[2m > [22mbulkImport() ΓÇö multi-tenant batch isolation[2m > [22mimports mixed-client batch 
without cross-contamination
[31m[1mPrismaClientKnownRequestError[22m: 
Invalid `prisma.shipment.createMany()` invocation in
C:\Users\hp\OneDrive\Desktop\seahawk-full_stack\backend\src\services\shipment.service.js:566:27

  563 
  564 // Insert new shipments in one transaction batch
  565 if (newShipmentsData.length > 0) {
ΓåÆ 566   await prisma.shipment.createMany(
Foreign key constraint violated: `shipments_created_by_id_fkey (index)`[39m
[90m [2mΓ¥»[22m $n.handleRequestError node_modules/@prisma/client/runtime/library.js:[2m121:7315[22m[39m
[90m [2mΓ¥»[22m $n.handleAndLogRequestError node_modules/@prisma/client/runtime/library.js:[2m121:6623[22m[39m
[90m [2mΓ¥»[22m $n.request node_modules/@prisma/client/runtime/library.js:[2m121:6307[22m[39m
[90m [2mΓ¥»[22m l node_modules/@prisma/client/runtime/library.js:[2m130:9633[22m[39m
[36m [2mΓ¥»[22m Module.bulkImport src/services/shipment.service.js:[2m566:5[22m[39m
    [90m564| [39m  [90m// Insert new shipments in one transaction batch[39m
    [90m565| [39m  [35mif[39m (newShipmentsData[33m.[39mlength [33m>[39m [34m0[39m) {
    [90m566| [39m    await prisma.shipment.createMany({ data: newShipmentsData, skipDupΓÇª
    [90m   | [39m    [31m^[39m
    [90m567| [39m    [35mconst[39m createdShipments [33m=[39m [35mawait[39m 
prisma[33m.[39mshipment[33m.[39m[34mfindMany[39m({
    [90m568| [39m      where[33m:[39m { awb[33m:[39m { [35min[39m[33m:[39m 
newShipmentsData[33m.[39m[34mmap[39m(s [33m=>[39m s[33m.[39mawb) } }[33m,[39m
[90m [2mΓ¥»[22m src/tests/unit/tenantScoping.test.js:[2m237:22[22m[39m

[31m[2mΓÄ»ΓÄ»ΓÄ»ΓÄ»ΓÄ»ΓÄ»ΓÄ»ΓÄ»ΓÄ»ΓÄ»ΓÄ»ΓÄ»ΓÄ»ΓÄ»ΓÄ»ΓÄ»ΓÄ»ΓÄ»ΓÄ»ΓÄ»[128/151]ΓÄ»[22m[39m

[41m[1m FAIL [22m[49m [30m[42m unit [49m[39m src/tests/unit/tenantScoping.test.js[2m > [22mTenant Scoping & 
Cross-Client Isolation[2m > [22mbulkImport() ΓÇö multi-tenant batch isolation[2m > [22mduplicate in Client A does 
not affect Client B import
[31m[1mPrismaClientKnownRequestError[22m: 
Invalid `prisma.shipment.createMany()` invocation in
C:\Users\hp\OneDrive\Desktop\seahawk-full_stack\backend\src\services\shipment.service.js:566:27

  563 
  564 // Insert new shipments in one transaction batch
  565 if (newShipmentsData.length > 0) {
ΓåÆ 566   await prisma.shipment.createMany(
Foreign key constraint violated: `shipments_created_by_id_fkey (index)`[39m
[90m [2mΓ¥»[22m $n.handleRequestError node_modules/@prisma/client/runtime/library.js:[2m121:7315[22m[39m
[90m [2mΓ¥»[22m $n.handleAndLogRequestError node_modules/@prisma/client/runtime/library.js:[2m121:6623[22m[39m
[90m [2mΓ¥»[22m $n.request node_modules/@prisma/client/runtime/library.js:[2m121:6307[22m[39m
[90m [2mΓ¥»[22m l node_modules/@prisma/client/runtime/library.js:[2m130:9633[22m[39m
[36m [2mΓ¥»[22m Module.bulkImport src/services/shipment.service.js:[2m566:5[22m[39m
    [90m564| [39m  [90m// Insert new shipments in one transaction batch[39m
    [90m565| [39m  [35mif[39m (newShipmentsData[33m.[39mlength [33m>[39m [34m0[39m) {
    [90m566| [39m    await prisma.shipment.createMany({ data: newShipmentsData, skipDupΓÇª
    [90m   | [39m    [31m^[39m
    [90m567| [39m    [35mconst[39m createdShipments [33m=[39m [35mawait[39m 
prisma[33m.[39mshipment[33m.[39m[34mfindMany[39m({
    [90m568| [39m      where[33m:[39m { awb[33m:[39m { [35min[39m[33m:[39m 
newShipmentsData[33m.[39m[34mmap[39m(s [33m=>[39m s[33m.[39mawb) } }[33m,[39m
[90m [2mΓ¥»[22m src/tests/unit/tenantScoping.test.js:[2m260:22[22m[39m

[31m[2mΓÄ»ΓÄ»ΓÄ»ΓÄ»ΓÄ»ΓÄ»ΓÄ»ΓÄ»ΓÄ»ΓÄ»ΓÄ»ΓÄ»ΓÄ»ΓÄ»ΓÄ»ΓÄ»ΓÄ»ΓÄ»ΓÄ»ΓÄ»[129/151]ΓÄ»[22m[39m

[41m[1m FAIL [22m[49m [30m[42m unit [49m[39m src/tests/unit/tenantScoping.test.js[2m > [22mTenant Scoping & 
Cross-Client Isolation[2m > [22mgetAll() ΓÇö search respects client scope[2m > [22msearching with client filter 
cannot return other tenant data
[31m[1mTypeError[22m: Cannot read properties of undefined (reading '0')[39m
[36m [2mΓ¥»[22m src/tests/unit/tenantScoping.test.js:[2m277:64[22m[39m
    [90m275| [39m
    [90m276| [39m      [90m// The where clause MUST have both clientCode AND the search OR[39m
    [90m277| [39m      [35mconst[39m countCall [33m=[39m 
mockPrisma[33m.[39mshipment[33m.[39mcount[33m.[39mmock[33m.[39mcalls[[34m0[39m][[34m0[39m][33m;[39m
    [90m   | [39m                                                               [31m^[39m
    [90m278| [39m      
[34mexpect[39m(countCall[33m.[39mwhere[33m.[39mclientCode)[33m.[39m[34mtoBe[39m([32m'ALPHA'[39m)[33m;[39m
    [90m279| [39m      
[34mexpect[39m(countCall[33m.[39mwhere[33m.[39m[33mOR[39m)[33m.[39m[34mtoBeDefined[39m()[33m;[39m

[31m[2mΓÄ»ΓÄ»ΓÄ»ΓÄ»ΓÄ»ΓÄ»ΓÄ»ΓÄ»ΓÄ»ΓÄ»ΓÄ»ΓÄ»ΓÄ»ΓÄ»ΓÄ»ΓÄ»ΓÄ»ΓÄ»ΓÄ»ΓÄ»[130/151]ΓÄ»[22m[39m

[41m[1m FAIL [22m[49m [30m[42m unit [49m[39m src/tests/unit/trackingService.test.js[2m > 
[22mtracking.service[2m > [22mgetTimeline[2m > [22mreturns events and shipment for an AWB
[31m[1mPrismaClientValidationError[22m: 
Invalid `prisma.trackingEvent.findMany()` invocation in
C:\Users\hp\OneDrive\Desktop\seahawk-full_stack\backend\src\services\tracking.service.js:7:45

  4 const STATUSES = ['Booked','Picked Up','In Transit','Reached Hub','Out for Delivery','Delivered','Failed 
Delivery','RTO Initiated','RTO Delivered'];
  5 
  6 async function getTimeline(awb) {
ΓåÆ 7   const events = await prisma.trackingEvent.findMany({
        where: {
          awb: {
            equals: "AWB1",
            mode: "insensitive"
          }
        },
        orderBy: {
          createdAt: "desc",
          ~~~~~~~~~
      ?   id?: SortOrder,
      ?   shipmentId?: SortOrder,
      ?   awb?: SortOrder,
      ?   status?: SortOrder,
      ?   location?: SortOrder | SortOrderInput,
      ?   description?: SortOrder | SortOrderInput,
      ?   timestamp?: SortOrder,
      ?   source?: SortOrder,
      ?   rawData?: SortOrder | SortOrderInput,
      ?   shipment?: ShipmentOrderByWithRelationInput
        }
      })

Unknown argument `createdAt`. Available options are marked with ?.[39m
[90m [2mΓ¥»[22m wn node_modules/@prisma/client/runtime/library.js:[2m29:1363[22m[39m
[90m [2mΓ¥»[22m $n.handleRequestError node_modules/@prisma/client/runtime/library.js:[2m121:6958[22m[39m
[90m [2mΓ¥»[22m $n.handleAndLogRequestError node_modules/@prisma/client/runtime/library.js:[2m121:6623[22m[39m
[90m [2mΓ¥»[22m $n.request node_modules/@prisma/client/runtime/library.js:[2m121:6307[22m[39m
[90m [2mΓ¥»[22m l node_modules/@prisma/client/runtime/library.js:[2m130:9633[22m[39m
[36m [2mΓ¥»[22m Module.getTimeline src/services/tracking.service.js:[2m7:18[22m[39m
    [90m  5| [39m
    [90m  6| [39m[35masync[39m [35mfunction[39m [34mgetTimeline[39m(awb) {
    [90m  7| [39m  [35mconst[39m events [33m=[39m [35mawait[39m 
prisma[33m.[39mtrackingEvent[33m.[39m[34mfindMany[39m({
    [90m   | [39m                 [31m^[39m
    [90m  8| [39m    where[33m:[39m { awb[33m:[39m { equals[33m:[39m awb[33m,[39m mode[33m:[39m 
[32m'insensitive'[39m } }[33m,[39m
    [90m  9| [39m    orderBy[33m:[39m { createdAt[33m:[39m [32m'desc'[39m }[33m,[39m
[90m [2mΓ¥»[22m src/tests/unit/trackingService.test.js:[2m28:22[22m[39m

[31m[2mΓÄ»ΓÄ»ΓÄ»ΓÄ»ΓÄ»ΓÄ»ΓÄ»ΓÄ»ΓÄ»ΓÄ»ΓÄ»ΓÄ»ΓÄ»ΓÄ»ΓÄ»ΓÄ»ΓÄ»ΓÄ»ΓÄ»ΓÄ»[131/151]ΓÄ»[22m[39m

[41m[1m FAIL [22m[49m [30m[42m unit [49m[39m src/tests/unit/trackingService.test.js[2m > 
[22mtracking.service[2m > [22maddEvent[2m > [22mcreates event and updates shipment status
[31m[1mPrismaClientKnownRequestError[22m: 
Invalid `prisma.trackingEvent.create()` invocation in
C:\Users\hp\OneDrive\Desktop\seahawk-full_stack\backend\src\services\tracking.service.js:20:44

  17 
  18 async function addEvent({ shipmentId, awb, status, location, description, courier, source = 'MANUAL', rawData }) {
  19   // Create event
ΓåÆ 20   const event = await prisma.trackingEvent.create(
Foreign key constraint violated: `tracking_events_shipment_id_fkey (index)`[39m
[90m [2mΓ¥»[22m $n.handleRequestError node_modules/@prisma/client/runtime/library.js:[2m121:7315[22m[39m
[90m [2mΓ¥»[22m $n.handleAndLogRequestError node_modules/@prisma/client/runtime/library.js:[2m121:6623[22m[39m
[90m [2mΓ¥»[22m $n.request node_modules/@prisma/client/runtime/library.js:[2m121:6307[22m[39m
[90m [2mΓ¥»[22m l node_modules/@prisma/client/runtime/library.js:[2m130:9633[22m[39m
[36m [2mΓ¥»[22m Module.addEvent src/services/tracking.service.js:[2m20:17[22m[39m
    [90m 18| [39masync function addEvent({ shipmentId, awb, status, location, descriptiΓÇª
    [90m 19| [39m  [90m// Create event[39m
    [90m 20| [39m  [35mconst[39m event [33m=[39m [35mawait[39m 
prisma[33m.[39mtrackingEvent[33m.[39m[34mcreate[39m({
    [90m   | [39m                [31m^[39m
    [90m 21| [39m    data: { shipmentId, awb, status, location, description, courier, sΓÇª
    [90m 22| [39m  })[33m;[39m
[90m [2mΓ¥»[22m src/tests/unit/trackingService.test.js:[2m39:22[22m[39m

[31m[2mΓÄ»ΓÄ»ΓÄ»ΓÄ»ΓÄ»ΓÄ»ΓÄ»ΓÄ»ΓÄ»ΓÄ»ΓÄ»ΓÄ»ΓÄ»ΓÄ»ΓÄ»ΓÄ»ΓÄ»ΓÄ»ΓÄ»ΓÄ»[132/151]ΓÄ»[22m[39m

[41m[1m FAIL [22m[49m [30m[42m unit [49m[39m src/tests/unit/trackingService.test.js[2m > 
[22mtracking.service[2m > [22maddEvent[2m > [22mdoes not update shipment for unknown status
[31m[1mPrismaClientKnownRequestError[22m: 
Invalid `prisma.trackingEvent.create()` invocation in
C:\Users\hp\OneDrive\Desktop\seahawk-full_stack\backend\src\services\tracking.service.js:20:44

  17 
  18 async function addEvent({ shipmentId, awb, status, location, description, courier, source = 'MANUAL', rawData }) {
  19   // Create event
ΓåÆ 20   const event = await prisma.trackingEvent.create(
Foreign key constraint violated: `tracking_events_shipment_id_fkey (index)`[39m
[90m [2mΓ¥»[22m $n.handleRequestError node_modules/@prisma/client/runtime/library.js:[2m121:7315[22m[39m
[90m [2mΓ¥»[22m $n.handleAndLogRequestError node_modules/@prisma/client/runtime/library.js:[2m121:6623[22m[39m
[90m [2mΓ¥»[22m $n.request node_modules/@prisma/client/runtime/library.js:[2m121:6307[22m[39m
[90m [2mΓ¥»[22m l node_modules/@prisma/client/runtime/library.js:[2m130:9633[22m[39m
[36m [2mΓ¥»[22m Module.addEvent src/services/tracking.service.js:[2m20:17[22m[39m
    [90m 18| [39masync function addEvent({ shipmentId, awb, status, location, descriptiΓÇª
    [90m 19| [39m  [90m// Create event[39m
    [90m 20| [39m  [35mconst[39m event [33m=[39m [35mawait[39m 
prisma[33m.[39mtrackingEvent[33m.[39m[34mcreate[39m({
    [90m   | [39m                [31m^[39m
    [90m 21| [39m    data: { shipmentId, awb, status, location, description, courier, sΓÇª
    [90m 22| [39m  })[33m;[39m
[90m [2mΓ¥»[22m src/tests/unit/trackingService.test.js:[2m48:7[22m[39m

[31m[2mΓÄ»ΓÄ»ΓÄ»ΓÄ»ΓÄ»ΓÄ»ΓÄ»ΓÄ»ΓÄ»ΓÄ»ΓÄ»ΓÄ»ΓÄ»ΓÄ»ΓÄ»ΓÄ»ΓÄ»ΓÄ»ΓÄ»ΓÄ»[133/151]ΓÄ»[22m[39m

[41m[1m FAIL [22m[49m [30m[42m unit [49m[39m src/tests/unit/trackingService.test.js[2m > 
[22mtracking.service[2m > [22mbulkAddEvents[2m > [22mcreates multiple events
[31m[1mPrismaClientKnownRequestError[22m: 
Invalid `prisma.trackingEvent.createMany()` invocation in
C:\Users\hp\OneDrive\Desktop\seahawk-full_stack\backend\src\services\tracking.service.js:36:31

  33 }
  34 
  35 async function bulkAddEvents(events) {
ΓåÆ 36   return prisma.trackingEvent.createMany(
Foreign key constraint violated: `tracking_events_shipment_id_fkey (index)`[39m
[90m [2mΓ¥»[22m $n.handleRequestError node_modules/@prisma/client/runtime/library.js:[2m121:7315[22m[39m
[90m [2mΓ¥»[22m $n.handleAndLogRequestError node_modules/@prisma/client/runtime/library.js:[2m121:6623[22m[39m
[90m [2mΓ¥»[22m $n.request node_modules/@prisma/client/runtime/library.js:[2m121:6307[22m[39m
[90m [2mΓ¥»[22m l node_modules/@prisma/client/runtime/library.js:[2m130:9633[22m[39m
[36m [2mΓ¥»[22m src/tests/unit/trackingService.test.js:[2m58:22[22m[39m
    [90m 56| [39m    [34mit[39m([32m'creates multiple events'[39m[33m,[39m [35masync[39m () [33m=>[39m {
    [90m 57| [39m      mockPrisma.trackingEvent.createMany.mockResolvedValue({ count: 3ΓÇª
    [90m 58| [39m      [35mconst[39m result [33m=[39m [35mawait[39m 
trackingService[33m.[39m[34mbulkAddEvents[39m([
    [90m   | [39m                     [31m^[39m
    [90m 59| [39m        { shipmentId[33m:[39m [34m1[39m[33m,[39m awb[33m:[39m [32m'A'[39m[33m,[39m 
status[33m:[39m [32m'Booked'[39m }[33m,[39m
    [90m 60| [39m        { shipmentId[33m:[39m [34m2[39m[33m,[39m awb[33m:[39m [32m'B'[39m[33m,[39m 
status[33m:[39m [32m'InTransit'[39m }[33m,[39m

[31m[2mΓÄ»ΓÄ»ΓÄ»ΓÄ»ΓÄ»ΓÄ»ΓÄ»ΓÄ»ΓÄ»ΓÄ»ΓÄ»ΓÄ»ΓÄ»ΓÄ»ΓÄ»ΓÄ»ΓÄ»ΓÄ»ΓÄ»ΓÄ»[134/151]ΓÄ»[22m[39m

[41m[1m FAIL [22m[49m [30m[42m unit [49m[39m src/tests/unit/trackingService.test.js[2m > 
[22mtracking.service[2m > [22mgetRecentEvents[2m > [22mreturns recent events with default limit
[31m[1mPrismaClientValidationError[22m: 
Invalid `prisma.trackingEvent.findMany()` invocation in
C:\Users\hp\OneDrive\Desktop\seahawk-full_stack\backend\src\services\tracking.service.js:55:31

  52 }
  53 
  54 async function getRecentEvents(limit = 50) {
ΓåÆ 55   return prisma.trackingEvent.findMany({
         orderBy: {
           createdAt: "desc",
           ~~~~~~~~~
       ?   id?: SortOrder,
       ?   shipmentId?: SortOrder,
       ?   awb?: SortOrder,
       ?   status?: SortOrder,
       ?   location?: SortOrder | SortOrderInput,
       ?   description?: SortOrder | SortOrderInput,
       ?   timestamp?: SortOrder,
       ?   source?: SortOrder,
       ?   rawData?: SortOrder | SortOrderInput,
       ?   shipment?: ShipmentOrderByWithRelationInput
         },
         take: 50
       })

Unknown argument `createdAt`. Available options are marked with ?.[39m
[90m [2mΓ¥»[22m wn node_modules/@prisma/client/runtime/library.js:[2m29:1363[22m[39m
[90m [2mΓ¥»[22m $n.handleRequestError node_modules/@prisma/client/runtime/library.js:[2m121:6958[22m[39m
[90m [2mΓ¥»[22m $n.handleAndLogRequestError node_modules/@prisma/client/runtime/library.js:[2m121:6623[22m[39m
[90m [2mΓ¥»[22m $n.request node_modules/@prisma/client/runtime/library.js:[2m121:6307[22m[39m
[90m [2mΓ¥»[22m l node_modules/@prisma/client/runtime/library.js:[2m130:9633[22m[39m
[36m [2mΓ¥»[22m src/tests/unit/trackingService.test.js:[2m70:22[22m[39m
    [90m 68| [39m    [34mit[39m([32m'returns recent events with default limit'[39m[33m,[39m [35masync[39m () 
[33m=>[39m {
    [90m 69| [39m      
mockPrisma[33m.[39mtrackingEvent[33m.[39mfindMany[33m.[39m[34mmockResolvedValue[39m([{ id[33m:[39m 
[34m1[39m }])[33m;[39m
    [90m 70| [39m      [35mconst[39m result [33m=[39m [35mawait[39m 
trackingService[33m.[39m[34mgetRecentEvents[39m()[33m;[39m
    [90m   | [39m                     [31m^[39m
    [90m 71| [39m      [34mexpect[39m(result)[33m.[39m[34mtoHaveLength[39m([34m1[39m)[33m;[39m
    [90m 72| [39m    })[33m;[39m

[31m[2mΓÄ»ΓÄ»ΓÄ»ΓÄ»ΓÄ»ΓÄ»ΓÄ»ΓÄ»ΓÄ»ΓÄ»ΓÄ»ΓÄ»ΓÄ»ΓÄ»ΓÄ»ΓÄ»ΓÄ»ΓÄ»ΓÄ»ΓÄ»[135/151]ΓÄ»[22m[39m

[41m[1m FAIL [22m[49m [30m[42m unit [49m[39m src/tests/unit/trackingService.test.js[2m > 
[22mtracking.service[2m > [22mseedBookedEvent[2m > [22mcreates initial Booked event when none exists
[31m[1mPrismaClientValidationError[22m: 
Invalid `prisma.trackingEvent.create()` invocation in
C:\Users\hp\OneDrive\Desktop\seahawk-full_stack\backend\src\services\tracking.service.js:65:31

  62 async function seedBookedEvent(shipment) {
  63   const existing = await prisma.trackingEvent.count({ where: { shipmentId: shipment.id } });
  64   if (existing > 0) return;
ΓåÆ 65   return prisma.trackingEvent.create({
         data: {
           shipmentId: 1,
           awb: "AWB1",
           status: "Booked",
           location: "Delhi NCR ΓÇö Sea Hawk Origin Hub",
           description: "Shipment booked and accepted by Sea Hawk Courier",
           courier: "Delhivery",
           ~~~~~~~
           source: "MANUAL",
       ?   id?: Int,
       ?   timestamp?: DateTime,
       ?   rawData?: NullableJsonNullValueInput | Json
         }
       })

Unknown argument `courier`. Did you mean `source`? Available options are marked with ?.[39m
[90m [2mΓ¥»[22m wn node_modules/@prisma/client/runtime/library.js:[2m29:1363[22m[39m
[90m [2mΓ¥»[22m $n.handleRequestError node_modules/@prisma/client/runtime/library.js:[2m121:6958[22m[39m
[90m [2mΓ¥»[22m $n.handleAndLogRequestError node_modules/@prisma/client/runtime/library.js:[2m121:6623[22m[39m
[90m [2mΓ¥»[22m $n.request node_modules/@prisma/client/runtime/library.js:[2m121:6307[22m[39m
[90m [2mΓ¥»[22m l node_modules/@prisma/client/runtime/library.js:[2m130:9633[22m[39m
[36m [2mΓ¥»[22m src/tests/unit/trackingService.test.js:[2m79:7[22m[39m
    [90m 77| [39m      
mockPrisma[33m.[39mtrackingEvent[33m.[39mcount[33m.[39m[34mmockResolvedValue[39m([34m0[39m)[33m;[39m
    [90m 78| [39m      mockPrisma.trackingEvent.create.mockResolvedValue({ id: 1, statuΓÇª
    [90m 79| [39m      await trackingService.seedBookedEvent({ id: 1, awb: 'AWB1', courΓÇª
    [90m   | [39m      [31m^[39m
    [90m 80| [39m      
[34mexpect[39m(mockPrisma[33m.[39mtrackingEvent[33m.[39mcreate)[33m.[39m[34mtoHaveBeenCalled[39m()[33m;[39m
    [90m 81| [39m    })[33m;[39m

[31m[2mΓÄ»ΓÄ»ΓÄ»ΓÄ»ΓÄ»ΓÄ»ΓÄ»ΓÄ»ΓÄ»ΓÄ»ΓÄ»ΓÄ»ΓÄ»ΓÄ»ΓÄ»ΓÄ»ΓÄ»ΓÄ»ΓÄ»ΓÄ»[136/151]ΓÄ»[22m[39m

[41m[1m FAIL [22m[49m [30m[42m unit [49m[39m src/tests/unit/trackingService.test.js[2m > 
[22mtracking.service[2m > [22mseedBookedEvent[2m > [22mskips when events already exist
[31m[1mPrismaClientValidationError[22m: 
Invalid `prisma.trackingEvent.create()` invocation in
C:\Users\hp\OneDrive\Desktop\seahawk-full_stack\backend\src\services\tracking.service.js:65:31

  62 async function seedBookedEvent(shipment) {
  63   const existing = await prisma.trackingEvent.count({ where: { shipmentId: shipment.id } });
  64   if (existing > 0) return;
ΓåÆ 65   return prisma.trackingEvent.create({
         data: {
           shipmentId: 1,
           awb: "AWB1",
           status: "Booked",
           location: "Delhi NCR ΓÇö Sea Hawk Origin Hub",
           description: "Shipment booked and accepted by Sea Hawk Courier",
           courier: "Delhivery",
           ~~~~~~~
           source: "MANUAL",
       ?   id?: Int,
       ?   timestamp?: DateTime,
       ?   rawData?: NullableJsonNullValueInput | Json
         }
       })

Unknown argument `courier`. Did you mean `source`? Available options are marked with ?.[39m
[90m [2mΓ¥»[22m wn node_modules/@prisma/client/runtime/library.js:[2m29:1363[22m[39m
[90m [2mΓ¥»[22m $n.handleRequestError node_modules/@prisma/client/runtime/library.js:[2m121:6958[22m[39m
[90m [2mΓ¥»[22m $n.handleAndLogRequestError node_modules/@prisma/client/runtime/library.js:[2m121:6623[22m[39m
[90m [2mΓ¥»[22m $n.request node_modules/@prisma/client/runtime/library.js:[2m121:6307[22m[39m
[90m [2mΓ¥»[22m l node_modules/@prisma/client/runtime/library.js:[2m130:9633[22m[39m
[36m [2mΓ¥»[22m src/tests/unit/trackingService.test.js:[2m85:7[22m[39m
    [90m 83| [39m    [34mit[39m([32m'skips when events already exist'[39m[33m,[39m [35masync[39m () 
[33m=>[39m {
    [90m 84| [39m      
mockPrisma[33m.[39mtrackingEvent[33m.[39mcount[33m.[39m[34mmockResolvedValue[39m([34m3[39m)[33m;[39m
    [90m 85| [39m      await trackingService.seedBookedEvent({ id: 1, awb: 'AWB1', courΓÇª
    [90m   | [39m      [31m^[39m
    [90m 86| [39m      [34mexpect[39m(mockPrisma[33m.[39mtrackingEvent[33m.[39mcreate)[33m.[39mnot[33m.[39m
[34mtoHaveBeenCalled[39m()[33m;[39m
    [90m 87| [39m    })[33m;[39m

[31m[2mΓÄ»ΓÄ»ΓÄ»ΓÄ»ΓÄ»ΓÄ»ΓÄ»ΓÄ»ΓÄ»ΓÄ»ΓÄ»ΓÄ»ΓÄ»ΓÄ»ΓÄ»ΓÄ»ΓÄ»ΓÄ»ΓÄ»ΓÄ»[137/151]ΓÄ»[22m[39m

[41m[1m FAIL [22m[49m [30m[42m unit [49m[39m src/tests/unit/wallet.test.js[2m > [22mwallet.service[2m > 
[22mgetWallet[2m > [22mreturns client wallet info
[31m[1mError[22m: Client not found: TEST[39m
[36m [2mΓ¥»[22m Module.getWallet src/services/wallet.service.js:[2m24:22[22m[39m
    [90m 22| [39m    select[33m:[39m { code[33m:[39m [35mtrue[39m[33m,[39m company[33m:[39m 
[35mtrue[39m[33m,[39m walletBalance[33m:[39m [35mtrue[39m }[33m,[39m
    [90m 23| [39m  })[33m;[39m
    [90m 24| [39m  [35mif[39m ([33m![39mclient) [35mthrow[39m [35mnew[39m [33mError[39m([32m`Client not 
found: [39m[36m${[39mclientCode[36m}[39m[32m`[39m)[33m;[39m
    [90m   | [39m                     [31m^[39m
    [90m 25| [39m  [35mreturn[39m client[33m;[39m
    [90m 26| [39m}
[90m [2mΓ¥»[22m src/tests/unit/wallet.test.js:[2m21:22[22m[39m

[31m[2mΓÄ»ΓÄ»ΓÄ»ΓÄ»ΓÄ»ΓÄ»ΓÄ»ΓÄ»ΓÄ»ΓÄ»ΓÄ»ΓÄ»ΓÄ»ΓÄ»ΓÄ»ΓÄ»ΓÄ»ΓÄ»ΓÄ»ΓÄ»[138/151]ΓÄ»[22m[39m

[41m[1m FAIL [22m[49m [30m[42m unit [49m[39m src/tests/unit/wallet.test.js[2m > [22mwallet.service[2m > 
[22mgetBalance[2m > [22mreturns numeric balance
[31m[1mError[22m: Client not found: T[39m
[36m [2mΓ¥»[22m getWallet src/services/wallet.service.js:[2m24:22[22m[39m
    [90m 22| [39m    select[33m:[39m { code[33m:[39m [35mtrue[39m[33m,[39m company[33m:[39m 
[35mtrue[39m[33m,[39m walletBalance[33m:[39m [35mtrue[39m }[33m,[39m
    [90m 23| [39m  })[33m;[39m
    [90m 24| [39m  [35mif[39m ([33m![39mclient) [35mthrow[39m [35mnew[39m [33mError[39m([32m`Client not 
found: [39m[36m${[39mclientCode[36m}[39m[32m`[39m)[33m;[39m
    [90m   | [39m                     [31m^[39m
    [90m 25| [39m  [35mreturn[39m client[33m;[39m
    [90m 26| [39m}
[90m [2mΓ¥»[22m Module.getBalance src/services/wallet.service.js:[2m29:18[22m[39m
[90m [2mΓ¥»[22m src/tests/unit/wallet.test.js:[2m34:19[22m[39m

[31m[2mΓÄ»ΓÄ»ΓÄ»ΓÄ»ΓÄ»ΓÄ»ΓÄ»ΓÄ»ΓÄ»ΓÄ»ΓÄ»ΓÄ»ΓÄ»ΓÄ»ΓÄ»ΓÄ»ΓÄ»ΓÄ»ΓÄ»ΓÄ»[139/151]ΓÄ»[22m[39m

[41m[1m FAIL [22m[49m [30m[42m unit [49m[39m src/tests/unit/wallet.test.js[2m > [22mwallet.service[2m > 
[22mgetTransactions[2m > [22mreturns paginated transactions
[31m[1mError[22m: Client not found: T[39m
[36m [2mΓ¥»[22m getWallet src/services/wallet.service.js:[2m24:22[22m[39m
    [90m 22| [39m    select[33m:[39m { code[33m:[39m [35mtrue[39m[33m,[39m company[33m:[39m 
[35mtrue[39m[33m,[39m walletBalance[33m:[39m [35mtrue[39m }[33m,[39m
    [90m 23| [39m  })[33m;[39m
    [90m 24| [39m  [35mif[39m ([33m![39mclient) [35mthrow[39m [35mnew[39m [33mError[39m([32m`Client not 
found: [39m[36m${[39mclientCode[36m}[39m[32m`[39m)[33m;[39m
    [90m   | [39m                     [31m^[39m
    [90m 25| [39m  [35mreturn[39m client[33m;[39m
    [90m 26| [39m}
[90m [2mΓ¥»[22m Module.getTransactions src/services/wallet.service.js:[2m34:18[22m[39m
[90m [2mΓ¥»[22m src/tests/unit/wallet.test.js:[2m44:22[22m[39m

[31m[2mΓÄ»ΓÄ»ΓÄ»ΓÄ»ΓÄ»ΓÄ»ΓÄ»ΓÄ»ΓÄ»ΓÄ»ΓÄ»ΓÄ»ΓÄ»ΓÄ»ΓÄ»ΓÄ»ΓÄ»ΓÄ»ΓÄ»ΓÄ»[140/151]ΓÄ»[22m[39m

[41m[1m FAIL [22m[49m [30m[42m unit [49m[39m src/tests/unit/wallet.test.js[2m > [22mwallet.service[2m > 
[22mcredit[2m > [22mincrements balance and creates transaction
[31m[1mPrismaClientKnownRequestError[22m: 
Invalid `tx.client.update()` invocation in
C:\Users\hp\OneDrive\Desktop\seahawk-full_stack\backend\src\services\wallet.service.js:52:37

  49 async function credit({ clientCode, amount, description, reference, paymentMode, paymentId }) {
  50   const safeAmount = parseAmount(amount);
  51   return prisma.$transaction(async (tx) => {
ΓåÆ 52     const updated = await tx.client.update(
An operation failed because it depends on one or more records that were required but not found. Record to update not 
found.[39m
[90m [2mΓ¥»[22m $n.handleRequestError node_modules/@prisma/client/runtime/library.js:[2m121:7315[22m[39m
[90m [2mΓ¥»[22m $n.handleAndLogRequestError node_modules/@prisma/client/runtime/library.js:[2m121:6623[22m[39m
[90m [2mΓ¥»[22m $n.request node_modules/@prisma/client/runtime/library.js:[2m121:6307[22m[39m
[90m [2mΓ¥»[22m l node_modules/@prisma/client/runtime/library.js:[2m130:9633[22m[39m
[36m [2mΓ¥»[22m src/services/wallet.service.js:[2m52:21[22m[39m
    [90m 50| [39m  [35mconst[39m safeAmount [33m=[39m [34mparseAmount[39m(amount)[33m;[39m
    [90m 51| [39m  [35mreturn[39m prisma[33m.[39m[34m$transaction[39m([35masync[39m (tx) [33m=>[39m {
    [90m 52| [39m    [35mconst[39m updated [33m=[39m [35mawait[39m 
tx[33m.[39mclient[33m.[39m[34mupdate[39m({
    [90m   | [39m                    [31m^[39m
    [90m 53| [39m      where[33m:[39m { code[33m:[39m clientCode }[33m,[39m
    [90m 54| [39m      data[33m:[39m  { walletBalance[33m:[39m { increment[33m:[39m safeAmount } }[33m,[39m
[90m [2mΓ¥»[22m Proxy._transactionWithCallback node_modules/@prisma/client/runtime/library.js:[2m130:8000[22m[39m
[90m [2mΓ¥»[22m src/tests/unit/wallet.test.js:[2m57:22[22m[39m

[31m[2mΓÄ»ΓÄ»ΓÄ»ΓÄ»ΓÄ»ΓÄ»ΓÄ»ΓÄ»ΓÄ»ΓÄ»ΓÄ»ΓÄ»ΓÄ»ΓÄ»ΓÄ»ΓÄ»ΓÄ»ΓÄ»ΓÄ»ΓÄ»[141/151]ΓÄ»[22m[39m

[41m[1m FAIL [22m[49m [30m[42m unit [49m[39m src/tests/unit/wallet.test.js[2m > [22mwallet.service[2m > 
[22mdebit[2m > [22mdecrements balance and creates transaction
[31m[1mError[22m: Client not found: T[39m
[36m [2mΓ¥»[22m src/services/wallet.service.js:[2m136:26[22m[39m
    [90m134| [39m        select[33m:[39m { walletBalance[33m:[39m [35mtrue[39m }[33m,[39m
    [90m135| [39m      })[33m;[39m
    [90m136| [39m      [35mif[39m ([33m![39mclient) [35mthrow[39m [35mnew[39m [33mError[39m([32m`Client 
not found: [39m[36m${[39mclientCode[36m}[39m[32m`[39m)[33m;[39m
    [90m   | [39m                         [31m^[39m
    [90m137| [39m      throw new Error(`Insufficient wallet balance (available: Γé╣${toNuΓÇª
    [90m138| [39m    }
[90m [2mΓ¥»[22m Proxy._transactionWithCallback node_modules/@prisma/client/runtime/library.js:[2m130:8000[22m[39m
[90m [2mΓ¥»[22m src/tests/unit/wallet.test.js:[2m79:22[22m[39m

[31m[2mΓÄ»ΓÄ»ΓÄ»ΓÄ»ΓÄ»ΓÄ»ΓÄ»ΓÄ»ΓÄ»ΓÄ»ΓÄ»ΓÄ»ΓÄ»ΓÄ»ΓÄ»ΓÄ»ΓÄ»ΓÄ»ΓÄ»ΓÄ»[142/151]ΓÄ»[22m[39m

[41m[1m FAIL [22m[49m [30m[42m unit [49m[39m src/tests/unit/wallet.test.js[2m > [22mwallet.service[2m > 
[22mdebit[2m > [22mthrows on insufficient balance
[31m[1mAssertionError[22m: expected [Function] to throw error including 'Insufficient wallet balance' but got 
'Client not found: T'[39m

Expected: [32m"Insufficient wallet balance"[39m
Received: [31m"Client not found: T"[39m

[36m [2mΓ¥»[22m src/tests/unit/wallet.test.js:[2m88:7[22m[39m
    [90m 86| [39m      mockTx.client.findUnique = vi.fn().mockResolvedValue({ walletBalΓÇª
    [90m 87| [39m      mockPrisma[33m.[39m$transaction[33m.[39m[34mmockImplementation[39m((fn) [33m=>[39m 
[34mfn[39m(mockTx))[33m;[39m
    [90m 88| [39m      await expect(walletService.debit({ clientCode: 'T', amount: 500 ΓÇª
    [90m   | [39m      [31m^[39m
    [90m 89| [39m    })[33m;[39m
    [90m 90| [39m

[31m[2mΓÄ»ΓÄ»ΓÄ»ΓÄ»ΓÄ»ΓÄ»ΓÄ»ΓÄ»ΓÄ»ΓÄ»ΓÄ»ΓÄ»ΓÄ»ΓÄ»ΓÄ»ΓÄ»ΓÄ»ΓÄ»ΓÄ»ΓÄ»[143/151]ΓÄ»[22m[39m

[41m[1m FAIL [22m[49m [30m[42m unit [49m[39m src/tests/unit/wallet.test.js[2m > [22mwallet.service[2m > 
[22madjust[2m > [22mhandles positive adjustment (credit)
[31m[1mPrismaClientKnownRequestError[22m: 
Invalid `tx.client.update()` invocation in
C:\Users\hp\OneDrive\Desktop\seahawk-full_stack\backend\src\services\wallet.service.js:168:37

  165   throw new AppError('Adjustment amount must be non-zero.', 400);
  166 }
  167 return prisma.$transaction(async (tx) => {
ΓåÆ 168   const updated = await tx.client.update(
An operation failed because it depends on one or more records that were required but not found. Record to update not 
found.[39m
[90m [2mΓ¥»[22m $n.handleRequestError node_modules/@prisma/client/runtime/library.js:[2m121:7315[22m[39m
[90m [2mΓ¥»[22m $n.handleAndLogRequestError node_modules/@prisma/client/runtime/library.js:[2m121:6623[22m[39m
[90m [2mΓ¥»[22m $n.request node_modules/@prisma/client/runtime/library.js:[2m121:6307[22m[39m
[90m [2mΓ¥»[22m l node_modules/@prisma/client/runtime/library.js:[2m130:9633[22m[39m
[36m [2mΓ¥»[22m src/services/wallet.service.js:[2m168:21[22m[39m
    [90m166| [39m  }
    [90m167| [39m  [35mreturn[39m prisma[33m.[39m[34m$transaction[39m([35masync[39m (tx) [33m=>[39m {
    [90m168| [39m    [35mconst[39m updated [33m=[39m [35mawait[39m 
tx[33m.[39mclient[33m.[39m[34mupdate[39m({
    [90m   | [39m                    [31m^[39m
    [90m169| [39m      where[33m:[39m { code[33m:[39m clientCode }[33m,[39m
    [90m170| [39m      data:  { walletBalance: { increment: safeAmount } }, // negativeΓÇª
[90m [2mΓ¥»[22m Proxy._transactionWithCallback node_modules/@prisma/client/runtime/library.js:[2m130:8000[22m[39m
[90m [2mΓ¥»[22m src/tests/unit/wallet.test.js:[2m106:22[22m[39m

[31m[2mΓÄ»ΓÄ»ΓÄ»ΓÄ»ΓÄ»ΓÄ»ΓÄ»ΓÄ»ΓÄ»ΓÄ»ΓÄ»ΓÄ»ΓÄ»ΓÄ»ΓÄ»ΓÄ»ΓÄ»ΓÄ»ΓÄ»ΓÄ»[144/151]ΓÄ»[22m[39m

[41m[1m FAIL [22m[49m [30m[42m unit [49m[39m src/tests/unit/wallet.test.js[2m > [22mwallet.service[2m > 
[22madjust[2m > [22mhandles negative adjustment (debit)
[31m[1mPrismaClientKnownRequestError[22m: 
Invalid `tx.client.update()` invocation in
C:\Users\hp\OneDrive\Desktop\seahawk-full_stack\backend\src\services\wallet.service.js:168:37

  165   throw new AppError('Adjustment amount must be non-zero.', 400);
  166 }
  167 return prisma.$transaction(async (tx) => {
ΓåÆ 168   const updated = await tx.client.update(
An operation failed because it depends on one or more records that were required but not found. Record to update not 
found.[39m
[90m [2mΓ¥»[22m $n.handleRequestError node_modules/@prisma/client/runtime/library.js:[2m121:7315[22m[39m
[90m [2mΓ¥»[22m $n.handleAndLogRequestError node_modules/@prisma/client/runtime/library.js:[2m121:6623[22m[39m
[90m [2mΓ¥»[22m $n.request node_modules/@prisma/client/runtime/library.js:[2m121:6307[22m[39m
[90m [2mΓ¥»[22m l node_modules/@prisma/client/runtime/library.js:[2m130:9633[22m[39m
[36m [2mΓ¥»[22m src/services/wallet.service.js:[2m168:21[22m[39m
    [90m166| [39m  }
    [90m167| [39m  [35mreturn[39m prisma[33m.[39m[34m$transaction[39m([35masync[39m (tx) [33m=>[39m {
    [90m168| [39m    [35mconst[39m updated [33m=[39m [35mawait[39m 
tx[33m.[39mclient[33m.[39m[34mupdate[39m({
    [90m   | [39m                    [31m^[39m
    [90m169| [39m      where[33m:[39m { code[33m:[39m clientCode }[33m,[39m
    [90m170| [39m      data:  { walletBalance: { increment: safeAmount } }, // negativeΓÇª
[90m [2mΓ¥»[22m Proxy._transactionWithCallback node_modules/@prisma/client/runtime/library.js:[2m130:8000[22m[39m
[90m [2mΓ¥»[22m src/tests/unit/wallet.test.js:[2m115:22[22m[39m

[31m[2mΓÄ»ΓÄ»ΓÄ»ΓÄ»ΓÄ»ΓÄ»ΓÄ»ΓÄ»ΓÄ»ΓÄ»ΓÄ»ΓÄ»ΓÄ»ΓÄ»ΓÄ»ΓÄ»ΓÄ»ΓÄ»ΓÄ»ΓÄ»[145/151]ΓÄ»[22m[39m

[41m[1m FAIL [22m[49m [30m[45m integration [49m[39m 
src/tests/integration/portalTenantIsolation.integration.test.js[2m > [22mPortal Tenant Isolation[2m > [22mClient A 
sees only their own wallet balance
[31m[1mAssertionError[22m: expected '1000' to be 1000 // Object.is equality[39m

[32m- Expected:[39m 
1000

[31m+ Received:[39m 
"1000"

[36m [2mΓ¥»[22m src/tests/integration/portalTenantIsolation.integration.test.js:[2m158:45[22m[39m
    [90m156| [39m    [90m// Client A wallet balance should be 1000 (not 2000 which is B's)[39m
    [90m157| [39m    [90m// The wallet API returns { wallet: { walletBalance }, txns }[39m
    [90m158| [39m    [34mexpect[39m(walletData[33m.[39mwallet[33m.[39mwalletBalance)[33m.[39m[34mtoBe[39m(
[34m1000[39m)[33m;[39m
    [90m   | [39m                                            [31m^[39m
    [90m159| [39m  })[33m;[39m
    [90m160| [39m

[31m[2mΓÄ»ΓÄ»ΓÄ»ΓÄ»ΓÄ»ΓÄ»ΓÄ»ΓÄ»ΓÄ»ΓÄ»ΓÄ»ΓÄ»ΓÄ»ΓÄ»ΓÄ»ΓÄ»ΓÄ»ΓÄ»ΓÄ»ΓÄ»[146/151]ΓÄ»[22m[39m

[41m[1m FAIL [22m[49m [30m[45m integration [49m[39m src/tests/integration/scanner.e2e.test.js[2m > 
[22mScanner API Integration Tests[2m > [22mPOST /api/shipments/scan-mobile[2m > [22mupdates an existing imported 
shipment instead of creating a second shipment
[31m[1mAssertionError[22m: expected [ +0, 245 ] to include 0[39m
[36m [2mΓ¥»[22m src/tests/integration/scanner.e2e.test.js:[2m390:24[22m[39m
    [90m388| [39m      
[34mexpect[39m(shipments[[34m0[39m][33m.[39mpincode)[33m.[39m[34mtoBe[39m([32m'143001'[39m)[33m;[39m
    [90m389| [39m      
[34mexpect[39m(shipments[[34m0[39m][33m.[39mweight)[33m.[39m[34mtoBe[39m([34m3.1[39m)[33m;[39m
    [90m390| [39m      expect([0, 245]).toContain(shipments[0].amount); // scan may or ΓÇª
    [90m   | [39m                       [31m^[39m
    [90m391| [39m      expect(shipments[0].date).toBe('2026-04-17'); // scan preserves ΓÇª
    [90m392| [39m    })[33m;[39m

[31m[2mΓÄ»ΓÄ»ΓÄ»ΓÄ»ΓÄ»ΓÄ»ΓÄ»ΓÄ»ΓÄ»ΓÄ»ΓÄ»ΓÄ»ΓÄ»ΓÄ»ΓÄ»ΓÄ»ΓÄ»ΓÄ»ΓÄ»ΓÄ»[147/151]ΓÄ»[22m[39m

[41m[1m FAIL [22m[49m [30m[45m integration [49m[39m 
src/tests/integration/shipmentLifecycle.integration.test.js[2m > [22mShipment Lifecycle Integration[2m > [22mFull 
Shipment Lifecycle (Booked -> InTransit -> Delivered -> Terminal Lock)
[31m[1mAssertionError[22m: expected 150 to be 150 // Object.is equality[39m

[32m- Expected:[39m 
150


[31m+ Received:[39m 
i {
  "constructor": [Function i],
  "d": [
    150,
  ],
  "e": 2,
  "s": 1,
}

[36m [2mΓ¥»[22m src/tests/integration/shipmentLifecycle.integration.test.js:[2m91:29[22m[39m
[2m Test Files [22m [1m[31m24 failed[39m[22m[2m | [22m[1m[32m53 passed[39m[22m[90m (77)[39m
[2m      Tests [22m [1m[31m151 failed[39m[22m[2m | [22m[1m[32m493 passed[39m[22m[90m (644)[39m
[2m   Start at [22m 10:47:32
[2m   Duration [22m 62.27s[2m (transform 6.49s, setup 2.82s, collect 76.08s, tests 66.26s, environment 56ms, prepare 57.68s)[22m

    [90m 89| [39m    })[33m;[39m
    [90m 90| [39m    [34mexpect[39m(walletTx)[33m.[39m[34mtoBeDefined[39m()[33m;[39m
    [90m 91| [39m    [34mexpect[39m(walletTx[33m.[39mamount)[33m.[39m[34mtoBe[39m([34m150[39m)[33m;[39m
    [90m   | [39m                            [31m^[39m
    [90m 92| [39m
    [90m 93| [39m    [90m// 2. Transition to PickedUp[39m

[31m[2mΓÄ»ΓÄ»ΓÄ»ΓÄ»ΓÄ»ΓÄ»ΓÄ»ΓÄ»ΓÄ»ΓÄ»ΓÄ»ΓÄ»ΓÄ»ΓÄ»ΓÄ»ΓÄ»ΓÄ»ΓÄ»ΓÄ»ΓÄ»[148/151]ΓÄ»[22m[39m

[41m[1m FAIL [22m[49m [30m[45m integration [49m[39m src/tests/integration/wallet-chaos.test.js[2m > 
[22mWallet Chaos & Concurrency Tests[2m > [22m5 concurrent credit adjustments all succeed and balance is correct
[31m[1mAssertionError[22m: expected '50' to be '050' // Object.is equality[39m

Expected: [32m"[7m0[27m50"[39m
Received: [31m"50"[39m

[36m [2mΓ¥»[22m src/tests/integration/wallet-chaos.test.js:[2m84:37[22m[39m
    [90m 82| [39m    
    [90m 83| [39m    const expectedBalance = initialBalance + (successes.length * crediΓÇª
    [90m 84| [39m    [34mexpect[39m(after[33m.[39mbody[33m.[39mdata[33m.[39mbalance)[33m.[39m[34mtoBe[39m
(expectedBalance)[33m;[39m
    [90m   | [39m                                    [31m^[39m
    [90m 85| [39m    [34mexpect[39m(successes[33m.[39mlength)[33m.[39m[34mtoBe[39m(concurrency)[33m;[39m
    [90m 86| [39m  })[33m;[39m

[31m[2mΓÄ»ΓÄ»ΓÄ»ΓÄ»ΓÄ»ΓÄ»ΓÄ»ΓÄ»ΓÄ»ΓÄ»ΓÄ»ΓÄ»ΓÄ»ΓÄ»ΓÄ»ΓÄ»ΓÄ»ΓÄ»ΓÄ»ΓÄ»[149/151]ΓÄ»[22m[39m

[41m[1m FAIL [22m[49m [30m[45m integration [49m[39m src/tests/integration/wallet-chaos.test.js[2m > 
[22mWallet Chaos & Concurrency Tests[2m > [22mconcurrent debits cannot create a negative balance
[31m[1mTypeError[22m: actual value must be number or bigint, received "string"[39m
[36m [2mΓ¥»[22m src/tests/integration/wallet-chaos.test.js:[2m133:37[22m[39m
    [90m131| [39m      [33m.[39m[35mset[39m([32m'Authorization'[39m[33m,[39m [32m`Bearer 
[39m[36m${[39mownerToken[36m}[39m[32m`[39m)[33m;[39m
    [90m132| [39m    
    [90m133| [39m    [34mexpect[39m(after[33m.[39mbody[33m.[39mdata[33m.[39mbalance)[33m.[39m[34mtoBeGreat
erThanOrEqual[39m([34m0[39m)[33m;[39m
    [90m   | [39m                                    [31m^[39m
    [90m134| [39m  })[33m;[39m
    [90m135| [39m

[31m[2mΓÄ»ΓÄ»ΓÄ»ΓÄ»ΓÄ»ΓÄ»ΓÄ»ΓÄ»ΓÄ»ΓÄ»ΓÄ»ΓÄ»ΓÄ»ΓÄ»ΓÄ»ΓÄ»ΓÄ»ΓÄ»ΓÄ»ΓÄ»[150/151]ΓÄ»[22m[39m

[41m[1m FAIL [22m[49m [30m[45m integration [49m[39m src/tests/integration/wallet-chaos.test.js[2m > 
[22mWallet Chaos & Concurrency Tests[2m > [22mrapid interleaved credit/debit operations maintain consistency
[31m[1mAssertionError[22m: expected '200' to be '0200' // Object.is equality[39m

Expected: [32m"[7m0[27m200"[39m
Received: [31m"200"[39m

[36m [2mΓ¥»[22m src/tests/integration/wallet-chaos.test.js:[2m181:37[22m[39m
    [90m179| [39m    
    [90m180| [39m    [35mconst[39m expectedNet [33m=[39m startBalance [33m+[39m [34m200[39m[33m;[39m
    [90m181| [39m    [34mexpect[39m(after[33m.[39mbody[33m.[39mdata[33m.[39mbalance)[33m.[39m[34mtoBe[39m
(expectedNet)[33m;[39m
    [90m   | [39m                                    [31m^[39m
    [90m182| [39m  })[33m;[39m
    [90m183| [39m})[33m;[39m

[31m[2mΓÄ»ΓÄ»ΓÄ»ΓÄ»ΓÄ»ΓÄ»ΓÄ»ΓÄ»ΓÄ»ΓÄ»ΓÄ»ΓÄ»ΓÄ»ΓÄ»ΓÄ»ΓÄ»ΓÄ»ΓÄ»ΓÄ»ΓÄ»[151/151]ΓÄ»[22m[39m

